/usr/local/bundle/gems/rake-11.1.2/lib/rake/ext/fixnum.rb:4: warning: constant ::Fixnum is deprecated
/usr/local/bundle/gems/activesupport-4.2.6/lib/active_support/core_ext/object/duplicable.rb:85: warning: BigDecimal.new is deprecated; use BigDecimal() method instead.
/usr/local/bundle/gems/sprockets-3.6.0/lib/sprockets/processor_utils.rb:110: warning: constant ::Fixnum is deprecated
/usr/local/bundle/gems/sprockets-3.6.0/lib/sprockets/processor_utils.rb:111: warning: constant ::Bignum is deprecated
/usr/local/bundle/gems/activesupport-4.2.6/lib/active_support/core_ext/numeric/conversions.rb:121: warning: constant ::Fixnum is deprecated
/usr/local/bundle/gems/activesupport-4.2.6/lib/active_support/core_ext/numeric/conversions.rb:121: warning: constant ::Bignum is deprecated
rake aborted!
SystemStackError: stack level too deep
/usr/local/bundle/gems/activesupport-4.2.6/lib/active_support/core_ext/numeric/conversions.rb:131:in `block (2 levels) in <class:Numeric>'
/usr/local/bundle/gems/activesupport-4.2.6/lib/active_support/core_ext/numeric/conversions.rb:131:in `block (2 levels) in <class:Numeric>'
/usr/local/bundle/gems/activesupport-4.2.6/lib/active_support/core_ext/numeric/conversions.rb:131:in `block (2 levels) in <class:Numeric>'
/usr/local/bundle/gems/activesupport-4.2.6/lib/active_support/core_ext/numeric/conversions.rb:131:in `block (2 levels) in <class:Numeric>'
/usr/local/bundle/gems/activesupport-4.2.6/lib/active_support/core_ext/numeric/conversions.rb:131:in `block (2 levels) in <class:Numeric>'
/usr/local/bundle/gems/activesupport-4.2.6/lib/active_support/core_ext/numeric/conversions.rb:131:in `block (2 levels) in <class:Numeric>'
/usr/local/bundle/gems/activesupport-4.2.6/lib/active_support/core_ext/numeric/conversions.rb:131:in `block (2 levels) in <class:Numeric>'
/usr/local/bundle/gems/activesupport-4.2.6/lib/active_support/core_ext/numeric/conversions.rb:131:in `block (2 levels) in <class:Numeric>'
/usr/local/bundle/gems/activesupport-4.2.6/lib/active_support/core_ext/numeric/conversions.rb:131:in `block (2 levels) in <class:Numeric>'
/usr/local/bundle/gems/activesupport-4.2.6/lib/active_support/core_ext/numeric/conversions.rb:131:in `block (2 levels) in <class:Numeric>'
/usr/local/bundle/gems/activesupport-4.2.6/lib/active_support/core_ext/numeric/conversions.rb:131:in `block (2 levels) in <class:Numeric>'
/usr/local/bundle/gems/activesupport-4.2.6/lib/active_support/core_ext/numeric/conversions.rb:131:in `block (2 levels) in <class:Numeric>'
/usr/local/bundle/gems/activesupport-4.2.6/lib/active_support/core_ext/numeric/conversions.rb:131:in `block (2 levels) in <class:Numeric>'
/usr/local/bundle/gems/activesupport-4.2.6/lib/active_support/core_ext/numeric/conversions.rb:131:in `block (2 levels) in <class:Numeric>'
/usr/local/bundle/gems/activesupport-4.2.6/lib/active_support/core_ext/numeric/conversions.rb:131:in `block (2 levels) in <class:Numeric>'
/usr/local/bundle/gems/activesupport-4.2.6/lib/active_support/core_ext/numeric/conversions.rb:131:in `block (2 levels) in <class:Numeric>'
/usr/local/bundle/gems/activesupport-4.2.6/lib/active_support/core_ext/numeric/conversions.rb:131:in `block (2 levels) in <class:Numeric>'
/usr/local/bundle/gems/activesupport-4.2.6/lib/active_support/core_ext/numeric/conversions.rb:131:in `block (2 levels) in <class:Numeric>'
/usr/local/bundle/gems/activesupport-4.2.6/lib/active_support/core_ext/numeric/conversions.rb:131:in `block (2 levels) in <class:Numeric>'
/usr/local/bundle/gems/activesupport-4.2.6/lib/active_support/core_ext/numeric/conversions.rb:131:in `block (2 levels) in <class:Numeric>'
/usr/local/bundle/gems/activesupport-4.2.6/lib/active_support/core_ext/numeric/conversions.rb:131:in `block (2 levels) in <class:Numeric>'
/usr/local/bundle/gems/activesupport-4.2.6/lib/active_support/core_ext/numeric/conversions.rb:131:in `block (2 levels) in <class:Numeric>'
/usr/local/bundle/gems/activesupport-4.2.6/lib/active_support/core_ext/numeric/conversions.rb:131:in `block (2 levels) in <class:Numeric>'
/usr/local/bundle/gems/activesupport-4.2.6/lib/active_support/core_ext/numeric/conversions.rb:131:in `block (2 levels) in <class:Numeric>'
/usr/local/bundle/gems/activesupport-4.2.6/lib/active_support/core_ext/numeric/conversions.rb:131:in `block (2 levels) in <class:Numeric>'
/usr/local/bundle/gems/activesupport-4.2.6/lib/active_support/core_ext/numeric/conversions.rb:131:in `block (2 levels) in <class:Numeric>'
/usr/local/bundle/gems/activesupport-4.2.6/lib/active_support/core_ext/numeric/conversions.rb:131:in `block (2 levels) in <class:Numeric>'
/usr/local/bundle/gems/activesupport-4.2.6/lib/active_support/core_ext/numeric/conversions.rb:131:in `block (2 levels) in <class:Numeric>'
/usr/local/bundle/gems/activesupport-4.2.6/lib/active_support/core_ext/numeric/conversions.rb:131:in `block (2 levels) in <class:Numeric>'
/usr/local/bundle/gems/activesupport-4.2.6/lib/active_support/core_ext/numeric/conversions.rb:131:in `block (2 levels) in <class:Numeric>'
/usr/local/bundle/gems/activesupport-4.2.6/lib/active_support/core_ext/numeric/conversions.rb:131:in `block (2 levels) in <class:Numeric>'
/usr/local/bundle/gems/activesupport-4.2.6/lib/active_support/core_ext/numeric/conversions.rb:131:in `block (2 levels) in <class:Numeric>'
/usr/local/bundle/gems/activesupport-4.2.6/lib/active_support/core_ext/numeric/conversions.rb:131:in `block (2 levels) in <class:Numeric>'
/usr/local/bundle/gems/activesupport-4.2.6/lib/active_support/core_ext/numeric/conversions.rb:131:in `block (2 levels) in <class:Numeric>'
/usr/local/bundle/gems/activesupport-4.2.6/lib/active_support/core_ext/numeric/conversions.rb:131:in `block (2 levels) in <class:Numeric>'
/usr/local/bundle/gems/activesupport-4.2.6/lib/active_support/core_ext/numeric/conversions.rb:131:in `block (2 levels) in <class:Numeric>'
/usr/local/bundle/gems/activesupport-4.2.6/lib/active_support/core_ext/numeric/conversions.rb:131:in `block (2 levels) in <class:Numeric>'
/usr/local/bundle/gems/activesupport-4.2.6/lib/active_support/core_ext/numeric/conversions.rb:131:in `block (2 levels) in <class:Numeric>'
/usr/local/bundle/gems/activesupport-4.2.6/lib/active_support/core_ext/numeric/conversions.rb:131:in `block (2 levels) in <class:Numeric>'
/usr/local/bundle/gems/activesupport-4.2.6/lib/active_support/core_ext/numeric/conversions.rb:131:in `block (2 levels) in <class:Numeric>'
/usr/local/bundle/gems/activesupport-4.2.6/lib/active_support/core_ext/numeric/conversions.rb:131:in `block (2 levels) in <class:Numeric>'
/usr/local/bundle/gems/activesupport-4.2.6/lib/active_support/core_ext/numeric/conversions.rb:131:in `block (2 levels) in <class:Numeric>'
/usr/local/bundle/gems/activesupport-4.2.6/lib/active_support/core_ext/numeric/conversions.rb:131:in `block (2 levels) in <class:Numeric>'
/usr/local/bundle/gems/activesupport-4.2.6/lib/active_support/core_ext/numeric/conversions.rb:131:in `block (2 levels) in <class:Numeric>'
/usr/local/bundle/gems/activesupport-4.2.6/lib/active_support/core_ext/numeric/conversions.rb:131:in `block (2 levels) in <class:Numeric>'
/usr/local/bundle/gems/activesupport-4.2.6/lib/active_support/core_ext/numeric/conversions.rb:131:in `block (2 levels) in <class:Numeric>'
/usr/local/bundle/gems/activesupport-4.2.6/lib/active_support/core_ext/numeric/conversions.rb:131:in `block (2 levels) in <class:Numeric>'
/usr/local/bundle/gems/activesupport-4.2.6/lib/active_support/core_ext/numeric/conversions.rb:131:in `block (2 levels) in <class:Numeric>'
/usr/local/bundle/gems/activesupport-4.2.6/lib/active_support/core_ext/numeric/conversions.rb:131:in `block (2 levels) in <class:Numeric>'
/usr/local/bundle/gems/activesupport-4.2.6/lib/active_support/core_ext/numeric/conversions.rb:131:in `block (2 levels) in <class:Numeric>'
/usr/local/bundle/gems/activesupport-4.2.6/lib/active_support/core_ext/numeric/conversions.rb:131:in `block (2 levels) in <class:Numeric>'
/usr/local/bundle/gems/activesupport-4.2.6/lib/active_support/core_ext/numeric/conversions.rb:131:in `block (2 levels) in <class:Numeric>'
/usr/local/bundle/gems/activesupport-4.2.6/lib/active_support/core_ext/numeric/conversions.rb:131:in `block (2 levels) in <class:Numeric>'
/usr/local/bundle/gems/activesupport-4.2.6/lib/active_support/core_ext/numeric/conversions.rb:131:in `block (2 levels) in <class:Numeric>'
/usr/local/bundle/gems/activesupport-4.2.6/lib/active_support/core_ext/numeric/conversions.rb:131:in `block (2 levels) in <class:Numeric>'
/usr/local/bundle/gems/activesupport-4.2.6/lib/active_support/core_ext/numeric/conversions.rb:131:in `block (2 levels) in <class:Numeric>'
/usr/local/bundle/gems/activesupport-4.2.6/lib/active_support/core_ext/numeric/conversions.rb:131:in `block (2 levels) in <class:Numeric>'
/usr/local/bundle/gems/activesupport-4.2.6/lib/active_support/core_ext/numeric/conversions.rb:131:in `block (2 levels) in <class:Numeric>'
/usr/local/bundle/gems/activesupport-4.2.6/lib/active_support/core_ext/numeric/conversions.rb:131:in `block (2 levels) in <class:Numeric>'
/usr/local/bundle/gems/activesupport-4.2.6/lib/active_support/core_ext/numeric/conversions.rb:131:in `block (2 levels) in <class:Numeric>'
/usr/local/bundle/gems/activesupport-4.2.6/lib/active_support/core_ext/numeric/conversions.rb:131:in `block (2 levels) in <class:Numeric>'
/usr/local/bundle/gems/activesupport-4.2.6/lib/active_support/core_ext/numeric/conversions.rb:131:in `block (2 levels) in <class:Numeric>'
/usr/local/bundle/gems/activesupport-4.2.6/lib/active_support/core_ext/numeric/conversions.rb:131:in `block (2 levels) in <class:Numeric>'
/usr/local/bundle/gems/activesupport-4.2.6/lib/active_support/core_ext/numeric/conversions.rb:131:in `block (2 levels) in <class:Numeric>'
/usr/local/bundle/gems/activesupport-4.2.6/lib/active_support/core_ext/numeric/conversions.rb:131:in `block (2 levels) in <class:Numeric>'
/usr/local/bundle/gems/activesupport-4.2.6/lib/active_support/core_ext/numeric/conversions.rb:131:in `block (2 levels) in <class:Numeric>'
/usr/local/bundle/gems/activesupport-4.2.6/lib/active_support/core_ext/numeric/conversions.rb:131:in `block (2 levels) in <class:Numeric>'
/usr/local/bundle/gems/activesupport-4.2.6/lib/active_support/core_ext/numeric/conversions.rb:131:in `block (2 levels) in <class:Numeric>'
/usr/local/bundle/gems/activesupport-4.2.6/lib/active_support/core_ext/numeric/conversions.rb:131:in `block (2 levels) in <class:Numeric>'
/usr/local/bundle/gems/activesupport-4.2.6/lib/active_support/core_ext/numeric/conversions.rb:131:in `block (2 levels) in <class:Numeric>'
/usr/local/bundle/gems/activesupport-4.2.6/lib/active_support/core_ext/numeric/conversions.rb:131:in `block (2 levels) in <class:Numeric>'
/usr/local/bundle/gems/activesupport-4.2.6/lib/active_support/core_ext/numeric/conversions.rb:131:in `block (2 levels) in <class:Numeric>'
/usr/local/bundle/gems/activesupport-4.2.6/lib/active_support/core_ext/numeric/conversions.rb:131:in `block (2 levels) in <class:Numeric>'
/usr/local/bundle/gems/activesupport-4.2.6/lib/active_support/core_ext/numeric/conversions.rb:131:in `block (2 levels) in <class:Numeric>'
/usr/local/bundle/gems/activesupport-4.2.6/lib/active_support/core_ext/numeric/conversions.rb:131:in `block (2 levels) in <class:Numeric>'
/usr/local/bundle/gems/activesupport-4.2.6/lib/active_support/core_ext/numeric/conversions.rb:131:in `block (2 levels) in <class:Numeric>'
/usr/local/bundle/gems/activesupport-4.2.6/lib/active_support/core_ext/numeric/conversions.rb:131:in `block (2 levels) in <class:Numeric>'
/usr/local/bundle/gems/activesupport-4.2.6/lib/active_support/core_ext/numeric/conversions.rb:131:in `block (2 levels) in <class:Numeric>'
/usr/local/bundle/gems/activesupport-4.2.6/lib/active_support/core_ext/numeric/conversions.rb:131:in `block (2 levels) in <class:Numeric>'
/usr/local/bundle/gems/activesupport-4.2.6/lib/active_support/core_ext/numeric/conversions.rb:131:in `block (2 levels) in <class:Numeric>'
/usr/local/bundle/gems/activesupport-4.2.6/lib/active_support/core_ext/numeric/conversions.rb:131:in `block (2 levels) in <class:Numeric>'
/usr/local/bundle/gems/activesupport-4.2.6/lib/active_support/core_ext/numeric/conversions.rb:131:in `block (2 levels) in <class:Numeric>'
/usr/local/bundle/gems/activesupport-4.2.6/lib/active_support/core_ext/numeric/conversions.rb:131:in `block (2 levels) in <class:Numeric>'
/usr/local/bundle/gems/activesupport-4.2.6/lib/active_support/core_ext/numeric/conversions.rb:131:in `block (2 levels) in <class:Numeric>'
/usr/local/bundle/gems/activesupport-4.2.6/lib/active_support/core_ext/numeric/conversions.rb:131:in `block (2 levels) in <class:Numeric>'
/usr/local/bundle/gems/activesupport-4.2.6/lib/active_support/core_ext/numeric/conversions.rb:131:in `block (2 levels) in <class:Numeric>'
/usr/local/bundle/gems/activesupport-4.2.6/lib/active_support/core_ext/numeric/conversions.rb:131:in `block (2 levels) in <class:Numeric>'
/usr/local/bundle/gems/activesupport-4.2.6/lib/active_support/core_ext/numeric/conversions.rb:131:in `block (2 levels) in <class:Numeric>'
/usr/local/bundle/gems/activesupport-4.2.6/lib/active_support/core_ext/numeric/conversions.rb:131:in `block (2 levels) in <class:Numeric>'
/usr/local/bundle/gems/activesupport-4.2.6/lib/active_support/core_ext/numeric/conversions.rb:131:in `block (2 levels) in <class:Numeric>'
/usr/local/bundle/gems/activesupport-4.2.6/lib/active_support/core_ext/numeric/conversions.rb:131:in `block (2 levels) in <class:Numeric>'
/usr/local/bundle/gems/activesupport-4.2.6/lib/active_support/core_ext/numeric/conversions.rb:131:in `block (2 levels) in <class:Numeric>'
/usr/local/bundle/gems/activesupport-4.2.6/lib/active_support/core_ext/numeric/conversions.rb:131:in `block (2 levels) in <class:Numeric>'
/usr/local/bundle/gems/activesupport-4.2.6/lib/active_support/core_ext/numeric/conversions.rb:131:in `block (2 levels) in <class:Numeric>'
/usr/local/bundle/gems/activesupport-4.2.6/lib/active_support/core_ext/numeric/conversions.rb:131:in `block (2 levels) in <class:Numeric>'
/usr/local/bundle/gems/activesupport-4.2.6/lib/active_support/core_ext/numeric/conversions.rb:131:in `block (2 levels) in <class:Numeric>'
/usr/local/bundle/gems/activesupport-4.2.6/lib/active_support/core_ext/numeric/conversions.rb:131:in `block (2 levels) in <class:Numeric>'
/usr/local/bundle/gems/activesupport-4.2.6/lib/active_support/core_ext/numeric/conversions.rb:131:in `block (2 levels) in <class:Numeric>'
/usr/local/bundle/gems/activesupport-4.2.6/lib/active_support/core_ext/numeric/conversions.rb:131:in `block (2 levels) in <class:Numeric>'
/usr/local/bundle/gems/activesupport-4.2.6/lib/active_support/core_ext/numeric/conversions.rb:131:in `block (2 levels) in <class:Numeric>'
/usr/local/bundle/gems/activesupport-4.2.6/lib/active_support/core_ext/numeric/conversions.rb:131:in `block (2 levels) in <class:Numeric>'
/usr/local/bundle/gems/activesupport-4.2.6/lib/active_support/core_ext/numeric/conversions.rb:131:in `block (2 levels) in <class:Numeric>'
/usr/local/bundle/gems/activesupport-4.2.6/lib/active_support/core_ext/numeric/conversions.rb:131:in `block (2 levels) in <class:Numeric>'
/usr/local/bundle/gems/activesupport-4.2.6/lib/active_support/core_ext/numeric/conversions.rb:131:in `block (2 levels) in <class:Numeric>'
/usr/local/bundle/gems/activesupport-4.2.6/lib/active_support/core_ext/numeric/conversions.rb:131:in `block (2 levels) in <class:Numeric>'
/usr/local/bundle/gems/activesupport-4.2.6/lib/active_support/core_ext/numeric/conversions.rb:131:in `block (2 levels) in <class:Numeric>'
/usr/local/bundle/gems/activesupport-4.2.6/lib/active_support/core_ext/numeric/conversions.rb:131:in `block (2 levels) in <class:Numeric>'
/usr/local/bundle/gems/activesupport-4.2.6/lib/active_support/core_ext/numeric/conversions.rb:131:in `block (2 levels) in <class:Numeric>'
/usr/local/bundle/gems/activesupport-4.2.6/lib/active_support/core_ext/numeric/conversions.rb:131:in `block (2 levels) in <class:Numeric>'
/usr/local/bundle/gems/activesupport-4.2.6/lib/active_support/core_ext/numeric/conversions.rb:131:in `block (2 levels) in <class:Numeric>'
/usr/local/bundle/gems/activesupport-4.2.6/lib/active_support/core_ext/numeric/conversions.rb:131:in `block (2 levels) in <class:Numeric>'
/usr/local/bundle/gems/activesupport-4.2.6/lib/active_support/core_ext/numeric/conversions.rb:131:in `block (2 levels) in <class:Numeric>'
/usr/local/bundle/gems/activesupport-4.2.6/lib/active_support/core_ext/numeric/conversions.rb:131:in `block (2 levels) in <class:Numeric>'
/usr/local/bundle/gems/activesupport-4.2.6/lib/active_support/core_ext/numeric/conversions.rb:131:in `block (2 levels) in <class:Numeric>'
/usr/local/bundle/gems/activesupport-4.2.6/lib/active_support/core_ext/numeric/conversions.rb:131:in `block (2 levels) in <class:Numeric>'
/usr/local/bundle/gems/activesupport-4.2.6/lib/active_support/core_ext/numeric/conversions.rb:131:in `block (2 levels) in <class:Numeric>'
/usr/local/bundle/gems/activesupport-4.2.6/lib/active_support/core_ext/numeric/conversions.rb:131:in `block (2 levels) in <class:Numeric>'
/usr/local/bundle/gems/activesupport-4.2.6/lib/active_support/core_ext/numeric/conversions.rb:131:in `block (2 levels) in <class:Numeric>'
/usr/local/bundle/gems/activesupport-4.2.6/lib/active_support/core_ext/numeric/conversions.rb:131:in `block (2 levels) in <class:Numeric>'
/usr/local/bundle/gems/activesupport-4.2.6/lib/active_support/core_ext/numeric/conversions.rb:131:in `block (2 levels) in <class:Numeric>'
/usr/local/bundle/gems/activesupport-4.2.6/lib/active_support/core_ext/numeric/conversions.rb:131:in `block (2 levels) in <class:Numeric>'
/usr/local/bundle/gems/activesupport-4.2.6/lib/active_support/core_ext/numeric/conversions.rb:131:in `block (2 levels) in <class:Numeric>'
/usr/local/bundle/gems/activesupport-4.2.6/lib/active_support/core_ext/numeric/conversions.rb:131:in `block (2 levels) in <class:Numeric>'
/usr/local/bundle/gems/activesupport-4.2.6/lib/active_support/core_ext/numeric/conversions.rb:131:in `block (2 levels) in <class:Numeric>'
/usr/local/bundle/gems/activesupport-4.2.6/lib/active_support/core_ext/numeric/conversions.rb:131:in `block (2 levels) in <class:Numeric>'
/usr/local/bundle/gems/activesupport-4.2.6/lib/active_support/core_ext/numeric/conversions.rb:131:in `block (2 levels) in <class:Numeric>'
/usr/local/bundle/gems/activesupport-4.2.6/lib/active_support/core_ext/numeric/conversions.rb:131:in `block (2 levels) in <class:Numeric>'
/usr/local/bundle/gems/activesupport-4.2.6/lib/active_support/core_ext/numeric/conversions.rb:131:in `block (2 levels) in <class:Numeric>'
/usr/local/bundle/gems/activesupport-4.2.6/lib/active_support/core_ext/numeric/conversions.rb:131:in `block (2 levels) in <class:Numeric>'
/usr/local/bundle/gems/activesupport-4.2.6/lib/active_support/core_ext/numeric/conversions.rb:131:in `block (2 levels) in <class:Numeric>'
/usr/local/bundle/gems/activesupport-4.2.6/lib/active_support/core_ext/numeric/conversions.rb:131:in `block (2 levels) in <class:Numeric>'
/usr/local/bundle/gems/activesupport-4.2.6/lib/active_support/core_ext/numeric/conversions.rb:131:in `block (2 levels) in <class:Numeric>'
/usr/local/bundle/gems/activesupport-4.2.6/lib/active_support/core_ext/numeric/conversions.rb:131:in `block (2 levels) in <class:Numeric>'
/usr/local/bundle/gems/activesupport-4.2.6/lib/active_support/core_ext/numeric/conversions.rb:131:in `block (2 levels) in <class:Numeric>'
/usr/local/bundle/gems/activesupport-4.2.6/lib/active_support/core_ext/numeric/conversions.rb:131:in `block (2 levels) in <class:Numeric>'
/usr/local/bundle/gems/activesupport-4.2.6/lib/active_support/core_ext/numeric/conversions.rb:131:in `block (2 levels) in <class:Numeric>'
/usr/local/bundle/gems/activesupport-4.2.6/lib/active_support/core_ext/numeric/conversions.rb:131:in `block (2 levels) in <class:Numeric>'
/usr/local/bundle/gems/activesupport-4.2.6/lib/active_support/core_ext/numeric/conversions.rb:131:in `block (2 levels) in <class:Numeric>'
/usr/local/bundle/gems/activesupport-4.2.6/lib/active_support/core_ext/numeric/conversions.rb:131:in `block (2 levels) in <class:Numeric>'
/usr/local/bundle/gems/activesupport-4.2.6/lib/active_support/core_ext/numeric/conversions.rb:131:in `block (2 levels) in <class:Numeric>'
/usr/local/bundle/gems/activesupport-4.2.6/lib/active_support/core_ext/numeric/conversions.rb:131:in `block (2 levels) in <class:Numeric>'
/usr/local/bundle/gems/activesupport-4.2.6/lib/active_support/core_ext/numeric/conversions.rb:131:in `block (2 levels) in <class:Numeric>'
/usr/local/bundle/gems/activesupport-4.2.6/lib/active_support/core_ext/numeric/conversions.rb:131:in `block (2 levels) in <class:Numeric>'
/usr/local/bundle/gems/activesupport-4.2.6/lib/active_support/core_ext/numeric/conversions.rb:131:in `block (2 levels) in <class:Numeric>'
/usr/local/bundle/gems/activesupport-4.2.6/lib/active_support/core_ext/numeric/conversions.rb:131:in `block (2 levels) in <class:Numeric>'
/usr/local/bundle/gems/activesupport-4.2.6/lib/active_support/core_ext/numeric/conversions.rb:131:in `block (2 levels) in <class:Numeric>'
/usr/local/bundle/gems/activesupport-4.2.6/lib/active_support/core_ext/numeric/conversions.rb:131:in `block (2 levels) in <class:Numeric>'
/usr/local/bundle/gems/activesupport-4.2.6/lib/active_support/core_ext/numeric/conversions.rb:131:in `block (2 levels) in <class:Numeric>'
/usr/local/bundle/gems/activesupport-4.2.6/lib/active_support/core_ext/numeric/conversions.rb:131:in `block (2 levels) in <class:Numeric>'
/usr/local/bundle/gems/activesupport-4.2.6/lib/active_support/core_ext/numeric/conversions.rb:131:in `block (2 levels) in <class:Numeric>'
/usr/local/bundle/gems/activesupport-4.2.6/lib/active_support/core_ext/numeric/conversions.rb:131:in `block (2 levels) in <class:Numeric>'
/usr/local/bundle/gems/activesupport-4.2.6/lib/active_support/core_ext/numeric/conversions.rb:131:in `block (2 levels) in <class:Numeric>'
/usr/local/bundle/gems/activesupport-4.2.6/lib/active_support/core_ext/numeric/conversions.rb:131:in `block (2 levels) in <class:Numeric>'
/usr/local/bundle/gems/activesupport-4.2.6/lib/active_support/core_ext/numeric/conversions.rb:131:in `block (2 levels) in <class:Numeric>'
/usr/local/bundle/gems/activesupport-4.2.6/lib/active_support/core_ext/numeric/conversions.rb:131:in `block (2 levels) in <class:Numeric>'
/usr/local/bundle/gems/activesupport-4.2.6/lib/active_support/core_ext/numeric/conversions.rb:131:in `block (2 levels) in <class:Numeric>'
/usr/local/bundle/gems/activesupport-4.2.6/lib/active_support/core_ext/numeric/conversions.rb:131:in `block (2 levels) in <class:Numeric>'
/usr/local/bundle/gems/activesupport-4.2.6/lib/active_support/core_ext/numeric/conversions.rb:131:in `block (2 levels) in <class:Numeric>'
/usr/local/bundle/gems/activesupport-4.2.6/lib/active_support/core_ext/numeric/conversions.rb:131:in `block (2 levels) in <class:Numeric>'
/usr/local/bundle/gems/activesupport-4.2.6/lib/active_support/core_ext/numeric/conversions.rb:131:in `block (2 levels) in <class:Numeric>'
/usr/local/bundle/gems/activesupport-4.2.6/lib/active_support/core_ext/numeric/conversions.rb:131:in `block (2 levels) in <class:Numeric>'
/usr/local/bundle/gems/activesupport-4.2.6/lib/active_support/core_ext/numeric/conversions.rb:131:in `block (2 levels) in <class:Numeric>'
/usr/local/bundle/gems/activesupport-4.2.6/lib/active_support/core_ext/numeric/conversions.rb:131:in `block (2 levels) in <class:Numeric>'
/usr/local/bundle/gems/activesupport-4.2.6/lib/active_support/core_ext/numeric/conversions.rb:131:in `block (2 levels) in <class:Numeric>'
/usr/local/bundle/gems/activesupport-4.2.6/lib/active_support/core_ext/numeric/conversions.rb:131:in `block (2 levels) in <class:Numeric>'
/usr/local/bundle/gems/activesupport-4.2.6/lib/active_support/core_ext/numeric/conversions.rb:131:in `block (2 levels) in <class:Numeric>'
/usr/local/bundle/gems/activesupport-4.2.6/lib/active_support/core_ext/numeric/conversions.rb:131:in `block (2 levels) in <class:Numeric>'
/usr/local/bundle/gems/activesupport-4.2.6/lib/active_support/core_ext/numeric/conversions.rb:131:in `block (2 levels) in <class:Numeric>'
/usr/local/bundle/gems/activesupport-4.2.6/lib/active_support/core_ext/numeric/conversions.rb:131:in `block (2 levels) in <class:Numeric>'
/usr/local/bundle/gems/activesupport-4.2.6/lib/active_support/core_ext/numeric/conversions.rb:131:in `block (2 levels) in <class:Numeric>'
/usr/local/bundle/gems/activesupport-4.2.6/lib/active_support/core_ext/numeric/conversions.rb:131:in `block (2 levels) in <class:Numeric>'
/usr/local/bundle/gems/activesupport-4.2.6/lib/active_support/core_ext/numeric/conversions.rb:131:in `block (2 levels) in <class:Numeric>'
/usr/local/bundle/gems/activesupport-4.2.6/lib/active_support/core_ext/numeric/conversions.rb:131:in `block (2 levels) in <class:Numeric>'
/usr/local/bundle/gems/activesupport-4.2.6/lib/active_support/core_ext/numeric/conversions.rb:131:in `block (2 levels) in <class:Numeric>'
/usr/local/bundle/gems/activesupport-4.2.6/lib/active_support/core_ext/numeric/conversions.rb:131:in `block (2 levels) in <class:Numeric>'
/usr/local/bundle/gems/activesupport-4.2.6/lib/active_support/core_ext/numeric/conversions.rb:131:in `block (2 levels) in <class:Numeric>'
/usr/local/bundle/gems/activesupport-4.2.6/lib/active_support/core_ext/numeric/conversions.rb:131:in `block (2 levels) in <class:Numeric>'
/usr/local/bundle/gems/activesupport-4.2.6/lib/active_support/core_ext/numeric/conversions.rb:131:in `block (2 levels) in <class:Numeric>'
/usr/local/bundle/gems/activesupport-4.2.6/lib/active_support/core_ext/numeric/conversions.rb:131:in `block (2 levels) in <class:Numeric>'
/usr/local/bundle/gems/activesupport-4.2.6/lib/active_support/core_ext/numeric/conversions.rb:131:in `block (2 levels) in <class:Numeric>'
/usr/local/bundle/gems/activesupport-4.2.6/lib/active_support/core_ext/numeric/conversions.rb:131:in `block (2 levels) in <class:Numeric>'
/usr/local/bundle/gems/activesupport-4.2.6/lib/active_support/core_ext/numeric/conversions.rb:131:in `block (2 levels) in <class:Numeric>'
/usr/local/bundle/gems/activesupport-4.2.6/lib/active_support/core_ext/numeric/conversions.rb:131:in `block (2 levels) in <class:Numeric>'
/usr/local/bundle/gems/activesupport-4.2.6/lib/active_support/core_ext/numeric/conversions.rb:131:in `block (2 levels) in <class:Numeric>'
/usr/local/bundle/gems/activesupport-4.2.6/lib/active_support/core_ext/numeric/conversions.rb:131:in `block (2 levels) in <class:Numeric>'
/usr/local/bundle/gems/activesupport-4.2.6/lib/active_support/core_ext/numeric/conversions.rb:131:in `block (2 levels) in <class:Numeric>'
/usr/local/bundle/gems/activesupport-4.2.6/lib/active_support/core_ext/numeric/conversions.rb:131:in `block (2 levels) in <class:Numeric>'
/usr/local/bundle/gems/activesupport-4.2.6/lib/active_support/core_ext/numeric/conversions.rb:131:in `block (2 levels) in <class:Numeric>'
/usr/local/bundle/gems/activesupport-4.2.6/lib/active_support/core_ext/numeric/conversions.rb:131:in `block (2 levels) in <class:Numeric>'
/usr/local/bundle/gems/activesupport-4.2.6/lib/active_support/core_ext/numeric/conversions.rb:131:in `block (2 levels) in <class:Numeric>'
/usr/local/bundle/gems/activesupport-4.2.6/lib/active_support/core_ext/numeric/conversions.rb:131:in `block (2 levels) in <class:Numeric>'
/usr/local/bundle/gems/activesupport-4.2.6/lib/active_support/core_ext/numeric/conversions.rb:131:in `block (2 levels) in <class:Numeric>'
/usr/local/bundle/gems/activesupport-4.2.6/lib/active_support/core_ext/numeric/conversions.rb:131:in `block (2 levels) in <class:Numeric>'
/usr/local/bundle/gems/activesupport-4.2.6/lib/active_support/core_ext/numeric/conversions.rb:131:in `block (2 levels) in <class:Numeric>'
/usr/local/bundle/gems/activesupport-4.2.6/lib/active_support/core_ext/numeric/conversions.rb:131:in `block (2 levels) in <class:Numeric>'
/usr/local/bundle/gems/activesupport-4.2.6/lib/active_support/core_ext/numeric/conversions.rb:131:in `block (2 levels) in <class:Numeric>'
/usr/local/bundle/gems/activesupport-4.2.6/lib/active_support/core_ext/numeric/conversions.rb:131:in `block (2 levels) in <class:Numeric>'
/usr/local/bundle/gems/activesupport-4.2.6/lib/active_support/core_ext/numeric/conversions.rb:131:in `block (2 levels) in <class:Numeric>'
/usr/local/bundle/gems/activesupport-4.2.6/lib/active_support/core_ext/numeric/conversions.rb:131:in `block (2 levels) in <class:Numeric>'
/usr/local/bundle/gems/activesupport-4.2.6/lib/active_support/core_ext/numeric/conversions.rb:131:in `block (2 levels) in <class:Numeric>'
/usr/local/bundle/gems/activesupport-4.2.6/lib/active_support/core_ext/numeric/conversions.rb:131:in `block (2 levels) in <class:Numeric>'
/usr/local/bundle/gems/activesupport-4.2.6/lib/active_support/core_ext/numeric/conversions.rb:131:in `block (2 levels) in <class:Numeric>'
/usr/local/bundle/gems/activesupport-4.2.6/lib/active_support/core_ext/numeric/conversions.rb:131:in `block (2 levels) in <class:Numeric>'
/usr/local/bundle/gems/activesupport-4.2.6/lib/active_support/core_ext/numeric/conversions.rb:131:in `block (2 levels) in <class:Numeric>'
/usr/local/bundle/gems/activesupport-4.2.6/lib/active_support/core_ext/numeric/conversions.rb:131:in `block (2 levels) in <class:Numeric>'
/usr/local/bundle/gems/activesupport-4.2.6/lib/active_support/core_ext/numeric/conversions.rb:131:in `block (2 levels) in <class:Numeric>'
/usr/local/bundle/gems/activesupport-4.2.6/lib/active_support/core_ext/numeric/conversions.rb:131:in `block (2 levels) in <class:Numeric>'
/usr/local/bundle/gems/activesupport-4.2.6/lib/active_support/core_ext/numeric/conversions.rb:131:in `block (2 levels) in <class:Numeric>'
/usr/local/bundle/gems/activesupport-4.2.6/lib/active_support/core_ext/numeric/conversions.rb:131:in `block (2 levels) in <class:Numeric>'
/usr/local/bundle/gems/activesupport-4.2.6/lib/active_support/core_ext/numeric/conversions.rb:131:in `block (2 levels) in <class:Numeric>'
/usr/local/bundle/gems/activesupport-4.2.6/lib/active_support/core_ext/numeric/conversions.rb:131:in `block (2 levels) in <class:Numeric>'
/usr/local/bundle/gems/activesupport-4.2.6/lib/active_support/core_ext/numeric/conversions.rb:131:in `block (2 levels) in <class:Numeric>'
/usr/local/bundle/gems/activesupport-4.2.6/lib/active_support/core_ext/numeric/conversions.rb:131:in `block (2 levels) in <class:Numeric>'
/usr/local/bundle/gems/activesupport-4.2.6/lib/active_support/core_ext/numeric/conversions.rb:131:in `block (2 levels) in <class:Numeric>'
/usr/local/bundle/gems/activesupport-4.2.6/lib/active_support/core_ext/numeric/conversions.rb:131:in `block (2 levels) in <class:Numeric>'
/usr/local/bundle/gems/activesupport-4.2.6/lib/active_support/core_ext/numeric/conversions.rb:131:in `block (2 levels) in <class:Numeric>'
/usr/local/bundle/gems/activesupport-4.2.6/lib/active_support/core_ext/numeric/conversions.rb:131:in `block (2 levels) in <class:Numeric>'
/usr/local/bundle/gems/activesupport-4.2.6/lib/active_support/core_ext/numeric/conversions.rb:131:in `block (2 levels) in <class:Numeric>'
/usr/local/bundle/gems/activesupport-4.2.6/lib/active_support/core_ext/numeric/conversions.rb:131:in `block (2 levels) in <class:Numeric>'
/usr/local/bundle/gems/activesupport-4.2.6/lib/active_support/core_ext/numeric/conversions.rb:131:in `block (2 levels) in <class:Numeric>'
/usr/local/bundle/gems/activesupport-4.2.6/lib/active_support/core_ext/numeric/conversions.rb:131:in `block (2 levels) in <class:Numeric>'
/usr/local/bundle/gems/activesupport-4.2.6/lib/active_support/core_ext/numeric/conversions.rb:131:in `block (2 levels) in <class:Numeric>'
/usr/local/bundle/gems/activesupport-4.2.6/lib/active_support/core_ext/numeric/conversions.rb:131:in `block (2 levels) in <class:Numeric>'
/usr/local/bundle/gems/activesupport-4.2.6/lib/active_support/core_ext/numeric/conversions.rb:131:in `block (2 levels) in <class:Numeric>'
/usr/local/bundle/gems/activesupport-4.2.6/lib/active_support/core_ext/numeric/conversions.rb:131:in `block (2 levels) in <class:Numeric>'
/usr/local/bundle/gems/activesupport-4.2.6/lib/active_support/core_ext/numeric/conversions.rb:131:in `block (2 levels) in <class:Numeric>'
/usr/local/bundle/gems/activesupport-4.2.6/lib/active_support/core_ext/numeric/conversions.rb:131:in `block (2 levels) in <class:Numeric>'
/usr/local/bundle/gems/activesupport-4.2.6/lib/active_support/core_ext/numeric/conversions.rb:131:in `block (2 levels) in <class:Numeric>'
/usr/local/bundle/gems/activesupport-4.2.6/lib/active_support/core_ext/numeric/conversions.rb:131:in `block (2 levels) in <class:Numeric>'
/usr/local/bundle/gems/activesupport-4.2.6/lib/active_support/core_ext/numeric/conversions.rb:131:in `block (2 levels) in <class:Numeric>'
/usr/local/bundle/gems/activesupport-4.2.6/lib/active_support/core_ext/numeric/conversions.rb:131:in `block (2 levels) in <class:Numeric>'
/usr/local/bundle/gems/activesupport-4.2.6/lib/active_support/core_ext/numeric/conversions.rb:131:in `block (2 levels) in <class:Numeric>'
/usr/local/bundle/gems/activesupport-4.2.6/lib/active_support/core_ext/numeric/conversions.rb:131:in `block (2 levels) in <class:Numeric>'
/usr/local/bundle/gems/activesupport-4.2.6/lib/active_support/core_ext/numeric/conversions.rb:131:in `block (2 levels) in <class:Numeric>'
/usr/local/bundle/gems/activesupport-4.2.6/lib/active_support/core_ext/numeric/conversions.rb:131:in `block (2 levels) in <class:Numeric>'
/usr/local/bundle/gems/activesupport-4.2.6/lib/active_support/core_ext/numeric/conversions.rb:131:in `block (2 levels) in <class:Numeric>'
/usr/local/bundle/gems/activesupport-4.2.6/lib/active_support/core_ext/numeric/conversions.rb:131:in `block (2 levels) in <class:Numeric>'
/usr/local/bundle/gems/activesupport-4.2.6/lib/active_support/core_ext/numeric/conversions.rb:131:in `block (2 levels) in <class:Numeric>'
/usr/local/bundle/gems/activesupport-4.2.6/lib/active_support/core_ext/numeric/conversions.rb:131:in `block (2 levels) in <class:Numeric>'
/usr/local/bundle/gems/activesupport-4.2.6/lib/active_support/core_ext/numeric/conversions.rb:131:in `block (2 levels) in <class:Numeric>'
/usr/local/bundle/gems/activesupport-4.2.6/lib/active_support/core_ext/numeric/conversions.rb:131:in `block (2 levels) in <class:Numeric>'
/usr/local/bundle/gems/activesupport-4.2.6/lib/active_support/core_ext/numeric/conversions.rb:131:in `block (2 levels) in <class:Numeric>'
/usr/local/bundle/gems/activesupport-4.2.6/lib/active_support/core_ext/numeric/conversions.rb:131:in `block (2 levels) in <class:Numeric>'
/usr/local/bundle/gems/activesupport-4.2.6/lib/active_support/core_ext/numeric/conversions.rb:131:in `block (2 levels) in <class:Numeric>'
/usr/local/bundle/gems/activesupport-4.2.6/lib/active_support/core_ext/numeric/conversions.rb:131:in `block (2 levels) in <class:Numeric>'
/usr/local/bundle/gems/activesupport-4.2.6/lib/active_support/core_ext/numeric/conversions.rb:131:in `block (2 levels) in <class:Numeric>'
/usr/local/bundle/gems/activesupport-4.2.6/lib/active_support/core_ext/numeric/conversions.rb:131:in `block (2 levels) in <class:Numeric>'
/usr/local/bundle/gems/activesupport-4.2.6/lib/active_support/core_ext/numeric/conversions.rb:131:in `block (2 levels) in <class:Numeric>'
/usr/local/bundle/gems/activesupport-4.2.6/lib/active_support/core_ext/numeric/conversions.rb:131:in `block (2 levels) in <class:Numeric>'
/usr/local/bundle/gems/activesupport-4.2.6/lib/active_support/core_ext/numeric/conversions.rb:131:in `block (2 levels) in <class:Numeric>'
/usr/local/bundle/gems/activesupport-4.2.6/lib/active_support/core_ext/numeric/conversions.rb:131:in `block (2 levels) in <class:Numeric>'
/usr/local/bundle/gems/activesupport-4.2.6/lib/active_support/core_ext/numeric/conversions.rb:131:in `block (2 levels) in <class:Numeric>'
/usr/local/bundle/gems/activesupport-4.2.6/lib/active_support/core_ext/numeric/conversions.rb:131:in `block (2 levels) in <class:Numeric>'
/usr/local/bundle/gems/activesupport-4.2.6/lib/active_support/core_ext/numeric/conversions.rb:131:in `block (2 levels) in <class:Numeric>'
/usr/local/bundle/gems/activesupport-4.2.6/lib/active_support/core_ext/numeric/conversions.rb:131:in `block (2 levels) in <class:Numeric>'
/usr/local/bundle/gems/activesupport-4.2.6/lib/active_support/core_ext/numeric/conversions.rb:131:in `block (2 levels) in <class:Numeric>'
/usr/local/bundle/gems/activesupport-4.2.6/lib/active_support/core_ext/numeric/conversions.rb:131:in `block (2 levels) in <class:Numeric>'
/usr/local/bundle/gems/activesupport-4.2.6/lib/active_support/core_ext/numeric/conversions.rb:131:in `block (2 levels) in <class:Numeric>'
/usr/local/bundle/gems/activesupport-4.2.6/lib/active_support/core_ext/numeric/conversions.rb:131:in `block (2 levels) in <class:Numeric>'
/usr/local/bundle/gems/activesupport-4.2.6/lib/active_support/core_ext/numeric/conversions.rb:131:in `block (2 levels) in <class:Numeric>'
/usr/local/bundle/gems/activesupport-4.2.6/lib/active_support/core_ext/numeric/conversions.rb:131:in `block (2 levels) in <class:Numeric>'
/usr/local/bundle/gems/activesupport-4.2.6/lib/active_support/core_ext/numeric/conversions.rb:131:in `block (2 levels) in <class:Numeric>'
/usr/local/bundle/gems/activesupport-4.2.6/lib/active_support/core_ext/numeric/conversions.rb:131:in `block (2 levels) in <class:Numeric>'
/usr/local/bundle/gems/activesupport-4.2.6/lib/active_support/core_ext/numeric/conversions.rb:131:in `block (2 levels) in <class:Numeric>'
/usr/local/bundle/gems/activesupport-4.2.6/lib/active_support/core_ext/numeric/conversions.rb:131:in `block (2 levels) in <class:Numeric>'
/usr/local/bundle/gems/activesupport-4.2.6/lib/active_support/core_ext/numeric/conversions.rb:131:in `block (2 levels) in <class:Numeric>'
/usr/local/bundle/gems/activesupport-4.2.6/lib/active_support/core_ext/numeric/conversions.rb:131:in `block (2 levels) in <class:Numeric>'
/usr/local/bundle/gems/activesupport-4.2.6/lib/active_support/core_ext/numeric/conversions.rb:131:in `block (2 levels) in <class:Numeric>'
/usr/local/bundle/gems/activesupport-4.2.6/lib/active_support/core_ext/numeric/conversions.rb:131:in `block (2 levels) in <class:Numeric>'
/usr/local/bundle/gems/activesupport-4.2.6/lib/active_support/core_ext/numeric/conversions.rb:131:in `block (2 levels) in <class:Numeric>'
/usr/local/bundle/gems/activesupport-4.2.6/lib/active_support/core_ext/numeric/conversions.rb:131:in `block (2 levels) in <class:Numeric>'
/usr/local/bundle/gems/activesupport-4.2.6/lib/active_support/core_ext/numeric/conversions.rb:131:in `block (2 levels) in <class:Numeric>'
/usr/local/bundle/gems/activesupport-4.2.6/lib/active_support/core_ext/numeric/conversions.rb:131:in `block (2 levels) in <class:Numeric>'
/usr/local/bundle/gems/activesupport-4.2.6/lib/active_support/core_ext/numeric/conversions.rb:131:in `block (2 levels) in <class:Numeric>'
/usr/local/bundle/gems/activesupport-4.2.6/lib/active_support/core_ext/numeric/conversions.rb:131:in `block (2 levels) in <class:Numeric>'
/usr/local/bundle/gems/activesupport-4.2.6/lib/active_support/core_ext/numeric/conversions.rb:131:in `block (2 levels) in <class:Numeric>'
/usr/local/bundle/gems/activesupport-4.2.6/lib/active_support/core_ext/numeric/conversions.rb:131:in `block (2 levels) in <class:Numeric>'
/usr/local/bundle/gems/activesupport-4.2.6/lib/active_support/core_ext/numeric/conversions.rb:131:in `block (2 levels) in <class:Numeric>'
/usr/local/bundle/gems/activesupport-4.2.6/lib/active_support/core_ext/numeric/conversions.rb:131:in `block (2 levels) in <class:Numeric>'
/usr/local/bundle/gems/activesupport-4.2.6/lib/active_support/core_ext/numeric/conversions.rb:131:in `block (2 levels) in <class:Numeric>'
/usr/local/bundle/gems/activesupport-4.2.6/lib/active_support/core_ext/numeric/conversions.rb:131:in `block (2 levels) in <class:Numeric>'
/usr/local/bundle/gems/activesupport-4.2.6/lib/active_support/core_ext/numeric/conversions.rb:131:in `block (2 levels) in <class:Numeric>'
/usr/local/bundle/gems/activesupport-4.2.6/lib/active_support/core_ext/numeric/conversions.rb:131:in `block (2 levels) in <class:Numeric>'
/usr/local/bundle/gems/activesupport-4.2.6/lib/active_support/core_ext/numeric/conversions.rb:131:in `block (2 levels) in <class:Numeric>'
/usr/local/bundle/gems/activesupport-4.2.6/lib/active_support/core_ext/numeric/conversions.rb:131:in `block (2 levels) in <class:Numeric>'
/usr/local/bundle/gems/activesupport-4.2.6/lib/active_support/core_ext/numeric/conversions.rb:131:in `block (2 levels) in <class:Numeric>'
/usr/local/bundle/gems/activesupport-4.2.6/lib/active_support/core_ext/numeric/conversions.rb:131:in `block (2 levels) in <class:Numeric>'
/usr/local/bundle/gems/activesupport-4.2.6/lib/active_support/core_ext/numeric/conversions.rb:131:in `block (2 levels) in <class:Numeric>'
/usr/local/bundle/gems/activesupport-4.2.6/lib/active_support/core_ext/numeric/conversions.rb:131:in `block (2 levels) in <class:Numeric>'
/usr/local/bundle/gems/activesupport-4.2.6/lib/active_support/core_ext/numeric/conversions.rb:131:in `block (2 levels) in <class:Numeric>'
/usr/local/bundle/gems/activesupport-4.2.6/lib/active_support/core_ext/numeric/conversions.rb:131:in `block (2 levels) in <class:Numeric>'
/usr/local/bundle/gems/activesupport-4.2.6/lib/active_support/core_ext/numeric/conversions.rb:131:in `block (2 levels) in <class:Numeric>'
/usr/local/bundle/gems/activesupport-4.2.6/lib/active_support/core_ext/numeric/conversions.rb:131:in `block (2 levels) in <class:Numeric>'
/usr/local/bundle/gems/activesupport-4.2.6/lib/active_support/core_ext/numeric/conversions.rb:131:in `block (2 levels) in <class:Numeric>'
/usr/local/bundle/gems/activesupport-4.2.6/lib/active_support/core_ext/numeric/conversions.rb:131:in `block (2 levels) in <class:Numeric>'
/usr/local/bundle/gems/activesupport-4.2.6/lib/active_support/core_ext/numeric/conversions.rb:131:in `block (2 levels) in <class:Numeric>'
/usr/local/bundle/gems/activesupport-4.2.6/lib/active_support/core_ext/numeric/conversions.rb:131:in `block (2 levels) in <class:Numeric>'
/usr/local/bundle/gems/activesupport-4.2.6/lib/active_support/core_ext/numeric/conversions.rb:131:in `block (2 levels) in <class:Numeric>'
/usr/local/bundle/gems/activesupport-4.2.6/lib/active_support/core_ext/numeric/conversions.rb:131:in `block (2 levels) in <class:Numeric>'
/usr/local/bundle/gems/activesupport-4.2.6/lib/active_support/core_ext/numeric/conversions.rb:131:in `block (2 levels) in <class:Numeric>'
/usr/local/bundle/gems/activesupport-4.2.6/lib/active_support/core_ext/numeric/conversions.rb:131:in `block (2 levels) in <class:Numeric>'
/usr/local/bundle/gems/activesupport-4.2.6/lib/active_support/core_ext/numeric/conversions.rb:131:in `block (2 levels) in <class:Numeric>'
/usr/local/bundle/gems/activesupport-4.2.6/lib/active_support/core_ext/numeric/conversions.rb:131:in `block (2 levels) in <class:Numeric>'
/usr/local/bundle/gems/activesupport-4.2.6/lib/active_support/core_ext/numeric/conversions.rb:131:in `block (2 levels) in <class:Numeric>'
/usr/local/bundle/gems/activesupport-4.2.6/lib/active_support/core_ext/numeric/conversions.rb:131:in `block (2 levels) in <class:Numeric>'
/usr/local/bundle/gems/activesupport-4.2.6/lib/active_support/core_ext/numeric/conversions.rb:131:in `block (2 levels) in <class:Numeric>'
/usr/local/bundle/gems/activesupport-4.2.6/lib/active_support/core_ext/numeric/conversions.rb:131:in `block (2 levels) in <class:Numeric>'
/usr/local/bundle/gems/activesupport-4.2.6/lib/active_support/core_ext/numeric/conversions.rb:131:in `block (2 levels) in <class:Numeric>'
/usr/local/bundle/gems/activesupport-4.2.6/lib/active_support/core_ext/numeric/conversions.rb:131:in `block (2 levels) in <class:Numeric>'
/usr/local/bundle/gems/activesupport-4.2.6/lib/active_support/core_ext/numeric/conversions.rb:131:in `block (2 levels) in <class:Numeric>'
/usr/local/bundle/gems/activesupport-4.2.6/lib/active_support/core_ext/numeric/conversions.rb:131:in `block (2 levels) in <class:Numeric>'
/usr/local/bundle/gems/activesupport-4.2.6/lib/active_support/core_ext/numeric/conversions.rb:131:in `block (2 levels) in <class:Numeric>'
/usr/local/bundle/gems/activesupport-4.2.6/lib/active_support/core_ext/numeric/conversions.rb:131:in `block (2 levels) in <class:Numeric>'
/usr/local/bundle/gems/activesupport-4.2.6/lib/active_support/core_ext/numeric/conversions.rb:131:in `block (2 levels) in <class:Numeric>'
/usr/local/bundle/gems/activesupport-4.2.6/lib/active_support/core_ext/numeric/conversions.rb:131:in `block (2 levels) in <class:Numeric>'
/usr/local/bundle/gems/activesupport-4.2.6/lib/active_support/core_ext/numeric/conversions.rb:131:in `block (2 levels) in <class:Numeric>'
/usr/local/bundle/gems/activesupport-4.2.6/lib/active_support/core_ext/numeric/conversions.rb:131:in `block (2 levels) in <class:Numeric>'
/usr/local/bundle/gems/activesupport-4.2.6/lib/active_support/core_ext/numeric/conversions.rb:131:in `block (2 levels) in <class:Numeric>'
/usr/local/bundle/gems/activesupport-4.2.6/lib/active_support/core_ext/numeric/conversions.rb:131:in `block (2 levels) in <class:Numeric>'
/usr/local/bundle/gems/activesupport-4.2.6/lib/active_support/core_ext/numeric/conversions.rb:131:in `block (2 levels) in <class:Numeric>'
/usr/local/bundle/gems/activesupport-4.2.6/lib/active_support/core_ext/numeric/conversions.rb:131:in `block (2 levels) in <class:Numeric>'
/usr/local/bundle/gems/activesupport-4.2.6/lib/active_support/core_ext/numeric/conversions.rb:131:in `block (2 levels) in <class:Numeric>'
/usr/local/bundle/gems/activesupport-4.2.6/lib/active_support/core_ext/numeric/conversions.rb:131:in `block (2 levels) in <class:Numeric>'
/usr/local/bundle/gems/activesupport-4.2.6/lib/active_support/core_ext/numeric/conversions.rb:131:in `block (2 levels) in <class:Numeric>'
/usr/local/bundle/gems/activesupport-4.2.6/lib/active_support/core_ext/numeric/conversions.rb:131:in `block (2 levels) in <class:Numeric>'
/usr/local/bundle/gems/activesupport-4.2.6/lib/active_support/core_ext/numeric/conversions.rb:131:in `block (2 levels) in <class:Numeric>'
/usr/local/bundle/gems/activesupport-4.2.6/lib/active_support/core_ext/numeric/conversions.rb:131:in `block (2 levels) in <class:Numeric>'
/usr/local/bundle/gems/activesupport-4.2.6/lib/active_support/core_ext/numeric/conversions.rb:131:in `block (2 levels) in <class:Numeric>'
/usr/local/bundle/gems/activesupport-4.2.6/lib/active_support/core_ext/numeric/conversions.rb:131:in `block (2 levels) in <class:Numeric>'
/usr/local/bundle/gems/activesupport-4.2.6/lib/active_support/core_ext/numeric/conversions.rb:131:in `block (2 levels) in <class:Numeric>'
/usr/local/bundle/gems/activesupport-4.2.6/lib/active_support/core_ext/numeric/conversions.rb:131:in `block (2 levels) in <class:Numeric>'
/usr/local/bundle/gems/activesupport-4.2.6/lib/active_support/core_ext/numeric/conversions.rb:131:in `block (2 levels) in <class:Numeric>'
/usr/local/bundle/gems/activesupport-4.2.6/lib/active_support/core_ext/numeric/conversions.rb:131:in `block (2 levels) in <class:Numeric>'
/usr/local/bundle/gems/activesupport-4.2.6/lib/active_support/core_ext/numeric/conversions.rb:131:in `block (2 levels) in <class:Numeric>'
/usr/local/bundle/gems/activesupport-4.2.6/lib/active_support/core_ext/numeric/conversions.rb:131:in `block (2 levels) in <class:Numeric>'
/usr/local/bundle/gems/activesupport-4.2.6/lib/active_support/core_ext/numeric/conversions.rb:131:in `block (2 levels) in <class:Numeric>'
/usr/local/bundle/gems/activesupport-4.2.6/lib/active_support/core_ext/numeric/conversions.rb:131:in `block (2 levels) in <class:Numeric>'
/usr/local/bundle/gems/activesupport-4.2.6/lib/active_support/core_ext/numeric/conversions.rb:131:in `block (2 levels) in <class:Numeric>'
/usr/local/bundle/gems/activesupport-4.2.6/lib/active_support/core_ext/numeric/conversions.rb:131:in `block (2 levels) in <class:Numeric>'
/usr/local/bundle/gems/activesupport-4.2.6/lib/active_support/core_ext/numeric/conversions.rb:131:in `block (2 levels) in <class:Numeric>'
/usr/local/bundle/gems/activesupport-4.2.6/lib/active_support/core_ext/numeric/conversions.rb:131:in `block (2 levels) in <class:Numeric>'
/usr/local/bundle/gems/activesupport-4.2.6/lib/active_support/core_ext/numeric/conversions.rb:131:in `block (2 levels) in <class:Numeric>'
/usr/local/bundle/gems/activesupport-4.2.6/lib/active_support/core_ext/numeric/conversions.rb:131:in `block (2 levels) in <class:Numeric>'
/usr/local/bundle/gems/activesupport-4.2.6/lib/active_support/core_ext/numeric/conversions.rb:131:in `block (2 levels) in <class:Numeric>'
/usr/local/bundle/gems/activesupport-4.2.6/lib/active_support/core_ext/numeric/conversions.rb:131:in `block (2 levels) in <class:Numeric>'
/usr/local/bundle/gems/activesupport-4.2.6/lib/active_support/core_ext/numeric/conversions.rb:131:in `block (2 levels) in <class:Numeric>'
/usr/local/bundle/gems/activesupport-4.2.6/lib/active_support/core_ext/numeric/conversions.rb:131:in `block (2 levels) in <class:Numeric>'
/usr/local/bundle/gems/activesupport-4.2.6/lib/active_support/core_ext/numeric/conversions.rb:131:in `block (2 levels) in <class:Numeric>'
/usr/local/bundle/gems/activesupport-4.2.6/lib/active_support/core_ext/numeric/conversions.rb:131:in `block (2 levels) in <class:Numeric>'
/usr/local/bundle/gems/activesupport-4.2.6/lib/active_support/core_ext/numeric/conversions.rb:131:in `block (2 levels) in <class:Numeric>'
/usr/local/bundle/gems/activesupport-4.2.6/lib/active_support/core_ext/numeric/conversions.rb:131:in `block (2 levels) in <class:Numeric>'
/usr/local/bundle/gems/activesupport-4.2.6/lib/active_support/core_ext/numeric/conversions.rb:131:in `block (2 levels) in <class:Numeric>'
/usr/local/bundle/gems/activesupport-4.2.6/lib/active_support/core_ext/numeric/conversions.rb:131:in `block (2 levels) in <class:Numeric>'
/usr/local/bundle/gems/activesupport-4.2.6/lib/active_support/core_ext/numeric/conversions.rb:131:in `block (2 levels) in <class:Numeric>'
/usr/local/bundle/gems/activesupport-4.2.6/lib/active_support/core_ext/numeric/conversions.rb:131:in `block (2 levels) in <class:Numeric>'
/usr/local/bundle/gems/activesupport-4.2.6/lib/active_support/core_ext/numeric/conversions.rb:131:in `block (2 levels) in <class:Numeric>'
/usr/local/bundle/gems/activesupport-4.2.6/lib/active_support/core_ext/numeric/conversions.rb:131:in `block (2 levels) in <class:Numeric>'
/usr/local/bundle/gems/activesupport-4.2.6/lib/active_support/core_ext/numeric/conversions.rb:131:in `block (2 levels) in <class:Numeric>'
/usr/local/bundle/gems/activesupport-4.2.6/lib/active_support/core_ext/numeric/conversions.rb:131:in `block (2 levels) in <class:Numeric>'
/usr/local/bundle/gems/activesupport-4.2.6/lib/active_support/core_ext/numeric/conversions.rb:131:in `block (2 levels) in <class:Numeric>'
/usr/local/bundle/gems/activesupport-4.2.6/lib/active_support/core_ext/numeric/conversions.rb:131:in `block (2 levels) in <class:Numeric>'
/usr/local/bundle/gems/activesupport-4.2.6/lib/active_support/core_ext/numeric/conversions.rb:131:in `block (2 levels) in <class:Numeric>'
/usr/local/bundle/gems/activesupport-4.2.6/lib/active_support/core_ext/numeric/conversions.rb:131:in `block (2 levels) in <class:Numeric>'
/usr/local/bundle/gems/activesupport-4.2.6/lib/active_support/core_ext/numeric/conversions.rb:131:in `block (2 levels) in <class:Numeric>'
/usr/local/bundle/gems/activesupport-4.2.6/lib/active_support/core_ext/numeric/conversions.rb:131:in `block (2 levels) in <class:Numeric>'
/usr/local/bundle/gems/activesupport-4.2.6/lib/active_support/core_ext/numeric/conversions.rb:131:in `block (2 levels) in <class:Numeric>'
/usr/local/bundle/gems/activesupport-4.2.6/lib/active_support/core_ext/numeric/conversions.rb:131:in `block (2 levels) in <class:Numeric>'
/usr/local/bundle/gems/activesupport-4.2.6/lib/active_support/core_ext/numeric/conversions.rb:131:in `block (2 levels) in <class:Numeric>'
/usr/local/bundle/gems/activesupport-4.2.6/lib/active_support/core_ext/numeric/conversions.rb:131:in `block (2 levels) in <class:Numeric>'
/usr/local/bundle/gems/activesupport-4.2.6/lib/active_support/core_ext/numeric/conversions.rb:131:in `block (2 levels) in <class:Numeric>'
/usr/local/bundle/gems/activesupport-4.2.6/lib/active_support/core_ext/numeric/conversions.rb:131:in `block (2 levels) in <class:Numeric>'
/usr/local/bundle/gems/activesupport-4.2.6/lib/active_support/core_ext/numeric/conversions.rb:131:in `block (2 levels) in <class:Numeric>'
/usr/local/bundle/gems/activesupport-4.2.6/lib/active_support/core_ext/numeric/conversions.rb:131:in `block (2 levels) in <class:Numeric>'
/usr/local/bundle/gems/activesupport-4.2.6/lib/active_support/core_ext/numeric/conversions.rb:131:in `block (2 levels) in <class:Numeric>'
/usr/local/bundle/gems/activesupport-4.2.6/lib/active_support/core_ext/numeric/conversions.rb:131:in `block (2 levels) in <class:Numeric>'
/usr/local/bundle/gems/activesupport-4.2.6/lib/active_support/core_ext/numeric/conversions.rb:131:in `block (2 levels) in <class:Numeric>'
/usr/local/bundle/gems/activesupport-4.2.6/lib/active_support/core_ext/numeric/conversions.rb:131:in `block (2 levels) in <class:Numeric>'
/usr/local/bundle/gems/activesupport-4.2.6/lib/active_support/core_ext/numeric/conversions.rb:131:in `block (2 levels) in <class:Numeric>'
/usr/local/bundle/gems/activesupport-4.2.6/lib/active_support/core_ext/numeric/conversions.rb:131:in `block (2 levels) in <class:Numeric>'
/usr/local/bundle/gems/activesupport-4.2.6/lib/active_support/core_ext/numeric/conversions.rb:131:in `block (2 levels) in <class:Numeric>'
/usr/local/bundle/gems/activesupport-4.2.6/lib/active_support/core_ext/numeric/conversions.rb:131:in `block (2 levels) in <class:Numeric>'
/usr/local/bundle/gems/activesupport-4.2.6/lib/active_support/core_ext/numeric/conversions.rb:131:in `block (2 levels) in <class:Numeric>'
/usr/local/bundle/gems/activesupport-4.2.6/lib/active_support/core_ext/numeric/conversions.rb:131:in `block (2 levels) in <class:Numeric>'
/usr/local/bundle/gems/activesupport-4.2.6/lib/active_support/core_ext/numeric/conversions.rb:131:in `block (2 levels) in <class:Numeric>'
/usr/local/bundle/gems/activesupport-4.2.6/lib/active_support/core_ext/numeric/conversions.rb:131:in `block (2 levels) in <class:Numeric>'
/usr/local/bundle/gems/activesupport-4.2.6/lib/active_support/core_ext/numeric/conversions.rb:131:in `block (2 levels) in <class:Numeric>'
/usr/local/bundle/gems/activesupport-4.2.6/lib/active_support/core_ext/numeric/conversions.rb:131:in `block (2 levels) in <class:Numeric>'
/usr/local/bundle/gems/activesupport-4.2.6/lib/active_support/core_ext/numeric/conversions.rb:131:in `block (2 levels) in <class:Numeric>'
/usr/local/bundle/gems/activesupport-4.2.6/lib/active_support/core_ext/numeric/conversions.rb:131:in `block (2 levels) in <class:Numeric>'
/usr/local/bundle/gems/activesupport-4.2.6/lib/active_support/core_ext/numeric/conversions.rb:131:in `block (2 levels) in <class:Numeric>'
/usr/local/bundle/gems/activesupport-4.2.6/lib/active_support/core_ext/numeric/conversions.rb:131:in `block (2 levels) in <class:Numeric>'
/usr/local/bundle/gems/activesupport-4.2.6/lib/active_support/core_ext/numeric/conversions.rb:131:in `block (2 levels) in <class:Numeric>'
/usr/local/bundle/gems/activesupport-4.2.6/lib/active_support/core_ext/numeric/conversions.rb:131:in `block (2 levels) in <class:Numeric>'
/usr/local/bundle/gems/activesupport-4.2.6/lib/active_support/core_ext/numeric/conversions.rb:131:in `block (2 levels) in <class:Numeric>'
/usr/local/bundle/gems/activesupport-4.2.6/lib/active_support/core_ext/numeric/conversions.rb:131:in `block (2 levels) in <class:Numeric>'
/usr/local/bundle/gems/activesupport-4.2.6/lib/active_support/core_ext/numeric/conversions.rb:131:in `block (2 levels) in <class:Numeric>'
/usr/local/bundle/gems/activesupport-4.2.6/lib/active_support/core_ext/numeric/conversions.rb:131:in `block (2 levels) in <class:Numeric>'
/usr/local/bundle/gems/activesupport-4.2.6/lib/active_support/core_ext/numeric/conversions.rb:131:in `block (2 levels) in <class:Numeric>'
/usr/local/bundle/gems/activesupport-4.2.6/lib/active_support/core_ext/numeric/conversions.rb:131:in `block (2 levels) in <class:Numeric>'
/usr/local/bundle/gems/activesupport-4.2.6/lib/active_support/core_ext/numeric/conversions.rb:131:in `block (2 levels) in <class:Numeric>'
/usr/local/bundle/gems/activesupport-4.2.6/lib/active_support/core_ext/numeric/conversions.rb:131:in `block (2 levels) in <class:Numeric>'
/usr/local/bundle/gems/activesupport-4.2.6/lib/active_support/core_ext/numeric/conversions.rb:131:in `block (2 levels) in <class:Numeric>'
/usr/local/bundle/gems/activesupport-4.2.6/lib/active_support/core_ext/numeric/conversions.rb:131:in `block (2 levels) in <class:Numeric>'
/usr/local/bundle/gems/activesupport-4.2.6/lib/active_support/core_ext/numeric/conversions.rb:131:in `block (2 levels) in <class:Numeric>'
/usr/local/bundle/gems/activesupport-4.2.6/lib/active_support/core_ext/numeric/conversions.rb:131:in `block (2 levels) in <class:Numeric>'
/usr/local/bundle/gems/activesupport-4.2.6/lib/active_support/core_ext/numeric/conversions.rb:131:in `block (2 levels) in <class:Numeric>'
/usr/local/bundle/gems/activesupport-4.2.6/lib/active_support/core_ext/numeric/conversions.rb:131:in `block (2 levels) in <class:Numeric>'
/usr/local/bundle/gems/activesupport-4.2.6/lib/active_support/core_ext/numeric/conversions.rb:131:in `block (2 levels) in <class:Numeric>'
/usr/local/bundle/gems/activesupport-4.2.6/lib/active_support/core_ext/numeric/conversions.rb:131:in `block (2 levels) in <class:Numeric>'
/usr/local/bundle/gems/activesupport-4.2.6/lib/active_support/core_ext/numeric/conversions.rb:131:in `block (2 levels) in <class:Numeric>'
/usr/local/bundle/gems/activesupport-4.2.6/lib/active_support/core_ext/numeric/conversions.rb:131:in `block (2 levels) in <class:Numeric>'
/usr/local/bundle/gems/activesupport-4.2.6/lib/active_support/core_ext/numeric/conversions.rb:131:in `block (2 levels) in <class:Numeric>'
/usr/local/bundle/gems/activesupport-4.2.6/lib/active_support/core_ext/numeric/conversions.rb:131:in `block (2 levels) in <class:Numeric>'
/usr/local/bundle/gems/activesupport-4.2.6/lib/active_support/core_ext/numeric/conversions.rb:131:in `block (2 levels) in <class:Numeric>'
/usr/local/bundle/gems/activesupport-4.2.6/lib/active_support/core_ext/numeric/conversions.rb:131:in `block (2 levels) in <class:Numeric>'
/usr/local/bundle/gems/activesupport-4.2.6/lib/active_support/core_ext/numeric/conversions.rb:131:in `block (2 levels) in <class:Numeric>'
/usr/local/bundle/gems/activesupport-4.2.6/lib/active_support/core_ext/numeric/conversions.rb:131:in `block (2 levels) in <class:Numeric>'
/usr/local/bundle/gems/activesupport-4.2.6/lib/active_support/core_ext/numeric/conversions.rb:131:in `block (2 levels) in <class:Numeric>'
/usr/local/bundle/gems/activesupport-4.2.6/lib/active_support/core_ext/numeric/conversions.rb:131:in `block (2 levels) in <class:Numeric>'
/usr/local/bundle/gems/activesupport-4.2.6/lib/active_support/core_ext/numeric/conversions.rb:131:in `block (2 levels) in <class:Numeric>'
/usr/local/bundle/gems/activesupport-4.2.6/lib/active_support/core_ext/numeric/conversions.rb:131:in `block (2 levels) in <class:Numeric>'
/usr/local/bundle/gems/activesupport-4.2.6/lib/active_support/core_ext/numeric/conversions.rb:131:in `block (2 levels) in <class:Numeric>'
/usr/local/bundle/gems/activesupport-4.2.6/lib/active_support/core_ext/numeric/conversions.rb:131:in `block (2 levels) in <class:Numeric>'
/usr/local/bundle/gems/activesupport-4.2.6/lib/active_support/core_ext/numeric/conversions.rb:131:in `block (2 levels) in <class:Numeric>'
/usr/local/bundle/gems/activesupport-4.2.6/lib/active_support/core_ext/numeric/conversions.rb:131:in `block (2 levels) in <class:Numeric>'
/usr/local/bundle/gems/activesupport-4.2.6/lib/active_support/core_ext/numeric/conversions.rb:131:in `block (2 levels) in <class:Numeric>'
/usr/local/bundle/gems/activesupport-4.2.6/lib/active_support/core_ext/numeric/conversions.rb:131:in `block (2 levels) in <class:Numeric>'
/usr/local/bundle/gems/activesupport-4.2.6/lib/active_support/core_ext/numeric/conversions.rb:131:in `block (2 levels) in <class:Numeric>'
/usr/local/bundle/gems/activesupport-4.2.6/lib/active_support/core_ext/numeric/conversions.rb:131:in `block (2 levels) in <class:Numeric>'
/usr/local/bundle/gems/activesupport-4.2.6/lib/active_support/core_ext/numeric/conversions.rb:131:in `block (2 levels) in <class:Numeric>'
/usr/local/bundle/gems/activesupport-4.2.6/lib/active_support/core_ext/numeric/conversions.rb:131:in `block (2 levels) in <class:Numeric>'
/usr/local/bundle/gems/activesupport-4.2.6/lib/active_support/core_ext/numeric/conversions.rb:131:in `block (2 levels) in <class:Numeric>'
/usr/local/bundle/gems/activesupport-4.2.6/lib/active_support/core_ext/numeric/conversions.rb:131:in `block (2 levels) in <class:Numeric>'
/usr/local/bundle/gems/activesupport-4.2.6/lib/active_support/core_ext/numeric/conversions.rb:131:in `block (2 levels) in <class:Numeric>'
/usr/local/bundle/gems/activesupport-4.2.6/lib/active_support/core_ext/numeric/conversions.rb:131:in `block (2 levels) in <class:Numeric>'
/usr/local/bundle/gems/activesupport-4.2.6/lib/active_support/core_ext/numeric/conversions.rb:131:in `block (2 levels) in <class:Numeric>'
/usr/local/bundle/gems/activesupport-4.2.6/lib/active_support/core_ext/numeric/conversions.rb:131:in `block (2 levels) in <class:Numeric>'
/usr/local/bundle/gems/activesupport-4.2.6/lib/active_support/core_ext/numeric/conversions.rb:131:in `block (2 levels) in <class:Numeric>'
/usr/local/bundle/gems/activesupport-4.2.6/lib/active_support/core_ext/numeric/conversions.rb:131:in `block (2 levels) in <class:Numeric>'
/usr/local/bundle/gems/activesupport-4.2.6/lib/active_support/core_ext/numeric/conversions.rb:131:in `block (2 levels) in <class:Numeric>'
/usr/local/bundle/gems/activesupport-4.2.6/lib/active_support/core_ext/numeric/conversions.rb:131:in `block (2 levels) in <class:Numeric>'
/usr/local/bundle/gems/activesupport-4.2.6/lib/active_support/core_ext/numeric/conversions.rb:131:in `block (2 levels) in <class:Numeric>'
/usr/local/bundle/gems/activesupport-4.2.6/lib/active_support/core_ext/numeric/conversions.rb:131:in `block (2 levels) in <class:Numeric>'
/usr/local/bundle/gems/activesupport-4.2.6/lib/active_support/core_ext/numeric/conversions.rb:131:in `block (2 levels) in <class:Numeric>'
/usr/local/bundle/gems/activesupport-4.2.6/lib/active_support/core_ext/numeric/conversions.rb:131:in `block (2 levels) in <class:Numeric>'
/usr/local/bundle/gems/activesupport-4.2.6/lib/active_support/core_ext/numeric/conversions.rb:131:in `block (2 levels) in <class:Numeric>'
/usr/local/bundle/gems/activesupport-4.2.6/lib/active_support/core_ext/numeric/conversions.rb:131:in `block (2 levels) in <class:Numeric>'
/usr/local/bundle/gems/activesupport-4.2.6/lib/active_support/core_ext/numeric/conversions.rb:131:in `block (2 levels) in <class:Numeric>'
/usr/local/bundle/gems/activesupport-4.2.6/lib/active_support/core_ext/numeric/conversions.rb:131:in `block (2 levels) in <class:Numeric>'
/usr/local/bundle/gems/activesupport-4.2.6/lib/active_support/core_ext/numeric/conversions.rb:131:in `block (2 levels) in <class:Numeric>'
/usr/local/bundle/gems/activesupport-4.2.6/lib/active_support/core_ext/numeric/conversions.rb:131:in `block (2 levels) in <class:Numeric>'
/usr/local/bundle/gems/activesupport-4.2.6/lib/active_support/core_ext/numeric/conversions.rb:131:in `block (2 levels) in <class:Numeric>'
/usr/local/bundle/gems/activesupport-4.2.6/lib/active_support/core_ext/numeric/conversions.rb:131:in `block (2 levels) in <class:Numeric>'
/usr/local/bundle/gems/activesupport-4.2.6/lib/active_support/core_ext/numeric/conversions.rb:131:in `block (2 levels) in <class:Numeric>'
/usr/local/bundle/gems/activesupport-4.2.6/lib/active_support/core_ext/numeric/conversions.rb:131:in `block (2 levels) in <class:Numeric>'
/usr/local/bundle/gems/activesupport-4.2.6/lib/active_support/core_ext/numeric/conversions.rb:131:in `block (2 levels) in <class:Numeric>'
/usr/local/bundle/gems/activesupport-4.2.6/lib/active_support/core_ext/numeric/conversions.rb:131:in `block (2 levels) in <class:Numeric>'
/usr/local/bundle/gems/activesupport-4.2.6/lib/active_support/core_ext/numeric/conversions.rb:131:in `block (2 levels) in <class:Numeric>'
/usr/local/bundle/gems/activesupport-4.2.6/lib/active_support/core_ext/numeric/conversions.rb:131:in `block (2 levels) in <class:Numeric>'
/usr/local/bundle/gems/activesupport-4.2.6/lib/active_support/core_ext/numeric/conversions.rb:131:in `block (2 levels) in <class:Numeric>'
/usr/local/bundle/gems/activesupport-4.2.6/lib/active_support/core_ext/numeric/conversions.rb:131:in `block (2 levels) in <class:Numeric>'
/usr/local/bundle/gems/activesupport-4.2.6/lib/active_support/core_ext/numeric/conversions.rb:131:in `block (2 levels) in <class:Numeric>'
/usr/local/bundle/gems/activesupport-4.2.6/lib/active_support/core_ext/numeric/conversions.rb:131:in `block (2 levels) in <class:Numeric>'
/usr/local/bundle/gems/activesupport-4.2.6/lib/active_support/core_ext/numeric/conversions.rb:131:in `block (2 levels) in <class:Numeric>'
/usr/local/bundle/gems/activesupport-4.2.6/lib/active_support/core_ext/numeric/conversions.rb:131:in `block (2 levels) in <class:Numeric>'
/usr/local/bundle/gems/activesupport-4.2.6/lib/active_support/core_ext/numeric/conversions.rb:131:in `block (2 levels) in <class:Numeric>'
/usr/local/bundle/gems/activesupport-4.2.6/lib/active_support/core_ext/numeric/conversions.rb:131:in `block (2 levels) in <class:Numeric>'
/usr/local/bundle/gems/activesupport-4.2.6/lib/active_support/core_ext/numeric/conversions.rb:131:in `block (2 levels) in <class:Numeric>'
/usr/local/bundle/gems/activesupport-4.2.6/lib/active_support/core_ext/numeric/conversions.rb:131:in `block (2 levels) in <class:Numeric>'
/usr/local/bundle/gems/activesupport-4.2.6/lib/active_support/core_ext/numeric/conversions.rb:131:in `block (2 levels) in <class:Numeric>'
/usr/local/bundle/gems/activesupport-4.2.6/lib/active_support/core_ext/numeric/conversions.rb:131:in `block (2 levels) in <class:Numeric>'
/usr/local/bundle/gems/activesupport-4.2.6/lib/active_support/core_ext/numeric/conversions.rb:131:in `block (2 levels) in <class:Numeric>'
/usr/local/bundle/gems/activesupport-4.2.6/lib/active_support/core_ext/numeric/conversions.rb:131:in `block (2 levels) in <class:Numeric>'
/usr/local/bundle/gems/activesupport-4.2.6/lib/active_support/core_ext/numeric/conversions.rb:131:in `block (2 levels) in <class:Numeric>'
/usr/local/bundle/gems/activesupport-4.2.6/lib/active_support/core_ext/numeric/conversions.rb:131:in `block (2 levels) in <class:Numeric>'
/usr/local/bundle/gems/activesupport-4.2.6/lib/active_support/core_ext/numeric/conversions.rb:131:in `block (2 levels) in <class:Numeric>'
/usr/local/bundle/gems/activesupport-4.2.6/lib/active_support/core_ext/numeric/conversions.rb:131:in `block (2 levels) in <class:Numeric>'
/usr/local/bundle/gems/activesupport-4.2.6/lib/active_support/core_ext/numeric/conversions.rb:131:in `block (2 levels) in <class:Numeric>'
/usr/local/bundle/gems/activesupport-4.2.6/lib/active_support/core_ext/numeric/conversions.rb:131:in `block (2 levels) in <class:Numeric>'
/usr/local/bundle/gems/activesupport-4.2.6/lib/active_support/core_ext/numeric/conversions.rb:131:in `block (2 levels) in <class:Numeric>'
/usr/local/bundle/gems/activesupport-4.2.6/lib/active_support/core_ext/numeric/conversions.rb:131:in `block (2 levels) in <class:Numeric>'
/usr/local/bundle/gems/activesupport-4.2.6/lib/active_support/core_ext/numeric/conversions.rb:131:in `block (2 levels) in <class:Numeric>'
/usr/local/bundle/gems/activesupport-4.2.6/lib/active_support/core_ext/numeric/conversions.rb:131:in `block (2 levels) in <class:Numeric>'
/usr/local/bundle/gems/activesupport-4.2.6/lib/active_support/core_ext/numeric/conversions.rb:131:in `block (2 levels) in <class:Numeric>'
/usr/local/bundle/gems/activesupport-4.2.6/lib/active_support/core_ext/numeric/conversions.rb:131:in `block (2 levels) in <class:Numeric>'
/usr/local/bundle/gems/activesupport-4.2.6/lib/active_support/core_ext/numeric/conversions.rb:131:in `block (2 levels) in <class:Numeric>'
/usr/local/bundle/gems/activesupport-4.2.6/lib/active_support/core_ext/numeric/conversions.rb:131:in `block (2 levels) in <class:Numeric>'
/usr/local/bundle/gems/activesupport-4.2.6/lib/active_support/core_ext/numeric/conversions.rb:131:in `block (2 levels) in <class:Numeric>'
/usr/local/bundle/gems/activesupport-4.2.6/lib/active_support/core_ext/numeric/conversions.rb:131:in `block (2 levels) in <class:Numeric>'
/usr/local/bundle/gems/activesupport-4.2.6/lib/active_support/core_ext/numeric/conversions.rb:131:in `block (2 levels) in <class:Numeric>'
/usr/local/bundle/gems/activesupport-4.2.6/lib/active_support/core_ext/numeric/conversions.rb:131:in `block (2 levels) in <class:Numeric>'
/usr/local/bundle/gems/activesupport-4.2.6/lib/active_support/core_ext/numeric/conversions.rb:131:in `block (2 levels) in <class:Numeric>'
/usr/local/bundle/gems/activesupport-4.2.6/lib/active_support/core_ext/numeric/conversions.rb:131:in `block (2 levels) in <class:Numeric>'
/usr/local/bundle/gems/activesupport-4.2.6/lib/active_support/core_ext/numeric/conversions.rb:131:in `block (2 levels) in <class:Numeric>'
/usr/local/bundle/gems/activesupport-4.2.6/lib/active_support/core_ext/numeric/conversions.rb:131:in `block (2 levels) in <class:Numeric>'
/usr/local/bundle/gems/activesupport-4.2.6/lib/active_support/core_ext/numeric/conversions.rb:131:in `block (2 levels) in <class:Numeric>'
/usr/local/bundle/gems/activesupport-4.2.6/lib/active_support/core_ext/numeric/conversions.rb:131:in `block (2 levels) in <class:Numeric>'
/usr/local/bundle/gems/activesupport-4.2.6/lib/active_support/core_ext/numeric/conversions.rb:131:in `block (2 levels) in <class:Numeric>'
/usr/local/bundle/gems/activesupport-4.2.6/lib/active_support/core_ext/numeric/conversions.rb:131:in `block (2 levels) in <class:Numeric>'
/usr/local/bundle/gems/activesupport-4.2.6/lib/active_support/core_ext/numeric/conversions.rb:131:in `block (2 levels) in <class:Numeric>'
/usr/local/bundle/gems/activesupport-4.2.6/lib/active_support/core_ext/numeric/conversions.rb:131:in `block (2 levels) in <class:Numeric>'
/usr/local/bundle/gems/activesupport-4.2.6/lib/active_support/core_ext/numeric/conversions.rb:131:in `block (2 levels) in <class:Numeric>'
/usr/local/bundle/gems/activesupport-4.2.6/lib/active_support/core_ext/numeric/conversions.rb:131:in `block (2 levels) in <class:Numeric>'
/usr/local/bundle/gems/activesupport-4.2.6/lib/active_support/core_ext/numeric/conversions.rb:131:in `block (2 levels) in <class:Numeric>'
/usr/local/bundle/gems/activesupport-4.2.6/lib/active_support/core_ext/numeric/conversions.rb:131:in `block (2 levels) in <class:Numeric>'
/usr/local/bundle/gems/activesupport-4.2.6/lib/active_support/core_ext/numeric/conversions.rb:131:in `block (2 levels) in <class:Numeric>'
/usr/local/bundle/gems/activesupport-4.2.6/lib/active_support/core_ext/numeric/conversions.rb:131:in `block (2 levels) in <class:Numeric>'
/usr/local/bundle/gems/activesupport-4.2.6/lib/active_support/core_ext/numeric/conversions.rb:131:in `block (2 levels) in <class:Numeric>'
/usr/local/bundle/gems/activesupport-4.2.6/lib/active_support/core_ext/numeric/conversions.rb:131:in `block (2 levels) in <class:Numeric>'
/usr/local/bundle/gems/activesupport-4.2.6/lib/active_support/core_ext/numeric/conversions.rb:131:in `block (2 levels) in <class:Numeric>'
/usr/local/bundle/gems/activesupport-4.2.6/lib/active_support/core_ext/numeric/conversions.rb:131:in `block (2 levels) in <class:Numeric>'
/usr/local/bundle/gems/activesupport-4.2.6/lib/active_support/core_ext/numeric/conversions.rb:131:in `block (2 levels) in <class:Numeric>'
/usr/local/bundle/gems/activesupport-4.2.6/lib/active_support/core_ext/numeric/conversions.rb:131:in `block (2 levels) in <class:Numeric>'
/usr/local/bundle/gems/activesupport-4.2.6/lib/active_support/core_ext/numeric/conversions.rb:131:in `block (2 levels) in <class:Numeric>'
/usr/local/bundle/gems/activesupport-4.2.6/lib/active_support/core_ext/numeric/conversions.rb:131:in `block (2 levels) in <class:Numeric>'
/usr/local/bundle/gems/activesupport-4.2.6/lib/active_support/core_ext/numeric/conversions.rb:131:in `block (2 levels) in <class:Numeric>'
/usr/local/bundle/gems/activesupport-4.2.6/lib/active_support/core_ext/numeric/conversions.rb:131:in `block (2 levels) in <class:Numeric>'
/usr/local/bundle/gems/activesupport-4.2.6/lib/active_support/core_ext/numeric/conversions.rb:131:in `block (2 levels) in <class:Numeric>'
/usr/local/bundle/gems/activesupport-4.2.6/lib/active_support/core_ext/numeric/conversions.rb:131:in `block (2 levels) in <class:Numeric>'
/usr/local/bundle/gems/activesupport-4.2.6/lib/active_support/core_ext/numeric/conversions.rb:131:in `block (2 levels) in <class:Numeric>'
/usr/local/bundle/gems/activesupport-4.2.6/lib/active_support/core_ext/numeric/conversions.rb:131:in `block (2 levels) in <class:Numeric>'
/usr/local/bundle/gems/activesupport-4.2.6/lib/active_support/core_ext/numeric/conversions.rb:131:in `block (2 levels) in <class:Numeric>'
/usr/local/bundle/gems/activesupport-4.2.6/lib/active_support/core_ext/numeric/conversions.rb:131:in `block (2 levels) in <class:Numeric>'
/usr/local/bundle/gems/activesupport-4.2.6/lib/active_support/core_ext/numeric/conversions.rb:131:in `block (2 levels) in <class:Numeric>'
/usr/local/bundle/gems/activesupport-4.2.6/lib/active_support/core_ext/numeric/conversions.rb:131:in `block (2 levels) in <class:Numeric>'
/usr/local/bundle/gems/activesupport-4.2.6/lib/active_support/core_ext/numeric/conversions.rb:131:in `block (2 levels) in <class:Numeric>'
/usr/local/bundle/gems/activesupport-4.2.6/lib/active_support/core_ext/numeric/conversions.rb:131:in `block (2 levels) in <class:Numeric>'
/usr/local/bundle/gems/activesupport-4.2.6/lib/active_support/core_ext/numeric/conversions.rb:131:in `block (2 levels) in <class:Numeric>'
/usr/local/bundle/gems/activesupport-4.2.6/lib/active_support/core_ext/numeric/conversions.rb:131:in `block (2 levels) in <class:Numeric>'
/usr/local/bundle/gems/activesupport-4.2.6/lib/active_support/core_ext/numeric/conversions.rb:131:in `block (2 levels) in <class:Numeric>'
/usr/local/bundle/gems/activesupport-4.2.6/lib/active_support/core_ext/numeric/conversions.rb:131:in `block (2 levels) in <class:Numeric>'
/usr/local/bundle/gems/activesupport-4.2.6/lib/active_support/core_ext/numeric/conversions.rb:131:in `block (2 levels) in <class:Numeric>'
/usr/local/bundle/gems/activesupport-4.2.6/lib/active_support/core_ext/numeric/conversions.rb:131:in `block (2 levels) in <class:Numeric>'
/usr/local/bundle/gems/activesupport-4.2.6/lib/active_support/core_ext/numeric/conversions.rb:131:in `block (2 levels) in <class:Numeric>'
/usr/local/bundle/gems/activesupport-4.2.6/lib/active_support/core_ext/numeric/conversions.rb:131:in `block (2 levels) in <class:Numeric>'
/usr/local/bundle/gems/activesupport-4.2.6/lib/active_support/core_ext/numeric/conversions.rb:131:in `block (2 levels) in <class:Numeric>'
/usr/local/bundle/gems/activesupport-4.2.6/lib/active_support/core_ext/numeric/conversions.rb:131:in `block (2 levels) in <class:Numeric>'
/usr/local/bundle/gems/activesupport-4.2.6/lib/active_support/core_ext/numeric/conversions.rb:131:in `block (2 levels) in <class:Numeric>'
/usr/local/bundle/gems/activesupport-4.2.6/lib/active_support/core_ext/numeric/conversions.rb:131:in `block (2 levels) in <class:Numeric>'
/usr/local/bundle/gems/activesupport-4.2.6/lib/active_support/core_ext/numeric/conversions.rb:131:in `block (2 levels) in <class:Numeric>'
/usr/local/bundle/gems/activesupport-4.2.6/lib/active_support/core_ext/numeric/conversions.rb:131:in `block (2 levels) in <class:Numeric>'
/usr/local/bundle/gems/activesupport-4.2.6/lib/active_support/core_ext/numeric/conversions.rb:131:in `block (2 levels) in <class:Numeric>'
/usr/local/bundle/gems/activesupport-4.2.6/lib/active_support/core_ext/numeric/conversions.rb:131:in `block (2 levels) in <class:Numeric>'
/usr/local/bundle/gems/activesupport-4.2.6/lib/active_support/core_ext/numeric/conversions.rb:131:in `block (2 levels) in <class:Numeric>'
/usr/local/bundle/gems/activesupport-4.2.6/lib/active_support/core_ext/numeric/conversions.rb:131:in `block (2 levels) in <class:Numeric>'
/usr/local/bundle/gems/activesupport-4.2.6/lib/active_support/core_ext/numeric/conversions.rb:131:in `block (2 levels) in <class:Numeric>'
/usr/local/bundle/gems/activesupport-4.2.6/lib/active_support/core_ext/numeric/conversions.rb:131:in `block (2 levels) in <class:Numeric>'
/usr/local/bundle/gems/activesupport-4.2.6/lib/active_support/core_ext/numeric/conversions.rb:131:in `block (2 levels) in <class:Numeric>'
/usr/local/bundle/gems/activesupport-4.2.6/lib/active_support/core_ext/numeric/conversions.rb:131:in `block (2 levels) in <class:Numeric>'
/usr/local/bundle/gems/activesupport-4.2.6/lib/active_support/core_ext/numeric/conversions.rb:131:in `block (2 levels) in <class:Numeric>'
/usr/local/bundle/gems/activesupport-4.2.6/lib/active_support/core_ext/numeric/conversions.rb:131:in `block (2 levels) in <class:Numeric>'
/usr/local/bundle/gems/activesupport-4.2.6/lib/active_support/core_ext/numeric/conversions.rb:131:in `block (2 levels) in <class:Numeric>'
/usr/local/bundle/gems/activesupport-4.2.6/lib/active_support/core_ext/numeric/conversions.rb:131:in `block (2 levels) in <class:Numeric>'
/usr/local/bundle/gems/activesupport-4.2.6/lib/active_support/core_ext/numeric/conversions.rb:131:in `block (2 levels) in <class:Numeric>'
/usr/local/bundle/gems/activesupport-4.2.6/lib/active_support/core_ext/numeric/conversions.rb:131:in `block (2 levels) in <class:Numeric>'
/usr/local/bundle/gems/activesupport-4.2.6/lib/active_support/core_ext/numeric/conversions.rb:131:in `block (2 levels) in <class:Numeric>'
/usr/local/bundle/gems/activesupport-4.2.6/lib/active_support/core_ext/numeric/conversions.rb:131:in `block (2 levels) in <class:Numeric>'
/usr/local/bundle/gems/activesupport-4.2.6/lib/active_support/core_ext/numeric/conversions.rb:131:in `block (2 levels) in <class:Numeric>'
/usr/local/bundle/gems/activesupport-4.2.6/lib/active_support/core_ext/numeric/conversions.rb:131:in `block (2 levels) in <class:Numeric>'
/usr/local/bundle/gems/activesupport-4.2.6/lib/active_support/core_ext/numeric/conversions.rb:131:in `block (2 levels) in <class:Numeric>'
/usr/local/bundle/gems/activesupport-4.2.6/lib/active_support/core_ext/numeric/conversions.rb:131:in `block (2 levels) in <class:Numeric>'
/usr/local/bundle/gems/activesupport-4.2.6/lib/active_support/core_ext/numeric/conversions.rb:131:in `block (2 levels) in <class:Numeric>'
/usr/local/bundle/gems/activesupport-4.2.6/lib/active_support/core_ext/numeric/conversions.rb:131:in `block (2 levels) in <class:Numeric>'
/usr/local/bundle/gems/activesupport-4.2.6/lib/active_support/core_ext/numeric/conversions.rb:131:in `block (2 levels) in <class:Numeric>'
/usr/local/bundle/gems/activesupport-4.2.6/lib/active_support/core_ext/numeric/conversions.rb:131:in `block (2 levels) in <class:Numeric>'
/usr/local/bundle/gems/activesupport-4.2.6/lib/active_support/core_ext/numeric/conversions.rb:131:in `block (2 levels) in <class:Numeric>'
/usr/local/bundle/gems/activesupport-4.2.6/lib/active_support/core_ext/numeric/conversions.rb:131:in `block (2 levels) in <class:Numeric>'
/usr/local/bundle/gems/activesupport-4.2.6/lib/active_support/core_ext/numeric/conversions.rb:131:in `block (2 levels) in <class:Numeric>'
/usr/local/bundle/gems/activesupport-4.2.6/lib/active_support/core_ext/numeric/conversions.rb:131:in `block (2 levels) in <class:Numeric>'
/usr/local/bundle/gems/activesupport-4.2.6/lib/active_support/core_ext/numeric/conversions.rb:131:in `block (2 levels) in <class:Numeric>'
/usr/local/bundle/gems/activesupport-4.2.6/lib/active_support/core_ext/numeric/conversions.rb:131:in `block (2 levels) in <class:Numeric>'
/usr/local/bundle/gems/activesupport-4.2.6/lib/active_support/core_ext/numeric/conversions.rb:131:in `block (2 levels) in <class:Numeric>'
/usr/local/bundle/gems/activesupport-4.2.6/lib/active_support/core_ext/numeric/conversions.rb:131:in `block (2 levels) in <class:Numeric>'
/usr/local/bundle/gems/activesupport-4.2.6/lib/active_support/core_ext/numeric/conversions.rb:131:in `block (2 levels) in <class:Numeric>'
/usr/local/bundle/gems/activesupport-4.2.6/lib/active_support/core_ext/numeric/conversions.rb:131:in `block (2 levels) in <class:Numeric>'
/usr/local/bundle/gems/activesupport-4.2.6/lib/active_support/core_ext/numeric/conversions.rb:131:in `block (2 levels) in <class:Numeric>'
/usr/local/bundle/gems/activesupport-4.2.6/lib/active_support/core_ext/numeric/conversions.rb:131:in `block (2 levels) in <class:Numeric>'
/usr/local/bundle/gems/activesupport-4.2.6/lib/active_support/core_ext/numeric/conversions.rb:131:in `block (2 levels) in <class:Numeric>'
/usr/local/bundle/gems/activesupport-4.2.6/lib/active_support/core_ext/numeric/conversions.rb:131:in `block (2 levels) in <class:Numeric>'
/usr/local/bundle/gems/activesupport-4.2.6/lib/active_support/core_ext/numeric/conversions.rb:131:in `block (2 levels) in <class:Numeric>'
/usr/local/bundle/gems/activesupport-4.2.6/lib/active_support/core_ext/numeric/conversions.rb:131:in `block (2 levels) in <class:Numeric>'
/usr/local/bundle/gems/activesupport-4.2.6/lib/active_support/core_ext/numeric/conversions.rb:131:in `block (2 levels) in <class:Numeric>'
/usr/local/bundle/gems/activesupport-4.2.6/lib/active_support/core_ext/numeric/conversions.rb:131:in `block (2 levels) in <class:Numeric>'
/usr/local/bundle/gems/activesupport-4.2.6/lib/active_support/core_ext/numeric/conversions.rb:131:in `block (2 levels) in <class:Numeric>'
/usr/local/bundle/gems/activesupport-4.2.6/lib/active_support/core_ext/numeric/conversions.rb:131:in `block (2 levels) in <class:Numeric>'
/usr/local/bundle/gems/activesupport-4.2.6/lib/active_support/core_ext/numeric/conversions.rb:131:in `block (2 levels) in <class:Numeric>'
/usr/local/bundle/gems/activesupport-4.2.6/lib/active_support/core_ext/numeric/conversions.rb:131:in `block (2 levels) in <class:Numeric>'
/usr/local/bundle/gems/activesupport-4.2.6/lib/active_support/core_ext/numeric/conversions.rb:131:in `block (2 levels) in <class:Numeric>'
/usr/local/bundle/gems/activesupport-4.2.6/lib/active_support/core_ext/numeric/conversions.rb:131:in `block (2 levels) in <class:Numeric>'
/usr/local/bundle/gems/activesupport-4.2.6/lib/active_support/core_ext/numeric/conversions.rb:131:in `block (2 levels) in <class:Numeric>'
/usr/local/bundle/gems/activesupport-4.2.6/lib/active_support/core_ext/numeric/conversions.rb:131:in `block (2 levels) in <class:Numeric>'
/usr/local/bundle/gems/activesupport-4.2.6/lib/active_support/core_ext/numeric/conversions.rb:131:in `block (2 levels) in <class:Numeric>'
/usr/local/bundle/gems/activesupport-4.2.6/lib/active_support/core_ext/numeric/conversions.rb:131:in `block (2 levels) in <class:Numeric>'
/usr/local/bundle/gems/activesupport-4.2.6/lib/active_support/core_ext/numeric/conversions.rb:131:in `block (2 levels) in <class:Numeric>'
/usr/local/bundle/gems/activesupport-4.2.6/lib/active_support/core_ext/numeric/conversions.rb:131:in `block (2 levels) in <class:Numeric>'
/usr/local/bundle/gems/activesupport-4.2.6/lib/active_support/core_ext/numeric/conversions.rb:131:in `block (2 levels) in <class:Numeric>'
/usr/local/bundle/gems/activesupport-4.2.6/lib/active_support/core_ext/numeric/conversions.rb:131:in `block (2 levels) in <class:Numeric>'
/usr/local/bundle/gems/activesupport-4.2.6/lib/active_support/core_ext/numeric/conversions.rb:131:in `block (2 levels) in <class:Numeric>'
/usr/local/bundle/gems/activesupport-4.2.6/lib/active_support/core_ext/numeric/conversions.rb:131:in `block (2 levels) in <class:Numeric>'
/usr/local/bundle/gems/activesupport-4.2.6/lib/active_support/core_ext/numeric/conversions.rb:131:in `block (2 levels) in <class:Numeric>'
/usr/local/bundle/gems/activesupport-4.2.6/lib/active_support/core_ext/numeric/conversions.rb:131:in `block (2 levels) in <class:Numeric>'
/usr/local/bundle/gems/activesupport-4.2.6/lib/active_support/core_ext/numeric/conversions.rb:131:in `block (2 levels) in <class:Numeric>'
/usr/local/bundle/gems/activesupport-4.2.6/lib/active_support/core_ext/numeric/conversions.rb:131:in `block (2 levels) in <class:Numeric>'
/usr/local/bundle/gems/activesupport-4.2.6/lib/active_support/core_ext/numeric/conversions.rb:131:in `block (2 levels) in <class:Numeric>'
/usr/local/bundle/gems/activesupport-4.2.6/lib/active_support/core_ext/numeric/conversions.rb:131:in `block (2 levels) in <class:Numeric>'
/usr/local/bundle/gems/activesupport-4.2.6/lib/active_support/core_ext/numeric/conversions.rb:131:in `block (2 levels) in <class:Numeric>'
/usr/local/bundle/gems/activesupport-4.2.6/lib/active_support/core_ext/numeric/conversions.rb:131:in `block (2 levels) in <class:Numeric>'
/usr/local/bundle/gems/activesupport-4.2.6/lib/active_support/core_ext/numeric/conversions.rb:131:in `block (2 levels) in <class:Numeric>'
/usr/local/bundle/gems/activesupport-4.2.6/lib/active_support/core_ext/numeric/conversions.rb:131:in `block (2 levels) in <class:Numeric>'
/usr/local/bundle/gems/activesupport-4.2.6/lib/active_support/core_ext/numeric/conversions.rb:131:in `block (2 levels) in <class:Numeric>'
/usr/local/bundle/gems/activesupport-4.2.6/lib/active_support/core_ext/numeric/conversions.rb:131:in `block (2 levels) in <class:Numeric>'
/usr/local/bundle/gems/activesupport-4.2.6/lib/active_support/core_ext/numeric/conversions.rb:131:in `block (2 levels) in <class:Numeric>'
/usr/local/bundle/gems/activesupport-4.2.6/lib/active_support/core_ext/numeric/conversions.rb:131:in `block (2 levels) in <class:Numeric>'
/usr/local/bundle/gems/activesupport-4.2.6/lib/active_support/core_ext/numeric/conversions.rb:131:in `block (2 levels) in <class:Numeric>'
/usr/local/bundle/gems/activesupport-4.2.6/lib/active_support/core_ext/numeric/conversions.rb:131:in `block (2 levels) in <class:Numeric>'
/usr/local/bundle/gems/activesupport-4.2.6/lib/active_support/core_ext/numeric/conversions.rb:131:in `block (2 levels) in <class:Numeric>'
/usr/local/bundle/gems/activesupport-4.2.6/lib/active_support/core_ext/numeric/conversions.rb:131:in `block (2 levels) in <class:Numeric>'
/usr/local/bundle/gems/activesupport-4.2.6/lib/active_support/core_ext/numeric/conversions.rb:131:in `block (2 levels) in <class:Numeric>'
/usr/local/bundle/gems/activesupport-4.2.6/lib/active_support/core_ext/numeric/conversions.rb:131:in `block (2 levels) in <class:Numeric>'
/usr/local/bundle/gems/activesupport-4.2.6/lib/active_support/core_ext/numeric/conversions.rb:131:in `block (2 levels) in <class:Numeric>'
/usr/local/bundle/gems/activesupport-4.2.6/lib/active_support/core_ext/numeric/conversions.rb:131:in `block (2 levels) in <class:Numeric>'
/usr/local/bundle/gems/activesupport-4.2.6/lib/active_support/core_ext/numeric/conversions.rb:131:in `block (2 levels) in <class:Numeric>'
/usr/local/bundle/gems/activesupport-4.2.6/lib/active_support/core_ext/numeric/conversions.rb:131:in `block (2 levels) in <class:Numeric>'
/usr/local/bundle/gems/activesupport-4.2.6/lib/active_support/core_ext/numeric/conversions.rb:131:in `block (2 levels) in <class:Numeric>'
/usr/local/bundle/gems/activesupport-4.2.6/lib/active_support/core_ext/numeric/conversions.rb:131:in `block (2 levels) in <class:Numeric>'
/usr/local/bundle/gems/activesupport-4.2.6/lib/active_support/core_ext/numeric/conversions.rb:131:in `block (2 levels) in <class:Numeric>'
/usr/local/bundle/gems/activesupport-4.2.6/lib/active_support/core_ext/numeric/conversions.rb:131:in `block (2 levels) in <class:Numeric>'
/usr/local/bundle/gems/activesupport-4.2.6/lib/active_support/core_ext/numeric/conversions.rb:131:in `block (2 levels) in <class:Numeric>'
/usr/local/bundle/gems/activesupport-4.2.6/lib/active_support/core_ext/numeric/conversions.rb:131:in `block (2 levels) in <class:Numeric>'
/usr/local/bundle/gems/activesupport-4.2.6/lib/active_support/core_ext/numeric/conversions.rb:131:in `block (2 levels) in <class:Numeric>'
/usr/local/bundle/gems/activesupport-4.2.6/lib/active_support/core_ext/numeric/conversions.rb:131:in `block (2 levels) in <class:Numeric>'
/usr/local/bundle/gems/activesupport-4.2.6/lib/active_support/core_ext/numeric/conversions.rb:131:in `block (2 levels) in <class:Numeric>'
/usr/local/bundle/gems/activesupport-4.2.6/lib/active_support/core_ext/numeric/conversions.rb:131:in `block (2 levels) in <class:Numeric>'
/usr/local/bundle/gems/activesupport-4.2.6/lib/active_support/core_ext/numeric/conversions.rb:131:in `block (2 levels) in <class:Numeric>'
/usr/local/bundle/gems/activesupport-4.2.6/lib/active_support/core_ext/numeric/conversions.rb:131:in `block (2 levels) in <class:Numeric>'
/usr/local/bundle/gems/activesupport-4.2.6/lib/active_support/core_ext/numeric/conversions.rb:131:in `block (2 levels) in <class:Numeric>'
/usr/local/bundle/gems/activesupport-4.2.6/lib/active_support/core_ext/numeric/conversions.rb:131:in `block (2 levels) in <class:Numeric>'
/usr/local/bundle/gems/activesupport-4.2.6/lib/active_support/core_ext/numeric/conversions.rb:131:in `block (2 levels) in <class:Numeric>'
/usr/local/bundle/gems/activesupport-4.2.6/lib/active_support/core_ext/numeric/conversions.rb:131:in `block (2 levels) in <class:Numeric>'
/usr/local/bundle/gems/activesupport-4.2.6/lib/active_support/core_ext/numeric/conversions.rb:131:in `block (2 levels) in <class:Numeric>'
/usr/local/bundle/gems/activesupport-4.2.6/lib/active_support/core_ext/numeric/conversions.rb:131:in `block (2 levels) in <class:Numeric>'
/usr/local/bundle/gems/activesupport-4.2.6/lib/active_support/core_ext/numeric/conversions.rb:131:in `block (2 levels) in <class:Numeric>'
/usr/local/bundle/gems/activesupport-4.2.6/lib/active_support/core_ext/numeric/conversions.rb:131:in `block (2 levels) in <class:Numeric>'
/usr/local/bundle/gems/activesupport-4.2.6/lib/active_support/core_ext/numeric/conversions.rb:131:in `block (2 levels) in <class:Numeric>'
/usr/local/bundle/gems/activesupport-4.2.6/lib/active_support/core_ext/numeric/conversions.rb:131:in `block (2 levels) in <class:Numeric>'
/usr/local/bundle/gems/activesupport-4.2.6/lib/active_support/core_ext/numeric/conversions.rb:131:in `block (2 levels) in <class:Numeric>'
/usr/local/bundle/gems/activesupport-4.2.6/lib/active_support/core_ext/numeric/conversions.rb:131:in `block (2 levels) in <class:Numeric>'
/usr/local/bundle/gems/activesupport-4.2.6/lib/active_support/core_ext/numeric/conversions.rb:131:in `block (2 levels) in <class:Numeric>'
/usr/local/bundle/gems/activesupport-4.2.6/lib/active_support/core_ext/numeric/conversions.rb:131:in `block (2 levels) in <class:Numeric>'
/usr/local/bundle/gems/activesupport-4.2.6/lib/active_support/core_ext/numeric/conversions.rb:131:in `block (2 levels) in <class:Numeric>'
/usr/local/bundle/gems/activesupport-4.2.6/lib/active_support/core_ext/numeric/conversions.rb:131:in `block (2 levels) in <class:Numeric>'
/usr/local/bundle/gems/activesupport-4.2.6/lib/active_support/core_ext/numeric/conversions.rb:131:in `block (2 levels) in <class:Numeric>'
/usr/local/bundle/gems/activesupport-4.2.6/lib/active_support/core_ext/numeric/conversions.rb:131:in `block (2 levels) in <class:Numeric>'
/usr/local/bundle/gems/activesupport-4.2.6/lib/active_support/core_ext/numeric/conversions.rb:131:in `block (2 levels) in <class:Numeric>'
/usr/local/bundle/gems/activesupport-4.2.6/lib/active_support/core_ext/numeric/conversions.rb:131:in `block (2 levels) in <class:Numeric>'
/usr/local/bundle/gems/activesupport-4.2.6/lib/active_support/core_ext/numeric/conversions.rb:131:in `block (2 levels) in <class:Numeric>'
/usr/local/bundle/gems/activesupport-4.2.6/lib/active_support/core_ext/numeric/conversions.rb:131:in `block (2 levels) in <class:Numeric>'
/usr/local/bundle/gems/activesupport-4.2.6/lib/active_support/core_ext/numeric/conversions.rb:131:in `block (2 levels) in <class:Numeric>'
/usr/local/bundle/gems/activesupport-4.2.6/lib/active_support/core_ext/numeric/conversions.rb:131:in `block (2 levels) in <class:Numeric>'
/usr/local/bundle/gems/activesupport-4.2.6/lib/active_support/core_ext/numeric/conversions.rb:131:in `block (2 levels) in <class:Numeric>'
/usr/local/bundle/gems/activesupport-4.2.6/lib/active_support/core_ext/numeric/conversions.rb:131:in `block (2 levels) in <class:Numeric>'
/usr/local/bundle/gems/activesupport-4.2.6/lib/active_support/core_ext/numeric/conversions.rb:131:in `block (2 levels) in <class:Numeric>'
/usr/local/bundle/gems/activesupport-4.2.6/lib/active_support/core_ext/numeric/conversions.rb:131:in `block (2 levels) in <class:Numeric>'
/usr/local/bundle/gems/activesupport-4.2.6/lib/active_support/core_ext/numeric/conversions.rb:131:in `block (2 levels) in <class:Numeric>'
/usr/local/bundle/gems/activesupport-4.2.6/lib/active_support/core_ext/numeric/conversions.rb:131:in `block (2 levels) in <class:Numeric>'
/usr/local/bundle/gems/activesupport-4.2.6/lib/active_support/core_ext/numeric/conversions.rb:131:in `block (2 levels) in <class:Numeric>'
/usr/local/bundle/gems/activesupport-4.2.6/lib/active_support/core_ext/numeric/conversions.rb:131:in `block (2 levels) in <class:Numeric>'
/usr/local/bundle/gems/activesupport-4.2.6/lib/active_support/core_ext/numeric/conversions.rb:131:in `block (2 levels) in <class:Numeric>'
/usr/local/bundle/gems/activesupport-4.2.6/lib/active_support/core_ext/numeric/conversions.rb:131:in `block (2 levels) in <class:Numeric>'
/usr/local/bundle/gems/activesupport-4.2.6/lib/active_support/core_ext/numeric/conversions.rb:131:in `block (2 levels) in <class:Numeric>'
/usr/local/bundle/gems/activesupport-4.2.6/lib/active_support/core_ext/numeric/conversions.rb:131:in `block (2 levels) in <class:Numeric>'
/usr/local/bundle/gems/activesupport-4.2.6/lib/active_support/core_ext/numeric/conversions.rb:131:in `block (2 levels) in <class:Numeric>'
/usr/local/bundle/gems/activesupport-4.2.6/lib/active_support/core_ext/numeric/conversions.rb:131:in `block (2 levels) in <class:Numeric>'
/usr/local/bundle/gems/activesupport-4.2.6/lib/active_support/core_ext/numeric/conversions.rb:131:in `block (2 levels) in <class:Numeric>'
/usr/local/bundle/gems/activesupport-4.2.6/lib/active_support/core_ext/numeric/conversions.rb:131:in `block (2 levels) in <class:Numeric>'
/usr/local/bundle/gems/activesupport-4.2.6/lib/active_support/core_ext/numeric/conversions.rb:131:in `block (2 levels) in <class:Numeric>'
/usr/local/bundle/gems/activesupport-4.2.6/lib/active_support/core_ext/numeric/conversions.rb:131:in `block (2 levels) in <class:Numeric>'
/usr/local/bundle/gems/activesupport-4.2.6/lib/active_support/core_ext/numeric/conversions.rb:131:in `block (2 levels) in <class:Numeric>'
/usr/local/bundle/gems/activesupport-4.2.6/lib/active_support/core_ext/numeric/conversions.rb:131:in `block (2 levels) in <class:Numeric>'
/usr/local/bundle/gems/activesupport-4.2.6/lib/active_support/core_ext/numeric/conversions.rb:131:in `block (2 levels) in <class:Numeric>'
/usr/local/bundle/gems/activesupport-4.2.6/lib/active_support/core_ext/numeric/conversions.rb:131:in `block (2 levels) in <class:Numeric>'
/usr/local/bundle/gems/activesupport-4.2.6/lib/active_support/core_ext/numeric/conversions.rb:131:in `block (2 levels) in <class:Numeric>'
/usr/local/bundle/gems/activesupport-4.2.6/lib/active_support/core_ext/numeric/conversions.rb:131:in `block (2 levels) in <class:Numeric>'
/usr/local/bundle/gems/activesupport-4.2.6/lib/active_support/core_ext/numeric/conversions.rb:131:in `block (2 levels) in <class:Numeric>'
/usr/local/bundle/gems/activesupport-4.2.6/lib/active_support/core_ext/numeric/conversions.rb:131:in `block (2 levels) in <class:Numeric>'
/usr/local/bundle/gems/activesupport-4.2.6/lib/active_support/core_ext/numeric/conversions.rb:131:in `block (2 levels) in <class:Numeric>'
/usr/local/bundle/gems/activesupport-4.2.6/lib/active_support/core_ext/numeric/conversions.rb:131:in `block (2 levels) in <class:Numeric>'
/usr/local/bundle/gems/activesupport-4.2.6/lib/active_support/core_ext/numeric/conversions.rb:131:in `block (2 levels) in <class:Numeric>'
/usr/local/bundle/gems/activesupport-4.2.6/lib/active_support/core_ext/numeric/conversions.rb:131:in `block (2 levels) in <class:Numeric>'
/usr/local/bundle/gems/activesupport-4.2.6/lib/active_support/core_ext/numeric/conversions.rb:131:in `block (2 levels) in <class:Numeric>'
/usr/local/bundle/gems/activesupport-4.2.6/lib/active_support/core_ext/numeric/conversions.rb:131:in `block (2 levels) in <class:Numeric>'
/usr/local/bundle/gems/activesupport-4.2.6/lib/active_support/core_ext/numeric/conversions.rb:131:in `block (2 levels) in <class:Numeric>'
/usr/local/bundle/gems/activesupport-4.2.6/lib/active_support/core_ext/numeric/conversions.rb:131:in `block (2 levels) in <class:Numeric>'
/usr/local/bundle/gems/activesupport-4.2.6/lib/active_support/core_ext/numeric/conversions.rb:131:in `block (2 levels) in <class:Numeric>'
/usr/local/bundle/gems/activesupport-4.2.6/lib/active_support/core_ext/numeric/conversions.rb:131:in `block (2 levels) in <class:Numeric>'
/usr/local/bundle/gems/activesupport-4.2.6/lib/active_support/core_ext/numeric/conversions.rb:131:in `block (2 levels) in <class:Numeric>'
/usr/local/bundle/gems/activesupport-4.2.6/lib/active_support/core_ext/numeric/conversions.rb:131:in `block (2 levels) in <class:Numeric>'
/usr/local/bundle/gems/activesupport-4.2.6/lib/active_support/core_ext/numeric/conversions.rb:131:in `block (2 levels) in <class:Numeric>'
/usr/local/bundle/gems/activesupport-4.2.6/lib/active_support/core_ext/numeric/conversions.rb:131:in `block (2 levels) in <class:Numeric>'
/usr/local/bundle/gems/activesupport-4.2.6/lib/active_support/core_ext/numeric/conversions.rb:131:in `block (2 levels) in <class:Numeric>'
/usr/local/bundle/gems/activesupport-4.2.6/lib/active_support/core_ext/numeric/conversions.rb:131:in `block (2 levels) in <class:Numeric>'
/usr/local/bundle/gems/activesupport-4.2.6/lib/active_support/core_ext/numeric/conversions.rb:131:in `block (2 levels) in <class:Numeric>'
/usr/local/bundle/gems/activesupport-4.2.6/lib/active_support/core_ext/numeric/conversions.rb:131:in `block (2 levels) in <class:Numeric>'
/usr/local/bundle/gems/activesupport-4.2.6/lib/active_support/core_ext/numeric/conversions.rb:131:in `block (2 levels) in <class:Numeric>'
/usr/local/bundle/gems/activesupport-4.2.6/lib/active_support/core_ext/numeric/conversions.rb:131:in `block (2 levels) in <class:Numeric>'
/usr/local/bundle/gems/activesupport-4.2.6/lib/active_support/core_ext/numeric/conversions.rb:131:in `block (2 levels) in <class:Numeric>'
/usr/local/bundle/gems/activesupport-4.2.6/lib/active_support/core_ext/numeric/conversions.rb:131:in `block (2 levels) in <class:Numeric>'
/usr/local/bundle/gems/activesupport-4.2.6/lib/active_support/core_ext/numeric/conversions.rb:131:in `block (2 levels) in <class:Numeric>'
/usr/local/bundle/gems/activesupport-4.2.6/lib/active_support/core_ext/numeric/conversions.rb:131:in `block (2 levels) in <class:Numeric>'
/usr/local/bundle/gems/activesupport-4.2.6/lib/active_support/core_ext/numeric/conversions.rb:131:in `block (2 levels) in <class:Numeric>'
/usr/local/bundle/gems/activesupport-4.2.6/lib/active_support/core_ext/numeric/conversions.rb:131:in `block (2 levels) in <class:Numeric>'
/usr/local/bundle/gems/activesupport-4.2.6/lib/active_support/core_ext/numeric/conversions.rb:131:in `block (2 levels) in <class:Numeric>'
/usr/local/bundle/gems/activesupport-4.2.6/lib/active_support/core_ext/numeric/conversions.rb:131:in `block (2 levels) in <class:Numeric>'
/usr/local/bundle/gems/activesupport-4.2.6/lib/active_support/core_ext/numeric/conversions.rb:131:in `block (2 levels) in <class:Numeric>'
/usr/local/bundle/gems/activesupport-4.2.6/lib/active_support/core_ext/numeric/conversions.rb:131:in `block (2 levels) in <class:Numeric>'
/usr/local/bundle/gems/activesupport-4.2.6/lib/active_support/core_ext/numeric/conversions.rb:131:in `block (2 levels) in <class:Numeric>'
/usr/local/bundle/gems/activesupport-4.2.6/lib/active_support/core_ext/numeric/conversions.rb:131:in `block (2 levels) in <class:Numeric>'
/usr/local/bundle/gems/activesupport-4.2.6/lib/active_support/core_ext/numeric/conversions.rb:131:in `block (2 levels) in <class:Numeric>'
/usr/local/bundle/gems/activesupport-4.2.6/lib/active_support/core_ext/numeric/conversions.rb:131:in `block (2 levels) in <class:Numeric>'
/usr/local/bundle/gems/activesupport-4.2.6/lib/active_support/core_ext/numeric/conversions.rb:131:in `block (2 levels) in <class:Numeric>'
/usr/local/bundle/gems/activesupport-4.2.6/lib/active_support/core_ext/numeric/conversions.rb:131:in `block (2 levels) in <class:Numeric>'
/usr/local/bundle/gems/activesupport-4.2.6/lib/active_support/core_ext/numeric/conversions.rb:131:in `block (2 levels) in <class:Numeric>'
/usr/local/bundle/gems/activesupport-4.2.6/lib/active_support/core_ext/numeric/conversions.rb:131:in `block (2 levels) in <class:Numeric>'
/usr/local/bundle/gems/activesupport-4.2.6/lib/active_support/core_ext/numeric/conversions.rb:131:in `block (2 levels) in <class:Numeric>'
/usr/local/bundle/gems/activesupport-4.2.6/lib/active_support/core_ext/numeric/conversions.rb:131:in `block (2 levels) in <class:Numeric>'
/usr/local/bundle/gems/activesupport-4.2.6/lib/active_support/core_ext/numeric/conversions.rb:131:in `block (2 levels) in <class:Numeric>'
/usr/local/bundle/gems/activesupport-4.2.6/lib/active_support/core_ext/numeric/conversions.rb:131:in `block (2 levels) in <class:Numeric>'
/usr/local/bundle/gems/activesupport-4.2.6/lib/active_support/core_ext/numeric/conversions.rb:131:in `block (2 levels) in <class:Numeric>'
/usr/local/bundle/gems/activesupport-4.2.6/lib/active_support/core_ext/numeric/conversions.rb:131:in `block (2 levels) in <class:Numeric>'
/usr/local/bundle/gems/activesupport-4.2.6/lib/active_support/core_ext/numeric/conversions.rb:131:in `block (2 levels) in <class:Numeric>'
/usr/local/bundle/gems/activesupport-4.2.6/lib/active_support/core_ext/numeric/conversions.rb:131:in `block (2 levels) in <class:Numeric>'
/usr/local/bundle/gems/activesupport-4.2.6/lib/active_support/core_ext/numeric/conversions.rb:131:in `block (2 levels) in <class:Numeric>'
/usr/local/bundle/gems/activesupport-4.2.6/lib/active_support/core_ext/numeric/conversions.rb:131:in `block (2 levels) in <class:Numeric>'
/usr/local/bundle/gems/activesupport-4.2.6/lib/active_support/core_ext/numeric/conversions.rb:131:in `block (2 levels) in <class:Numeric>'
/usr/local/bundle/gems/activesupport-4.2.6/lib/active_support/core_ext/numeric/conversions.rb:131:in `block (2 levels) in <class:Numeric>'
/usr/local/bundle/gems/activesupport-4.2.6/lib/active_support/core_ext/numeric/conversions.rb:131:in `block (2 levels) in <class:Numeric>'
/usr/local/bundle/gems/activesupport-4.2.6/lib/active_support/core_ext/numeric/conversions.rb:131:in `block (2 levels) in <class:Numeric>'
/usr/local/bundle/gems/activesupport-4.2.6/lib/active_support/core_ext/numeric/conversions.rb:131:in `block (2 levels) in <class:Numeric>'
/usr/local/bundle/gems/activesupport-4.2.6/lib/active_support/core_ext/numeric/conversions.rb:131:in `block (2 levels) in <class:Numeric>'
/usr/local/bundle/gems/activesupport-4.2.6/lib/active_support/core_ext/numeric/conversions.rb:131:in `block (2 levels) in <class:Numeric>'
/usr/local/bundle/gems/activesupport-4.2.6/lib/active_support/core_ext/numeric/conversions.rb:131:in `block (2 levels) in <class:Numeric>'
/usr/local/bundle/gems/activesupport-4.2.6/lib/active_support/core_ext/numeric/conversions.rb:131:in `block (2 levels) in <class:Numeric>'
/usr/local/bundle/gems/activesupport-4.2.6/lib/active_support/core_ext/numeric/conversions.rb:131:in `block (2 levels) in <class:Numeric>'
/usr/local/bundle/gems/activesupport-4.2.6/lib/active_support/core_ext/numeric/conversions.rb:131:in `block (2 levels) in <class:Numeric>'
/usr/local/bundle/gems/activesupport-4.2.6/lib/active_support/core_ext/numeric/conversions.rb:131:in `block (2 levels) in <class:Numeric>'
/usr/local/bundle/gems/activesupport-4.2.6/lib/active_support/core_ext/numeric/conversions.rb:131:in `block (2 levels) in <class:Numeric>'
/usr/local/bundle/gems/activesupport-4.2.6/lib/active_support/core_ext/numeric/conversions.rb:131:in `block (2 levels) in <class:Numeric>'
/usr/local/bundle/gems/activesupport-4.2.6/lib/active_support/core_ext/numeric/conversions.rb:131:in `block (2 levels) in <class:Numeric>'
/usr/local/bundle/gems/activesupport-4.2.6/lib/active_support/core_ext/numeric/conversions.rb:131:in `block (2 levels) in <class:Numeric>'
/usr/local/bundle/gems/activesupport-4.2.6/lib/active_support/core_ext/numeric/conversions.rb:131:in `block (2 levels) in <class:Numeric>'
/usr/local/bundle/gems/activesupport-4.2.6/lib/active_support/core_ext/numeric/conversions.rb:131:in `block (2 levels) in <class:Numeric>'
/usr/local/bundle/gems/activesupport-4.2.6/lib/active_support/core_ext/numeric/conversions.rb:131:in `block (2 levels) in <class:Numeric>'
/usr/local/bundle/gems/activesupport-4.2.6/lib/active_support/core_ext/numeric/conversions.rb:131:in `block (2 levels) in <class:Numeric>'
/usr/local/bundle/gems/activesupport-4.2.6/lib/active_support/core_ext/numeric/conversions.rb:131:in `block (2 levels) in <class:Numeric>'
/usr/local/bundle/gems/activesupport-4.2.6/lib/active_support/core_ext/numeric/conversions.rb:131:in `block (2 levels) in <class:Numeric>'
/usr/local/bundle/gems/activesupport-4.2.6/lib/active_support/core_ext/numeric/conversions.rb:131:in `block (2 levels) in <class:Numeric>'
/usr/local/bundle/gems/activesupport-4.2.6/lib/active_support/core_ext/numeric/conversions.rb:131:in `block (2 levels) in <class:Numeric>'
/usr/local/bundle/gems/activesupport-4.2.6/lib/active_support/core_ext/numeric/conversions.rb:131:in `block (2 levels) in <class:Numeric>'
/usr/local/bundle/gems/activesupport-4.2.6/lib/active_support/core_ext/numeric/conversions.rb:131:in `block (2 levels) in <class:Numeric>'
/usr/local/bundle/gems/activesupport-4.2.6/lib/active_support/core_ext/numeric/conversions.rb:131:in `block (2 levels) in <class:Numeric>'
/usr/local/bundle/gems/activesupport-4.2.6/lib/active_support/core_ext/numeric/conversions.rb:131:in `block (2 levels) in <class:Numeric>'
/usr/local/bundle/gems/activesupport-4.2.6/lib/active_support/core_ext/numeric/conversions.rb:131:in `block (2 levels) in <class:Numeric>'
/usr/local/bundle/gems/activesupport-4.2.6/lib/active_support/core_ext/numeric/conversions.rb:131:in `block (2 levels) in <class:Numeric>'
/usr/local/bundle/gems/activesupport-4.2.6/lib/active_support/core_ext/numeric/conversions.rb:131:in `block (2 levels) in <class:Numeric>'
/usr/local/bundle/gems/activesupport-4.2.6/lib/active_support/core_ext/numeric/conversions.rb:131:in `block (2 levels) in <class:Numeric>'
/usr/local/bundle/gems/activesupport-4.2.6/lib/active_support/core_ext/numeric/conversions.rb:131:in `block (2 levels) in <class:Numeric>'
/usr/local/bundle/gems/activesupport-4.2.6/lib/active_support/core_ext/numeric/conversions.rb:131:in `block (2 levels) in <class:Numeric>'
/usr/local/bundle/gems/activesupport-4.2.6/lib/active_support/core_ext/numeric/conversions.rb:131:in `block (2 levels) in <class:Numeric>'
/usr/local/bundle/gems/activesupport-4.2.6/lib/active_support/core_ext/numeric/conversions.rb:131:in `block (2 levels) in <class:Numeric>'
/usr/local/bundle/gems/activesupport-4.2.6/lib/active_support/core_ext/numeric/conversions.rb:131:in `block (2 levels) in <class:Numeric>'
/usr/local/bundle/gems/activesupport-4.2.6/lib/active_support/core_ext/numeric/conversions.rb:131:in `block (2 levels) in <class:Numeric>'
/usr/local/bundle/gems/activesupport-4.2.6/lib/active_support/core_ext/numeric/conversions.rb:131:in `block (2 levels) in <class:Numeric>'
/usr/local/bundle/gems/activesupport-4.2.6/lib/active_support/core_ext/numeric/conversions.rb:131:in `block (2 levels) in <class:Numeric>'
/usr/local/bundle/gems/activesupport-4.2.6/lib/active_support/core_ext/numeric/conversions.rb:131:in `block (2 levels) in <class:Numeric>'
/usr/local/bundle/gems/activesupport-4.2.6/lib/active_support/core_ext/numeric/conversions.rb:131:in `block (2 levels) in <class:Numeric>'
/usr/local/bundle/gems/activesupport-4.2.6/lib/active_support/core_ext/numeric/conversions.rb:131:in `block (2 levels) in <class:Numeric>'
/usr/local/bundle/gems/activesupport-4.2.6/lib/active_support/core_ext/numeric/conversions.rb:131:in `block (2 levels) in <class:Numeric>'
/usr/local/bundle/gems/activesupport-4.2.6/lib/active_support/core_ext/numeric/conversions.rb:131:in `block (2 levels) in <class:Numeric>'
/usr/local/bundle/gems/activesupport-4.2.6/lib/active_support/core_ext/numeric/conversions.rb:131:in `block (2 levels) in <class:Numeric>'
/usr/local/bundle/gems/activesupport-4.2.6/lib/active_support/core_ext/numeric/conversions.rb:131:in `block (2 levels) in <class:Numeric>'
/usr/local/bundle/gems/activesupport-4.2.6/lib/active_support/core_ext/numeric/conversions.rb:131:in `block (2 levels) in <class:Numeric>'
/usr/local/bundle/gems/activesupport-4.2.6/lib/active_support/core_ext/numeric/conversions.rb:131:in `block (2 levels) in <class:Numeric>'
/usr/local/bundle/gems/activesupport-4.2.6/lib/active_support/core_ext/numeric/conversions.rb:131:in `block (2 levels) in <class:Numeric>'
/usr/local/bundle/gems/activesupport-4.2.6/lib/active_support/core_ext/numeric/conversions.rb:131:in `block (2 levels) in <class:Numeric>'
/usr/local/bundle/gems/activesupport-4.2.6/lib/active_support/core_ext/numeric/conversions.rb:131:in `block (2 levels) in <class:Numeric>'
/usr/local/bundle/gems/activesupport-4.2.6/lib/active_support/core_ext/numeric/conversions.rb:131:in `block (2 levels) in <class:Numeric>'
/usr/local/bundle/gems/activesupport-4.2.6/lib/active_support/core_ext/numeric/conversions.rb:131:in `block (2 levels) in <class:Numeric>'
/usr/local/bundle/gems/activesupport-4.2.6/lib/active_support/core_ext/numeric/conversions.rb:131:in `block (2 levels) in <class:Numeric>'
/usr/local/bundle/gems/activesupport-4.2.6/lib/active_support/core_ext/numeric/conversions.rb:131:in `block (2 levels) in <class:Numeric>'
/usr/local/bundle/gems/activesupport-4.2.6/lib/active_support/core_ext/numeric/conversions.rb:131:in `block (2 levels) in <class:Numeric>'
/usr/local/bundle/gems/activesupport-4.2.6/lib/active_support/core_ext/numeric/conversions.rb:131:in `block (2 levels) in <class:Numeric>'
/usr/local/bundle/gems/activesupport-4.2.6/lib/active_support/core_ext/numeric/conversions.rb:131:in `block (2 levels) in <class:Numeric>'
/usr/local/bundle/gems/activesupport-4.2.6/lib/active_support/core_ext/numeric/conversions.rb:131:in `block (2 levels) in <class:Numeric>'
/usr/local/bundle/gems/activesupport-4.2.6/lib/active_support/core_ext/numeric/conversions.rb:131:in `block (2 levels) in <class:Numeric>'
/usr/local/bundle/gems/activesupport-4.2.6/lib/active_support/core_ext/numeric/conversions.rb:131:in `block (2 levels) in <class:Numeric>'
/usr/local/bundle/gems/activesupport-4.2.6/lib/active_support/core_ext/numeric/conversions.rb:131:in `block (2 levels) in <class:Numeric>'
/usr/local/bundle/gems/activesupport-4.2.6/lib/active_support/core_ext/numeric/conversions.rb:131:in `block (2 levels) in <class:Numeric>'
/usr/local/bundle/gems/activesupport-4.2.6/lib/active_support/core_ext/numeric/conversions.rb:131:in `block (2 levels) in <class:Numeric>'
/usr/local/bundle/gems/activesupport-4.2.6/lib/active_support/core_ext/numeric/conversions.rb:131:in `block (2 levels) in <class:Numeric>'
/usr/local/bundle/gems/activesupport-4.2.6/lib/active_support/core_ext/numeric/conversions.rb:131:in `block (2 levels) in <class:Numeric>'
/usr/local/bundle/gems/activesupport-4.2.6/lib/active_support/core_ext/numeric/conversions.rb:131:in `block (2 levels) in <class:Numeric>'
/usr/local/bundle/gems/activesupport-4.2.6/lib/active_support/core_ext/numeric/conversions.rb:131:in `block (2 levels) in <class:Numeric>'
/usr/local/bundle/gems/activesupport-4.2.6/lib/active_support/core_ext/numeric/conversions.rb:131:in `block (2 levels) in <class:Numeric>'
/usr/local/bundle/gems/activesupport-4.2.6/lib/active_support/core_ext/numeric/conversions.rb:131:in `block (2 levels) in <class:Numeric>'
/usr/local/bundle/gems/activesupport-4.2.6/lib/active_support/core_ext/numeric/conversions.rb:131:in `block (2 levels) in <class:Numeric>'
/usr/local/bundle/gems/activesupport-4.2.6/lib/active_support/core_ext/numeric/conversions.rb:131:in `block (2 levels) in <class:Numeric>'
/usr/local/bundle/gems/activesupport-4.2.6/lib/active_support/core_ext/numeric/conversions.rb:131:in `block (2 levels) in <class:Numeric>'
/usr/local/bundle/gems/activesupport-4.2.6/lib/active_support/core_ext/numeric/conversions.rb:131:in `block (2 levels) in <class:Numeric>'
/usr/local/bundle/gems/activesupport-4.2.6/lib/active_support/core_ext/numeric/conversions.rb:131:in `block (2 levels) in <class:Numeric>'
/usr/local/bundle/gems/activesupport-4.2.6/lib/active_support/core_ext/numeric/conversions.rb:131:in `block (2 levels) in <class:Numeric>'
/usr/local/bundle/gems/activesupport-4.2.6/lib/active_support/core_ext/numeric/conversions.rb:131:in `block (2 levels) in <class:Numeric>'
/usr/local/bundle/gems/activesupport-4.2.6/lib/active_support/core_ext/numeric/conversions.rb:131:in `block (2 levels) in <class:Numeric>'
/usr/local/bundle/gems/activesupport-4.2.6/lib/active_support/core_ext/numeric/conversions.rb:131:in `block (2 levels) in <class:Numeric>'
/usr/local/bundle/gems/activesupport-4.2.6/lib/active_support/core_ext/numeric/conversions.rb:131:in `block (2 levels) in <class:Numeric>'
/usr/local/bundle/gems/activesupport-4.2.6/lib/active_support/core_ext/numeric/conversions.rb:131:in `block (2 levels) in <class:Numeric>'
/usr/local/bundle/gems/activesupport-4.2.6/lib/active_support/core_ext/numeric/conversions.rb:131:in `block (2 levels) in <class:Numeric>'
/usr/local/bundle/gems/activesupport-4.2.6/lib/active_support/core_ext/numeric/conversions.rb:131:in `block (2 levels) in <class:Numeric>'
/usr/local/bundle/gems/activesupport-4.2.6/lib/active_support/core_ext/numeric/conversions.rb:131:in `block (2 levels) in <class:Numeric>'
/usr/local/bundle/gems/activesupport-4.2.6/lib/active_support/core_ext/numeric/conversions.rb:131:in `block (2 levels) in <class:Numeric>'
/usr/local/bundle/gems/activesupport-4.2.6/lib/active_support/core_ext/numeric/conversions.rb:131:in `block (2 levels) in <class:Numeric>'
/usr/local/bundle/gems/activesupport-4.2.6/lib/active_support/core_ext/numeric/conversions.rb:131:in `block (2 levels) in <class:Numeric>'
/usr/local/bundle/gems/activesupport-4.2.6/lib/active_support/core_ext/numeric/conversions.rb:131:in `block (2 levels) in <class:Numeric>'
/usr/local/bundle/gems/activesupport-4.2.6/lib/active_support/core_ext/numeric/conversions.rb:131:in `block (2 levels) in <class:Numeric>'
/usr/local/bundle/gems/activesupport-4.2.6/lib/active_support/core_ext/numeric/conversions.rb:131:in `block (2 levels) in <class:Numeric>'
/usr/local/bundle/gems/activesupport-4.2.6/lib/active_support/core_ext/numeric/conversions.rb:131:in `block (2 levels) in <class:Numeric>'
/usr/local/bundle/gems/activesupport-4.2.6/lib/active_support/core_ext/numeric/conversions.rb:131:in `block (2 levels) in <class:Numeric>'
/usr/local/bundle/gems/activesupport-4.2.6/lib/active_support/core_ext/numeric/conversions.rb:131:in `block (2 levels) in <class:Numeric>'
/usr/local/bundle/gems/activesupport-4.2.6/lib/active_support/core_ext/numeric/conversions.rb:131:in `block (2 levels) in <class:Numeric>'
/usr/local/bundle/gems/activesupport-4.2.6/lib/active_support/core_ext/numeric/conversions.rb:131:in `block (2 levels) in <class:Numeric>'
/usr/local/bundle/gems/activesupport-4.2.6/lib/active_support/core_ext/numeric/conversions.rb:131:in `block (2 levels) in <class:Numeric>'
/usr/local/bundle/gems/activesupport-4.2.6/lib/active_support/core_ext/numeric/conversions.rb:131:in `block (2 levels) in <class:Numeric>'
/usr/local/bundle/gems/activesupport-4.2.6/lib/active_support/core_ext/numeric/conversions.rb:131:in `block (2 levels) in <class:Numeric>'
/usr/local/bundle/gems/activesupport-4.2.6/lib/active_support/core_ext/numeric/conversions.rb:131:in `block (2 levels) in <class:Numeric>'
/usr/local/bundle/gems/activesupport-4.2.6/lib/active_support/core_ext/numeric/conversions.rb:131:in `block (2 levels) in <class:Numeric>'
/usr/local/bundle/gems/activesupport-4.2.6/lib/active_support/core_ext/numeric/conversions.rb:131:in `block (2 levels) in <class:Numeric>'
/usr/local/bundle/gems/activesupport-4.2.6/lib/active_support/core_ext/numeric/conversions.rb:131:in `block (2 levels) in <class:Numeric>'
/usr/local/bundle/gems/activesupport-4.2.6/lib/active_support/core_ext/numeric/conversions.rb:131:in `block (2 levels) in <class:Numeric>'
/usr/local/bundle/gems/activesupport-4.2.6/lib/active_support/core_ext/numeric/conversions.rb:131:in `block (2 levels) in <class:Numeric>'
/usr/local/bundle/gems/activesupport-4.2.6/lib/active_support/core_ext/numeric/conversions.rb:131:in `block (2 levels) in <class:Numeric>'
/usr/local/bundle/gems/activesupport-4.2.6/lib/active_support/core_ext/numeric/conversions.rb:131:in `block (2 levels) in <class:Numeric>'
/usr/local/bundle/gems/activesupport-4.2.6/lib/active_support/core_ext/numeric/conversions.rb:131:in `block (2 levels) in <class:Numeric>'
/usr/local/bundle/gems/activesupport-4.2.6/lib/active_support/core_ext/numeric/conversions.rb:131:in `block (2 levels) in <class:Numeric>'
/usr/local/bundle/gems/activesupport-4.2.6/lib/active_support/core_ext/numeric/conversions.rb:131:in `block (2 levels) in <class:Numeric>'
/usr/local/bundle/gems/activesupport-4.2.6/lib/active_support/core_ext/numeric/conversions.rb:131:in `block (2 levels) in <class:Numeric>'
/usr/local/bundle/gems/activesupport-4.2.6/lib/active_support/core_ext/numeric/conversions.rb:131:in `block (2 levels) in <class:Numeric>'
/usr/local/bundle/gems/activesupport-4.2.6/lib/active_support/core_ext/numeric/conversions.rb:131:in `block (2 levels) in <class:Numeric>'
/usr/local/bundle/gems/activesupport-4.2.6/lib/active_support/core_ext/numeric/conversions.rb:131:in `block (2 levels) in <class:Numeric>'
/usr/local/bundle/gems/activesupport-4.2.6/lib/active_support/core_ext/numeric/conversions.rb:131:in `block (2 levels) in <class:Numeric>'
/usr/local/bundle/gems/activesupport-4.2.6/lib/active_support/core_ext/numeric/conversions.rb:131:in `block (2 levels) in <class:Numeric>'
/usr/local/bundle/gems/activesupport-4.2.6/lib/active_support/core_ext/numeric/conversions.rb:131:in `block (2 levels) in <class:Numeric>'
/usr/local/bundle/gems/activesupport-4.2.6/lib/active_support/core_ext/numeric/conversions.rb:131:in `block (2 levels) in <class:Numeric>'
/usr/local/bundle/gems/activesupport-4.2.6/lib/active_support/core_ext/numeric/conversions.rb:131:in `block (2 levels) in <class:Numeric>'
/usr/local/bundle/gems/activesupport-4.2.6/lib/active_support/core_ext/numeric/conversions.rb:131:in `block (2 levels) in <class:Numeric>'
/usr/local/bundle/gems/activesupport-4.2.6/lib/active_support/core_ext/numeric/conversions.rb:131:in `block (2 levels) in <class:Numeric>'
/usr/local/bundle/gems/activesupport-4.2.6/lib/active_support/core_ext/numeric/conversions.rb:131:in `block (2 levels) in <class:Numeric>'
/usr/local/bundle/gems/activesupport-4.2.6/lib/active_support/core_ext/numeric/conversions.rb:131:in `block (2 levels) in <class:Numeric>'
/usr/local/bundle/gems/activesupport-4.2.6/lib/active_support/core_ext/numeric/conversions.rb:131:in `block (2 levels) in <class:Numeric>'
/usr/local/bundle/gems/activesupport-4.2.6/lib/active_support/core_ext/numeric/conversions.rb:131:in `block (2 levels) in <class:Numeric>'
/usr/local/bundle/gems/activesupport-4.2.6/lib/active_support/core_ext/numeric/conversions.rb:131:in `block (2 levels) in <class:Numeric>'
/usr/local/bundle/gems/activesupport-4.2.6/lib/active_support/core_ext/numeric/conversions.rb:131:in `block (2 levels) in <class:Numeric>'
/usr/local/bundle/gems/activesupport-4.2.6/lib/active_support/core_ext/numeric/conversions.rb:131:in `block (2 levels) in <class:Numeric>'
/usr/local/bundle/gems/activesupport-4.2.6/lib/active_support/core_ext/numeric/conversions.rb:131:in `block (2 levels) in <class:Numeric>'
/usr/local/bundle/gems/activesupport-4.2.6/lib/active_support/core_ext/numeric/conversions.rb:131:in `block (2 levels) in <class:Numeric>'
/usr/local/bundle/gems/activesupport-4.2.6/lib/active_support/core_ext/numeric/conversions.rb:131:in `block (2 levels) in <class:Numeric>'
/usr/local/bundle/gems/activesupport-4.2.6/lib/active_support/core_ext/numeric/conversions.rb:131:in `block (2 levels) in <class:Numeric>'
/usr/local/bundle/gems/activesupport-4.2.6/lib/active_support/core_ext/numeric/conversions.rb:131:in `block (2 levels) in <class:Numeric>'
/usr/local/bundle/gems/activesupport-4.2.6/lib/active_support/core_ext/numeric/conversions.rb:131:in `block (2 levels) in <class:Numeric>'
/usr/local/bundle/gems/activesupport-4.2.6/lib/active_support/core_ext/numeric/conversions.rb:131:in `block (2 levels) in <class:Numeric>'
/usr/local/bundle/gems/activesupport-4.2.6/lib/active_support/core_ext/numeric/conversions.rb:131:in `block (2 levels) in <class:Numeric>'
/usr/local/bundle/gems/activesupport-4.2.6/lib/active_support/core_ext/numeric/conversions.rb:131:in `block (2 levels) in <class:Numeric>'
/usr/local/bundle/gems/activesupport-4.2.6/lib/active_support/core_ext/numeric/conversions.rb:131:in `block (2 levels) in <class:Numeric>'
/usr/local/bundle/gems/activesupport-4.2.6/lib/active_support/core_ext/numeric/conversions.rb:131:in `block (2 levels) in <class:Numeric>'
/usr/local/bundle/gems/activesupport-4.2.6/lib/active_support/core_ext/numeric/conversions.rb:131:in `block (2 levels) in <class:Numeric>'
/usr/local/bundle/gems/activesupport-4.2.6/lib/active_support/core_ext/numeric/conversions.rb:131:in `block (2 levels) in <class:Numeric>'
/usr/local/bundle/gems/activesupport-4.2.6/lib/active_support/core_ext/numeric/conversions.rb:131:in `block (2 levels) in <class:Numeric>'
/usr/local/bundle/gems/activesupport-4.2.6/lib/active_support/core_ext/numeric/conversions.rb:131:in `block (2 levels) in <class:Numeric>'
/usr/local/bundle/gems/activesupport-4.2.6/lib/active_support/core_ext/numeric/conversions.rb:131:in `block (2 levels) in <class:Numeric>'
/usr/local/bundle/gems/activesupport-4.2.6/lib/active_support/core_ext/numeric/conversions.rb:131:in `block (2 levels) in <class:Numeric>'
/usr/local/bundle/gems/activesupport-4.2.6/lib/active_support/core_ext/numeric/conversions.rb:131:in `block (2 levels) in <class:Numeric>'
/usr/local/bundle/gems/activesupport-4.2.6/lib/active_support/core_ext/numeric/conversions.rb:131:in `block (2 levels) in <class:Numeric>'
/usr/local/bundle/gems/activesupport-4.2.6/lib/active_support/core_ext/numeric/conversions.rb:131:in `block (2 levels) in <class:Numeric>'
/usr/local/bundle/gems/activesupport-4.2.6/lib/active_support/core_ext/numeric/conversions.rb:131:in `block (2 levels) in <class:Numeric>'
/usr/local/bundle/gems/activesupport-4.2.6/lib/active_support/core_ext/numeric/conversions.rb:131:in `block (2 levels) in <class:Numeric>'
/usr/local/bundle/gems/activesupport-4.2.6/lib/active_support/core_ext/numeric/conversions.rb:131:in `block (2 levels) in <class:Numeric>'
/usr/local/bundle/gems/activesupport-4.2.6/lib/active_support/core_ext/numeric/conversions.rb:131:in `block (2 levels) in <class:Numeric>'
/usr/local/bundle/gems/activesupport-4.2.6/lib/active_support/core_ext/numeric/conversions.rb:131:in `block (2 levels) in <class:Numeric>'
/usr/local/bundle/gems/activesupport-4.2.6/lib/active_support/core_ext/numeric/conversions.rb:131:in `block (2 levels) in <class:Numeric>'
/usr/local/bundle/gems/activesupport-4.2.6/lib/active_support/core_ext/numeric/conversions.rb:131:in `block (2 levels) in <class:Numeric>'
/usr/local/bundle/gems/activesupport-4.2.6/lib/active_support/core_ext/numeric/conversions.rb:131:in `block (2 levels) in <class:Numeric>'
/usr/local/bundle/gems/activesupport-4.2.6/lib/active_support/core_ext/numeric/conversions.rb:131:in `block (2 levels) in <class:Numeric>'
/usr/local/bundle/gems/activesupport-4.2.6/lib/active_support/core_ext/numeric/conversions.rb:131:in `block (2 levels) in <class:Numeric>'
/usr/local/bundle/gems/activesupport-4.2.6/lib/active_support/core_ext/numeric/conversions.rb:131:in `block (2 levels) in <class:Numeric>'
/usr/local/bundle/gems/activesupport-4.2.6/lib/active_support/core_ext/numeric/conversions.rb:131:in `block (2 levels) in <class:Numeric>'
/usr/local/bundle/gems/activesupport-4.2.6/lib/active_support/core_ext/numeric/conversions.rb:131:in `block (2 levels) in <class:Numeric>'
/usr/local/bundle/gems/activesupport-4.2.6/lib/active_support/core_ext/numeric/conversions.rb:131:in `block (2 levels) in <class:Numeric>'
/usr/local/bundle/gems/activesupport-4.2.6/lib/active_support/core_ext/numeric/conversions.rb:131:in `block (2 levels) in <class:Numeric>'
/usr/local/bundle/gems/activesupport-4.2.6/lib/active_support/core_ext/numeric/conversions.rb:131:in `block (2 levels) in <class:Numeric>'
/usr/local/bundle/gems/activesupport-4.2.6/lib/active_support/core_ext/numeric/conversions.rb:131:in `block (2 levels) in <class:Numeric>'
/usr/local/bundle/gems/activesupport-4.2.6/lib/active_support/core_ext/numeric/conversions.rb:131:in `block (2 levels) in <class:Numeric>'
/usr/local/bundle/gems/activesupport-4.2.6/lib/active_support/core_ext/numeric/conversions.rb:131:in `block (2 levels) in <class:Numeric>'
/usr/local/bundle/gems/activesupport-4.2.6/lib/active_support/core_ext/numeric/conversions.rb:131:in `block (2 levels) in <class:Numeric>'
/usr/local/bundle/gems/activesupport-4.2.6/lib/active_support/core_ext/numeric/conversions.rb:131:in `block (2 levels) in <class:Numeric>'
/usr/local/bundle/gems/activesupport-4.2.6/lib/active_support/core_ext/numeric/conversions.rb:131:in `block (2 levels) in <class:Numeric>'
/usr/local/bundle/gems/activesupport-4.2.6/lib/active_support/core_ext/numeric/conversions.rb:131:in `block (2 levels) in <class:Numeric>'
/usr/local/bundle/gems/activesupport-4.2.6/lib/active_support/core_ext/numeric/conversions.rb:131:in `block (2 levels) in <class:Numeric>'
/usr/local/bundle/gems/activesupport-4.2.6/lib/active_support/core_ext/numeric/conversions.rb:131:in `block (2 levels) in <class:Numeric>'
/usr/local/bundle/gems/activesupport-4.2.6/lib/active_support/core_ext/numeric/conversions.rb:131:in `block (2 levels) in <class:Numeric>'
/usr/local/bundle/gems/activesupport-4.2.6/lib/active_support/core_ext/numeric/conversions.rb:131:in `block (2 levels) in <class:Numeric>'
/usr/local/bundle/gems/activesupport-4.2.6/lib/active_support/core_ext/numeric/conversions.rb:131:in `block (2 levels) in <class:Numeric>'
/usr/local/bundle/gems/activesupport-4.2.6/lib/active_support/core_ext/numeric/conversions.rb:131:in `block (2 levels) in <class:Numeric>'
/usr/local/bundle/gems/activesupport-4.2.6/lib/active_support/core_ext/numeric/conversions.rb:131:in `block (2 levels) in <class:Numeric>'
/usr/local/bundle/gems/activesupport-4.2.6/lib/active_support/core_ext/numeric/conversions.rb:131:in `block (2 levels) in <class:Numeric>'
/usr/local/bundle/gems/activesupport-4.2.6/lib/active_support/core_ext/numeric/conversions.rb:131:in `block (2 levels) in <class:Numeric>'
/usr/local/bundle/gems/activesupport-4.2.6/lib/active_support/core_ext/numeric/conversions.rb:131:in `block (2 levels) in <class:Numeric>'
/usr/local/bundle/gems/activesupport-4.2.6/lib/active_support/core_ext/numeric/conversions.rb:131:in `block (2 levels) in <class:Numeric>'
/usr/local/bundle/gems/activesupport-4.2.6/lib/active_support/core_ext/numeric/conversions.rb:131:in `block (2 levels) in <class:Numeric>'
/usr/local/bundle/gems/activesupport-4.2.6/lib/active_support/core_ext/numeric/conversions.rb:131:in `block (2 levels) in <class:Numeric>'
/usr/local/bundle/gems/activesupport-4.2.6/lib/active_support/core_ext/numeric/conversions.rb:131:in `block (2 levels) in <class:Numeric>'
/usr/local/bundle/gems/activesupport-4.2.6/lib/active_support/core_ext/numeric/conversions.rb:131:in `block (2 levels) in <class:Numeric>'
/usr/local/bundle/gems/activesupport-4.2.6/lib/active_support/core_ext/numeric/conversions.rb:131:in `block (2 levels) in <class:Numeric>'
/usr/local/bundle/gems/activesupport-4.2.6/lib/active_support/core_ext/numeric/conversions.rb:131:in `block (2 levels) in <class:Numeric>'
/usr/local/bundle/gems/activesupport-4.2.6/lib/active_support/core_ext/numeric/conversions.rb:131:in `block (2 levels) in <class:Numeric>'
/usr/local/bundle/gems/activesupport-4.2.6/lib/active_support/core_ext/numeric/conversions.rb:131:in `block (2 levels) in <class:Numeric>'
/usr/local/bundle/gems/activesupport-4.2.6/lib/active_support/core_ext/numeric/conversions.rb:131:in `block (2 levels) in <class:Numeric>'
/usr/local/bundle/gems/activesupport-4.2.6/lib/active_support/core_ext/numeric/conversions.rb:131:in `block (2 levels) in <class:Numeric>'
/usr/local/bundle/gems/activesupport-4.2.6/lib/active_support/core_ext/numeric/conversions.rb:131:in `block (2 levels) in <class:Numeric>'
/usr/local/bundle/gems/activesupport-4.2.6/lib/active_support/core_ext/numeric/conversions.rb:131:in `block (2 levels) in <class:Numeric>'
/usr/local/bundle/gems/activesupport-4.2.6/lib/active_support/core_ext/numeric/conversions.rb:131:in `block (2 levels) in <class:Numeric>'
/usr/local/bundle/gems/activesupport-4.2.6/lib/active_support/core_ext/numeric/conversions.rb:131:in `block (2 levels) in <class:Numeric>'
/usr/local/bundle/gems/activesupport-4.2.6/lib/active_support/core_ext/numeric/conversions.rb:131:in `block (2 levels) in <class:Numeric>'
/usr/local/bundle/gems/activesupport-4.2.6/lib/active_support/core_ext/numeric/conversions.rb:131:in `block (2 levels) in <class:Numeric>'
/usr/local/bundle/gems/activesupport-4.2.6/lib/active_support/core_ext/numeric/conversions.rb:131:in `block (2 levels) in <class:Numeric>'
/usr/local/bundle/gems/activesupport-4.2.6/lib/active_support/core_ext/numeric/conversions.rb:131:in `block (2 levels) in <class:Numeric>'
/usr/local/bundle/gems/activesupport-4.2.6/lib/active_support/core_ext/numeric/conversions.rb:131:in `block (2 levels) in <class:Numeric>'
/usr/local/bundle/gems/activesupport-4.2.6/lib/active_support/core_ext/numeric/conversions.rb:131:in `block (2 levels) in <class:Numeric>'
/usr/local/bundle/gems/activesupport-4.2.6/lib/active_support/core_ext/numeric/conversions.rb:131:in `block (2 levels) in <class:Numeric>'
/usr/local/bundle/gems/activesupport-4.2.6/lib/active_support/core_ext/numeric/conversions.rb:131:in `block (2 levels) in <class:Numeric>'
/usr/local/bundle/gems/activesupport-4.2.6/lib/active_support/core_ext/numeric/conversions.rb:131:in `block (2 levels) in <class:Numeric>'
/usr/local/bundle/gems/activesupport-4.2.6/lib/active_support/core_ext/numeric/conversions.rb:131:in `block (2 levels) in <class:Numeric>'
/usr/local/bundle/gems/activesupport-4.2.6/lib/active_support/core_ext/numeric/conversions.rb:131:in `block (2 levels) in <class:Numeric>'
/usr/local/bundle/gems/activesupport-4.2.6/lib/active_support/core_ext/numeric/conversions.rb:131:in `block (2 levels) in <class:Numeric>'
/usr/local/bundle/gems/activesupport-4.2.6/lib/active_support/core_ext/numeric/conversions.rb:131:in `block (2 levels) in <class:Numeric>'
/usr/local/bundle/gems/activesupport-4.2.6/lib/active_support/core_ext/numeric/conversions.rb:131:in `block (2 levels) in <class:Numeric>'
/usr/local/bundle/gems/activesupport-4.2.6/lib/active_support/core_ext/numeric/conversions.rb:131:in `block (2 levels) in <class:Numeric>'
/usr/local/bundle/gems/activesupport-4.2.6/lib/active_support/core_ext/numeric/conversions.rb:131:in `block (2 levels) in <class:Numeric>'
/usr/local/bundle/gems/activesupport-4.2.6/lib/active_support/core_ext/numeric/conversions.rb:131:in `block (2 levels) in <class:Numeric>'
/usr/local/bundle/gems/activesupport-4.2.6/lib/active_support/core_ext/numeric/conversions.rb:131:in `block (2 levels) in <class:Numeric>'
/usr/local/bundle/gems/activesupport-4.2.6/lib/active_support/core_ext/numeric/conversions.rb:131:in `block (2 levels) in <class:Numeric>'
/usr/local/bundle/gems/activesupport-4.2.6/lib/active_support/core_ext/numeric/conversions.rb:131:in `block (2 levels) in <class:Numeric>'
/usr/local/bundle/gems/activesupport-4.2.6/lib/active_support/core_ext/numeric/conversions.rb:131:in `block (2 levels) in <class:Numeric>'
/usr/local/bundle/gems/activesupport-4.2.6/lib/active_support/core_ext/numeric/conversions.rb:131:in `block (2 levels) in <class:Numeric>'
/usr/local/bundle/gems/activesupport-4.2.6/lib/active_support/core_ext/numeric/conversions.rb:131:in `block (2 levels) in <class:Numeric>'
/usr/local/bundle/gems/activesupport-4.2.6/lib/active_support/core_ext/numeric/conversions.rb:131:in `block (2 levels) in <class:Numeric>'
/usr/local/bundle/gems/activesupport-4.2.6/lib/active_support/core_ext/numeric/conversions.rb:131:in `block (2 levels) in <class:Numeric>'
/usr/local/bundle/gems/activesupport-4.2.6/lib/active_support/core_ext/numeric/conversions.rb:131:in `block (2 levels) in <class:Numeric>'
/usr/local/bundle/gems/activesupport-4.2.6/lib/active_support/core_ext/numeric/conversions.rb:131:in `block (2 levels) in <class:Numeric>'
/usr/local/bundle/gems/activesupport-4.2.6/lib/active_support/core_ext/numeric/conversions.rb:131:in `block (2 levels) in <class:Numeric>'
/usr/local/bundle/gems/activesupport-4.2.6/lib/active_support/core_ext/numeric/conversions.rb:131:in `block (2 levels) in <class:Numeric>'
/usr/local/bundle/gems/activesupport-4.2.6/lib/active_support/core_ext/numeric/conversions.rb:131:in `block (2 levels) in <class:Numeric>'
/usr/local/bundle/gems/activesupport-4.2.6/lib/active_support/core_ext/numeric/conversions.rb:131:in `block (2 levels) in <class:Numeric>'
/usr/local/bundle/gems/activesupport-4.2.6/lib/active_support/core_ext/numeric/conversions.rb:131:in `block (2 levels) in <class:Numeric>'
/usr/local/bundle/gems/activesupport-4.2.6/lib/active_support/core_ext/numeric/conversions.rb:131:in `block (2 levels) in <class:Numeric>'
/usr/local/bundle/gems/activesupport-4.2.6/lib/active_support/core_ext/numeric/conversions.rb:131:in `block (2 levels) in <class:Numeric>'
/usr/local/bundle/gems/activesupport-4.2.6/lib/active_support/core_ext/numeric/conversions.rb:131:in `block (2 levels) in <class:Numeric>'
/usr/local/bundle/gems/activesupport-4.2.6/lib/active_support/core_ext/numeric/conversions.rb:131:in `block (2 levels) in <class:Numeric>'
/usr/local/bundle/gems/activesupport-4.2.6/lib/active_support/core_ext/numeric/conversions.rb:131:in `block (2 levels) in <class:Numeric>'
/usr/local/bundle/gems/activesupport-4.2.6/lib/active_support/core_ext/numeric/conversions.rb:131:in `block (2 levels) in <class:Numeric>'
/usr/local/bundle/gems/activesupport-4.2.6/lib/active_support/core_ext/numeric/conversions.rb:131:in `block (2 levels) in <class:Numeric>'
/usr/local/bundle/gems/activesupport-4.2.6/lib/active_support/core_ext/numeric/conversions.rb:131:in `block (2 levels) in <class:Numeric>'
/usr/local/bundle/gems/activesupport-4.2.6/lib/active_support/core_ext/numeric/conversions.rb:131:in `block (2 levels) in <class:Numeric>'
/usr/local/bundle/gems/activesupport-4.2.6/lib/active_support/core_ext/numeric/conversions.rb:131:in `block (2 levels) in <class:Numeric>'
/usr/local/bundle/gems/activesupport-4.2.6/lib/active_support/core_ext/numeric/conversions.rb:131:in `block (2 levels) in <class:Numeric>'
/usr/local/bundle/gems/activesupport-4.2.6/lib/active_support/core_ext/numeric/conversions.rb:131:in `block (2 levels) in <class:Numeric>'
/usr/local/bundle/gems/activesupport-4.2.6/lib/active_support/core_ext/numeric/conversions.rb:131:in `block (2 levels) in <class:Numeric>'
/usr/local/bundle/gems/activesupport-4.2.6/lib/active_support/core_ext/numeric/conversions.rb:131:in `block (2 levels) in <class:Numeric>'
/usr/local/bundle/gems/activesupport-4.2.6/lib/active_support/core_ext/numeric/conversions.rb:131:in `block (2 levels) in <class:Numeric>'
/usr/local/bundle/gems/activesupport-4.2.6/lib/active_support/core_ext/numeric/conversions.rb:131:in `block (2 levels) in <class:Numeric>'
/usr/local/bundle/gems/activesupport-4.2.6/lib/active_support/core_ext/numeric/conversions.rb:131:in `block (2 levels) in <class:Numeric>'
/usr/local/bundle/gems/activesupport-4.2.6/lib/active_support/core_ext/numeric/conversions.rb:131:in `block (2 levels) in <class:Numeric>'
/usr/local/bundle/gems/activesupport-4.2.6/lib/active_support/core_ext/numeric/conversions.rb:131:in `block (2 levels) in <class:Numeric>'
/usr/local/bundle/gems/activesupport-4.2.6/lib/active_support/core_ext/numeric/conversions.rb:131:in `block (2 levels) in <class:Numeric>'
/usr/local/bundle/gems/activesupport-4.2.6/lib/active_support/core_ext/numeric/conversions.rb:131:in `block (2 levels) in <class:Numeric>'
/usr/local/bundle/gems/activesupport-4.2.6/lib/active_support/core_ext/numeric/conversions.rb:131:in `block (2 levels) in <class:Numeric>'
/usr/local/bundle/gems/activesupport-4.2.6/lib/active_support/core_ext/numeric/conversions.rb:131:in `block (2 levels) in <class:Numeric>'
/usr/local/bundle/gems/activesupport-4.2.6/lib/active_support/core_ext/numeric/conversions.rb:131:in `block (2 levels) in <class:Numeric>'
/usr/local/bundle/gems/activesupport-4.2.6/lib/active_support/core_ext/numeric/conversions.rb:131:in `block (2 levels) in <class:Numeric>'
/usr/local/bundle/gems/activesupport-4.2.6/lib/active_support/core_ext/numeric/conversions.rb:131:in `block (2 levels) in <class:Numeric>'
/usr/local/bundle/gems/activesupport-4.2.6/lib/active_support/core_ext/numeric/conversions.rb:131:in `block (2 levels) in <class:Numeric>'
/usr/local/bundle/gems/activesupport-4.2.6/lib/active_support/core_ext/numeric/conversions.rb:131:in `block (2 levels) in <class:Numeric>'
/usr/local/bundle/gems/activesupport-4.2.6/lib/active_support/core_ext/numeric/conversions.rb:131:in `block (2 levels) in <class:Numeric>'
/usr/local/bundle/gems/activesupport-4.2.6/lib/active_support/core_ext/numeric/conversions.rb:131:in `block (2 levels) in <class:Numeric>'
/usr/local/bundle/gems/activesupport-4.2.6/lib/active_support/core_ext/numeric/conversions.rb:131:in `block (2 levels) in <class:Numeric>'
/usr/local/bundle/gems/activesupport-4.2.6/lib/active_support/core_ext/numeric/conversions.rb:131:in `block (2 levels) in <class:Numeric>'
/usr/local/bundle/gems/activesupport-4.2.6/lib/active_support/core_ext/numeric/conversions.rb:131:in `block (2 levels) in <class:Numeric>'
/usr/local/bundle/gems/activesupport-4.2.6/lib/active_support/core_ext/numeric/conversions.rb:131:in `block (2 levels) in <class:Numeric>'
/usr/local/bundle/gems/activesupport-4.2.6/lib/active_support/core_ext/numeric/conversions.rb:131:in `block (2 levels) in <class:Numeric>'
/usr/local/bundle/gems/activesupport-4.2.6/lib/active_support/core_ext/numeric/conversions.rb:131:in `block (2 levels) in <class:Numeric>'
/usr/local/bundle/gems/activesupport-4.2.6/lib/active_support/core_ext/numeric/conversions.rb:131:in `block (2 levels) in <class:Numeric>'
/usr/local/bundle/gems/activesupport-4.2.6/lib/active_support/core_ext/numeric/conversions.rb:131:in `block (2 levels) in <class:Numeric>'
/usr/local/bundle/gems/activesupport-4.2.6/lib/active_support/core_ext/numeric/conversions.rb:131:in `block (2 levels) in <class:Numeric>'
/usr/local/bundle/gems/activesupport-4.2.6/lib/active_support/core_ext/numeric/conversions.rb:131:in `block (2 levels) in <class:Numeric>'
/usr/local/bundle/gems/activesupport-4.2.6/lib/active_support/core_ext/numeric/conversions.rb:131:in `block (2 levels) in <class:Numeric>'
/usr/local/bundle/gems/activesupport-4.2.6/lib/active_support/core_ext/numeric/conversions.rb:131:in `block (2 levels) in <class:Numeric>'
/usr/local/bundle/gems/activesupport-4.2.6/lib/active_support/core_ext/numeric/conversions.rb:131:in `block (2 levels) in <class:Numeric>'
/usr/local/bundle/gems/activesupport-4.2.6/lib/active_support/core_ext/numeric/conversions.rb:131:in `block (2 levels) in <class:Numeric>'
/usr/local/bundle/gems/activesupport-4.2.6/lib/active_support/core_ext/numeric/conversions.rb:131:in `block (2 levels) in <class:Numeric>'
/usr/local/bundle/gems/activesupport-4.2.6/lib/active_support/core_ext/numeric/conversions.rb:131:in `block (2 levels) in <class:Numeric>'
/usr/local/bundle/gems/activesupport-4.2.6/lib/active_support/core_ext/numeric/conversions.rb:131:in `block (2 levels) in <class:Numeric>'
/usr/local/bundle/gems/activesupport-4.2.6/lib/active_support/core_ext/numeric/conversions.rb:131:in `block (2 levels) in <class:Numeric>'
/usr/local/bundle/gems/activesupport-4.2.6/lib/active_support/core_ext/numeric/conversions.rb:131:in `block (2 levels) in <class:Numeric>'
/usr/local/bundle/gems/activesupport-4.2.6/lib/active_support/core_ext/numeric/conversions.rb:131:in `block (2 levels) in <class:Numeric>'
/usr/local/bundle/gems/activesupport-4.2.6/lib/active_support/core_ext/numeric/conversions.rb:131:in `block (2 levels) in <class:Numeric>'
/usr/local/bundle/gems/activesupport-4.2.6/lib/active_support/core_ext/numeric/conversions.rb:131:in `block (2 levels) in <class:Numeric>'
/usr/local/bundle/gems/activesupport-4.2.6/lib/active_support/core_ext/numeric/conversions.rb:131:in `block (2 levels) in <class:Numeric>'
/usr/local/bundle/gems/activesupport-4.2.6/lib/active_support/core_ext/numeric/conversions.rb:131:in `block (2 levels) in <class:Numeric>'
/usr/local/bundle/gems/activesupport-4.2.6/lib/active_support/core_ext/numeric/conversions.rb:131:in `block (2 levels) in <class:Numeric>'
/usr/local/bundle/gems/activesupport-4.2.6/lib/active_support/core_ext/numeric/conversions.rb:131:in `block (2 levels) in <class:Numeric>'
/usr/local/bundle/gems/activesupport-4.2.6/lib/active_support/core_ext/numeric/conversions.rb:131:in `block (2 levels) in <class:Numeric>'
/usr/local/bundle/gems/activesupport-4.2.6/lib/active_support/core_ext/numeric/conversions.rb:131:in `block (2 levels) in <class:Numeric>'
/usr/local/bundle/gems/activesupport-4.2.6/lib/active_support/core_ext/numeric/conversions.rb:131:in `block (2 levels) in <class:Numeric>'
/usr/local/bundle/gems/activesupport-4.2.6/lib/active_support/core_ext/numeric/conversions.rb:131:in `block (2 levels) in <class:Numeric>'
/usr/local/bundle/gems/activesupport-4.2.6/lib/active_support/core_ext/numeric/conversions.rb:131:in `block (2 levels) in <class:Numeric>'
/usr/local/bundle/gems/activesupport-4.2.6/lib/active_support/core_ext/numeric/conversions.rb:131:in `block (2 levels) in <class:Numeric>'
/usr/local/bundle/gems/activesupport-4.2.6/lib/active_support/core_ext/numeric/conversions.rb:131:in `block (2 levels) in <class:Numeric>'
/usr/local/bundle/gems/activesupport-4.2.6/lib/active_support/core_ext/numeric/conversions.rb:131:in `block (2 levels) in <class:Numeric>'
/usr/local/bundle/gems/activesupport-4.2.6/lib/active_support/core_ext/numeric/conversions.rb:131:in `block (2 levels) in <class:Numeric>'
/usr/local/bundle/gems/activesupport-4.2.6/lib/active_support/core_ext/numeric/conversions.rb:131:in `block (2 levels) in <class:Numeric>'
/usr/local/bundle/gems/activesupport-4.2.6/lib/active_support/core_ext/numeric/conversions.rb:131:in `block (2 levels) in <class:Numeric>'
/usr/local/bundle/gems/activesupport-4.2.6/lib/active_support/core_ext/numeric/conversions.rb:131:in `block (2 levels) in <class:Numeric>'
/usr/local/bundle/gems/activesupport-4.2.6/lib/active_support/core_ext/numeric/conversions.rb:131:in `block (2 levels) in <class:Numeric>'
/usr/local/bundle/gems/activesupport-4.2.6/lib/active_support/core_ext/numeric/conversions.rb:131:in `block (2 levels) in <class:Numeric>'
/usr/local/bundle/gems/activesupport-4.2.6/lib/active_support/core_ext/numeric/conversions.rb:131:in `block (2 levels) in <class:Numeric>'
/usr/local/bundle/gems/activesupport-4.2.6/lib/active_support/core_ext/numeric/conversions.rb:131:in `block (2 levels) in <class:Numeric>'
/usr/local/bundle/gems/activesupport-4.2.6/lib/active_support/core_ext/numeric/conversions.rb:131:in `block (2 levels) in <class:Numeric>'
/usr/local/bundle/gems/activesupport-4.2.6/lib/active_support/core_ext/numeric/conversions.rb:131:in `block (2 levels) in <class:Numeric>'
/usr/local/bundle/gems/activesupport-4.2.6/lib/active_support/core_ext/numeric/conversions.rb:131:in `block (2 levels) in <class:Numeric>'
/usr/local/bundle/gems/activesupport-4.2.6/lib/active_support/core_ext/numeric/conversions.rb:131:in `block (2 levels) in <class:Numeric>'
/usr/local/bundle/gems/activesupport-4.2.6/lib/active_support/core_ext/numeric/conversions.rb:131:in `block (2 levels) in <class:Numeric>'
/usr/local/bundle/gems/activesupport-4.2.6/lib/active_support/core_ext/numeric/conversions.rb:131:in `block (2 levels) in <class:Numeric>'
/usr/local/bundle/gems/activesupport-4.2.6/lib/active_support/core_ext/numeric/conversions.rb:131:in `block (2 levels) in <class:Numeric>'
/usr/local/bundle/gems/activesupport-4.2.6/lib/active_support/core_ext/numeric/conversions.rb:131:in `block (2 levels) in <class:Numeric>'
/usr/local/bundle/gems/activesupport-4.2.6/lib/active_support/core_ext/numeric/conversions.rb:131:in `block (2 levels) in <class:Numeric>'
/usr/local/bundle/gems/activesupport-4.2.6/lib/active_support/core_ext/numeric/conversions.rb:131:in `block (2 levels) in <class:Numeric>'
/usr/local/bundle/gems/activesupport-4.2.6/lib/active_support/core_ext/numeric/conversions.rb:131:in `block (2 levels) in <class:Numeric>'
/usr/local/bundle/gems/activesupport-4.2.6/lib/active_support/core_ext/numeric/conversions.rb:131:in `block (2 levels) in <class:Numeric>'
/usr/local/bundle/gems/activesupport-4.2.6/lib/active_support/core_ext/numeric/conversions.rb:131:in `block (2 levels) in <class:Numeric>'
/usr/local/bundle/gems/activesupport-4.2.6/lib/active_support/core_ext/numeric/conversions.rb:131:in `block (2 levels) in <class:Numeric>'
/usr/local/bundle/gems/activesupport-4.2.6/lib/active_support/core_ext/numeric/conversions.rb:131:in `block (2 levels) in <class:Numeric>'
/usr/local/bundle/gems/activesupport-4.2.6/lib/active_support/core_ext/numeric/conversions.rb:131:in `block (2 levels) in <class:Numeric>'
/usr/local/bundle/gems/activesupport-4.2.6/lib/active_support/core_ext/numeric/conversions.rb:131:in `block (2 levels) in <class:Numeric>'
/usr/local/bundle/gems/activesupport-4.2.6/lib/active_support/core_ext/numeric/conversions.rb:131:in `block (2 levels) in <class:Numeric>'
/usr/local/bundle/gems/activesupport-4.2.6/lib/active_support/core_ext/numeric/conversions.rb:131:in `block (2 levels) in <class:Numeric>'
/usr/local/bundle/gems/activesupport-4.2.6/lib/active_support/core_ext/numeric/conversions.rb:131:in `block (2 levels) in <class:Numeric>'
/usr/local/bundle/gems/activesupport-4.2.6/lib/active_support/core_ext/numeric/conversions.rb:131:in `block (2 levels) in <class:Numeric>'
/usr/local/bundle/gems/activesupport-4.2.6/lib/active_support/core_ext/numeric/conversions.rb:131:in `block (2 levels) in <class:Numeric>'
/usr/local/bundle/gems/activesupport-4.2.6/lib/active_support/core_ext/numeric/conversions.rb:131:in `block (2 levels) in <class:Numeric>'
/usr/local/bundle/gems/activesupport-4.2.6/lib/active_support/core_ext/numeric/conversions.rb:131:in `block (2 levels) in <class:Numeric>'
/usr/local/bundle/gems/activesupport-4.2.6/lib/active_support/core_ext/numeric/conversions.rb:131:in `block (2 levels) in <class:Numeric>'
/usr/local/bundle/gems/activesupport-4.2.6/lib/active_support/core_ext/numeric/conversions.rb:131:in `block (2 levels) in <class:Numeric>'
/usr/local/bundle/gems/activesupport-4.2.6/lib/active_support/core_ext/numeric/conversions.rb:131:in `block (2 levels) in <class:Numeric>'
/usr/local/bundle/gems/activesupport-4.2.6/lib/active_support/core_ext/numeric/conversions.rb:131:in `block (2 levels) in <class:Numeric>'
/usr/local/bundle/gems/activesupport-4.2.6/lib/active_support/core_ext/numeric/conversions.rb:131:in `block (2 levels) in <class:Numeric>'
/usr/local/bundle/gems/activesupport-4.2.6/lib/active_support/core_ext/numeric/conversions.rb:131:in `block (2 levels) in <class:Numeric>'
/usr/local/bundle/gems/activesupport-4.2.6/lib/active_support/core_ext/numeric/conversions.rb:131:in `block (2 levels) in <class:Numeric>'
/usr/local/bundle/gems/activesupport-4.2.6/lib/active_support/core_ext/numeric/conversions.rb:131:in `block (2 levels) in <class:Numeric>'
/usr/local/bundle/gems/activesupport-4.2.6/lib/active_support/core_ext/numeric/conversions.rb:131:in `block (2 levels) in <class:Numeric>'
/usr/local/bundle/gems/activesupport-4.2.6/lib/active_support/core_ext/numeric/conversions.rb:131:in `block (2 levels) in <class:Numeric>'
/usr/local/bundle/gems/activesupport-4.2.6/lib/active_support/core_ext/numeric/conversions.rb:131:in `block (2 levels) in <class:Numeric>'
/usr/local/bundle/gems/activesupport-4.2.6/lib/active_support/core_ext/numeric/conversions.rb:131:in `block (2 levels) in <class:Numeric>'
/usr/local/bundle/gems/activesupport-4.2.6/lib/active_support/core_ext/numeric/conversions.rb:131:in `block (2 levels) in <class:Numeric>'
/usr/local/bundle/gems/activesupport-4.2.6/lib/active_support/core_ext/numeric/conversions.rb:131:in `block (2 levels) in <class:Numeric>'
/usr/local/bundle/gems/activesupport-4.2.6/lib/active_support/core_ext/numeric/conversions.rb:131:in `block (2 levels) in <class:Numeric>'
/usr/local/bundle/gems/activesupport-4.2.6/lib/active_support/core_ext/numeric/conversions.rb:131:in `block (2 levels) in <class:Numeric>'
/usr/local/bundle/gems/activesupport-4.2.6/lib/active_support/core_ext/numeric/conversions.rb:131:in `block (2 levels) in <class:Numeric>'
/usr/local/bundle/gems/activesupport-4.2.6/lib/active_support/core_ext/numeric/conversions.rb:131:in `block (2 levels) in <class:Numeric>'
/usr/local/bundle/gems/activesupport-4.2.6/lib/active_support/core_ext/numeric/conversions.rb:131:in `block (2 levels) in <class:Numeric>'
/usr/local/bundle/gems/activesupport-4.2.6/lib/active_support/core_ext/numeric/conversions.rb:131:in `block (2 levels) in <class:Numeric>'
/usr/local/bundle/gems/activesupport-4.2.6/lib/active_support/core_ext/numeric/conversions.rb:131:in `block (2 levels) in <class:Numeric>'
/usr/local/bundle/gems/activesupport-4.2.6/lib/active_support/core_ext/numeric/conversions.rb:131:in `block (2 levels) in <class:Numeric>'
/usr/local/bundle/gems/activesupport-4.2.6/lib/active_support/core_ext/numeric/conversions.rb:131:in `block (2 levels) in <class:Numeric>'
/usr/local/bundle/gems/activesupport-4.2.6/lib/active_support/core_ext/numeric/conversions.rb:131:in `block (2 levels) in <class:Numeric>'
/usr/local/bundle/gems/activesupport-4.2.6/lib/active_support/core_ext/numeric/conversions.rb:131:in `block (2 levels) in <class:Numeric>'
/usr/local/bundle/gems/activesupport-4.2.6/lib/active_support/core_ext/numeric/conversions.rb:131:in `block (2 levels) in <class:Numeric>'
/usr/local/bundle/gems/activesupport-4.2.6/lib/active_support/core_ext/numeric/conversions.rb:131:in `block (2 levels) in <class:Numeric>'
/usr/local/bundle/gems/activesupport-4.2.6/lib/active_support/core_ext/numeric/conversions.rb:131:in `block (2 levels) in <class:Numeric>'
/usr/local/bundle/gems/activesupport-4.2.6/lib/active_support/core_ext/numeric/conversions.rb:131:in `block (2 levels) in <class:Numeric>'
/usr/local/bundle/gems/activesupport-4.2.6/lib/active_support/core_ext/numeric/conversions.rb:131:in `block (2 levels) in <class:Numeric>'
/usr/local/bundle/gems/activesupport-4.2.6/lib/active_support/core_ext/numeric/conversions.rb:131:in `block (2 levels) in <class:Numeric>'
/usr/local/bundle/gems/activesupport-4.2.6/lib/active_support/core_ext/numeric/conversions.rb:131:in `block (2 levels) in <class:Numeric>'
/usr/local/bundle/gems/activesupport-4.2.6/lib/active_support/core_ext/numeric/conversions.rb:131:in `block (2 levels) in <class:Numeric>'
/usr/local/bundle/gems/activesupport-4.2.6/lib/active_support/core_ext/numeric/conversions.rb:131:in `block (2 levels) in <class:Numeric>'
/usr/local/bundle/gems/activesupport-4.2.6/lib/active_support/core_ext/numeric/conversions.rb:131:in `block (2 levels) in <class:Numeric>'
/usr/local/bundle/gems/activesupport-4.2.6/lib/active_support/core_ext/numeric/conversions.rb:131:in `block (2 levels) in <class:Numeric>'
/usr/local/bundle/gems/activesupport-4.2.6/lib/active_support/core_ext/numeric/conversions.rb:131:in `block (2 levels) in <class:Numeric>'
/usr/local/bundle/gems/activesupport-4.2.6/lib/active_support/core_ext/numeric/conversions.rb:131:in `block (2 levels) in <class:Numeric>'
/usr/local/bundle/gems/activesupport-4.2.6/lib/active_support/core_ext/numeric/conversions.rb:131:in `block (2 levels) in <class:Numeric>'
/usr/local/bundle/gems/activesupport-4.2.6/lib/active_support/core_ext/numeric/conversions.rb:131:in `block (2 levels) in <class:Numeric>'
/usr/local/bundle/gems/activesupport-4.2.6/lib/active_support/core_ext/numeric/conversions.rb:131:in `block (2 levels) in <class:Numeric>'
/usr/local/bundle/gems/activesupport-4.2.6/lib/active_support/core_ext/numeric/conversions.rb:131:in `block (2 levels) in <class:Numeric>'
/usr/local/bundle/gems/activesupport-4.2.6/lib/active_support/core_ext/numeric/conversions.rb:131:in `block (2 levels) in <class:Numeric>'
/usr/local/bundle/gems/activesupport-4.2.6/lib/active_support/core_ext/numeric/conversions.rb:131:in `block (2 levels) in <class:Numeric>'
/usr/local/bundle/gems/activesupport-4.2.6/lib/active_support/core_ext/numeric/conversions.rb:131:in `block (2 levels) in <class:Numeric>'
/usr/local/bundle/gems/activesupport-4.2.6/lib/active_support/core_ext/numeric/conversions.rb:131:in `block (2 levels) in <class:Numeric>'
/usr/local/bundle/gems/activesupport-4.2.6/lib/active_support/core_ext/numeric/conversions.rb:131:in `block (2 levels) in <class:Numeric>'
/usr/local/bundle/gems/activesupport-4.2.6/lib/active_support/core_ext/numeric/conversions.rb:131:in `block (2 levels) in <class:Numeric>'
/usr/local/bundle/gems/activesupport-4.2.6/lib/active_support/core_ext/numeric/conversions.rb:131:in `block (2 levels) in <class:Numeric>'
/usr/local/bundle/gems/activesupport-4.2.6/lib/active_support/core_ext/numeric/conversions.rb:131:in `block (2 levels) in <class:Numeric>'
/usr/local/bundle/gems/activesupport-4.2.6/lib/active_support/core_ext/numeric/conversions.rb:131:in `block (2 levels) in <class:Numeric>'
/usr/local/bundle/gems/activesupport-4.2.6/lib/active_support/core_ext/numeric/conversions.rb:131:in `block (2 levels) in <class:Numeric>'
/usr/local/bundle/gems/activesupport-4.2.6/lib/active_support/core_ext/numeric/conversions.rb:131:in `block (2 levels) in <class:Numeric>'
/usr/local/bundle/gems/activesupport-4.2.6/lib/active_support/core_ext/numeric/conversions.rb:131:in `block (2 levels) in <class:Numeric>'
/usr/local/bundle/gems/activesupport-4.2.6/lib/active_support/core_ext/numeric/conversions.rb:131:in `block (2 levels) in <class:Numeric>'
/usr/local/bundle/gems/activesupport-4.2.6/lib/active_support/core_ext/numeric/conversions.rb:131:in `block (2 levels) in <class:Numeric>'
/usr/local/bundle/gems/activesupport-4.2.6/lib/active_support/core_ext/numeric/conversions.rb:131:in `block (2 levels) in <class:Numeric>'
/usr/local/bundle/gems/activesupport-4.2.6/lib/active_support/core_ext/numeric/conversions.rb:131:in `block (2 levels) in <class:Numeric>'
/usr/local/bundle/gems/activesupport-4.2.6/lib/active_support/core_ext/numeric/conversions.rb:131:in `block (2 levels) in <class:Numeric>'
/usr/local/bundle/gems/activesupport-4.2.6/lib/active_support/core_ext/numeric/conversions.rb:131:in `block (2 levels) in <class:Numeric>'
/usr/local/bundle/gems/activesupport-4.2.6/lib/active_support/core_ext/numeric/conversions.rb:131:in `block (2 levels) in <class:Numeric>'
/usr/local/bundle/gems/activesupport-4.2.6/lib/active_support/core_ext/numeric/conversions.rb:131:in `block (2 levels) in <class:Numeric>'
/usr/local/bundle/gems/activesupport-4.2.6/lib/active_support/core_ext/numeric/conversions.rb:131:in `block (2 levels) in <class:Numeric>'
/usr/local/bundle/gems/activesupport-4.2.6/lib/active_support/core_ext/numeric/conversions.rb:131:in `block (2 levels) in <class:Numeric>'
/usr/local/bundle/gems/activesupport-4.2.6/lib/active_support/core_ext/numeric/conversions.rb:131:in `block (2 levels) in <class:Numeric>'
/usr/local/bundle/gems/activesupport-4.2.6/lib/active_support/core_ext/numeric/conversions.rb:131:in `block (2 levels) in <class:Numeric>'
/usr/local/bundle/gems/activesupport-4.2.6/lib/active_support/core_ext/numeric/conversions.rb:131:in `block (2 levels) in <class:Numeric>'
/usr/local/bundle/gems/activesupport-4.2.6/lib/active_support/core_ext/numeric/conversions.rb:131:in `block (2 levels) in <class:Numeric>'
/usr/local/bundle/gems/activesupport-4.2.6/lib/active_support/core_ext/numeric/conversions.rb:131:in `block (2 levels) in <class:Numeric>'
/usr/local/bundle/gems/activesupport-4.2.6/lib/active_support/core_ext/numeric/conversions.rb:131:in `block (2 levels) in <class:Numeric>'
/usr/local/bundle/gems/activesupport-4.2.6/lib/active_support/core_ext/numeric/conversions.rb:131:in `block (2 levels) in <class:Numeric>'
/usr/local/bundle/gems/activesupport-4.2.6/lib/active_support/core_ext/numeric/conversions.rb:131:in `block (2 levels) in <class:Numeric>'
/usr/local/bundle/gems/activesupport-4.2.6/lib/active_support/core_ext/numeric/conversions.rb:131:in `block (2 levels) in <class:Numeric>'
/usr/local/bundle/gems/activesupport-4.2.6/lib/active_support/core_ext/numeric/conversions.rb:131:in `block (2 levels) in <class:Numeric>'
/usr/local/bundle/gems/activesupport-4.2.6/lib/active_support/core_ext/numeric/conversions.rb:131:in `block (2 levels) in <class:Numeric>'
/usr/local/bundle/gems/activesupport-4.2.6/lib/active_support/core_ext/numeric/conversions.rb:131:in `block (2 levels) in <class:Numeric>'
/usr/local/bundle/gems/activesupport-4.2.6/lib/active_support/core_ext/numeric/conversions.rb:131:in `block (2 levels) in <class:Numeric>'
/usr/local/bundle/gems/activesupport-4.2.6/lib/active_support/core_ext/numeric/conversions.rb:131:in `block (2 levels) in <class:Numeric>'
/usr/local/bundle/gems/activesupport-4.2.6/lib/active_support/core_ext/numeric/conversions.rb:131:in `block (2 levels) in <class:Numeric>'
/usr/local/bundle/gems/activesupport-4.2.6/lib/active_support/core_ext/numeric/conversions.rb:131:in `block (2 levels) in <class:Numeric>'
/usr/local/bundle/gems/activesupport-4.2.6/lib/active_support/core_ext/numeric/conversions.rb:131:in `block (2 levels) in <class:Numeric>'
/usr/local/bundle/gems/activesupport-4.2.6/lib/active_support/core_ext/numeric/conversions.rb:131:in `block (2 levels) in <class:Numeric>'
/usr/local/bundle/gems/activesupport-4.2.6/lib/active_support/core_ext/numeric/conversions.rb:131:in `block (2 levels) in <class:Numeric>'
/usr/local/bundle/gems/activesupport-4.2.6/lib/active_support/core_ext/numeric/conversions.rb:131:in `block (2 levels) in <class:Numeric>'
/usr/local/bundle/gems/activesupport-4.2.6/lib/active_support/core_ext/numeric/conversions.rb:131:in `block (2 levels) in <class:Numeric>'
/usr/local/bundle/gems/activesupport-4.2.6/lib/active_support/core_ext/numeric/conversions.rb:131:in `block (2 levels) in <class:Numeric>'
/usr/local/bundle/gems/activesupport-4.2.6/lib/active_support/core_ext/numeric/conversions.rb:131:in `block (2 levels) in <class:Numeric>'
/usr/local/bundle/gems/activesupport-4.2.6/lib/active_support/core_ext/numeric/conversions.rb:131:in `block (2 levels) in <class:Numeric>'
/usr/local/bundle/gems/activesupport-4.2.6/lib/active_support/core_ext/numeric/conversions.rb:131:in `block (2 levels) in <class:Numeric>'
/usr/local/bundle/gems/activesupport-4.2.6/lib/active_support/core_ext/numeric/conversions.rb:131:in `block (2 levels) in <class:Numeric>'
/usr/local/bundle/gems/activesupport-4.2.6/lib/active_support/core_ext/numeric/conversions.rb:131:in `block (2 levels) in <class:Numeric>'
/usr/local/bundle/gems/activesupport-4.2.6/lib/active_support/core_ext/numeric/conversions.rb:131:in `block (2 levels) in <class:Numeric>'
/usr/local/bundle/gems/activesupport-4.2.6/lib/active_support/core_ext/numeric/conversions.rb:131:in `block (2 levels) in <class:Numeric>'
/usr/local/bundle/gems/activesupport-4.2.6/lib/active_support/core_ext/numeric/conversions.rb:131:in `block (2 levels) in <class:Numeric>'
/usr/local/bundle/gems/activesupport-4.2.6/lib/active_support/core_ext/numeric/conversions.rb:131:in `block (2 levels) in <class:Numeric>'
/usr/local/bundle/gems/activesupport-4.2.6/lib/active_support/core_ext/numeric/conversions.rb:131:in `block (2 levels) in <class:Numeric>'
/usr/local/bundle/gems/activesupport-4.2.6/lib/active_support/core_ext/numeric/conversions.rb:131:in `block (2 levels) in <class:Numeric>'
/usr/local/bundle/gems/activesupport-4.2.6/lib/active_support/core_ext/numeric/conversions.rb:131:in `block (2 levels) in <class:Numeric>'
/usr/local/bundle/gems/activesupport-4.2.6/lib/active_support/core_ext/numeric/conversions.rb:131:in `block (2 levels) in <class:Numeric>'
/usr/local/bundle/gems/activesupport-4.2.6/lib/active_support/core_ext/numeric/conversions.rb:131:in `block (2 levels) in <class:Numeric>'
/usr/local/bundle/gems/activesupport-4.2.6/lib/active_support/core_ext/numeric/conversions.rb:131:in `block (2 levels) in <class:Numeric>'
/usr/local/bundle/gems/activesupport-4.2.6/lib/active_support/core_ext/numeric/conversions.rb:131:in `block (2 levels) in <class:Numeric>'
/usr/local/bundle/gems/activesupport-4.2.6/lib/active_support/core_ext/numeric/conversions.rb:131:in `block (2 levels) in <class:Numeric>'
/usr/local/bundle/gems/activesupport-4.2.6/lib/active_support/core_ext/numeric/conversions.rb:131:in `block (2 levels) in <class:Numeric>'
/usr/local/bundle/gems/activesupport-4.2.6/lib/active_support/core_ext/numeric/conversions.rb:131:in `block (2 levels) in <class:Numeric>'
/usr/local/bundle/gems/activesupport-4.2.6/lib/active_support/core_ext/numeric/conversions.rb:131:in `block (2 levels) in <class:Numeric>'
/usr/local/bundle/gems/activesupport-4.2.6/lib/active_support/core_ext/numeric/conversions.rb:131:in `block (2 levels) in <class:Numeric>'
/usr/local/bundle/gems/activesupport-4.2.6/lib/active_support/core_ext/numeric/conversions.rb:131:in `block (2 levels) in <class:Numeric>'
/usr/local/bundle/gems/activesupport-4.2.6/lib/active_support/core_ext/numeric/conversions.rb:131:in `block (2 levels) in <class:Numeric>'
/usr/local/bundle/gems/activesupport-4.2.6/lib/active_support/core_ext/numeric/conversions.rb:131:in `block (2 levels) in <class:Numeric>'
/usr/local/bundle/gems/activesupport-4.2.6/lib/active_support/core_ext/numeric/conversions.rb:131:in `block (2 levels) in <class:Numeric>'
/usr/local/bundle/gems/activesupport-4.2.6/lib/active_support/core_ext/numeric/conversions.rb:131:in `block (2 levels) in <class:Numeric>'
/usr/local/bundle/gems/activesupport-4.2.6/lib/active_support/core_ext/numeric/conversions.rb:131:in `block (2 levels) in <class:Numeric>'
/usr/local/bundle/gems/activesupport-4.2.6/lib/active_support/core_ext/numeric/conversions.rb:131:in `block (2 levels) in <class:Numeric>'
/usr/local/bundle/gems/activesupport-4.2.6/lib/active_support/core_ext/numeric/conversions.rb:131:in `block (2 levels) in <class:Numeric>'
/usr/local/bundle/gems/activesupport-4.2.6/lib/active_support/core_ext/numeric/conversions.rb:131:in `block (2 levels) in <class:Numeric>'
/usr/local/bundle/gems/activesupport-4.2.6/lib/active_support/core_ext/numeric/conversions.rb:131:in `block (2 levels) in <class:Numeric>'
/usr/local/bundle/gems/activesupport-4.2.6/lib/active_support/core_ext/numeric/conversions.rb:131:in `block (2 levels) in <class:Numeric>'
/usr/local/bundle/gems/activesupport-4.2.6/lib/active_support/core_ext/numeric/conversions.rb:131:in `block (2 levels) in <class:Numeric>'
/usr/local/bundle/gems/activesupport-4.2.6/lib/active_support/core_ext/numeric/conversions.rb:131:in `block (2 levels) in <class:Numeric>'
/usr/local/bundle/gems/activesupport-4.2.6/lib/active_support/core_ext/numeric/conversions.rb:131:in `block (2 levels) in <class:Numeric>'
/usr/local/bundle/gems/activesupport-4.2.6/lib/active_support/core_ext/numeric/conversions.rb:131:in `block (2 levels) in <class:Numeric>'
/usr/local/bundle/gems/activesupport-4.2.6/lib/active_support/core_ext/numeric/conversions.rb:131:in `block (2 levels) in <class:Numeric>'
/usr/local/bundle/gems/activesupport-4.2.6/lib/active_support/core_ext/numeric/conversions.rb:131:in `block (2 levels) in <class:Numeric>'
/usr/local/bundle/gems/activesupport-4.2.6/lib/active_support/core_ext/numeric/conversions.rb:131:in `block (2 levels) in <class:Numeric>'
/usr/local/bundle/gems/activesupport-4.2.6/lib/active_support/core_ext/numeric/conversions.rb:131:in `block (2 levels) in <class:Numeric>'
/usr/local/bundle/gems/activesupport-4.2.6/lib/active_support/core_ext/numeric/conversions.rb:131:in `block (2 levels) in <class:Numeric>'
/usr/local/bundle/gems/activesupport-4.2.6/lib/active_support/core_ext/numeric/conversions.rb:131:in `block (2 levels) in <class:Numeric>'
/usr/local/bundle/gems/activesupport-4.2.6/lib/active_support/core_ext/numeric/conversions.rb:131:in `block (2 levels) in <class:Numeric>'
/usr/local/bundle/gems/activesupport-4.2.6/lib/active_support/core_ext/numeric/conversions.rb:131:in `block (2 levels) in <class:Numeric>'
/usr/local/bundle/gems/activesupport-4.2.6/lib/active_support/core_ext/numeric/conversions.rb:131:in `block (2 levels) in <class:Numeric>'
/usr/local/bundle/gems/activesupport-4.2.6/lib/active_support/core_ext/numeric/conversions.rb:131:in `block (2 levels) in <class:Numeric>'
/usr/local/bundle/gems/activesupport-4.2.6/lib/active_support/core_ext/numeric/conversions.rb:131:in `block (2 levels) in <class:Numeric>'
/usr/local/bundle/gems/activesupport-4.2.6/lib/active_support/core_ext/numeric/conversions.rb:131:in `block (2 levels) in <class:Numeric>'
/usr/local/bundle/gems/activesupport-4.2.6/lib/active_support/core_ext/numeric/conversions.rb:131:in `block (2 levels) in <class:Numeric>'
/usr/local/bundle/gems/activesupport-4.2.6/lib/active_support/core_ext/numeric/conversions.rb:131:in `block (2 levels) in <class:Numeric>'
/usr/local/bundle/gems/activesupport-4.2.6/lib/active_support/core_ext/numeric/conversions.rb:131:in `block (2 levels) in <class:Numeric>'
/usr/local/bundle/gems/activesupport-4.2.6/lib/active_support/core_ext/numeric/conversions.rb:131:in `block (2 levels) in <class:Numeric>'
/usr/local/bundle/gems/activesupport-4.2.6/lib/active_support/core_ext/numeric/conversions.rb:131:in `block (2 levels) in <class:Numeric>'
/usr/local/bundle/gems/activesupport-4.2.6/lib/active_support/core_ext/numeric/conversions.rb:131:in `block (2 levels) in <class:Numeric>'
/usr/local/bundle/gems/activesupport-4.2.6/lib/active_support/core_ext/numeric/conversions.rb:131:in `block (2 levels) in <class:Numeric>'
/usr/local/bundle/gems/activesupport-4.2.6/lib/active_support/core_ext/numeric/conversions.rb:131:in `block (2 levels) in <class:Numeric>'
/usr/local/bundle/gems/activesupport-4.2.6/lib/active_support/core_ext/numeric/conversions.rb:131:in `block (2 levels) in <class:Numeric>'
/usr/local/bundle/gems/activesupport-4.2.6/lib/active_support/core_ext/numeric/conversions.rb:131:in `block (2 levels) in <class:Numeric>'
/usr/local/bundle/gems/activesupport-4.2.6/lib/active_support/core_ext/numeric/conversions.rb:131:in `block (2 levels) in <class:Numeric>'
/usr/local/bundle/gems/activesupport-4.2.6/lib/active_support/core_ext/numeric/conversions.rb:131:in `block (2 levels) in <class:Numeric>'
/usr/local/bundle/gems/activesupport-4.2.6/lib/active_support/core_ext/numeric/conversions.rb:131:in `block (2 levels) in <class:Numeric>'
/usr/local/bundle/gems/activesupport-4.2.6/lib/active_support/core_ext/numeric/conversions.rb:131:in `block (2 levels) in <class:Numeric>'
/usr/local/bundle/gems/activesupport-4.2.6/lib/active_support/core_ext/numeric/conversions.rb:131:in `block (2 levels) in <class:Numeric>'
/usr/local/bundle/gems/activesupport-4.2.6/lib/active_support/core_ext/numeric/conversions.rb:131:in `block (2 levels) in <class:Numeric>'
/usr/local/bundle/gems/activesupport-4.2.6/lib/active_support/core_ext/numeric/conversions.rb:131:in `block (2 levels) in <class:Numeric>'
/usr/local/bundle/gems/activesupport-4.2.6/lib/active_support/core_ext/numeric/conversions.rb:131:in `block (2 levels) in <class:Numeric>'
/usr/local/bundle/gems/activesupport-4.2.6/lib/active_support/core_ext/numeric/conversions.rb:131:in `block (2 levels) in <class:Numeric>'
/usr/local/bundle/gems/activesupport-4.2.6/lib/active_support/core_ext/numeric/conversions.rb:131:in `block (2 levels) in <class:Numeric>'
/usr/local/bundle/gems/activesupport-4.2.6/lib/active_support/core_ext/numeric/conversions.rb:131:in `block (2 levels) in <class:Numeric>'
/usr/local/bundle/gems/activesupport-4.2.6/lib/active_support/core_ext/numeric/conversions.rb:131:in `block (2 levels) in <class:Numeric>'
/usr/local/bundle/gems/activesupport-4.2.6/lib/active_support/core_ext/numeric/conversions.rb:131:in `block (2 levels) in <class:Numeric>'
/usr/local/bundle/gems/activesupport-4.2.6/lib/active_support/core_ext/numeric/conversions.rb:131:in `block (2 levels) in <class:Numeric>'
/usr/local/bundle/gems/activesupport-4.2.6/lib/active_support/core_ext/numeric/conversions.rb:131:in `block (2 levels) in <class:Numeric>'
/usr/local/bundle/gems/activesupport-4.2.6/lib/active_support/core_ext/numeric/conversions.rb:131:in `block (2 levels) in <class:Numeric>'
/usr/local/bundle/gems/activesupport-4.2.6/lib/active_support/core_ext/numeric/conversions.rb:131:in `block (2 levels) in <class:Numeric>'
/usr/local/bundle/gems/activesupport-4.2.6/lib/active_support/core_ext/numeric/conversions.rb:131:in `block (2 levels) in <class:Numeric>'
/usr/local/bundle/gems/activesupport-4.2.6/lib/active_support/core_ext/numeric/conversions.rb:131:in `block (2 levels) in <class:Numeric>'
/usr/local/bundle/gems/activesupport-4.2.6/lib/active_support/core_ext/numeric/conversions.rb:131:in `block (2 levels) in <class:Numeric>'
/usr/local/bundle/gems/activesupport-4.2.6/lib/active_support/core_ext/numeric/conversions.rb:131:in `block (2 levels) in <class:Numeric>'
/usr/local/bundle/gems/activesupport-4.2.6/lib/active_support/core_ext/numeric/conversions.rb:131:in `block (2 levels) in <class:Numeric>'
/usr/local/bundle/gems/activesupport-4.2.6/lib/active_support/core_ext/numeric/conversions.rb:131:in `block (2 levels) in <class:Numeric>'
/usr/local/bundle/gems/activesupport-4.2.6/lib/active_support/core_ext/numeric/conversions.rb:131:in `block (2 levels) in <class:Numeric>'
/usr/local/bundle/gems/activesupport-4.2.6/lib/active_support/core_ext/numeric/conversions.rb:131:in `block (2 levels) in <class:Numeric>'
/usr/local/bundle/gems/activesupport-4.2.6/lib/active_support/core_ext/numeric/conversions.rb:131:in `block (2 levels) in <class:Numeric>'
/usr/local/bundle/gems/activesupport-4.2.6/lib/active_support/core_ext/numeric/conversions.rb:131:in `block (2 levels) in <class:Numeric>'
/usr/local/bundle/gems/activesupport-4.2.6/lib/active_support/core_ext/numeric/conversions.rb:131:in `block (2 levels) in <class:Numeric>'
/usr/local/bundle/gems/activesupport-4.2.6/lib/active_support/core_ext/numeric/conversions.rb:131:in `block (2 levels) in <class:Numeric>'
/usr/local/bundle/gems/activesupport-4.2.6/lib/active_support/core_ext/numeric/conversions.rb:131:in `block (2 levels) in <class:Numeric>'
/usr/local/bundle/gems/activesupport-4.2.6/lib/active_support/core_ext/numeric/conversions.rb:131:in `block (2 levels) in <class:Numeric>'
/usr/local/bundle/gems/activesupport-4.2.6/lib/active_support/core_ext/numeric/conversions.rb:131:in `block (2 levels) in <class:Numeric>'
/usr/local/bundle/gems/activesupport-4.2.6/lib/active_support/core_ext/numeric/conversions.rb:131:in `block (2 levels) in <class:Numeric>'
/usr/local/bundle/gems/activesupport-4.2.6/lib/active_support/core_ext/numeric/conversions.rb:131:in `block (2 levels) in <class:Numeric>'
/usr/local/bundle/gems/activesupport-4.2.6/lib/active_support/core_ext/numeric/conversions.rb:131:in `block (2 levels) in <class:Numeric>'
/usr/local/bundle/gems/activesupport-4.2.6/lib/active_support/core_ext/numeric/conversions.rb:131:in `block (2 levels) in <class:Numeric>'
/usr/local/bundle/gems/activesupport-4.2.6/lib/active_support/core_ext/numeric/conversions.rb:131:in `block (2 levels) in <class:Numeric>'
/usr/local/bundle/gems/activesupport-4.2.6/lib/active_support/core_ext/numeric/conversions.rb:131:in `block (2 levels) in <class:Numeric>'
/usr/local/bundle/gems/activesupport-4.2.6/lib/active_support/core_ext/numeric/conversions.rb:131:in `block (2 levels) in <class:Numeric>'
/usr/local/bundle/gems/activesupport-4.2.6/lib/active_support/core_ext/numeric/conversions.rb:131:in `block (2 levels) in <class:Numeric>'
/usr/local/bundle/gems/activesupport-4.2.6/lib/active_support/core_ext/numeric/conversions.rb:131:in `block (2 levels) in <class:Numeric>'
/usr/local/bundle/gems/activesupport-4.2.6/lib/active_support/core_ext/numeric/conversions.rb:131:in `block (2 levels) in <class:Numeric>'
/usr/local/bundle/gems/activesupport-4.2.6/lib/active_support/core_ext/numeric/conversions.rb:131:in `block (2 levels) in <class:Numeric>'
/usr/local/bundle/gems/activesupport-4.2.6/lib/active_support/core_ext/numeric/conversions.rb:131:in `block (2 levels) in <class:Numeric>'
/usr/local/bundle/gems/activesupport-4.2.6/lib/active_support/core_ext/numeric/conversions.rb:131:in `block (2 levels) in <class:Numeric>'
/usr/local/bundle/gems/activesupport-4.2.6/lib/active_support/core_ext/numeric/conversions.rb:131:in `block (2 levels) in <class:Numeric>'
/usr/local/bundle/gems/activesupport-4.2.6/lib/active_support/core_ext/numeric/conversions.rb:131:in `block (2 levels) in <class:Numeric>'
/usr/local/bundle/gems/activesupport-4.2.6/lib/active_support/core_ext/numeric/conversions.rb:131:in `block (2 levels) in <class:Numeric>'
/usr/local/bundle/gems/activesupport-4.2.6/lib/active_support/core_ext/numeric/conversions.rb:131:in `block (2 levels) in <class:Numeric>'
/usr/local/bundle/gems/activesupport-4.2.6/lib/active_support/core_ext/numeric/conversions.rb:131:in `block (2 levels) in <class:Numeric>'
/usr/local/bundle/gems/activesupport-4.2.6/lib/active_support/core_ext/numeric/conversions.rb:131:in `block (2 levels) in <class:Numeric>'
/usr/local/bundle/gems/activesupport-4.2.6/lib/active_support/core_ext/numeric/conversions.rb:131:in `block (2 levels) in <class:Numeric>'
/usr/local/bundle/gems/activesupport-4.2.6/lib/active_support/core_ext/numeric/conversions.rb:131:in `block (2 levels) in <class:Numeric>'
/usr/local/bundle/gems/activesupport-4.2.6/lib/active_support/core_ext/numeric/conversions.rb:131:in `block (2 levels) in <class:Numeric>'
/usr/local/bundle/gems/activesupport-4.2.6/lib/active_support/core_ext/numeric/conversions.rb:131:in `block (2 levels) in <class:Numeric>'
/usr/local/bundle/gems/activesupport-4.2.6/lib/active_support/core_ext/numeric/conversions.rb:131:in `block (2 levels) in <class:Numeric>'
/usr/local/bundle/gems/activesupport-4.2.6/lib/active_support/core_ext/numeric/conversions.rb:131:in `block (2 levels) in <class:Numeric>'
/usr/local/bundle/gems/activesupport-4.2.6/lib/active_support/core_ext/numeric/conversions.rb:131:in `block (2 levels) in <class:Numeric>'
/usr/local/bundle/gems/activesupport-4.2.6/lib/active_support/core_ext/numeric/conversions.rb:131:in `block (2 levels) in <class:Numeric>'
/usr/local/bundle/gems/activesupport-4.2.6/lib/active_support/core_ext/numeric/conversions.rb:131:in `block (2 levels) in <class:Numeric>'
/usr/local/bundle/gems/activesupport-4.2.6/lib/active_support/core_ext/numeric/conversions.rb:131:in `block (2 levels) in <class:Numeric>'
/usr/local/bundle/gems/activesupport-4.2.6/lib/active_support/core_ext/numeric/conversions.rb:131:in `block (2 levels) in <class:Numeric>'
/usr/local/bundle/gems/activesupport-4.2.6/lib/active_support/core_ext/numeric/conversions.rb:131:in `block (2 levels) in <class:Numeric>'
/usr/local/bundle/gems/activesupport-4.2.6/lib/active_support/core_ext/numeric/conversions.rb:131:in `block (2 levels) in <class:Numeric>'
/usr/local/bundle/gems/activesupport-4.2.6/lib/active_support/core_ext/numeric/conversions.rb:131:in `block (2 levels) in <class:Numeric>'
/usr/local/bundle/gems/activesupport-4.2.6/lib/active_support/core_ext/numeric/conversions.rb:131:in `block (2 levels) in <class:Numeric>'
/usr/local/bundle/gems/activesupport-4.2.6/lib/active_support/core_ext/numeric/conversions.rb:131:in `block (2 levels) in <class:Numeric>'
/usr/local/bundle/gems/activesupport-4.2.6/lib/active_support/core_ext/numeric/conversions.rb:131:in `block (2 levels) in <class:Numeric>'
/usr/local/bundle/gems/activesupport-4.2.6/lib/active_support/core_ext/numeric/conversions.rb:131:in `block (2 levels) in <class:Numeric>'
/usr/local/bundle/gems/activesupport-4.2.6/lib/active_support/core_ext/numeric/conversions.rb:131:in `block (2 levels) in <class:Numeric>'
/usr/local/bundle/gems/activesupport-4.2.6/lib/active_support/core_ext/numeric/conversions.rb:131:in `block (2 levels) in <class:Numeric>'
/usr/local/bundle/gems/activesupport-4.2.6/lib/active_support/core_ext/numeric/conversions.rb:131:in `block (2 levels) in <class:Numeric>'
/usr/local/bundle/gems/activesupport-4.2.6/lib/active_support/core_ext/numeric/conversions.rb:131:in `block (2 levels) in <class:Numeric>'
/usr/local/bundle/gems/activesupport-4.2.6/lib/active_support/core_ext/numeric/conversions.rb:131:in `block (2 levels) in <class:Numeric>'
/usr/local/bundle/gems/activesupport-4.2.6/lib/active_support/core_ext/numeric/conversions.rb:131:in `block (2 levels) in <class:Numeric>'
/usr/local/bundle/gems/activesupport-4.2.6/lib/active_support/core_ext/numeric/conversions.rb:131:in `block (2 levels) in <class:Numeric>'
/usr/local/bundle/gems/activesupport-4.2.6/lib/active_support/core_ext/numeric/conversions.rb:131:in `block (2 levels) in <class:Numeric>'
/usr/local/bundle/gems/activesupport-4.2.6/lib/active_support/core_ext/numeric/conversions.rb:131:in `block (2 levels) in <class:Numeric>'
/usr/local/bundle/gems/activesupport-4.2.6/lib/active_support/core_ext/numeric/conversions.rb:131:in `block (2 levels) in <class:Numeric>'
/usr/local/bundle/gems/activesupport-4.2.6/lib/active_support/core_ext/numeric/conversions.rb:131:in `block (2 levels) in <class:Numeric>'
/usr/local/bundle/gems/activesupport-4.2.6/lib/active_support/core_ext/numeric/conversions.rb:131:in `block (2 levels) in <class:Numeric>'
/usr/local/bundle/gems/activesupport-4.2.6/lib/active_support/core_ext/numeric/conversions.rb:131:in `block (2 levels) in <class:Numeric>'
/usr/local/bundle/gems/activesupport-4.2.6/lib/active_support/core_ext/numeric/conversions.rb:131:in `block (2 levels) in <class:Numeric>'
/usr/local/bundle/gems/activesupport-4.2.6/lib/active_support/core_ext/numeric/conversions.rb:131:in `block (2 levels) in <class:Numeric>'
/usr/local/bundle/gems/activesupport-4.2.6/lib/active_support/core_ext/numeric/conversions.rb:131:in `block (2 levels) in <class:Numeric>'
/usr/local/bundle/gems/activesupport-4.2.6/lib/active_support/core_ext/numeric/conversions.rb:131:in `block (2 levels) in <class:Numeric>'
/usr/local/bundle/gems/activesupport-4.2.6/lib/active_support/core_ext/numeric/conversions.rb:131:in `block (2 levels) in <class:Numeric>'
/usr/local/bundle/gems/activesupport-4.2.6/lib/active_support/core_ext/numeric/conversions.rb:131:in `block (2 levels) in <class:Numeric>'
/usr/local/bundle/gems/activesupport-4.2.6/lib/active_support/core_ext/numeric/conversions.rb:131:in `block (2 levels) in <class:Numeric>'
/usr/local/bundle/gems/activesupport-4.2.6/lib/active_support/core_ext/numeric/conversions.rb:131:in `block (2 levels) in <class:Numeric>'
/usr/local/bundle/gems/activesupport-4.2.6/lib/active_support/core_ext/numeric/conversions.rb:131:in `block (2 levels) in <class:Numeric>'
/usr/local/bundle/gems/activesupport-4.2.6/lib/active_support/core_ext/numeric/conversions.rb:131:in `block (2 levels) in <class:Numeric>'
/usr/local/bundle/gems/activesupport-4.2.6/lib/active_support/core_ext/numeric/conversions.rb:131:in `block (2 levels) in <class:Numeric>'
/usr/local/bundle/gems/activesupport-4.2.6/lib/active_support/core_ext/numeric/conversions.rb:131:in `block (2 levels) in <class:Numeric>'
/usr/local/bundle/gems/activesupport-4.2.6/lib/active_support/core_ext/numeric/conversions.rb:131:in `block (2 levels) in <class:Numeric>'
/usr/local/bundle/gems/activesupport-4.2.6/lib/active_support/core_ext/numeric/conversions.rb:131:in `block (2 levels) in <class:Numeric>'
/usr/local/bundle/gems/activesupport-4.2.6/lib/active_support/core_ext/numeric/conversions.rb:131:in `block (2 levels) in <class:Numeric>'
/usr/local/bundle/gems/activesupport-4.2.6/lib/active_support/core_ext/numeric/conversions.rb:131:in `block (2 levels) in <class:Numeric>'
/usr/local/bundle/gems/activesupport-4.2.6/lib/active_support/core_ext/numeric/conversions.rb:131:in `block (2 levels) in <class:Numeric>'
/usr/local/bundle/gems/activesupport-4.2.6/lib/active_support/core_ext/numeric/conversions.rb:131:in `block (2 levels) in <class:Numeric>'
/usr/local/bundle/gems/activesupport-4.2.6/lib/active_support/core_ext/numeric/conversions.rb:131:in `block (2 levels) in <class:Numeric>'
/usr/local/bundle/gems/activesupport-4.2.6/lib/active_support/core_ext/numeric/conversions.rb:131:in `block (2 levels) in <class:Numeric>'
/usr/local/bundle/gems/activesupport-4.2.6/lib/active_support/core_ext/numeric/conversions.rb:131:in `block (2 levels) in <class:Numeric>'
/usr/local/bundle/gems/activesupport-4.2.6/lib/active_support/core_ext/numeric/conversions.rb:131:in `block (2 levels) in <class:Numeric>'
/usr/local/bundle/gems/activesupport-4.2.6/lib/active_support/core_ext/numeric/conversions.rb:131:in `block (2 levels) in <class:Numeric>'
/usr/local/bundle/gems/activesupport-4.2.6/lib/active_support/core_ext/numeric/conversions.rb:131:in `block (2 levels) in <class:Numeric>'
/usr/local/bundle/gems/activesupport-4.2.6/lib/active_support/core_ext/numeric/conversions.rb:131:in `block (2 levels) in <class:Numeric>'
/usr/local/bundle/gems/activesupport-4.2.6/lib/active_support/core_ext/numeric/conversions.rb:131:in `block (2 levels) in <class:Numeric>'
/usr/local/bundle/gems/activesupport-4.2.6/lib/active_support/core_ext/numeric/conversions.rb:131:in `block (2 levels) in <class:Numeric>'
/usr/local/bundle/gems/activesupport-4.2.6/lib/active_support/core_ext/numeric/conversions.rb:131:in `block (2 levels) in <class:Numeric>'
/usr/local/bundle/gems/activesupport-4.2.6/lib/active_support/core_ext/numeric/conversions.rb:131:in `block (2 levels) in <class:Numeric>'
/usr/local/bundle/gems/activesupport-4.2.6/lib/active_support/core_ext/numeric/conversions.rb:131:in `block (2 levels) in <class:Numeric>'
/usr/local/bundle/gems/activesupport-4.2.6/lib/active_support/core_ext/numeric/conversions.rb:131:in `block (2 levels) in <class:Numeric>'
/usr/local/bundle/gems/activesupport-4.2.6/lib/active_support/core_ext/numeric/conversions.rb:131:in `block (2 levels) in <class:Numeric>'
/usr/local/bundle/gems/activesupport-4.2.6/lib/active_support/core_ext/numeric/conversions.rb:131:in `block (2 levels) in <class:Numeric>'
/usr/local/bundle/gems/activesupport-4.2.6/lib/active_support/core_ext/numeric/conversions.rb:131:in `block (2 levels) in <class:Numeric>'
/usr/local/bundle/gems/activesupport-4.2.6/lib/active_support/core_ext/numeric/conversions.rb:131:in `block (2 levels) in <class:Numeric>'
/usr/local/bundle/gems/activesupport-4.2.6/lib/active_support/core_ext/numeric/conversions.rb:131:in `block (2 levels) in <class:Numeric>'
/usr/local/bundle/gems/activesupport-4.2.6/lib/active_support/core_ext/numeric/conversions.rb:131:in `block (2 levels) in <class:Numeric>'
/usr/local/bundle/gems/activesupport-4.2.6/lib/active_support/core_ext/numeric/conversions.rb:131:in `block (2 levels) in <class:Numeric>'
/usr/local/bundle/gems/activesupport-4.2.6/lib/active_support/core_ext/numeric/conversions.rb:131:in `block (2 levels) in <class:Numeric>'
/usr/local/bundle/gems/activesupport-4.2.6/lib/active_support/core_ext/numeric/conversions.rb:131:in `block (2 levels) in <class:Numeric>'
/usr/local/bundle/gems/activesupport-4.2.6/lib/active_support/core_ext/numeric/conversions.rb:131:in `block (2 levels) in <class:Numeric>'
/usr/local/bundle/gems/activesupport-4.2.6/lib/active_support/core_ext/numeric/conversions.rb:131:in `block (2 levels) in <class:Numeric>'
/usr/local/bundle/gems/activesupport-4.2.6/lib/active_support/core_ext/numeric/conversions.rb:131:in `block (2 levels) in <class:Numeric>'
/usr/local/bundle/gems/activesupport-4.2.6/lib/active_support/core_ext/numeric/conversions.rb:131:in `block (2 levels) in <class:Numeric>'
/usr/local/bundle/gems/activesupport-4.2.6/lib/active_support/core_ext/numeric/conversions.rb:131:in `block (2 levels) in <class:Numeric>'
/usr/local/bundle/gems/activesupport-4.2.6/lib/active_support/core_ext/numeric/conversions.rb:131:in `block (2 levels) in <class:Numeric>'
/usr/local/bundle/gems/activesupport-4.2.6/lib/active_support/core_ext/numeric/conversions.rb:131:in `block (2 levels) in <class:Numeric>'
/usr/local/bundle/gems/activesupport-4.2.6/lib/active_support/core_ext/numeric/conversions.rb:131:in `block (2 levels) in <class:Numeric>'
/usr/local/bundle/gems/activesupport-4.2.6/lib/active_support/core_ext/numeric/conversions.rb:131:in `block (2 levels) in <class:Numeric>'
/usr/local/bundle/gems/activesupport-4.2.6/lib/active_support/core_ext/numeric/conversions.rb:131:in `block (2 levels) in <class:Numeric>'
/usr/local/bundle/gems/activesupport-4.2.6/lib/active_support/core_ext/numeric/conversions.rb:131:in `block (2 levels) in <class:Numeric>'
/usr/local/bundle/gems/activesupport-4.2.6/lib/active_support/core_ext/numeric/conversions.rb:131:in `block (2 levels) in <class:Numeric>'
/usr/local/bundle/gems/activesupport-4.2.6/lib/active_support/core_ext/numeric/conversions.rb:131:in `block (2 levels) in <class:Numeric>'
/usr/local/bundle/gems/activesupport-4.2.6/lib/active_support/core_ext/numeric/conversions.rb:131:in `block (2 levels) in <class:Numeric>'
/usr/local/bundle/gems/activesupport-4.2.6/lib/active_support/core_ext/numeric/conversions.rb:131:in `block (2 levels) in <class:Numeric>'
/usr/local/bundle/gems/activesupport-4.2.6/lib/active_support/core_ext/numeric/conversions.rb:131:in `block (2 levels) in <class:Numeric>'
/usr/local/bundle/gems/activesupport-4.2.6/lib/active_support/core_ext/numeric/conversions.rb:131:in `block (2 levels) in <class:Numeric>'
/usr/local/bundle/gems/activesupport-4.2.6/lib/active_support/core_ext/numeric/conversions.rb:131:in `block (2 levels) in <class:Numeric>'
/usr/local/bundle/gems/activesupport-4.2.6/lib/active_support/core_ext/numeric/conversions.rb:131:in `block (2 levels) in <class:Numeric>'
/usr/local/bundle/gems/activesupport-4.2.6/lib/active_support/core_ext/numeric/conversions.rb:131:in `block (2 levels) in <class:Numeric>'
/usr/local/bundle/gems/activesupport-4.2.6/lib/active_support/core_ext/numeric/conversions.rb:131:in `block (2 levels) in <class:Numeric>'
/usr/local/bundle/gems/activesupport-4.2.6/lib/active_support/core_ext/numeric/conversions.rb:131:in `block (2 levels) in <class:Numeric>'
/usr/local/bundle/gems/activesupport-4.2.6/lib/active_support/core_ext/numeric/conversions.rb:131:in `block (2 levels) in <class:Numeric>'
/usr/local/bundle/gems/activesupport-4.2.6/lib/active_support/core_ext/numeric/conversions.rb:131:in `block (2 levels) in <class:Numeric>'
/usr/local/bundle/gems/activesupport-4.2.6/lib/active_support/core_ext/numeric/conversions.rb:131:in `block (2 levels) in <class:Numeric>'
/usr/local/bundle/gems/activesupport-4.2.6/lib/active_support/core_ext/numeric/conversions.rb:131:in `block (2 levels) in <class:Numeric>'
/usr/local/bundle/gems/activesupport-4.2.6/lib/active_support/core_ext/numeric/conversions.rb:131:in `block (2 levels) in <class:Numeric>'
/usr/local/bundle/gems/activesupport-4.2.6/lib/active_support/core_ext/numeric/conversions.rb:131:in `block (2 levels) in <class:Numeric>'
/usr/local/bundle/gems/activesupport-4.2.6/lib/active_support/core_ext/numeric/conversions.rb:131:in `block (2 levels) in <class:Numeric>'
/usr/local/bundle/gems/activesupport-4.2.6/lib/active_support/core_ext/numeric/conversions.rb:131:in `block (2 levels) in <class:Numeric>'
/usr/local/bundle/gems/activesupport-4.2.6/lib/active_support/core_ext/numeric/conversions.rb:131:in `block (2 levels) in <class:Numeric>'
/usr/local/bundle/gems/activesupport-4.2.6/lib/active_support/core_ext/numeric/conversions.rb:131:in `block (2 levels) in <class:Numeric>'
/usr/local/bundle/gems/activesupport-4.2.6/lib/active_support/core_ext/numeric/conversions.rb:131:in `block (2 levels) in <class:Numeric>'
/usr/local/bundle/gems/activesupport-4.2.6/lib/active_support/core_ext/numeric/conversions.rb:131:in `block (2 levels) in <class:Numeric>'
/usr/local/bundle/gems/activesupport-4.2.6/lib/active_support/core_ext/numeric/conversions.rb:131:in `block (2 levels) in <class:Numeric>'
/usr/local/bundle/gems/activesupport-4.2.6/lib/active_support/core_ext/numeric/conversions.rb:131:in `block (2 levels) in <class:Numeric>'
/usr/local/bundle/gems/activesupport-4.2.6/lib/active_support/core_ext/numeric/conversions.rb:131:in `block (2 levels) in <class:Numeric>'
/usr/local/bundle/gems/activesupport-4.2.6/lib/active_support/core_ext/numeric/conversions.rb:131:in `block (2 levels) in <class:Numeric>'
/usr/local/bundle/gems/activesupport-4.2.6/lib/active_support/core_ext/numeric/conversions.rb:131:in `block (2 levels) in <class:Numeric>'
/usr/local/bundle/gems/activesupport-4.2.6/lib/active_support/core_ext/numeric/conversions.rb:131:in `block (2 levels) in <class:Numeric>'
/usr/local/bundle/gems/activesupport-4.2.6/lib/active_support/core_ext/numeric/conversions.rb:131:in `block (2 levels) in <class:Numeric>'
/usr/local/bundle/gems/activesupport-4.2.6/lib/active_support/core_ext/numeric/conversions.rb:131:in `block (2 levels) in <class:Numeric>'
/usr/local/bundle/gems/activesupport-4.2.6/lib/active_support/core_ext/numeric/conversions.rb:131:in `block (2 levels) in <class:Numeric>'
/usr/local/bundle/gems/activesupport-4.2.6/lib/active_support/core_ext/numeric/conversions.rb:131:in `block (2 levels) in <class:Numeric>'
/usr/local/bundle/gems/activesupport-4.2.6/lib/active_support/core_ext/numeric/conversions.rb:131:in `block (2 levels) in <class:Numeric>'
/usr/local/bundle/gems/activesupport-4.2.6/lib/active_support/core_ext/numeric/conversions.rb:131:in `block (2 levels) in <class:Numeric>'
/usr/local/bundle/gems/activesupport-4.2.6/lib/active_support/core_ext/numeric/conversions.rb:131:in `block (2 levels) in <class:Numeric>'
/usr/local/bundle/gems/activesupport-4.2.6/lib/active_support/core_ext/numeric/conversions.rb:131:in `block (2 levels) in <class:Numeric>'
/usr/local/bundle/gems/activesupport-4.2.6/lib/active_support/core_ext/numeric/conversions.rb:131:in `block (2 levels) in <class:Numeric>'
/usr/local/bundle/gems/activesupport-4.2.6/lib/active_support/core_ext/numeric/conversions.rb:131:in `block (2 levels) in <class:Numeric>'
/usr/local/bundle/gems/activesupport-4.2.6/lib/active_support/core_ext/numeric/conversions.rb:131:in `block (2 levels) in <class:Numeric>'
/usr/local/bundle/gems/activesupport-4.2.6/lib/active_support/core_ext/numeric/conversions.rb:131:in `block (2 levels) in <class:Numeric>'
/usr/local/bundle/gems/activesupport-4.2.6/lib/active_support/core_ext/numeric/conversions.rb:131:in `block (2 levels) in <class:Numeric>'
/usr/local/bundle/gems/activesupport-4.2.6/lib/active_support/core_ext/numeric/conversions.rb:131:in `block (2 levels) in <class:Numeric>'
/usr/local/bundle/gems/activesupport-4.2.6/lib/active_support/core_ext/numeric/conversions.rb:131:in `block (2 levels) in <class:Numeric>'
/usr/local/bundle/gems/activesupport-4.2.6/lib/active_support/core_ext/numeric/conversions.rb:131:in `block (2 levels) in <class:Numeric>'
/usr/local/bundle/gems/activesupport-4.2.6/lib/active_support/core_ext/numeric/conversions.rb:131:in `block (2 levels) in <class:Numeric>'
/usr/local/bundle/gems/activesupport-4.2.6/lib/active_support/core_ext/numeric/conversions.rb:131:in `block (2 levels) in <class:Numeric>'
/usr/local/bundle/gems/activesupport-4.2.6/lib/active_support/core_ext/numeric/conversions.rb:131:in `block (2 levels) in <class:Numeric>'
/usr/local/bundle/gems/activesupport-4.2.6/lib/active_support/core_ext/numeric/conversions.rb:131:in `block (2 levels) in <class:Numeric>'
/usr/local/bundle/gems/activesupport-4.2.6/lib/active_support/core_ext/numeric/conversions.rb:131:in `block (2 levels) in <class:Numeric>'
/usr/local/bundle/gems/activesupport-4.2.6/lib/active_support/core_ext/numeric/conversions.rb:131:in `block (2 levels) in <class:Numeric>'
/usr/local/bundle/gems/activesupport-4.2.6/lib/active_support/core_ext/numeric/conversions.rb:131:in `block (2 levels) in <class:Numeric>'
/usr/local/bundle/gems/activesupport-4.2.6/lib/active_support/core_ext/numeric/conversions.rb:131:in `block (2 levels) in <class:Numeric>'
/usr/local/bundle/gems/activesupport-4.2.6/lib/active_support/core_ext/numeric/conversions.rb:131:in `block (2 levels) in <class:Numeric>'
/usr/local/bundle/gems/activesupport-4.2.6/lib/active_support/core_ext/numeric/conversions.rb:131:in `block (2 levels) in <class:Numeric>'
/usr/local/bundle/gems/activesupport-4.2.6/lib/active_support/core_ext/numeric/conversions.rb:131:in `block (2 levels) in <class:Numeric>'
/usr/local/bundle/gems/activesupport-4.2.6/lib/active_support/core_ext/numeric/conversions.rb:131:in `block (2 levels) in <class:Numeric>'
/usr/local/bundle/gems/activesupport-4.2.6/lib/active_support/core_ext/numeric/conversions.rb:131:in `block (2 levels) in <class:Numeric>'
/usr/local/bundle/gems/activesupport-4.2.6/lib/active_support/core_ext/numeric/conversions.rb:131:in `block (2 levels) in <class:Numeric>'
/usr/local/bundle/gems/activesupport-4.2.6/lib/active_support/core_ext/numeric/conversions.rb:131:in `block (2 levels) in <class:Numeric>'
/usr/local/bundle/gems/activesupport-4.2.6/lib/active_support/core_ext/numeric/conversions.rb:131:in `block (2 levels) in <class:Numeric>'
/usr/local/bundle/gems/activesupport-4.2.6/lib/active_support/core_ext/numeric/conversions.rb:131:in `block (2 levels) in <class:Numeric>'
/usr/local/bundle/gems/activesupport-4.2.6/lib/active_support/core_ext/numeric/conversions.rb:131:in `block (2 levels) in <class:Numeric>'
/usr/local/bundle/gems/activesupport-4.2.6/lib/active_support/core_ext/numeric/conversions.rb:131:in `block (2 levels) in <class:Numeric>'
/usr/local/bundle/gems/activesupport-4.2.6/lib/active_support/core_ext/numeric/conversions.rb:131:in `block (2 levels) in <class:Numeric>'
/usr/local/bundle/gems/activesupport-4.2.6/lib/active_support/core_ext/numeric/conversions.rb:131:in `block (2 levels) in <class:Numeric>'
/usr/local/bundle/gems/activesupport-4.2.6/lib/active_support/core_ext/numeric/conversions.rb:131:in `block (2 levels) in <class:Numeric>'
/usr/local/bundle/gems/activesupport-4.2.6/lib/active_support/core_ext/numeric/conversions.rb:131:in `block (2 levels) in <class:Numeric>'
/usr/local/bundle/gems/activesupport-4.2.6/lib/active_support/core_ext/numeric/conversions.rb:131:in `block (2 levels) in <class:Numeric>'
/usr/local/bundle/gems/activesupport-4.2.6/lib/active_support/core_ext/numeric/conversions.rb:131:in `block (2 levels) in <class:Numeric>'
/usr/local/bundle/gems/activesupport-4.2.6/lib/active_support/core_ext/numeric/conversions.rb:131:in `block (2 levels) in <class:Numeric>'
/usr/local/bundle/gems/activesupport-4.2.6/lib/active_support/core_ext/numeric/conversions.rb:131:in `block (2 levels) in <class:Numeric>'
/usr/local/bundle/gems/activesupport-4.2.6/lib/active_support/core_ext/numeric/conversions.rb:131:in `block (2 levels) in <class:Numeric>'
/usr/local/bundle/gems/activesupport-4.2.6/lib/active_support/core_ext/numeric/conversions.rb:131:in `block (2 levels) in <class:Numeric>'
/usr/local/bundle/gems/activesupport-4.2.6/lib/active_support/core_ext/numeric/conversions.rb:131:in `block (2 levels) in <class:Numeric>'
/usr/local/bundle/gems/activesupport-4.2.6/lib/active_support/core_ext/numeric/conversions.rb:131:in `block (2 levels) in <class:Numeric>'
/usr/local/bundle/gems/activesupport-4.2.6/lib/active_support/core_ext/numeric/conversions.rb:131:in `block (2 levels) in <class:Numeric>'
/usr/local/bundle/gems/activesupport-4.2.6/lib/active_support/core_ext/numeric/conversions.rb:131:in `block (2 levels) in <class:Numeric>'
/usr/local/bundle/gems/activesupport-4.2.6/lib/active_support/core_ext/numeric/conversions.rb:131:in `block (2 levels) in <class:Numeric>'
/usr/local/bundle/gems/activesupport-4.2.6/lib/active_support/core_ext/numeric/conversions.rb:131:in `block (2 levels) in <class:Numeric>'
/usr/local/bundle/gems/activesupport-4.2.6/lib/active_support/core_ext/numeric/conversions.rb:131:in `block (2 levels) in <class:Numeric>'
/usr/local/bundle/gems/activesupport-4.2.6/lib/active_support/core_ext/numeric/conversions.rb:131:in `block (2 levels) in <class:Numeric>'
/usr/local/bundle/gems/activesupport-4.2.6/lib/active_support/core_ext/numeric/conversions.rb:131:in `block (2 levels) in <class:Numeric>'
/usr/local/bundle/gems/activesupport-4.2.6/lib/active_support/core_ext/numeric/conversions.rb:131:in `block (2 levels) in <class:Numeric>'
/usr/local/bundle/gems/activesupport-4.2.6/lib/active_support/core_ext/numeric/conversions.rb:131:in `block (2 levels) in <class:Numeric>'
/usr/local/bundle/gems/activesupport-4.2.6/lib/active_support/core_ext/numeric/conversions.rb:131:in `block (2 levels) in <class:Numeric>'
/usr/local/bundle/gems/activesupport-4.2.6/lib/active_support/core_ext/numeric/conversions.rb:131:in `block (2 levels) in <class:Numeric>'
/usr/local/bundle/gems/activesupport-4.2.6/lib/active_support/core_ext/numeric/conversions.rb:131:in `block (2 levels) in <class:Numeric>'
/usr/local/bundle/gems/activesupport-4.2.6/lib/active_support/core_ext/numeric/conversions.rb:131:in `block (2 levels) in <class:Numeric>'
/usr/local/bundle/gems/activesupport-4.2.6/lib/active_support/core_ext/numeric/conversions.rb:131:in `block (2 levels) in <class:Numeric>'
/usr/local/bundle/gems/activesupport-4.2.6/lib/active_support/core_ext/numeric/conversions.rb:131:in `block (2 levels) in <class:Numeric>'
/usr/local/bundle/gems/activesupport-4.2.6/lib/active_support/core_ext/numeric/conversions.rb:131:in `block (2 levels) in <class:Numeric>'
/usr/local/bundle/gems/activesupport-4.2.6/lib/active_support/core_ext/numeric/conversions.rb:131:in `block (2 levels) in <class:Numeric>'
/usr/local/bundle/gems/activesupport-4.2.6/lib/active_support/core_ext/numeric/conversions.rb:131:in `block (2 levels) in <class:Numeric>'
/usr/local/bundle/gems/activesupport-4.2.6/lib/active_support/core_ext/numeric/conversions.rb:131:in `block (2 levels) in <class:Numeric>'
/usr/local/bundle/gems/activesupport-4.2.6/lib/active_support/core_ext/numeric/conversions.rb:131:in `block (2 levels) in <class:Numeric>'
/usr/local/bundle/gems/activesupport-4.2.6/lib/active_support/core_ext/numeric/conversions.rb:131:in `block (2 levels) in <class:Numeric>'
/usr/local/bundle/gems/activesupport-4.2.6/lib/active_support/core_ext/numeric/conversions.rb:131:in `block (2 levels) in <class:Numeric>'
/usr/local/bundle/gems/activesupport-4.2.6/lib/active_support/core_ext/numeric/conversions.rb:131:in `block (2 levels) in <class:Numeric>'
/usr/local/bundle/gems/activesupport-4.2.6/lib/active_support/core_ext/numeric/conversions.rb:131:in `block (2 levels) in <class:Numeric>'
/usr/local/bundle/gems/activesupport-4.2.6/lib/active_support/core_ext/numeric/conversions.rb:131:in `block (2 levels) in <class:Numeric>'
/usr/local/bundle/gems/activesupport-4.2.6/lib/active_support/core_ext/numeric/conversions.rb:131:in `block (2 levels) in <class:Numeric>'
/usr/local/bundle/gems/activesupport-4.2.6/lib/active_support/core_ext/numeric/conversions.rb:131:in `block (2 levels) in <class:Numeric>'
/usr/local/bundle/gems/activesupport-4.2.6/lib/active_support/core_ext/numeric/conversions.rb:131:in `block (2 levels) in <class:Numeric>'
/usr/local/bundle/gems/activesupport-4.2.6/lib/active_support/core_ext/numeric/conversions.rb:131:in `block (2 levels) in <class:Numeric>'
/usr/local/bundle/gems/activesupport-4.2.6/lib/active_support/core_ext/numeric/conversions.rb:131:in `block (2 levels) in <class:Numeric>'
/usr/local/bundle/gems/activesupport-4.2.6/lib/active_support/core_ext/numeric/conversions.rb:131:in `block (2 levels) in <class:Numeric>'
/usr/local/bundle/gems/activesupport-4.2.6/lib/active_support/core_ext/numeric/conversions.rb:131:in `block (2 levels) in <class:Numeric>'
/usr/local/bundle/gems/activesupport-4.2.6/lib/active_support/core_ext/numeric/conversions.rb:131:in `block (2 levels) in <class:Numeric>'
/usr/local/bundle/gems/activesupport-4.2.6/lib/active_support/core_ext/numeric/conversions.rb:131:in `block (2 levels) in <class:Numeric>'
/usr/local/bundle/gems/activesupport-4.2.6/lib/active_support/core_ext/numeric/conversions.rb:131:in `block (2 levels) in <class:Numeric>'
/usr/local/bundle/gems/activesupport-4.2.6/lib/active_support/core_ext/numeric/conversions.rb:131:in `block (2 levels) in <class:Numeric>'
/usr/local/bundle/gems/activesupport-4.2.6/lib/active_support/core_ext/numeric/conversions.rb:131:in `block (2 levels) in <class:Numeric>'
/usr/local/bundle/gems/activesupport-4.2.6/lib/active_support/core_ext/numeric/conversions.rb:131:in `block (2 levels) in <class:Numeric>'
/usr/local/bundle/gems/activesupport-4.2.6/lib/active_support/core_ext/numeric/conversions.rb:131:in `block (2 levels) in <class:Numeric>'
/usr/local/bundle/gems/activesupport-4.2.6/lib/active_support/core_ext/numeric/conversions.rb:131:in `block (2 levels) in <class:Numeric>'
/usr/local/bundle/gems/activesupport-4.2.6/lib/active_support/core_ext/numeric/conversions.rb:131:in `block (2 levels) in <class:Numeric>'
/usr/local/bundle/gems/activesupport-4.2.6/lib/active_support/core_ext/numeric/conversions.rb:131:in `block (2 levels) in <class:Numeric>'
/usr/local/bundle/gems/activesupport-4.2.6/lib/active_support/core_ext/numeric/conversions.rb:131:in `block (2 levels) in <class:Numeric>'
/usr/local/bundle/gems/activesupport-4.2.6/lib/active_support/core_ext/numeric/conversions.rb:131:in `block (2 levels) in <class:Numeric>'
/usr/local/bundle/gems/activesupport-4.2.6/lib/active_support/core_ext/numeric/conversions.rb:131:in `block (2 levels) in <class:Numeric>'
/usr/local/bundle/gems/activesupport-4.2.6/lib/active_support/core_ext/numeric/conversions.rb:131:in `block (2 levels) in <class:Numeric>'
/usr/local/bundle/gems/activesupport-4.2.6/lib/active_support/core_ext/numeric/conversions.rb:131:in `block (2 levels) in <class:Numeric>'
/usr/local/bundle/gems/activesupport-4.2.6/lib/active_support/core_ext/numeric/conversions.rb:131:in `block (2 levels) in <class:Numeric>'
/usr/local/bundle/gems/activesupport-4.2.6/lib/active_support/core_ext/numeric/conversions.rb:131:in `block (2 levels) in <class:Numeric>'
/usr/local/bundle/gems/activesupport-4.2.6/lib/active_support/core_ext/numeric/conversions.rb:131:in `block (2 levels) in <class:Numeric>'
/usr/local/bundle/gems/activesupport-4.2.6/lib/active_support/core_ext/numeric/conversions.rb:131:in `block (2 levels) in <class:Numeric>'
/usr/local/bundle/gems/activesupport-4.2.6/lib/active_support/core_ext/numeric/conversions.rb:131:in `block (2 levels) in <class:Numeric>'
/usr/local/bundle/gems/activesupport-4.2.6/lib/active_support/core_ext/numeric/conversions.rb:131:in `block (2 levels) in <class:Numeric>'
/usr/local/bundle/gems/activesupport-4.2.6/lib/active_support/core_ext/numeric/conversions.rb:131:in `block (2 levels) in <class:Numeric>'
/usr/local/bundle/gems/activesupport-4.2.6/lib/active_support/core_ext/numeric/conversions.rb:131:in `block (2 levels) in <class:Numeric>'
/usr/local/bundle/gems/activesupport-4.2.6/lib/active_support/core_ext/numeric/conversions.rb:131:in `block (2 levels) in <class:Numeric>'
/usr/local/bundle/gems/activesupport-4.2.6/lib/active_support/core_ext/numeric/conversions.rb:131:in `block (2 levels) in <class:Numeric>'
/usr/local/bundle/gems/activesupport-4.2.6/lib/active_support/core_ext/numeric/conversions.rb:131:in `block (2 levels) in <class:Numeric>'
/usr/local/bundle/gems/activesupport-4.2.6/lib/active_support/core_ext/numeric/conversions.rb:131:in `block (2 levels) in <class:Numeric>'
/usr/local/bundle/gems/activesupport-4.2.6/lib/active_support/core_ext/numeric/conversions.rb:131:in `block (2 levels) in <class:Numeric>'
/usr/local/bundle/gems/activesupport-4.2.6/lib/active_support/core_ext/numeric/conversions.rb:131:in `block (2 levels) in <class:Numeric>'
/usr/local/bundle/gems/activesupport-4.2.6/lib/active_support/core_ext/numeric/conversions.rb:131:in `block (2 levels) in <class:Numeric>'
/usr/local/bundle/gems/activesupport-4.2.6/lib/active_support/core_ext/numeric/conversions.rb:131:in `block (2 levels) in <class:Numeric>'
/usr/local/bundle/gems/activesupport-4.2.6/lib/active_support/core_ext/numeric/conversions.rb:131:in `block (2 levels) in <class:Numeric>'
/usr/local/bundle/gems/activesupport-4.2.6/lib/active_support/core_ext/numeric/conversions.rb:131:in `block (2 levels) in <class:Numeric>'
/usr/local/bundle/gems/activesupport-4.2.6/lib/active_support/core_ext/numeric/conversions.rb:131:in `block (2 levels) in <class:Numeric>'
/usr/local/bundle/gems/activesupport-4.2.6/lib/active_support/core_ext/numeric/conversions.rb:131:in `block (2 levels) in <class:Numeric>'
/usr/local/bundle/gems/activesupport-4.2.6/lib/active_support/core_ext/numeric/conversions.rb:131:in `block (2 levels) in <class:Numeric>'
/usr/local/bundle/gems/activesupport-4.2.6/lib/active_support/core_ext/numeric/conversions.rb:131:in `block (2 levels) in <class:Numeric>'
/usr/local/bundle/gems/activesupport-4.2.6/lib/active_support/core_ext/numeric/conversions.rb:131:in `block (2 levels) in <class:Numeric>'
/usr/local/bundle/gems/activesupport-4.2.6/lib/active_support/core_ext/numeric/conversions.rb:131:in `block (2 levels) in <class:Numeric>'
/usr/local/bundle/gems/activesupport-4.2.6/lib/active_support/core_ext/numeric/conversions.rb:131:in `block (2 levels) in <class:Numeric>'
/usr/local/bundle/gems/activesupport-4.2.6/lib/active_support/core_ext/numeric/conversions.rb:131:in `block (2 levels) in <class:Numeric>'
/usr/local/bundle/gems/activesupport-4.2.6/lib/active_support/core_ext/numeric/conversions.rb:131:in `block (2 levels) in <class:Numeric>'
/usr/local/bundle/gems/activesupport-4.2.6/lib/active_support/core_ext/numeric/conversions.rb:131:in `block (2 levels) in <class:Numeric>'
/usr/local/bundle/gems/activesupport-4.2.6/lib/active_support/core_ext/numeric/conversions.rb:131:in `block (2 levels) in <class:Numeric>'
/usr/local/bundle/gems/activesupport-4.2.6/lib/active_support/core_ext/numeric/conversions.rb:131:in `block (2 levels) in <class:Numeric>'
/usr/local/bundle/gems/activesupport-4.2.6/lib/active_support/core_ext/numeric/conversions.rb:131:in `block (2 levels) in <class:Numeric>'
/usr/local/bundle/gems/activesupport-4.2.6/lib/active_support/core_ext/numeric/conversions.rb:131:in `block (2 levels) in <class:Numeric>'
/usr/local/bundle/gems/activesupport-4.2.6/lib/active_support/core_ext/numeric/conversions.rb:131:in `block (2 levels) in <class:Numeric>'
/usr/local/bundle/gems/activesupport-4.2.6/lib/active_support/core_ext/numeric/conversions.rb:131:in `block (2 levels) in <class:Numeric>'
/usr/local/bundle/gems/activesupport-4.2.6/lib/active_support/core_ext/numeric/conversions.rb:131:in `block (2 levels) in <class:Numeric>'
/usr/local/bundle/gems/activesupport-4.2.6/lib/active_support/core_ext/numeric/conversions.rb:131:in `block (2 levels) in <class:Numeric>'
/usr/local/bundle/gems/activesupport-4.2.6/lib/active_support/core_ext/numeric/conversions.rb:131:in `block (2 levels) in <class:Numeric>'
/usr/local/bundle/gems/activesupport-4.2.6/lib/active_support/core_ext/numeric/conversions.rb:131:in `block (2 levels) in <class:Numeric>'
/usr/local/bundle/gems/activesupport-4.2.6/lib/active_support/core_ext/numeric/conversions.rb:131:in `block (2 levels) in <class:Numeric>'
/usr/local/bundle/gems/activesupport-4.2.6/lib/active_support/core_ext/numeric/conversions.rb:131:in `block (2 levels) in <class:Numeric>'
/usr/local/bundle/gems/activesupport-4.2.6/lib/active_support/core_ext/numeric/conversions.rb:131:in `block (2 levels) in <class:Numeric>'
/usr/local/bundle/gems/activesupport-4.2.6/lib/active_support/core_ext/numeric/conversions.rb:131:in `block (2 levels) in <class:Numeric>'
/usr/local/bundle/gems/activesupport-4.2.6/lib/active_support/core_ext/numeric/conversions.rb:131:in `block (2 levels) in <class:Numeric>'
/usr/local/bundle/gems/activesupport-4.2.6/lib/active_support/core_ext/numeric/conversions.rb:131:in `block (2 levels) in <class:Numeric>'
/usr/local/bundle/gems/activesupport-4.2.6/lib/active_support/core_ext/numeric/conversions.rb:131:in `block (2 levels) in <class:Numeric>'
/usr/local/bundle/gems/activesupport-4.2.6/lib/active_support/core_ext/numeric/conversions.rb:131:in `block (2 levels) in <class:Numeric>'
/usr/local/bundle/gems/activesupport-4.2.6/lib/active_support/core_ext/numeric/conversions.rb:131:in `block (2 levels) in <class:Numeric>'
/usr/local/bundle/gems/activesupport-4.2.6/lib/active_support/core_ext/numeric/conversions.rb:131:in `block (2 levels) in <class:Numeric>'
/usr/local/bundle/gems/activesupport-4.2.6/lib/active_support/core_ext/numeric/conversions.rb:131:in `block (2 levels) in <class:Numeric>'
/usr/local/bundle/gems/activesupport-4.2.6/lib/active_support/core_ext/numeric/conversions.rb:131:in `block (2 levels) in <class:Numeric>'
/usr/local/bundle/gems/activesupport-4.2.6/lib/active_support/core_ext/numeric/conversions.rb:131:in `block (2 levels) in <class:Numeric>'
/usr/local/bundle/gems/activesupport-4.2.6/lib/active_support/core_ext/numeric/conversions.rb:131:in `block (2 levels) in <class:Numeric>'
/usr/local/bundle/gems/activesupport-4.2.6/lib/active_support/core_ext/numeric/conversions.rb:131:in `block (2 levels) in <class:Numeric>'
/usr/local/bundle/gems/activesupport-4.2.6/lib/active_support/core_ext/numeric/conversions.rb:131:in `block (2 levels) in <class:Numeric>'
/usr/local/bundle/gems/activesupport-4.2.6/lib/active_support/core_ext/numeric/conversions.rb:131:in `block (2 levels) in <class:Numeric>'
/usr/local/bundle/gems/activesupport-4.2.6/lib/active_support/core_ext/numeric/conversions.rb:131:in `block (2 levels) in <class:Numeric>'
/usr/local/bundle/gems/activesupport-4.2.6/lib/active_support/core_ext/numeric/conversions.rb:131:in `block (2 levels) in <class:Numeric>'
/usr/local/bundle/gems/activesupport-4.2.6/lib/active_support/core_ext/numeric/conversions.rb:131:in `block (2 levels) in <class:Numeric>'
/usr/local/bundle/gems/activesupport-4.2.6/lib/active_support/core_ext/numeric/conversions.rb:131:in `block (2 levels) in <class:Numeric>'
/usr/local/bundle/gems/activesupport-4.2.6/lib/active_support/core_ext/numeric/conversions.rb:131:in `block (2 levels) in <class:Numeric>'
/usr/local/bundle/gems/activesupport-4.2.6/lib/active_support/core_ext/numeric/conversions.rb:131:in `block (2 levels) in <class:Numeric>'
/usr/local/bundle/gems/activesupport-4.2.6/lib/active_support/core_ext/numeric/conversions.rb:131:in `block (2 levels) in <class:Numeric>'
/usr/local/bundle/gems/activesupport-4.2.6/lib/active_support/core_ext/numeric/conversions.rb:131:in `block (2 levels) in <class:Numeric>'
/usr/local/bundle/gems/activesupport-4.2.6/lib/active_support/core_ext/numeric/conversions.rb:131:in `block (2 levels) in <class:Numeric>'
/usr/local/bundle/gems/activesupport-4.2.6/lib/active_support/core_ext/numeric/conversions.rb:131:in `block (2 levels) in <class:Numeric>'
/usr/local/bundle/gems/activesupport-4.2.6/lib/active_support/core_ext/numeric/conversions.rb:131:in `block (2 levels) in <class:Numeric>'
/usr/local/bundle/gems/activesupport-4.2.6/lib/active_support/core_ext/numeric/conversions.rb:131:in `block (2 levels) in <class:Numeric>'
/usr/local/bundle/gems/activesupport-4.2.6/lib/active_support/core_ext/numeric/conversions.rb:131:in `block (2 levels) in <class:Numeric>'
/usr/local/bundle/gems/activesupport-4.2.6/lib/active_support/core_ext/numeric/conversions.rb:131:in `block (2 levels) in <class:Numeric>'
/usr/local/bundle/gems/activesupport-4.2.6/lib/active_support/core_ext/numeric/conversions.rb:131:in `block (2 levels) in <class:Numeric>'
/usr/local/bundle/gems/activesupport-4.2.6/lib/active_support/core_ext/numeric/conversions.rb:131:in `block (2 levels) in <class:Numeric>'
/usr/local/bundle/gems/activesupport-4.2.6/lib/active_support/core_ext/numeric/conversions.rb:131:in `block (2 levels) in <class:Numeric>'
/usr/local/bundle/gems/activesupport-4.2.6/lib/active_support/core_ext/numeric/conversions.rb:131:in `block (2 levels) in <class:Numeric>'
/usr/local/bundle/gems/activesupport-4.2.6/lib/active_support/core_ext/numeric/conversions.rb:131:in `block (2 levels) in <class:Numeric>'
/usr/local/bundle/gems/activesupport-4.2.6/lib/active_support/core_ext/numeric/conversions.rb:131:in `block (2 levels) in <class:Numeric>'
/usr/local/bundle/gems/activesupport-4.2.6/lib/active_support/core_ext/numeric/conversions.rb:131:in `block (2 levels) in <class:Numeric>'
/usr/local/bundle/gems/activesupport-4.2.6/lib/active_support/core_ext/numeric/conversions.rb:131:in `block (2 levels) in <class:Numeric>'
/usr/local/bundle/gems/activesupport-4.2.6/lib/active_support/core_ext/numeric/conversions.rb:131:in `block (2 levels) in <class:Numeric>'
/usr/local/bundle/gems/activesupport-4.2.6/lib/active_support/core_ext/numeric/conversions.rb:131:in `block (2 levels) in <class:Numeric>'
/usr/local/bundle/gems/activesupport-4.2.6/lib/active_support/core_ext/numeric/conversions.rb:131:in `block (2 levels) in <class:Numeric>'
/usr/local/bundle/gems/activesupport-4.2.6/lib/active_support/core_ext/numeric/conversions.rb:131:in `block (2 levels) in <class:Numeric>'
/usr/local/bundle/gems/activesupport-4.2.6/lib/active_support/core_ext/numeric/conversions.rb:131:in `block (2 levels) in <class:Numeric>'
/usr/local/bundle/gems/activesupport-4.2.6/lib/active_support/core_ext/numeric/conversions.rb:131:in `block (2 levels) in <class:Numeric>'
/usr/local/bundle/gems/activesupport-4.2.6/lib/active_support/core_ext/numeric/conversions.rb:131:in `block (2 levels) in <class:Numeric>'
/usr/local/bundle/gems/activesupport-4.2.6/lib/active_support/core_ext/numeric/conversions.rb:131:in `block (2 levels) in <class:Numeric>'
/usr/local/bundle/gems/activesupport-4.2.6/lib/active_support/core_ext/numeric/conversions.rb:131:in `block (2 levels) in <class:Numeric>'
/usr/local/bundle/gems/activesupport-4.2.6/lib/active_support/core_ext/numeric/conversions.rb:131:in `block (2 levels) in <class:Numeric>'
/usr/local/bundle/gems/activesupport-4.2.6/lib/active_support/core_ext/numeric/conversions.rb:131:in `block (2 levels) in <class:Numeric>'
/usr/local/bundle/gems/activesupport-4.2.6/lib/active_support/core_ext/numeric/conversions.rb:131:in `block (2 levels) in <class:Numeric>'
/usr/local/bundle/gems/activesupport-4.2.6/lib/active_support/core_ext/numeric/conversions.rb:131:in `block (2 levels) in <class:Numeric>'
/usr/local/bundle/gems/activesupport-4.2.6/lib/active_support/core_ext/numeric/conversions.rb:131:in `block (2 levels) in <class:Numeric>'
/usr/local/bundle/gems/activesupport-4.2.6/lib/active_support/core_ext/numeric/conversions.rb:131:in `block (2 levels) in <class:Numeric>'
/usr/local/bundle/gems/activesupport-4.2.6/lib/active_support/core_ext/numeric/conversions.rb:131:in `block (2 levels) in <class:Numeric>'
/usr/local/bundle/gems/activesupport-4.2.6/lib/active_support/core_ext/numeric/conversions.rb:131:in `block (2 levels) in <class:Numeric>'
/usr/local/bundle/gems/activesupport-4.2.6/lib/active_support/core_ext/numeric/conversions.rb:131:in `block (2 levels) in <class:Numeric>'
/usr/local/bundle/gems/activesupport-4.2.6/lib/active_support/core_ext/numeric/conversions.rb:131:in `block (2 levels) in <class:Numeric>'
/usr/local/bundle/gems/activesupport-4.2.6/lib/active_support/core_ext/numeric/conversions.rb:131:in `block (2 levels) in <class:Numeric>'
/usr/local/bundle/gems/activesupport-4.2.6/lib/active_support/core_ext/numeric/conversions.rb:131:in `block (2 levels) in <class:Numeric>'
/usr/local/bundle/gems/activesupport-4.2.6/lib/active_support/core_ext/numeric/conversions.rb:131:in `block (2 levels) in <class:Numeric>'
/usr/local/bundle/gems/activesupport-4.2.6/lib/active_support/core_ext/numeric/conversions.rb:131:in `block (2 levels) in <class:Numeric>'
/usr/local/bundle/gems/activesupport-4.2.6/lib/active_support/core_ext/numeric/conversions.rb:131:in `block (2 levels) in <class:Numeric>'
/usr/local/bundle/gems/activesupport-4.2.6/lib/active_support/core_ext/numeric/conversions.rb:131:in `block (2 levels) in <class:Numeric>'
/usr/local/bundle/gems/activesupport-4.2.6/lib/active_support/core_ext/numeric/conversions.rb:131:in `block (2 levels) in <class:Numeric>'
/usr/local/bundle/gems/activesupport-4.2.6/lib/active_support/core_ext/numeric/conversions.rb:131:in `block (2 levels) in <class:Numeric>'
/usr/local/bundle/gems/activesupport-4.2.6/lib/active_support/core_ext/numeric/conversions.rb:131:in `block (2 levels) in <class:Numeric>'
/usr/local/bundle/gems/activesupport-4.2.6/lib/active_support/core_ext/numeric/conversions.rb:131:in `block (2 levels) in <class:Numeric>'
/usr/local/bundle/gems/activesupport-4.2.6/lib/active_support/core_ext/numeric/conversions.rb:131:in `block (2 levels) in <class:Numeric>'
/usr/local/bundle/gems/activesupport-4.2.6/lib/active_support/core_ext/numeric/conversions.rb:131:in `block (2 levels) in <class:Numeric>'
/usr/local/bundle/gems/activesupport-4.2.6/lib/active_support/core_ext/numeric/conversions.rb:131:in `block (2 levels) in <class:Numeric>'
/usr/local/bundle/gems/activesupport-4.2.6/lib/active_support/core_ext/numeric/conversions.rb:131:in `block (2 levels) in <class:Numeric>'
/usr/local/bundle/gems/activesupport-4.2.6/lib/active_support/core_ext/numeric/conversions.rb:131:in `block (2 levels) in <class:Numeric>'
/usr/local/bundle/gems/activesupport-4.2.6/lib/active_support/core_ext/numeric/conversions.rb:131:in `block (2 levels) in <class:Numeric>'
/usr/local/bundle/gems/activesupport-4.2.6/lib/active_support/core_ext/numeric/conversions.rb:131:in `block (2 levels) in <class:Numeric>'
/usr/local/bundle/gems/activesupport-4.2.6/lib/active_support/core_ext/numeric/conversions.rb:131:in `block (2 levels) in <class:Numeric>'
/usr/local/bundle/gems/activesupport-4.2.6/lib/active_support/core_ext/numeric/conversions.rb:131:in `block (2 levels) in <class:Numeric>'
/usr/local/bundle/gems/activesupport-4.2.6/lib/active_support/core_ext/numeric/conversions.rb:131:in `block (2 levels) in <class:Numeric>'
/usr/local/bundle/gems/activesupport-4.2.6/lib/active_support/core_ext/numeric/conversions.rb:131:in `block (2 levels) in <class:Numeric>'
/usr/local/bundle/gems/activesupport-4.2.6/lib/active_support/core_ext/numeric/conversions.rb:131:in `block (2 levels) in <class:Numeric>'
/usr/local/bundle/gems/activesupport-4.2.6/lib/active_support/core_ext/numeric/conversions.rb:131:in `block (2 levels) in <class:Numeric>'
/usr/local/bundle/gems/activesupport-4.2.6/lib/active_support/core_ext/numeric/conversions.rb:131:in `block (2 levels) in <class:Numeric>'
/usr/local/bundle/gems/activesupport-4.2.6/lib/active_support/core_ext/numeric/conversions.rb:131:in `block (2 levels) in <class:Numeric>'
/usr/local/bundle/gems/activesupport-4.2.6/lib/active_support/core_ext/numeric/conversions.rb:131:in `block (2 levels) in <class:Numeric>'
/usr/local/bundle/gems/activesupport-4.2.6/lib/active_support/core_ext/numeric/conversions.rb:131:in `block (2 levels) in <class:Numeric>'
/usr/local/bundle/gems/activesupport-4.2.6/lib/active_support/core_ext/numeric/conversions.rb:131:in `block (2 levels) in <class:Numeric>'
/usr/local/bundle/gems/activesupport-4.2.6/lib/active_support/core_ext/numeric/conversions.rb:131:in `block (2 levels) in <class:Numeric>'
/usr/local/bundle/gems/activesupport-4.2.6/lib/active_support/core_ext/numeric/conversions.rb:131:in `block (2 levels) in <class:Numeric>'
/usr/local/bundle/gems/activesupport-4.2.6/lib/active_support/core_ext/numeric/conversions.rb:131:in `block (2 levels) in <class:Numeric>'
/usr/local/bundle/gems/activesupport-4.2.6/lib/active_support/core_ext/numeric/conversions.rb:131:in `block (2 levels) in <class:Numeric>'
/usr/local/bundle/gems/activesupport-4.2.6/lib/active_support/core_ext/numeric/conversions.rb:131:in `block (2 levels) in <class:Numeric>'
/usr/local/bundle/gems/activesupport-4.2.6/lib/active_support/core_ext/numeric/conversions.rb:131:in `block (2 levels) in <class:Numeric>'
/usr/local/bundle/gems/activesupport-4.2.6/lib/active_support/core_ext/numeric/conversions.rb:131:in `block (2 levels) in <class:Numeric>'
/usr/local/bundle/gems/activesupport-4.2.6/lib/active_support/core_ext/numeric/conversions.rb:131:in `block (2 levels) in <class:Numeric>'
/usr/local/bundle/gems/activesupport-4.2.6/lib/active_support/core_ext/numeric/conversions.rb:131:in `block (2 levels) in <class:Numeric>'
/usr/local/bundle/gems/activesupport-4.2.6/lib/active_support/core_ext/numeric/conversions.rb:131:in `block (2 levels) in <class:Numeric>'
/usr/local/bundle/gems/activesupport-4.2.6/lib/active_support/core_ext/numeric/conversions.rb:131:in `block (2 levels) in <class:Numeric>'
/usr/local/bundle/gems/activesupport-4.2.6/lib/active_support/core_ext/numeric/conversions.rb:131:in `block (2 levels) in <class:Numeric>'
/usr/local/bundle/gems/activesupport-4.2.6/lib/active_support/core_ext/numeric/conversions.rb:131:in `block (2 levels) in <class:Numeric>'
/usr/local/bundle/gems/activesupport-4.2.6/lib/active_support/core_ext/numeric/conversions.rb:131:in `block (2 levels) in <class:Numeric>'
/usr/local/bundle/gems/activesupport-4.2.6/lib/active_support/core_ext/numeric/conversions.rb:131:in `block (2 levels) in <class:Numeric>'
/usr/local/bundle/gems/activesupport-4.2.6/lib/active_support/core_ext/numeric/conversions.rb:131:in `block (2 levels) in <class:Numeric>'
/usr/local/bundle/gems/activesupport-4.2.6/lib/active_support/core_ext/numeric/conversions.rb:131:in `block (2 levels) in <class:Numeric>'
/usr/local/bundle/gems/activesupport-4.2.6/lib/active_support/core_ext/numeric/conversions.rb:131:in `block (2 levels) in <class:Numeric>'
/usr/local/bundle/gems/activesupport-4.2.6/lib/active_support/core_ext/numeric/conversions.rb:131:in `block (2 levels) in <class:Numeric>'
/usr/local/bundle/gems/activesupport-4.2.6/lib/active_support/core_ext/numeric/conversions.rb:131:in `block (2 levels) in <class:Numeric>'
/usr/local/bundle/gems/activesupport-4.2.6/lib/active_support/core_ext/numeric/conversions.rb:131:in `block (2 levels) in <class:Numeric>'
/usr/local/bundle/gems/activesupport-4.2.6/lib/active_support/core_ext/numeric/conversions.rb:131:in `block (2 levels) in <class:Numeric>'
/usr/local/bundle/gems/activesupport-4.2.6/lib/active_support/core_ext/numeric/conversions.rb:131:in `block (2 levels) in <class:Numeric>'
/usr/local/bundle/gems/activesupport-4.2.6/lib/active_support/core_ext/numeric/conversions.rb:131:in `block (2 levels) in <class:Numeric>'
/usr/local/bundle/gems/activesupport-4.2.6/lib/active_support/core_ext/numeric/conversions.rb:131:in `block (2 levels) in <class:Numeric>'
/usr/local/bundle/gems/activesupport-4.2.6/lib/active_support/core_ext/numeric/conversions.rb:131:in `block (2 levels) in <class:Numeric>'
/usr/local/bundle/gems/activesupport-4.2.6/lib/active_support/core_ext/numeric/conversions.rb:131:in `block (2 levels) in <class:Numeric>'
/usr/local/bundle/gems/activesupport-4.2.6/lib/active_support/core_ext/numeric/conversions.rb:131:in `block (2 levels) in <class:Numeric>'
/usr/local/bundle/gems/activesupport-4.2.6/lib/active_support/core_ext/numeric/conversions.rb:131:in `block (2 levels) in <class:Numeric>'
/usr/local/bundle/gems/activesupport-4.2.6/lib/active_support/core_ext/numeric/conversions.rb:131:in `block (2 levels) in <class:Numeric>'
/usr/local/bundle/gems/activesupport-4.2.6/lib/active_support/core_ext/numeric/conversions.rb:131:in `block (2 levels) in <class:Numeric>'
/usr/local/bundle/gems/activesupport-4.2.6/lib/active_support/core_ext/numeric/conversions.rb:131:in `block (2 levels) in <class:Numeric>'
/usr/local/bundle/gems/activesupport-4.2.6/lib/active_support/core_ext/numeric/conversions.rb:131:in `block (2 levels) in <class:Numeric>'
/usr/local/bundle/gems/activesupport-4.2.6/lib/active_support/core_ext/numeric/conversions.rb:131:in `block (2 levels) in <class:Numeric>'
/usr/local/bundle/gems/activesupport-4.2.6/lib/active_support/core_ext/numeric/conversions.rb:131:in `block (2 levels) in <class:Numeric>'
/usr/local/bundle/gems/activesupport-4.2.6/lib/active_support/core_ext/numeric/conversions.rb:131:in `block (2 levels) in <class:Numeric>'
/usr/local/bundle/gems/activesupport-4.2.6/lib/active_support/core_ext/numeric/conversions.rb:131:in `block (2 levels) in <class:Numeric>'
/usr/local/bundle/gems/activesupport-4.2.6/lib/active_support/core_ext/numeric/conversions.rb:131:in `block (2 levels) in <class:Numeric>'
/usr/local/bundle/gems/activesupport-4.2.6/lib/active_support/core_ext/numeric/conversions.rb:131:in `block (2 levels) in <class:Numeric>'
/usr/local/bundle/gems/activesupport-4.2.6/lib/active_support/core_ext/numeric/conversions.rb:131:in `block (2 levels) in <class:Numeric>'
/usr/local/bundle/gems/activesupport-4.2.6/lib/active_support/core_ext/numeric/conversions.rb:131:in `block (2 levels) in <class:Numeric>'
/usr/local/bundle/gems/activesupport-4.2.6/lib/active_support/core_ext/numeric/conversions.rb:131:in `block (2 levels) in <class:Numeric>'
/usr/local/bundle/gems/activesupport-4.2.6/lib/active_support/core_ext/numeric/conversions.rb:131:in `block (2 levels) in <class:Numeric>'
/usr/local/bundle/gems/activesupport-4.2.6/lib/active_support/core_ext/numeric/conversions.rb:131:in `block (2 levels) in <class:Numeric>'
/usr/local/bundle/gems/activesupport-4.2.6/lib/active_support/core_ext/numeric/conversions.rb:131:in `block (2 levels) in <class:Numeric>'
/usr/local/bundle/gems/activesupport-4.2.6/lib/active_support/core_ext/numeric/conversions.rb:131:in `block (2 levels) in <class:Numeric>'
/usr/local/bundle/gems/activesupport-4.2.6/lib/active_support/core_ext/numeric/conversions.rb:131:in `block (2 levels) in <class:Numeric>'
/usr/local/bundle/gems/activesupport-4.2.6/lib/active_support/core_ext/numeric/conversions.rb:131:in `block (2 levels) in <class:Numeric>'
/usr/local/bundle/gems/activesupport-4.2.6/lib/active_support/core_ext/numeric/conversions.rb:131:in `block (2 levels) in <class:Numeric>'
/usr/local/bundle/gems/activesupport-4.2.6/lib/active_support/core_ext/numeric/conversions.rb:131:in `block (2 levels) in <class:Numeric>'
/usr/local/bundle/gems/activesupport-4.2.6/lib/active_support/core_ext/numeric/conversions.rb:131:in `block (2 levels) in <class:Numeric>'
/usr/local/bundle/gems/activesupport-4.2.6/lib/active_support/core_ext/numeric/conversions.rb:131:in `block (2 levels) in <class:Numeric>'
/usr/local/bundle/gems/activesupport-4.2.6/lib/active_support/core_ext/numeric/conversions.rb:131:in `block (2 levels) in <class:Numeric>'
/usr/local/bundle/gems/activesupport-4.2.6/lib/active_support/core_ext/numeric/conversions.rb:131:in `block (2 levels) in <class:Numeric>'
/usr/local/bundle/gems/activesupport-4.2.6/lib/active_support/core_ext/numeric/conversions.rb:131:in `block (2 levels) in <class:Numeric>'
/usr/local/bundle/gems/activesupport-4.2.6/lib/active_support/core_ext/numeric/conversions.rb:131:in `block (2 levels) in <class:Numeric>'
/usr/local/bundle/gems/activesupport-4.2.6/lib/active_support/core_ext/numeric/conversions.rb:131:in `block (2 levels) in <class:Numeric>'
/usr/local/bundle/gems/activesupport-4.2.6/lib/active_support/core_ext/numeric/conversions.rb:131:in `block (2 levels) in <class:Numeric>'
/usr/local/bundle/gems/activesupport-4.2.6/lib/active_support/core_ext/numeric/conversions.rb:131:in `block (2 levels) in <class:Numeric>'
/usr/local/bundle/gems/activesupport-4.2.6/lib/active_support/core_ext/numeric/conversions.rb:131:in `block (2 levels) in <class:Numeric>'
/usr/local/bundle/gems/activesupport-4.2.6/lib/active_support/core_ext/numeric/conversions.rb:131:in `block (2 levels) in <class:Numeric>'
/usr/local/bundle/gems/activesupport-4.2.6/lib/active_support/core_ext/numeric/conversions.rb:131:in `block (2 levels) in <class:Numeric>'
/usr/local/bundle/gems/activesupport-4.2.6/lib/active_support/core_ext/numeric/conversions.rb:131:in `block (2 levels) in <class:Numeric>'
/usr/local/bundle/gems/activesupport-4.2.6/lib/active_support/core_ext/numeric/conversions.rb:131:in `block (2 levels) in <class:Numeric>'
/usr/local/bundle/gems/activesupport-4.2.6/lib/active_support/core_ext/numeric/conversions.rb:131:in `block (2 levels) in <class:Numeric>'
/usr/local/bundle/gems/activesupport-4.2.6/lib/active_support/core_ext/numeric/conversions.rb:131:in `block (2 levels) in <class:Numeric>'
/usr/local/bundle/gems/activesupport-4.2.6/lib/active_support/core_ext/numeric/conversions.rb:131:in `block (2 levels) in <class:Numeric>'
/usr/local/bundle/gems/activesupport-4.2.6/lib/active_support/core_ext/numeric/conversions.rb:131:in `block (2 levels) in <class:Numeric>'
/usr/local/bundle/gems/activesupport-4.2.6/lib/active_support/core_ext/numeric/conversions.rb:131:in `block (2 levels) in <class:Numeric>'
/usr/local/bundle/gems/activesupport-4.2.6/lib/active_support/core_ext/numeric/conversions.rb:131:in `block (2 levels) in <class:Numeric>'
/usr/local/bundle/gems/activesupport-4.2.6/lib/active_support/core_ext/numeric/conversions.rb:131:in `block (2 levels) in <class:Numeric>'
/usr/local/bundle/gems/activesupport-4.2.6/lib/active_support/core_ext/numeric/conversions.rb:131:in `block (2 levels) in <class:Numeric>'
/usr/local/bundle/gems/activesupport-4.2.6/lib/active_support/core_ext/numeric/conversions.rb:131:in `block (2 levels) in <class:Numeric>'
/usr/local/bundle/gems/activesupport-4.2.6/lib/active_support/core_ext/numeric/conversions.rb:131:in `block (2 levels) in <class:Numeric>'
/usr/local/bundle/gems/activesupport-4.2.6/lib/active_support/core_ext/numeric/conversions.rb:131:in `block (2 levels) in <class:Numeric>'
/usr/local/bundle/gems/activesupport-4.2.6/lib/active_support/core_ext/numeric/conversions.rb:131:in `block (2 levels) in <class:Numeric>'
/usr/local/bundle/gems/activesupport-4.2.6/lib/active_support/core_ext/numeric/conversions.rb:131:in `block (2 levels) in <class:Numeric>'
/usr/local/bundle/gems/activesupport-4.2.6/lib/active_support/core_ext/numeric/conversions.rb:131:in `block (2 levels) in <class:Numeric>'
/usr/local/bundle/gems/activesupport-4.2.6/lib/active_support/core_ext/numeric/conversions.rb:131:in `block (2 levels) in <class:Numeric>'
/usr/local/bundle/gems/activesupport-4.2.6/lib/active_support/core_ext/numeric/conversions.rb:131:in `block (2 levels) in <class:Numeric>'
/usr/local/bundle/gems/activesupport-4.2.6/lib/active_support/core_ext/numeric/conversions.rb:131:in `block (2 levels) in <class:Numeric>'
/usr/local/bundle/gems/activesupport-4.2.6/lib/active_support/core_ext/numeric/conversions.rb:131:in `block (2 levels) in <class:Numeric>'
/usr/local/bundle/gems/activesupport-4.2.6/lib/active_support/core_ext/numeric/conversions.rb:131:in `block (2 levels) in <class:Numeric>'
/usr/local/bundle/gems/activesupport-4.2.6/lib/active_support/core_ext/numeric/conversions.rb:131:in `block (2 levels) in <class:Numeric>'
/usr/local/bundle/gems/activesupport-4.2.6/lib/active_support/core_ext/numeric/conversions.rb:131:in `block (2 levels) in <class:Numeric>'
/usr/local/bundle/gems/activesupport-4.2.6/lib/active_support/core_ext/numeric/conversions.rb:131:in `block (2 levels) in <class:Numeric>'
/usr/local/bundle/gems/activesupport-4.2.6/lib/active_support/core_ext/numeric/conversions.rb:131:in `block (2 levels) in <class:Numeric>'
/usr/local/bundle/gems/activesupport-4.2.6/lib/active_support/core_ext/numeric/conversions.rb:131:in `block (2 levels) in <class:Numeric>'
/usr/local/bundle/gems/activesupport-4.2.6/lib/active_support/core_ext/numeric/conversions.rb:131:in `block (2 levels) in <class:Numeric>'
/usr/local/bundle/gems/activesupport-4.2.6/lib/active_support/core_ext/numeric/conversions.rb:131:in `block (2 levels) in <class:Numeric>'
/usr/local/bundle/gems/activesupport-4.2.6/lib/active_support/core_ext/numeric/conversions.rb:131:in `block (2 levels) in <class:Numeric>'
/usr/local/bundle/gems/activesupport-4.2.6/lib/active_support/core_ext/numeric/conversions.rb:131:in `block (2 levels) in <class:Numeric>'
/usr/local/bundle/gems/activesupport-4.2.6/lib/active_support/core_ext/numeric/conversions.rb:131:in `block (2 levels) in <class:Numeric>'
/usr/local/bundle/gems/activesupport-4.2.6/lib/active_support/core_ext/numeric/conversions.rb:131:in `block (2 levels) in <class:Numeric>'
/usr/local/bundle/gems/activesupport-4.2.6/lib/active_support/core_ext/numeric/conversions.rb:131:in `block (2 levels) in <class:Numeric>'
/usr/local/bundle/gems/activesupport-4.2.6/lib/active_support/core_ext/numeric/conversions.rb:131:in `block (2 levels) in <class:Numeric>'
/usr/local/bundle/gems/activesupport-4.2.6/lib/active_support/core_ext/numeric/conversions.rb:131:in `block (2 levels) in <class:Numeric>'
/usr/local/bundle/gems/activesupport-4.2.6/lib/active_support/core_ext/numeric/conversions.rb:131:in `block (2 levels) in <class:Numeric>'
/usr/local/bundle/gems/activesupport-4.2.6/lib/active_support/core_ext/numeric/conversions.rb:131:in `block (2 levels) in <class:Numeric>'
/usr/local/bundle/gems/activesupport-4.2.6/lib/active_support/core_ext/numeric/conversions.rb:131:in `block (2 levels) in <class:Numeric>'
/usr/local/bundle/gems/activesupport-4.2.6/lib/active_support/core_ext/numeric/conversions.rb:131:in `block (2 levels) in <class:Numeric>'
/usr/local/bundle/gems/activesupport-4.2.6/lib/active_support/core_ext/numeric/conversions.rb:131:in `block (2 levels) in <class:Numeric>'
/usr/local/bundle/gems/activesupport-4.2.6/lib/active_support/core_ext/numeric/conversions.rb:131:in `block (2 levels) in <class:Numeric>'
/usr/local/bundle/gems/activesupport-4.2.6/lib/active_support/core_ext/numeric/conversions.rb:131:in `block (2 levels) in <class:Numeric>'
/usr/local/bundle/gems/activesupport-4.2.6/lib/active_support/core_ext/numeric/conversions.rb:131:in `block (2 levels) in <class:Numeric>'
/usr/local/bundle/gems/activesupport-4.2.6/lib/active_support/core_ext/numeric/conversions.rb:131:in `block (2 levels) in <class:Numeric>'
/usr/local/bundle/gems/activesupport-4.2.6/lib/active_support/core_ext/numeric/conversions.rb:131:in `block (2 levels) in <class:Numeric>'
/usr/local/bundle/gems/activesupport-4.2.6/lib/active_support/core_ext/numeric/conversions.rb:131:in `block (2 levels) in <class:Numeric>'
/usr/local/bundle/gems/activesupport-4.2.6/lib/active_support/core_ext/numeric/conversions.rb:131:in `block (2 levels) in <class:Numeric>'
/usr/local/bundle/gems/activesupport-4.2.6/lib/active_support/core_ext/numeric/conversions.rb:131:in `block (2 levels) in <class:Numeric>'
/usr/local/bundle/gems/activesupport-4.2.6/lib/active_support/core_ext/numeric/conversions.rb:131:in `block (2 levels) in <class:Numeric>'
/usr/local/bundle/gems/activesupport-4.2.6/lib/active_support/core_ext/numeric/conversions.rb:131:in `block (2 levels) in <class:Numeric>'
/usr/local/bundle/gems/activesupport-4.2.6/lib/active_support/core_ext/numeric/conversions.rb:131:in `block (2 levels) in <class:Numeric>'
/usr/local/bundle/gems/activesupport-4.2.6/lib/active_support/core_ext/numeric/conversions.rb:131:in `block (2 levels) in <class:Numeric>'
/usr/local/bundle/gems/activesupport-4.2.6/lib/active_support/core_ext/numeric/conversions.rb:131:in `block (2 levels) in <class:Numeric>'
/usr/local/bundle/gems/activesupport-4.2.6/lib/active_support/core_ext/numeric/conversions.rb:131:in `block (2 levels) in <class:Numeric>'
/usr/local/bundle/gems/activesupport-4.2.6/lib/active_support/core_ext/numeric/conversions.rb:131:in `block (2 levels) in <class:Numeric>'
/usr/local/bundle/gems/activesupport-4.2.6/lib/active_support/core_ext/numeric/conversions.rb:131:in `block (2 levels) in <class:Numeric>'
/usr/local/bundle/gems/activesupport-4.2.6/lib/active_support/core_ext/numeric/conversions.rb:131:in `block (2 levels) in <class:Numeric>'
/usr/local/bundle/gems/activesupport-4.2.6/lib/active_support/core_ext/numeric/conversions.rb:131:in `block (2 levels) in <class:Numeric>'
/usr/local/bundle/gems/activesupport-4.2.6/lib/active_support/core_ext/numeric/conversions.rb:131:in `block (2 levels) in <class:Numeric>'
/usr/local/bundle/gems/activesupport-4.2.6/lib/active_support/core_ext/numeric/conversions.rb:131:in `block (2 levels) in <class:Numeric>'
/usr/local/bundle/gems/activesupport-4.2.6/lib/active_support/core_ext/numeric/conversions.rb:131:in `block (2 levels) in <class:Numeric>'
/usr/local/bundle/gems/activesupport-4.2.6/lib/active_support/core_ext/numeric/conversions.rb:131:in `block (2 levels) in <class:Numeric>'
/usr/local/bundle/gems/activesupport-4.2.6/lib/active_support/core_ext/numeric/conversions.rb:131:in `block (2 levels) in <class:Numeric>'
/usr/local/bundle/gems/activesupport-4.2.6/lib/active_support/core_ext/numeric/conversions.rb:131:in `block (2 levels) in <class:Numeric>'
/usr/local/bundle/gems/activesupport-4.2.6/lib/active_support/core_ext/numeric/conversions.rb:131:in `block (2 levels) in <class:Numeric>'
/usr/local/bundle/gems/activesupport-4.2.6/lib/active_support/core_ext/numeric/conversions.rb:131:in `block (2 levels) in <class:Numeric>'
/usr/local/bundle/gems/activesupport-4.2.6/lib/active_support/core_ext/numeric/conversions.rb:131:in `block (2 levels) in <class:Numeric>'
/usr/local/bundle/gems/activesupport-4.2.6/lib/active_support/core_ext/numeric/conversions.rb:131:in `block (2 levels) in <class:Numeric>'
/usr/local/bundle/gems/activesupport-4.2.6/lib/active_support/core_ext/numeric/conversions.rb:131:in `block (2 levels) in <class:Numeric>'
/usr/local/bundle/gems/activesupport-4.2.6/lib/active_support/core_ext/numeric/conversions.rb:131:in `block (2 levels) in <class:Numeric>'
/usr/local/bundle/gems/activesupport-4.2.6/lib/active_support/core_ext/numeric/conversions.rb:131:in `block (2 levels) in <class:Numeric>'
/usr/local/bundle/gems/activesupport-4.2.6/lib/active_support/core_ext/numeric/conversions.rb:131:in `block (2 levels) in <class:Numeric>'
/usr/local/bundle/gems/activesupport-4.2.6/lib/active_support/core_ext/numeric/conversions.rb:131:in `block (2 levels) in <class:Numeric>'
/usr/local/bundle/gems/activesupport-4.2.6/lib/active_support/core_ext/numeric/conversions.rb:131:in `block (2 levels) in <class:Numeric>'
/usr/local/bundle/gems/activesupport-4.2.6/lib/active_support/core_ext/numeric/conversions.rb:131:in `block (2 levels) in <class:Numeric>'
/usr/local/bundle/gems/activesupport-4.2.6/lib/active_support/core_ext/numeric/conversions.rb:131:in `block (2 levels) in <class:Numeric>'
/usr/local/bundle/gems/activesupport-4.2.6/lib/active_support/core_ext/numeric/conversions.rb:131:in `block (2 levels) in <class:Numeric>'
/usr/local/bundle/gems/activesupport-4.2.6/lib/active_support/core_ext/numeric/conversions.rb:131:in `block (2 levels) in <class:Numeric>'
/usr/local/bundle/gems/activesupport-4.2.6/lib/active_support/core_ext/numeric/conversions.rb:131:in `block (2 levels) in <class:Numeric>'
/usr/local/bundle/gems/activesupport-4.2.6/lib/active_support/core_ext/numeric/conversions.rb:131:in `block (2 levels) in <class:Numeric>'
/usr/local/bundle/gems/activesupport-4.2.6/lib/active_support/core_ext/numeric/conversions.rb:131:in `block (2 levels) in <class:Numeric>'
/usr/local/bundle/gems/activesupport-4.2.6/lib/active_support/core_ext/numeric/conversions.rb:131:in `block (2 levels) in <class:Numeric>'
/usr/local/bundle/gems/activesupport-4.2.6/lib/active_support/core_ext/numeric/conversions.rb:131:in `block (2 levels) in <class:Numeric>'
/usr/local/bundle/gems/activesupport-4.2.6/lib/active_support/core_ext/numeric/conversions.rb:131:in `block (2 levels) in <class:Numeric>'
/usr/local/bundle/gems/activesupport-4.2.6/lib/active_support/core_ext/numeric/conversions.rb:131:in `block (2 levels) in <class:Numeric>'
/usr/local/bundle/gems/activesupport-4.2.6/lib/active_support/core_ext/numeric/conversions.rb:131:in `block (2 levels) in <class:Numeric>'
/usr/local/bundle/gems/activesupport-4.2.6/lib/active_support/core_ext/numeric/conversions.rb:131:in `block (2 levels) in <class:Numeric>'
/usr/local/bundle/gems/activesupport-4.2.6/lib/active_support/core_ext/numeric/conversions.rb:131:in `block (2 levels) in <class:Numeric>'
/usr/local/bundle/gems/activesupport-4.2.6/lib/active_support/core_ext/numeric/conversions.rb:131:in `block (2 levels) in <class:Numeric>'
/usr/local/bundle/gems/activesupport-4.2.6/lib/active_support/core_ext/numeric/conversions.rb:131:in `block (2 levels) in <class:Numeric>'
/usr/local/bundle/gems/activesupport-4.2.6/lib/active_support/core_ext/numeric/conversions.rb:131:in `block (2 levels) in <class:Numeric>'
/usr/local/bundle/gems/activesupport-4.2.6/lib/active_support/core_ext/numeric/conversions.rb:131:in `block (2 levels) in <class:Numeric>'
/usr/local/bundle/gems/activesupport-4.2.6/lib/active_support/core_ext/numeric/conversions.rb:131:in `block (2 levels) in <class:Numeric>'
/usr/local/bundle/gems/activesupport-4.2.6/lib/active_support/core_ext/numeric/conversions.rb:131:in `block (2 levels) in <class:Numeric>'
/usr/local/bundle/gems/activesupport-4.2.6/lib/active_support/core_ext/numeric/conversions.rb:131:in `block (2 levels) in <class:Numeric>'
/usr/local/bundle/gems/activesupport-4.2.6/lib/active_support/core_ext/numeric/conversions.rb:131:in `block (2 levels) in <class:Numeric>'
/usr/local/bundle/gems/activesupport-4.2.6/lib/active_support/core_ext/numeric/conversions.rb:131:in `block (2 levels) in <class:Numeric>'
/usr/local/bundle/gems/activesupport-4.2.6/lib/active_support/core_ext/numeric/conversions.rb:131:in `block (2 levels) in <class:Numeric>'
/usr/local/bundle/gems/activesupport-4.2.6/lib/active_support/core_ext/numeric/conversions.rb:131:in `block (2 levels) in <class:Numeric>'
/usr/local/bundle/gems/activesupport-4.2.6/lib/active_support/core_ext/numeric/conversions.rb:131:in `block (2 levels) in <class:Numeric>'
/usr/local/bundle/gems/activesupport-4.2.6/lib/active_support/core_ext/numeric/conversions.rb:131:in `block (2 levels) in <class:Numeric>'
/usr/local/bundle/gems/activesupport-4.2.6/lib/active_support/core_ext/numeric/conversions.rb:131:in `block (2 levels) in <class:Numeric>'
/usr/local/bundle/gems/activesupport-4.2.6/lib/active_support/core_ext/numeric/conversions.rb:131:in `block (2 levels) in <class:Numeric>'
/usr/local/bundle/gems/activesupport-4.2.6/lib/active_support/core_ext/numeric/conversions.rb:131:in `block (2 levels) in <class:Numeric>'
/usr/local/bundle/gems/activesupport-4.2.6/lib/active_support/core_ext/numeric/conversions.rb:131:in `block (2 levels) in <class:Numeric>'
/usr/local/bundle/gems/activesupport-4.2.6/lib/active_support/core_ext/numeric/conversions.rb:131:in `block (2 levels) in <class:Numeric>'
/usr/local/bundle/gems/activesupport-4.2.6/lib/active_support/core_ext/numeric/conversions.rb:131:in `block (2 levels) in <class:Numeric>'
/usr/local/bundle/gems/activesupport-4.2.6/lib/active_support/core_ext/numeric/conversions.rb:131:in `block (2 levels) in <class:Numeric>'
/usr/local/bundle/gems/activesupport-4.2.6/lib/active_support/core_ext/numeric/conversions.rb:131:in `block (2 levels) in <class:Numeric>'
/usr/local/bundle/gems/activesupport-4.2.6/lib/active_support/core_ext/numeric/conversions.rb:131:in `block (2 levels) in <class:Numeric>'
/usr/local/bundle/gems/activesupport-4.2.6/lib/active_support/core_ext/numeric/conversions.rb:131:in `block (2 levels) in <class:Numeric>'
/usr/local/bundle/gems/activesupport-4.2.6/lib/active_support/core_ext/numeric/conversions.rb:131:in `block (2 levels) in <class:Numeric>'
/usr/local/bundle/gems/activesupport-4.2.6/lib/active_support/core_ext/numeric/conversions.rb:131:in `block (2 levels) in <class:Numeric>'
/usr/local/bundle/gems/activesupport-4.2.6/lib/active_support/core_ext/numeric/conversions.rb:131:in `block (2 levels) in <class:Numeric>'
/usr/local/bundle/gems/activesupport-4.2.6/lib/active_support/core_ext/numeric/conversions.rb:131:in `block (2 levels) in <class:Numeric>'
/usr/local/bundle/gems/activesupport-4.2.6/lib/active_support/core_ext/numeric/conversions.rb:131:in `block (2 levels) in <class:Numeric>'
/usr/local/bundle/gems/activesupport-4.2.6/lib/active_support/core_ext/numeric/conversions.rb:131:in `block (2 levels) in <class:Numeric>'
/usr/local/bundle/gems/activesupport-4.2.6/lib/active_support/core_ext/numeric/conversions.rb:131:in `block (2 levels) in <class:Numeric>'
/usr/local/bundle/gems/activesupport-4.2.6/lib/active_support/core_ext/numeric/conversions.rb:131:in `block (2 levels) in <class:Numeric>'
/usr/local/bundle/gems/activesupport-4.2.6/lib/active_support/core_ext/numeric/conversions.rb:131:in `block (2 levels) in <class:Numeric>'
/usr/local/bundle/gems/activesupport-4.2.6/lib/active_support/core_ext/numeric/conversions.rb:131:in `block (2 levels) in <class:Numeric>'
/usr/local/bundle/gems/activesupport-4.2.6/lib/active_support/core_ext/numeric/conversions.rb:131:in `block (2 levels) in <class:Numeric>'
/usr/local/bundle/gems/activesupport-4.2.6/lib/active_support/core_ext/numeric/conversions.rb:131:in `block (2 levels) in <class:Numeric>'
/usr/local/bundle/gems/activesupport-4.2.6/lib/active_support/core_ext/numeric/conversions.rb:131:in `block (2 levels) in <class:Numeric>'
/usr/local/bundle/gems/activesupport-4.2.6/lib/active_support/core_ext/numeric/conversions.rb:131:in `block (2 levels) in <class:Numeric>'
/usr/local/bundle/gems/activesupport-4.2.6/lib/active_support/core_ext/numeric/conversions.rb:131:in `block (2 levels) in <class:Numeric>'
/usr/local/bundle/gems/activesupport-4.2.6/lib/active_support/core_ext/numeric/conversions.rb:131:in `block (2 levels) in <class:Numeric>'
/usr/local/bundle/gems/activesupport-4.2.6/lib/active_support/core_ext/numeric/conversions.rb:131:in `block (2 levels) in <class:Numeric>'
/usr/local/bundle/gems/activesupport-4.2.6/lib/active_support/core_ext/numeric/conversions.rb:131:in `block (2 levels) in <class:Numeric>'
/usr/local/bundle/gems/activesupport-4.2.6/lib/active_support/core_ext/numeric/conversions.rb:131:in `block (2 levels) in <class:Numeric>'
/usr/local/bundle/gems/activesupport-4.2.6/lib/active_support/core_ext/numeric/conversions.rb:131:in `block (2 levels) in <class:Numeric>'
/usr/local/bundle/gems/activesupport-4.2.6/lib/active_support/core_ext/numeric/conversions.rb:131:in `block (2 levels) in <class:Numeric>'
/usr/local/bundle/gems/activesupport-4.2.6/lib/active_support/core_ext/numeric/conversions.rb:131:in `block (2 levels) in <class:Numeric>'
/usr/local/bundle/gems/activesupport-4.2.6/lib/active_support/core_ext/numeric/conversions.rb:131:in `block (2 levels) in <class:Numeric>'
/usr/local/bundle/gems/activesupport-4.2.6/lib/active_support/core_ext/numeric/conversions.rb:131:in `block (2 levels) in <class:Numeric>'
/usr/local/bundle/gems/activesupport-4.2.6/lib/active_support/core_ext/numeric/conversions.rb:131:in `block (2 levels) in <class:Numeric>'
/usr/local/bundle/gems/activesupport-4.2.6/lib/active_support/core_ext/numeric/conversions.rb:131:in `block (2 levels) in <class:Numeric>'
/usr/local/bundle/gems/activesupport-4.2.6/lib/active_support/core_ext/numeric/conversions.rb:131:in `block (2 levels) in <class:Numeric>'
/usr/local/bundle/gems/activesupport-4.2.6/lib/active_support/core_ext/numeric/conversions.rb:131:in `block (2 levels) in <class:Numeric>'
/usr/local/bundle/gems/activesupport-4.2.6/lib/active_support/core_ext/numeric/conversions.rb:131:in `block (2 levels) in <class:Numeric>'
/usr/local/bundle/gems/activesupport-4.2.6/lib/active_support/core_ext/numeric/conversions.rb:131:in `block (2 levels) in <class:Numeric>'
/usr/local/bundle/gems/activesupport-4.2.6/lib/active_support/core_ext/numeric/conversions.rb:131:in `block (2 levels) in <class:Numeric>'
/usr/local/bundle/gems/activesupport-4.2.6/lib/active_support/core_ext/numeric/conversions.rb:131:in `block (2 levels) in <class:Numeric>'
/usr/local/bundle/gems/activesupport-4.2.6/lib/active_support/core_ext/numeric/conversions.rb:131:in `block (2 levels) in <class:Numeric>'
/usr/local/bundle/gems/activesupport-4.2.6/lib/active_support/core_ext/numeric/conversions.rb:131:in `block (2 levels) in <class:Numeric>'
/usr/local/bundle/gems/activesupport-4.2.6/lib/active_support/core_ext/numeric/conversions.rb:131:in `block (2 levels) in <class:Numeric>'
/usr/local/bundle/gems/activesupport-4.2.6/lib/active_support/core_ext/numeric/conversions.rb:131:in `block (2 levels) in <class:Numeric>'
/usr/local/bundle/gems/activesupport-4.2.6/lib/active_support/core_ext/numeric/conversions.rb:131:in `block (2 levels) in <class:Numeric>'
/usr/local/bundle/gems/activesupport-4.2.6/lib/active_support/core_ext/numeric/conversions.rb:131:in `block (2 levels) in <class:Numeric>'
/usr/local/bundle/gems/activesupport-4.2.6/lib/active_support/core_ext/numeric/conversions.rb:131:in `block (2 levels) in <class:Numeric>'
/usr/local/bundle/gems/activesupport-4.2.6/lib/active_support/core_ext/numeric/conversions.rb:131:in `block (2 levels) in <class:Numeric>'
/usr/local/bundle/gems/activesupport-4.2.6/lib/active_support/core_ext/numeric/conversions.rb:131:in `block (2 levels) in <class:Numeric>'
/usr/local/bundle/gems/activesupport-4.2.6/lib/active_support/core_ext/numeric/conversions.rb:131:in `block (2 levels) in <class:Numeric>'
/usr/local/bundle/gems/activesupport-4.2.6/lib/active_support/core_ext/numeric/conversions.rb:131:in `block (2 levels) in <class:Numeric>'
/usr/local/bundle/gems/activesupport-4.2.6/lib/active_support/core_ext/numeric/conversions.rb:131:in `block (2 levels) in <class:Numeric>'
/usr/local/bundle/gems/activesupport-4.2.6/lib/active_support/core_ext/numeric/conversions.rb:131:in `block (2 levels) in <class:Numeric>'
/usr/local/bundle/gems/activesupport-4.2.6/lib/active_support/core_ext/numeric/conversions.rb:131:in `block (2 levels) in <class:Numeric>'
/usr/local/bundle/gems/activesupport-4.2.6/lib/active_support/core_ext/numeric/conversions.rb:131:in `block (2 levels) in <class:Numeric>'
/usr/local/bundle/gems/activesupport-4.2.6/lib/active_support/core_ext/numeric/conversions.rb:131:in `block (2 levels) in <class:Numeric>'
/usr/local/bundle/gems/activesupport-4.2.6/lib/active_support/core_ext/numeric/conversions.rb:131:in `block (2 levels) in <class:Numeric>'
/usr/local/bundle/gems/activesupport-4.2.6/lib/active_support/core_ext/numeric/conversions.rb:131:in `block (2 levels) in <class:Numeric>'
/usr/local/bundle/gems/activesupport-4.2.6/lib/active_support/core_ext/numeric/conversions.rb:131:in `block (2 levels) in <class:Numeric>'
/usr/local/bundle/gems/activesupport-4.2.6/lib/active_support/core_ext/numeric/conversions.rb:131:in `block (2 levels) in <class:Numeric>'
/usr/local/bundle/gems/activesupport-4.2.6/lib/active_support/core_ext/numeric/conversions.rb:131:in `block (2 levels) in <class:Numeric>'
/usr/local/bundle/gems/activesupport-4.2.6/lib/active_support/core_ext/numeric/conversions.rb:131:in `block (2 levels) in <class:Numeric>'
/usr/local/bundle/gems/activesupport-4.2.6/lib/active_support/core_ext/numeric/conversions.rb:131:in `block (2 levels) in <class:Numeric>'
/usr/local/bundle/gems/activesupport-4.2.6/lib/active_support/core_ext/numeric/conversions.rb:131:in `block (2 levels) in <class:Numeric>'
/usr/local/bundle/gems/activesupport-4.2.6/lib/active_support/core_ext/numeric/conversions.rb:131:in `block (2 levels) in <class:Numeric>'
/usr/local/bundle/gems/activesupport-4.2.6/lib/active_support/core_ext/numeric/conversions.rb:131:in `block (2 levels) in <class:Numeric>'
/usr/local/bundle/gems/activesupport-4.2.6/lib/active_support/core_ext/numeric/conversions.rb:131:in `block (2 levels) in <class:Numeric>'
/usr/local/bundle/gems/activesupport-4.2.6/lib/active_support/core_ext/numeric/conversions.rb:131:in `block (2 levels) in <class:Numeric>'
/usr/local/bundle/gems/activesupport-4.2.6/lib/active_support/core_ext/numeric/conversions.rb:131:in `block (2 levels) in <class:Numeric>'
/usr/local/bundle/gems/activesupport-4.2.6/lib/active_support/core_ext/numeric/conversions.rb:131:in `block (2 levels) in <class:Numeric>'
/usr/local/bundle/gems/activesupport-4.2.6/lib/active_support/core_ext/numeric/conversions.rb:131:in `block (2 levels) in <class:Numeric>'
/usr/local/bundle/gems/activesupport-4.2.6/lib/active_support/core_ext/numeric/conversions.rb:131:in `block (2 levels) in <class:Numeric>'
/usr/local/bundle/gems/activesupport-4.2.6/lib/active_support/core_ext/numeric/conversions.rb:131:in `block (2 levels) in <class:Numeric>'
/usr/local/bundle/gems/activesupport-4.2.6/lib/active_support/core_ext/numeric/conversions.rb:131:in `block (2 levels) in <class:Numeric>'
/usr/local/bundle/gems/activesupport-4.2.6/lib/active_support/core_ext/numeric/conversions.rb:131:in `block (2 levels) in <class:Numeric>'
/usr/local/bundle/gems/activesupport-4.2.6/lib/active_support/core_ext/numeric/conversions.rb:131:in `block (2 levels) in <class:Numeric>'
/usr/local/bundle/gems/activesupport-4.2.6/lib/active_support/core_ext/numeric/conversions.rb:131:in `block (2 levels) in <class:Numeric>'
/usr/local/bundle/gems/activesupport-4.2.6/lib/active_support/core_ext/numeric/conversions.rb:131:in `block (2 levels) in <class:Numeric>'
/usr/local/bundle/gems/activesupport-4.2.6/lib/active_support/core_ext/numeric/conversions.rb:131:in `block (2 levels) in <class:Numeric>'
/usr/local/bundle/gems/activesupport-4.2.6/lib/active_support/core_ext/numeric/conversions.rb:131:in `block (2 levels) in <class:Numeric>'
/usr/local/bundle/gems/activesupport-4.2.6/lib/active_support/core_ext/numeric/conversions.rb:131:in `block (2 levels) in <class:Numeric>'
/usr/local/bundle/gems/activesupport-4.2.6/lib/active_support/core_ext/numeric/conversions.rb:131:in `block (2 levels) in <class:Numeric>'
/usr/local/bundle/gems/activesupport-4.2.6/lib/active_support/core_ext/numeric/conversions.rb:131:in `block (2 levels) in <class:Numeric>'
/usr/local/bundle/gems/activesupport-4.2.6/lib/active_support/core_ext/numeric/conversions.rb:131:in `block (2 levels) in <class:Numeric>'
/usr/local/bundle/gems/activesupport-4.2.6/lib/active_support/core_ext/numeric/conversions.rb:131:in `block (2 levels) in <class:Numeric>'
/usr/local/bundle/gems/activesupport-4.2.6/lib/active_support/core_ext/numeric/conversions.rb:131:in `block (2 levels) in <class:Numeric>'
/usr/local/bundle/gems/activesupport-4.2.6/lib/active_support/core_ext/numeric/conversions.rb:131:in `block (2 levels) in <class:Numeric>'
/usr/local/bundle/gems/activesupport-4.2.6/lib/active_support/core_ext/numeric/conversions.rb:131:in `block (2 levels) in <class:Numeric>'
/usr/local/bundle/gems/activesupport-4.2.6/lib/active_support/core_ext/numeric/conversions.rb:131:in `block (2 levels) in <class:Numeric>'
/usr/local/bundle/gems/activesupport-4.2.6/lib/active_support/core_ext/numeric/conversions.rb:131:in `block (2 levels) in <class:Numeric>'
/usr/local/bundle/gems/activesupport-4.2.6/lib/active_support/core_ext/numeric/conversions.rb:131:in `block (2 levels) in <class:Numeric>'
/usr/local/bundle/gems/activesupport-4.2.6/lib/active_support/core_ext/numeric/conversions.rb:131:in `block (2 levels) in <class:Numeric>'
/usr/local/bundle/gems/activesupport-4.2.6/lib/active_support/core_ext/numeric/conversions.rb:131:in `block (2 levels) in <class:Numeric>'
/usr/local/bundle/gems/activesupport-4.2.6/lib/active_support/core_ext/numeric/conversions.rb:131:in `block (2 levels) in <class:Numeric>'
/usr/local/bundle/gems/activesupport-4.2.6/lib/active_support/core_ext/numeric/conversions.rb:131:in `block (2 levels) in <class:Numeric>'
/usr/local/bundle/gems/activesupport-4.2.6/lib/active_support/core_ext/numeric/conversions.rb:131:in `block (2 levels) in <class:Numeric>'
/usr/local/bundle/gems/activesupport-4.2.6/lib/active_support/core_ext/numeric/conversions.rb:131:in `block (2 levels) in <class:Numeric>'
/usr/local/bundle/gems/activesupport-4.2.6/lib/active_support/core_ext/numeric/conversions.rb:131:in `block (2 levels) in <class:Numeric>'
/usr/local/bundle/gems/activesupport-4.2.6/lib/active_support/core_ext/numeric/conversions.rb:131:in `block (2 levels) in <class:Numeric>'
/usr/local/bundle/gems/activesupport-4.2.6/lib/active_support/core_ext/numeric/conversions.rb:131:in `block (2 levels) in <class:Numeric>'
/usr/local/bundle/gems/activesupport-4.2.6/lib/active_support/core_ext/numeric/conversions.rb:131:in `block (2 levels) in <class:Numeric>'
/usr/local/bundle/gems/activesupport-4.2.6/lib/active_support/core_ext/numeric/conversions.rb:131:in `block (2 levels) in <class:Numeric>'
/usr/local/bundle/gems/activesupport-4.2.6/lib/active_support/core_ext/numeric/conversions.rb:131:in `block (2 levels) in <class:Numeric>'
/usr/local/bundle/gems/activesupport-4.2.6/lib/active_support/core_ext/numeric/conversions.rb:131:in `block (2 levels) in <class:Numeric>'
/usr/local/bundle/gems/activesupport-4.2.6/lib/active_support/core_ext/numeric/conversions.rb:131:in `block (2 levels) in <class:Numeric>'
/usr/local/bundle/gems/activesupport-4.2.6/lib/active_support/core_ext/numeric/conversions.rb:131:in `block (2 levels) in <class:Numeric>'
/usr/local/bundle/gems/activesupport-4.2.6/lib/active_support/core_ext/numeric/conversions.rb:131:in `block (2 levels) in <class:Numeric>'
/usr/local/bundle/gems/activesupport-4.2.6/lib/active_support/core_ext/numeric/conversions.rb:131:in `block (2 levels) in <class:Numeric>'
/usr/local/bundle/gems/activesupport-4.2.6/lib/active_support/core_ext/numeric/conversions.rb:131:in `block (2 levels) in <class:Numeric>'
/usr/local/bundle/gems/activesupport-4.2.6/lib/active_support/core_ext/numeric/conversions.rb:131:in `block (2 levels) in <class:Numeric>'
/usr/local/bundle/gems/activesupport-4.2.6/lib/active_support/core_ext/numeric/conversions.rb:131:in `block (2 levels) in <class:Numeric>'
/usr/local/bundle/gems/activesupport-4.2.6/lib/active_support/core_ext/numeric/conversions.rb:131:in `block (2 levels) in <class:Numeric>'
/usr/local/bundle/gems/activesupport-4.2.6/lib/active_support/core_ext/numeric/conversions.rb:131:in `block (2 levels) in <class:Numeric>'
/usr/local/bundle/gems/activesupport-4.2.6/lib/active_support/core_ext/numeric/conversions.rb:131:in `block (2 levels) in <class:Numeric>'
/usr/local/bundle/gems/activesupport-4.2.6/lib/active_support/core_ext/numeric/conversions.rb:131:in `block (2 levels) in <class:Numeric>'
/usr/local/bundle/gems/activesupport-4.2.6/lib/active_support/core_ext/numeric/conversions.rb:131:in `block (2 levels) in <class:Numeric>'
/usr/local/bundle/gems/activesupport-4.2.6/lib/active_support/core_ext/numeric/conversions.rb:131:in `block (2 levels) in <class:Numeric>'
/usr/local/bundle/gems/activesupport-4.2.6/lib/active_support/core_ext/numeric/conversions.rb:131:in `block (2 levels) in <class:Numeric>'
/usr/local/bundle/gems/activesupport-4.2.6/lib/active_support/core_ext/numeric/conversions.rb:131:in `block (2 levels) in <class:Numeric>'
/usr/local/bundle/gems/activesupport-4.2.6/lib/active_support/core_ext/numeric/conversions.rb:131:in `block (2 levels) in <class:Numeric>'
/usr/local/bundle/gems/activesupport-4.2.6/lib/active_support/core_ext/numeric/conversions.rb:131:in `block (2 levels) in <class:Numeric>'
/usr/local/bundle/gems/activesupport-4.2.6/lib/active_support/core_ext/numeric/conversions.rb:131:in `block (2 levels) in <class:Numeric>'
/usr/local/bundle/gems/activesupport-4.2.6/lib/active_support/core_ext/numeric/conversions.rb:131:in `block (2 levels) in <class:Numeric>'
/usr/local/bundle/gems/activesupport-4.2.6/lib/active_support/core_ext/numeric/conversions.rb:131:in `block (2 levels) in <class:Numeric>'
/usr/local/bundle/gems/activesupport-4.2.6/lib/active_support/core_ext/numeric/conversions.rb:131:in `block (2 levels) in <class:Numeric>'
/usr/local/bundle/gems/activesupport-4.2.6/lib/active_support/core_ext/numeric/conversions.rb:131:in `block (2 levels) in <class:Numeric>'
/usr/local/bundle/gems/activesupport-4.2.6/lib/active_support/core_ext/numeric/conversions.rb:131:in `block (2 levels) in <class:Numeric>'
/usr/local/bundle/gems/activesupport-4.2.6/lib/active_support/core_ext/numeric/conversions.rb:131:in `block (2 levels) in <class:Numeric>'
/usr/local/bundle/gems/activesupport-4.2.6/lib/active_support/core_ext/numeric/conversions.rb:131:in `block (2 levels) in <class:Numeric>'
/usr/local/bundle/gems/activesupport-4.2.6/lib/active_support/core_ext/numeric/conversions.rb:131:in `block (2 levels) in <class:Numeric>'
/usr/local/bundle/gems/activesupport-4.2.6/lib/active_support/core_ext/numeric/conversions.rb:131:in `block (2 levels) in <class:Numeric>'
/usr/local/bundle/gems/activesupport-4.2.6/lib/active_support/core_ext/numeric/conversions.rb:131:in `block (2 levels) in <class:Numeric>'
/usr/local/bundle/gems/activesupport-4.2.6/lib/active_support/core_ext/numeric/conversions.rb:131:in `block (2 levels) in <class:Numeric>'
/usr/local/bundle/gems/activesupport-4.2.6/lib/active_support/core_ext/numeric/conversions.rb:131:in `block (2 levels) in <class:Numeric>'
/usr/local/bundle/gems/activesupport-4.2.6/lib/active_support/core_ext/numeric/conversions.rb:131:in `block (2 levels) in <class:Numeric>'
/usr/local/bundle/gems/activesupport-4.2.6/lib/active_support/core_ext/numeric/conversions.rb:131:in `block (2 levels) in <class:Numeric>'
/usr/local/bundle/gems/activesupport-4.2.6/lib/active_support/core_ext/numeric/conversions.rb:131:in `block (2 levels) in <class:Numeric>'
/usr/local/bundle/gems/activesupport-4.2.6/lib/active_support/core_ext/numeric/conversions.rb:131:in `block (2 levels) in <class:Numeric>'
/usr/local/bundle/gems/activesupport-4.2.6/lib/active_support/core_ext/numeric/conversions.rb:131:in `block (2 levels) in <class:Numeric>'
/usr/local/bundle/gems/activesupport-4.2.6/lib/active_support/core_ext/numeric/conversions.rb:131:in `block (2 levels) in <class:Numeric>'
/usr/local/bundle/gems/activesupport-4.2.6/lib/active_support/core_ext/numeric/conversions.rb:131:in `block (2 levels) in <class:Numeric>'
/usr/local/bundle/gems/activesupport-4.2.6/lib/active_support/core_ext/numeric/conversions.rb:131:in `block (2 levels) in <class:Numeric>'
/usr/local/bundle/gems/activesupport-4.2.6/lib/active_support/core_ext/numeric/conversions.rb:131:in `block (2 levels) in <class:Numeric>'
/usr/local/bundle/gems/activesupport-4.2.6/lib/active_support/core_ext/numeric/conversions.rb:131:in `block (2 levels) in <class:Numeric>'
/usr/local/bundle/gems/activesupport-4.2.6/lib/active_support/core_ext/numeric/conversions.rb:131:in `block (2 levels) in <class:Numeric>'
/usr/local/bundle/gems/activesupport-4.2.6/lib/active_support/core_ext/numeric/conversions.rb:131:in `block (2 levels) in <class:Numeric>'
/usr/local/bundle/gems/activesupport-4.2.6/lib/active_support/core_ext/numeric/conversions.rb:131:in `block (2 levels) in <class:Numeric>'
/usr/local/bundle/gems/activesupport-4.2.6/lib/active_support/core_ext/numeric/conversions.rb:131:in `block (2 levels) in <class:Numeric>'
/usr/local/bundle/gems/activesupport-4.2.6/lib/active_support/core_ext/numeric/conversions.rb:131:in `block (2 levels) in <class:Numeric>'
/usr/local/bundle/gems/activesupport-4.2.6/lib/active_support/core_ext/numeric/conversions.rb:131:in `block (2 levels) in <class:Numeric>'
/usr/local/bundle/gems/activesupport-4.2.6/lib/active_support/core_ext/numeric/conversions.rb:131:in `block (2 levels) in <class:Numeric>'
/usr/local/bundle/gems/activesupport-4.2.6/lib/active_support/core_ext/numeric/conversions.rb:131:in `block (2 levels) in <class:Numeric>'
/usr/local/bundle/gems/activesupport-4.2.6/lib/active_support/core_ext/numeric/conversions.rb:131:in `block (2 levels) in <class:Numeric>'
/usr/local/bundle/gems/activesupport-4.2.6/lib/active_support/core_ext/numeric/conversions.rb:131:in `block (2 levels) in <class:Numeric>'
/usr/local/bundle/gems/activesupport-4.2.6/lib/active_support/core_ext/numeric/conversions.rb:131:in `block (2 levels) in <class:Numeric>'
/usr/local/bundle/gems/activesupport-4.2.6/lib/active_support/core_ext/numeric/conversions.rb:131:in `block (2 levels) in <class:Numeric>'
/usr/local/bundle/gems/activesupport-4.2.6/lib/active_support/core_ext/numeric/conversions.rb:131:in `block (2 levels) in <class:Numeric>'
/usr/local/bundle/gems/activesupport-4.2.6/lib/active_support/core_ext/numeric/conversions.rb:131:in `block (2 levels) in <class:Numeric>'
/usr/local/bundle/gems/activesupport-4.2.6/lib/active_support/core_ext/numeric/conversions.rb:131:in `block (2 levels) in <class:Numeric>'
/usr/local/bundle/gems/activesupport-4.2.6/lib/active_support/core_ext/numeric/conversions.rb:131:in `block (2 levels) in <class:Numeric>'
/usr/local/bundle/gems/activesupport-4.2.6/lib/active_support/core_ext/numeric/conversions.rb:131:in `block (2 levels) in <class:Numeric>'
/usr/local/bundle/gems/activesupport-4.2.6/lib/active_support/core_ext/numeric/conversions.rb:131:in `block (2 levels) in <class:Numeric>'
/usr/local/bundle/gems/activesupport-4.2.6/lib/active_support/core_ext/numeric/conversions.rb:131:in `block (2 levels) in <class:Numeric>'
/usr/local/bundle/gems/activesupport-4.2.6/lib/active_support/core_ext/numeric/conversions.rb:131:in `block (2 levels) in <class:Numeric>'
/usr/local/bundle/gems/activesupport-4.2.6/lib/active_support/core_ext/numeric/conversions.rb:131:in `block (2 levels) in <class:Numeric>'
/usr/local/bundle/gems/activesupport-4.2.6/lib/active_support/core_ext/numeric/conversions.rb:131:in `block (2 levels) in <class:Numeric>'
/usr/local/bundle/gems/activesupport-4.2.6/lib/active_support/core_ext/numeric/conversions.rb:131:in `block (2 levels) in <class:Numeric>'
/usr/local/bundle/gems/activesupport-4.2.6/lib/active_support/core_ext/numeric/conversions.rb:131:in `block (2 levels) in <class:Numeric>'
/usr/local/bundle/gems/activesupport-4.2.6/lib/active_support/core_ext/numeric/conversions.rb:131:in `block (2 levels) in <class:Numeric>'
/usr/local/bundle/gems/activesupport-4.2.6/lib/active_support/core_ext/numeric/conversions.rb:131:in `block (2 levels) in <class:Numeric>'
/usr/local/bundle/gems/activesupport-4.2.6/lib/active_support/core_ext/numeric/conversions.rb:131:in `block (2 levels) in <class:Numeric>'
/usr/local/bundle/gems/activesupport-4.2.6/lib/active_support/core_ext/numeric/conversions.rb:131:in `block (2 levels) in <class:Numeric>'
/usr/local/bundle/gems/activesupport-4.2.6/lib/active_support/core_ext/numeric/conversions.rb:131:in `block (2 levels) in <class:Numeric>'
/usr/local/bundle/gems/activesupport-4.2.6/lib/active_support/core_ext/numeric/conversions.rb:131:in `block (2 levels) in <class:Numeric>'
/usr/local/bundle/gems/activesupport-4.2.6/lib/active_support/core_ext/numeric/conversions.rb:131:in `block (2 levels) in <class:Numeric>'
/usr/local/bundle/gems/activesupport-4.2.6/lib/active_support/core_ext/numeric/conversions.rb:131:in `block (2 levels) in <class:Numeric>'
/usr/local/bundle/gems/activesupport-4.2.6/lib/active_support/core_ext/numeric/conversions.rb:131:in `block (2 levels) in <class:Numeric>'
/usr/local/bundle/gems/activesupport-4.2.6/lib/active_support/core_ext/numeric/conversions.rb:131:in `block (2 levels) in <class:Numeric>'
/usr/local/bundle/gems/activesupport-4.2.6/lib/active_support/core_ext/numeric/conversions.rb:131:in `block (2 levels) in <class:Numeric>'
/usr/local/bundle/gems/activesupport-4.2.6/lib/active_support/core_ext/numeric/conversions.rb:131:in `block (2 levels) in <class:Numeric>'
/usr/local/bundle/gems/activesupport-4.2.6/lib/active_support/core_ext/numeric/conversions.rb:131:in `block (2 levels) in <class:Numeric>'
/usr/local/bundle/gems/activesupport-4.2.6/lib/active_support/core_ext/numeric/conversions.rb:131:in `block (2 levels) in <class:Numeric>'
/usr/local/bundle/gems/activesupport-4.2.6/lib/active_support/core_ext/numeric/conversions.rb:131:in `block (2 levels) in <class:Numeric>'
/usr/local/bundle/gems/activesupport-4.2.6/lib/active_support/core_ext/numeric/conversions.rb:131:in `block (2 levels) in <class:Numeric>'
/usr/local/bundle/gems/activesupport-4.2.6/lib/active_support/core_ext/numeric/conversions.rb:131:in `block (2 levels) in <class:Numeric>'
/usr/local/bundle/gems/activesupport-4.2.6/lib/active_support/core_ext/numeric/conversions.rb:131:in `block (2 levels) in <class:Numeric>'
/usr/local/bundle/gems/activesupport-4.2.6/lib/active_support/core_ext/numeric/conversions.rb:131:in `block (2 levels) in <class:Numeric>'
/usr/local/bundle/gems/activesupport-4.2.6/lib/active_support/core_ext/numeric/conversions.rb:131:in `block (2 levels) in <class:Numeric>'
/usr/local/bundle/gems/activesupport-4.2.6/lib/active_support/core_ext/numeric/conversions.rb:131:in `block (2 levels) in <class:Numeric>'
/usr/local/bundle/gems/activesupport-4.2.6/lib/active_support/core_ext/numeric/conversions.rb:131:in `block (2 levels) in <class:Numeric>'
/usr/local/bundle/gems/activesupport-4.2.6/lib/active_support/core_ext/numeric/conversions.rb:131:in `block (2 levels) in <class:Numeric>'
/usr/local/bundle/gems/activesupport-4.2.6/lib/active_support/core_ext/numeric/conversions.rb:131:in `block (2 levels) in <class:Numeric>'
/usr/local/bundle/gems/activesupport-4.2.6/lib/active_support/core_ext/numeric/conversions.rb:131:in `block (2 levels) in <class:Numeric>'
/usr/local/bundle/gems/activesupport-4.2.6/lib/active_support/core_ext/numeric/conversions.rb:131:in `block (2 levels) in <class:Numeric>'
/usr/local/bundle/gems/activesupport-4.2.6/lib/active_support/core_ext/numeric/conversions.rb:131:in `block (2 levels) in <class:Numeric>'
/usr/local/bundle/gems/activesupport-4.2.6/lib/active_support/core_ext/numeric/conversions.rb:131:in `block (2 levels) in <class:Numeric>'
/usr/local/bundle/gems/activesupport-4.2.6/lib/active_support/core_ext/numeric/conversions.rb:131:in `block (2 levels) in <class:Numeric>'
/usr/local/bundle/gems/activesupport-4.2.6/lib/active_support/core_ext/numeric/conversions.rb:131:in `block (2 levels) in <class:Numeric>'
/usr/local/bundle/gems/activesupport-4.2.6/lib/active_support/core_ext/numeric/conversions.rb:131:in `block (2 levels) in <class:Numeric>'
/usr/local/bundle/gems/activesupport-4.2.6/lib/active_support/core_ext/numeric/conversions.rb:131:in `block (2 levels) in <class:Numeric>'
/usr/local/bundle/gems/activesupport-4.2.6/lib/active_support/core_ext/numeric/conversions.rb:131:in `block (2 levels) in <class:Numeric>'
/usr/local/bundle/gems/activesupport-4.2.6/lib/active_support/core_ext/numeric/conversions.rb:131:in `block (2 levels) in <class:Numeric>'
/usr/local/bundle/gems/activesupport-4.2.6/lib/active_support/core_ext/numeric/conversions.rb:131:in `block (2 levels) in <class:Numeric>'
/usr/local/bundle/gems/activesupport-4.2.6/lib/active_support/core_ext/numeric/conversions.rb:131:in `block (2 levels) in <class:Numeric>'
/usr/local/bundle/gems/activesupport-4.2.6/lib/active_support/core_ext/numeric/conversions.rb:131:in `block (2 levels) in <class:Numeric>'
/usr/local/bundle/gems/activesupport-4.2.6/lib/active_support/core_ext/numeric/conversions.rb:131:in `block (2 levels) in <class:Numeric>'
/usr/local/bundle/gems/activesupport-4.2.6/lib/active_support/core_ext/numeric/conversions.rb:131:in `block (2 levels) in <class:Numeric>'
/usr/local/bundle/gems/activesupport-4.2.6/lib/active_support/core_ext/numeric/conversions.rb:131:in `block (2 levels) in <class:Numeric>'
/usr/local/bundle/gems/activesupport-4.2.6/lib/active_support/core_ext/numeric/conversions.rb:131:in `block (2 levels) in <class:Numeric>'
/usr/local/bundle/gems/activesupport-4.2.6/lib/active_support/core_ext/numeric/conversions.rb:131:in `block (2 levels) in <class:Numeric>'
/usr/local/bundle/gems/activesupport-4.2.6/lib/active_support/core_ext/numeric/conversions.rb:131:in `block (2 levels) in <class:Numeric>'
/usr/local/bundle/gems/activesupport-4.2.6/lib/active_support/core_ext/numeric/conversions.rb:131:in `block (2 levels) in <class:Numeric>'
/usr/local/bundle/gems/activesupport-4.2.6/lib/active_support/core_ext/numeric/conversions.rb:131:in `block (2 levels) in <class:Numeric>'
/usr/local/bundle/gems/activesupport-4.2.6/lib/active_support/core_ext/numeric/conversions.rb:131:in `block (2 levels) in <class:Numeric>'
/usr/local/bundle/gems/activesupport-4.2.6/lib/active_support/core_ext/numeric/conversions.rb:131:in `block (2 levels) in <class:Numeric>'
/usr/local/bundle/gems/activesupport-4.2.6/lib/active_support/core_ext/numeric/conversions.rb:131:in `block (2 levels) in <class:Numeric>'
/usr/local/bundle/gems/activesupport-4.2.6/lib/active_support/core_ext/numeric/conversions.rb:131:in `block (2 levels) in <class:Numeric>'
/usr/local/bundle/gems/activesupport-4.2.6/lib/active_support/core_ext/numeric/conversions.rb:131:in `block (2 levels) in <class:Numeric>'
/usr/local/bundle/gems/activesupport-4.2.6/lib/active_support/core_ext/numeric/conversions.rb:131:in `block (2 levels) in <class:Numeric>'
/usr/local/bundle/gems/activesupport-4.2.6/lib/active_support/core_ext/numeric/conversions.rb:131:in `block (2 levels) in <class:Numeric>'
/usr/local/bundle/gems/activesupport-4.2.6/lib/active_support/core_ext/numeric/conversions.rb:131:in `block (2 levels) in <class:Numeric>'
/usr/local/bundle/gems/activesupport-4.2.6/lib/active_support/core_ext/numeric/conversions.rb:131:in `block (2 levels) in <class:Numeric>'
/usr/local/bundle/gems/activesupport-4.2.6/lib/active_support/core_ext/numeric/conversions.rb:131:in `block (2 levels) in <class:Numeric>'
/usr/local/bundle/gems/activesupport-4.2.6/lib/active_support/core_ext/numeric/conversions.rb:131:in `block (2 levels) in <class:Numeric>'
/usr/local/bundle/gems/activesupport-4.2.6/lib/active_support/core_ext/numeric/conversions.rb:131:in `block (2 levels) in <class:Numeric>'
/usr/local/bundle/gems/activesupport-4.2.6/lib/active_support/core_ext/numeric/conversions.rb:131:in `block (2 levels) in <class:Numeric>'
/usr/local/bundle/gems/activesupport-4.2.6/lib/active_support/core_ext/numeric/conversions.rb:131:in `block (2 levels) in <class:Numeric>'
/usr/local/bundle/gems/activesupport-4.2.6/lib/active_support/core_ext/numeric/conversions.rb:131:in `block (2 levels) in <class:Numeric>'
/usr/local/bundle/gems/activesupport-4.2.6/lib/active_support/core_ext/numeric/conversions.rb:131:in `block (2 levels) in <class:Numeric>'
/usr/local/bundle/gems/activesupport-4.2.6/lib/active_support/core_ext/numeric/conversions.rb:131:in `block (2 levels) in <class:Numeric>'
/usr/local/bundle/gems/activesupport-4.2.6/lib/active_support/core_ext/numeric/conversions.rb:131:in `block (2 levels) in <class:Numeric>'
/usr/local/bundle/gems/activesupport-4.2.6/lib/active_support/core_ext/numeric/conversions.rb:131:in `block (2 levels) in <class:Numeric>'
/usr/local/bundle/gems/activesupport-4.2.6/lib/active_support/core_ext/numeric/conversions.rb:131:in `block (2 levels) in <class:Numeric>'
/usr/local/bundle/gems/activesupport-4.2.6/lib/active_support/core_ext/numeric/conversions.rb:131:in `block (2 levels) in <class:Numeric>'
/usr/local/bundle/gems/activesupport-4.2.6/lib/active_support/core_ext/numeric/conversions.rb:131:in `block (2 levels) in <class:Numeric>'
/usr/local/bundle/gems/activesupport-4.2.6/lib/active_support/core_ext/numeric/conversions.rb:131:in `block (2 levels) in <class:Numeric>'
/usr/local/bundle/gems/activesupport-4.2.6/lib/active_support/core_ext/numeric/conversions.rb:131:in `block (2 levels) in <class:Numeric>'
/usr/local/bundle/gems/activesupport-4.2.6/lib/active_support/core_ext/numeric/conversions.rb:131:in `block (2 levels) in <class:Numeric>'
/usr/local/bundle/gems/activesupport-4.2.6/lib/active_support/core_ext/numeric/conversions.rb:131:in `block (2 levels) in <class:Numeric>'
/usr/local/bundle/gems/activesupport-4.2.6/lib/active_support/core_ext/numeric/conversions.rb:131:in `block (2 levels) in <class:Numeric>'
/usr/local/bundle/gems/activesupport-4.2.6/lib/active_support/core_ext/numeric/conversions.rb:131:in `block (2 levels) in <class:Numeric>'
/usr/local/bundle/gems/activesupport-4.2.6/lib/active_support/core_ext/numeric/conversions.rb:131:in `block (2 levels) in <class:Numeric>'
/usr/local/bundle/gems/activesupport-4.2.6/lib/active_support/core_ext/numeric/conversions.rb:131:in `block (2 levels) in <class:Numeric>'
/usr/local/bundle/gems/activesupport-4.2.6/lib/active_support/core_ext/numeric/conversions.rb:131:in `block (2 levels) in <class:Numeric>'
/usr/local/bundle/gems/activesupport-4.2.6/lib/active_support/core_ext/numeric/conversions.rb:131:in `block (2 levels) in <class:Numeric>'
/usr/local/bundle/gems/activesupport-4.2.6/lib/active_support/core_ext/numeric/conversions.rb:131:in `block (2 levels) in <class:Numeric>'
/usr/local/bundle/gems/activesupport-4.2.6/lib/active_support/core_ext/numeric/conversions.rb:131:in `block (2 levels) in <class:Numeric>'
/usr/local/bundle/gems/activesupport-4.2.6/lib/active_support/core_ext/numeric/conversions.rb:131:in `block (2 levels) in <class:Numeric>'
/usr/local/bundle/gems/activesupport-4.2.6/lib/active_support/core_ext/numeric/conversions.rb:131:in `block (2 levels) in <class:Numeric>'
/usr/local/bundle/gems/activesupport-4.2.6/lib/active_support/core_ext/numeric/conversions.rb:131:in `block (2 levels) in <class:Numeric>'
/usr/local/bundle/gems/activesupport-4.2.6/lib/active_support/core_ext/numeric/conversions.rb:131:in `block (2 levels) in <class:Numeric>'
/usr/local/bundle/gems/activesupport-4.2.6/lib/active_support/core_ext/numeric/conversions.rb:131:in `block (2 levels) in <class:Numeric>'
/usr/local/bundle/gems/activesupport-4.2.6/lib/active_support/core_ext/numeric/conversions.rb:131:in `block (2 levels) in <class:Numeric>'
/usr/local/bundle/gems/activesupport-4.2.6/lib/active_support/core_ext/numeric/conversions.rb:131:in `block (2 levels) in <class:Numeric>'
/usr/local/bundle/gems/activesupport-4.2.6/lib/active_support/core_ext/numeric/conversions.rb:131:in `block (2 levels) in <class:Numeric>'
/usr/local/bundle/gems/activesupport-4.2.6/lib/active_support/core_ext/numeric/conversions.rb:131:in `block (2 levels) in <class:Numeric>'
/usr/local/bundle/gems/activesupport-4.2.6/lib/active_support/core_ext/numeric/conversions.rb:131:in `block (2 levels) in <class:Numeric>'
/usr/local/bundle/gems/activesupport-4.2.6/lib/active_support/core_ext/numeric/conversions.rb:131:in `block (2 levels) in <class:Numeric>'
/usr/local/bundle/gems/activesupport-4.2.6/lib/active_support/core_ext/numeric/conversions.rb:131:in `block (2 levels) in <class:Numeric>'
/usr/local/bundle/gems/activesupport-4.2.6/lib/active_support/core_ext/numeric/conversions.rb:131:in `block (2 levels) in <class:Numeric>'
/usr/local/bundle/gems/activesupport-4.2.6/lib/active_support/core_ext/numeric/conversions.rb:131:in `block (2 levels) in <class:Numeric>'
/usr/local/bundle/gems/activesupport-4.2.6/lib/active_support/core_ext/numeric/conversions.rb:131:in `block (2 levels) in <class:Numeric>'
/usr/local/bundle/gems/activesupport-4.2.6/lib/active_support/core_ext/numeric/conversions.rb:131:in `block (2 levels) in <class:Numeric>'
/usr/local/bundle/gems/activesupport-4.2.6/lib/active_support/core_ext/numeric/conversions.rb:131:in `block (2 levels) in <class:Numeric>'
/usr/local/bundle/gems/activesupport-4.2.6/lib/active_support/core_ext/numeric/conversions.rb:131:in `block (2 levels) in <class:Numeric>'
/usr/local/bundle/gems/activesupport-4.2.6/lib/active_support/core_ext/numeric/conversions.rb:131:in `block (2 levels) in <class:Numeric>'
/usr/local/bundle/gems/activesupport-4.2.6/lib/active_support/core_ext/numeric/conversions.rb:131:in `block (2 levels) in <class:Numeric>'
/usr/local/bundle/gems/activesupport-4.2.6/lib/active_support/core_ext/numeric/conversions.rb:131:in `block (2 levels) in <class:Numeric>'
/usr/local/bundle/gems/activesupport-4.2.6/lib/active_support/core_ext/numeric/conversions.rb:131:in `block (2 levels) in <class:Numeric>'
/usr/local/bundle/gems/activesupport-4.2.6/lib/active_support/core_ext/numeric/conversions.rb:131:in `block (2 levels) in <class:Numeric>'
/usr/local/bundle/gems/activesupport-4.2.6/lib/active_support/core_ext/numeric/conversions.rb:131:in `block (2 levels) in <class:Numeric>'
/usr/local/bundle/gems/activesupport-4.2.6/lib/active_support/core_ext/numeric/conversions.rb:131:in `block (2 levels) in <class:Numeric>'
/usr/local/bundle/gems/activesupport-4.2.6/lib/active_support/core_ext/numeric/conversions.rb:131:in `block (2 levels) in <class:Numeric>'
/usr/local/bundle/gems/activesupport-4.2.6/lib/active_support/core_ext/numeric/conversions.rb:131:in `block (2 levels) in <class:Numeric>'
/usr/local/bundle/gems/activesupport-4.2.6/lib/active_support/core_ext/numeric/conversions.rb:131:in `block (2 levels) in <class:Numeric>'
/usr/local/bundle/gems/activesupport-4.2.6/lib/active_support/core_ext/numeric/conversions.rb:131:in `block (2 levels) in <class:Numeric>'
/usr/local/bundle/gems/activesupport-4.2.6/lib/active_support/core_ext/numeric/conversions.rb:131:in `block (2 levels) in <class:Numeric>'
/usr/local/bundle/gems/activesupport-4.2.6/lib/active_support/core_ext/numeric/conversions.rb:131:in `block (2 levels) in <class:Numeric>'
/usr/local/bundle/gems/activesupport-4.2.6/lib/active_support/core_ext/numeric/conversions.rb:131:in `block (2 levels) in <class:Numeric>'
/usr/local/bundle/gems/activesupport-4.2.6/lib/active_support/core_ext/numeric/conversions.rb:131:in `block (2 levels) in <class:Numeric>'
/usr/local/bundle/gems/activesupport-4.2.6/lib/active_support/core_ext/numeric/conversions.rb:131:in `block (2 levels) in <class:Numeric>'
/usr/local/bundle/gems/activesupport-4.2.6/lib/active_support/core_ext/numeric/conversions.rb:131:in `block (2 levels) in <class:Numeric>'
/usr/local/bundle/gems/activesupport-4.2.6/lib/active_support/core_ext/numeric/conversions.rb:131:in `block (2 levels) in <class:Numeric>'
/usr/local/bundle/gems/activesupport-4.2.6/lib/active_support/core_ext/numeric/conversions.rb:131:in `block (2 levels) in <class:Numeric>'
/usr/local/bundle/gems/activesupport-4.2.6/lib/active_support/core_ext/numeric/conversions.rb:131:in `block (2 levels) in <class:Numeric>'
/usr/local/bundle/gems/activesupport-4.2.6/lib/active_support/core_ext/numeric/conversions.rb:131:in `block (2 levels) in <class:Numeric>'
/usr/local/bundle/gems/activesupport-4.2.6/lib/active_support/core_ext/numeric/conversions.rb:131:in `block (2 levels) in <class:Numeric>'
/usr/local/bundle/gems/activesupport-4.2.6/lib/active_support/core_ext/numeric/conversions.rb:131:in `block (2 levels) in <class:Numeric>'
/usr/local/bundle/gems/activesupport-4.2.6/lib/active_support/core_ext/numeric/conversions.rb:131:in `block (2 levels) in <class:Numeric>'
/usr/local/bundle/gems/activesupport-4.2.6/lib/active_support/core_ext/numeric/conversions.rb:131:in `block (2 levels) in <class:Numeric>'
/usr/local/bundle/gems/activesupport-4.2.6/lib/active_support/core_ext/numeric/conversions.rb:131:in `block (2 levels) in <class:Numeric>'
/usr/local/bundle/gems/activesupport-4.2.6/lib/active_support/core_ext/numeric/conversions.rb:131:in `block (2 levels) in <class:Numeric>'
/usr/local/bundle/gems/activesupport-4.2.6/lib/active_support/core_ext/numeric/conversions.rb:131:in `block (2 levels) in <class:Numeric>'
/usr/local/bundle/gems/activesupport-4.2.6/lib/active_support/core_ext/numeric/conversions.rb:131:in `block (2 levels) in <class:Numeric>'
/usr/local/bundle/gems/activesupport-4.2.6/lib/active_support/core_ext/numeric/conversions.rb:131:in `block (2 levels) in <class:Numeric>'
/usr/local/bundle/gems/activesupport-4.2.6/lib/active_support/core_ext/numeric/conversions.rb:131:in `block (2 levels) in <class:Numeric>'
/usr/local/bundle/gems/activesupport-4.2.6/lib/active_support/core_ext/numeric/conversions.rb:131:in `block (2 levels) in <class:Numeric>'
/usr/local/bundle/gems/activesupport-4.2.6/lib/active_support/core_ext/numeric/conversions.rb:131:in `block (2 levels) in <class:Numeric>'
/usr/local/bundle/gems/activesupport-4.2.6/lib/active_support/core_ext/numeric/conversions.rb:131:in `block (2 levels) in <class:Numeric>'
/usr/local/bundle/gems/activesupport-4.2.6/lib/active_support/core_ext/numeric/conversions.rb:131:in `block (2 levels) in <class:Numeric>'
/usr/local/bundle/gems/activesupport-4.2.6/lib/active_support/core_ext/numeric/conversions.rb:131:in `block (2 levels) in <class:Numeric>'
/usr/local/bundle/gems/activesupport-4.2.6/lib/active_support/core_ext/numeric/conversions.rb:131:in `block (2 levels) in <class:Numeric>'
/usr/local/bundle/gems/activesupport-4.2.6/lib/active_support/core_ext/numeric/conversions.rb:131:in `block (2 levels) in <class:Numeric>'
/usr/local/bundle/gems/activesupport-4.2.6/lib/active_support/core_ext/numeric/conversions.rb:131:in `block (2 levels) in <class:Numeric>'
/usr/local/bundle/gems/activesupport-4.2.6/lib/active_support/core_ext/numeric/conversions.rb:131:in `block (2 levels) in <class:Numeric>'
/usr/local/bundle/gems/activesupport-4.2.6/lib/active_support/core_ext/numeric/conversions.rb:131:in `block (2 levels) in <class:Numeric>'
/usr/local/bundle/gems/activesupport-4.2.6/lib/active_support/core_ext/numeric/conversions.rb:131:in `block (2 levels) in <class:Numeric>'
/usr/local/bundle/gems/activesupport-4.2.6/lib/active_support/core_ext/numeric/conversions.rb:131:in `block (2 levels) in <class:Numeric>'
/usr/local/bundle/gems/activesupport-4.2.6/lib/active_support/core_ext/numeric/conversions.rb:131:in `block (2 levels) in <class:Numeric>'
/usr/local/bundle/gems/activesupport-4.2.6/lib/active_support/core_ext/numeric/conversions.rb:131:in `block (2 levels) in <class:Numeric>'
/usr/local/bundle/gems/activesupport-4.2.6/lib/active_support/core_ext/numeric/conversions.rb:131:in `block (2 levels) in <class:Numeric>'
/usr/local/bundle/gems/activesupport-4.2.6/lib/active_support/core_ext/numeric/conversions.rb:131:in `block (2 levels) in <class:Numeric>'
/usr/local/bundle/gems/activesupport-4.2.6/lib/active_support/core_ext/numeric/conversions.rb:131:in `block (2 levels) in <class:Numeric>'
/usr/local/bundle/gems/activesupport-4.2.6/lib/active_support/core_ext/numeric/conversions.rb:131:in `block (2 levels) in <class:Numeric>'
/usr/local/bundle/gems/activesupport-4.2.6/lib/active_support/core_ext/numeric/conversions.rb:131:in `block (2 levels) in <class:Numeric>'
/usr/local/bundle/gems/activesupport-4.2.6/lib/active_support/core_ext/numeric/conversions.rb:131:in `block (2 levels) in <class:Numeric>'
/usr/local/bundle/gems/activesupport-4.2.6/lib/active_support/core_ext/numeric/conversions.rb:131:in `block (2 levels) in <class:Numeric>'
/usr/local/bundle/gems/activesupport-4.2.6/lib/active_support/core_ext/numeric/conversions.rb:131:in `block (2 levels) in <class:Numeric>'
/usr/local/bundle/gems/activesupport-4.2.6/lib/active_support/core_ext/numeric/conversions.rb:131:in `block (2 levels) in <class:Numeric>'
/usr/local/bundle/gems/activesupport-4.2.6/lib/active_support/core_ext/numeric/conversions.rb:131:in `block (2 levels) in <class:Numeric>'
/usr/local/bundle/gems/activesupport-4.2.6/lib/active_support/core_ext/numeric/conversions.rb:131:in `block (2 levels) in <class:Numeric>'
/usr/local/bundle/gems/activesupport-4.2.6/lib/active_support/core_ext/numeric/conversions.rb:131:in `block (2 levels) in <class:Numeric>'
/usr/local/bundle/gems/activesupport-4.2.6/lib/active_support/core_ext/numeric/conversions.rb:131:in `block (2 levels) in <class:Numeric>'
/usr/local/bundle/gems/activesupport-4.2.6/lib/active_support/core_ext/numeric/conversions.rb:131:in `block (2 levels) in <class:Numeric>'
/usr/local/bundle/gems/activesupport-4.2.6/lib/active_support/core_ext/numeric/conversions.rb:131:in `block (2 levels) in <class:Numeric>'
/usr/local/bundle/gems/activesupport-4.2.6/lib/active_support/core_ext/numeric/conversions.rb:131:in `block (2 levels) in <class:Numeric>'
/usr/local/bundle/gems/activesupport-4.2.6/lib/active_support/core_ext/numeric/conversions.rb:131:in `block (2 levels) in <class:Numeric>'
/usr/local/bundle/gems/activesupport-4.2.6/lib/active_support/core_ext/numeric/conversions.rb:131:in `block (2 levels) in <class:Numeric>'
/usr/local/bundle/gems/activesupport-4.2.6/lib/active_support/core_ext/numeric/conversions.rb:131:in `block (2 levels) in <class:Numeric>'
/usr/local/bundle/gems/activesupport-4.2.6/lib/active_support/core_ext/numeric/conversions.rb:131:in `block (2 levels) in <class:Numeric>'
/usr/local/bundle/gems/activesupport-4.2.6/lib/active_support/core_ext/numeric/conversions.rb:131:in `block (2 levels) in <class:Numeric>'
/usr/local/bundle/gems/activesupport-4.2.6/lib/active_support/core_ext/numeric/conversions.rb:131:in `block (2 levels) in <class:Numeric>'
/usr/local/bundle/gems/activesupport-4.2.6/lib/active_support/core_ext/numeric/conversions.rb:131:in `block (2 levels) in <class:Numeric>'
/usr/local/bundle/gems/activesupport-4.2.6/lib/active_support/core_ext/numeric/conversions.rb:131:in `block (2 levels) in <class:Numeric>'
/usr/local/bundle/gems/activesupport-4.2.6/lib/active_support/core_ext/numeric/conversions.rb:131:in `block (2 levels) in <class:Numeric>'
/usr/local/bundle/gems/activesupport-4.2.6/lib/active_support/core_ext/numeric/conversions.rb:131:in `block (2 levels) in <class:Numeric>'
/usr/local/bundle/gems/activesupport-4.2.6/lib/active_support/core_ext/numeric/conversions.rb:131:in `block (2 levels) in <class:Numeric>'
/usr/local/bundle/gems/activesupport-4.2.6/lib/active_support/core_ext/numeric/conversions.rb:131:in `block (2 levels) in <class:Numeric>'
/usr/local/bundle/gems/activesupport-4.2.6/lib/active_support/core_ext/numeric/conversions.rb:131:in `block (2 levels) in <class:Numeric>'
/usr/local/bundle/gems/activesupport-4.2.6/lib/active_support/core_ext/numeric/conversions.rb:131:in `block (2 levels) in <class:Numeric>'
/usr/local/bundle/gems/activesupport-4.2.6/lib/active_support/core_ext/numeric/conversions.rb:131:in `block (2 levels) in <class:Numeric>'
/usr/local/bundle/gems/activesupport-4.2.6/lib/active_support/core_ext/numeric/conversions.rb:131:in `block (2 levels) in <class:Numeric>'
/usr/local/bundle/gems/activesupport-4.2.6/lib/active_support/core_ext/numeric/conversions.rb:131:in `block (2 levels) in <class:Numeric>'
/usr/local/bundle/gems/activesupport-4.2.6/lib/active_support/core_ext/numeric/conversions.rb:131:in `block (2 levels) in <class:Numeric>'
/usr/local/bundle/gems/activesupport-4.2.6/lib/active_support/core_ext/numeric/conversions.rb:131:in `block (2 levels) in <class:Numeric>'
/usr/local/bundle/gems/activesupport-4.2.6/lib/active_support/core_ext/numeric/conversions.rb:131:in `block (2 levels) in <class:Numeric>'
/usr/local/bundle/gems/activesupport-4.2.6/lib/active_support/core_ext/numeric/conversions.rb:131:in `block (2 levels) in <class:Numeric>'
/usr/local/bundle/gems/activesupport-4.2.6/lib/active_support/core_ext/numeric/conversions.rb:131:in `block (2 levels) in <class:Numeric>'
/usr/local/bundle/gems/activesupport-4.2.6/lib/active_support/core_ext/numeric/conversions.rb:131:in `block (2 levels) in <class:Numeric>'
/usr/local/bundle/gems/activesupport-4.2.6/lib/active_support/core_ext/numeric/conversions.rb:131:in `block (2 levels) in <class:Numeric>'
/usr/local/bundle/gems/activesupport-4.2.6/lib/active_support/core_ext/numeric/conversions.rb:131:in `block (2 levels) in <class:Numeric>'
/usr/local/bundle/gems/activesupport-4.2.6/lib/active_support/core_ext/numeric/conversions.rb:131:in `block (2 levels) in <class:Numeric>'
/usr/local/bundle/gems/activesupport-4.2.6/lib/active_support/core_ext/numeric/conversions.rb:131:in `block (2 levels) in <class:Numeric>'
/usr/local/bundle/gems/activesupport-4.2.6/lib/active_support/core_ext/numeric/conversions.rb:131:in `block (2 levels) in <class:Numeric>'
/usr/local/bundle/gems/activesupport-4.2.6/lib/active_support/core_ext/numeric/conversions.rb:131:in `block (2 levels) in <class:Numeric>'
/usr/local/bundle/gems/activesupport-4.2.6/lib/active_support/core_ext/numeric/conversions.rb:131:in `block (2 levels) in <class:Numeric>'
/usr/local/bundle/gems/activesupport-4.2.6/lib/active_support/core_ext/numeric/conversions.rb:131:in `block (2 levels) in <class:Numeric>'
/usr/local/bundle/gems/activesupport-4.2.6/lib/active_support/core_ext/numeric/conversions.rb:131:in `block (2 levels) in <class:Numeric>'
/usr/local/bundle/gems/activesupport-4.2.6/lib/active_support/core_ext/numeric/conversions.rb:131:in `block (2 levels) in <class:Numeric>'
/usr/local/bundle/gems/activesupport-4.2.6/lib/active_support/core_ext/numeric/conversions.rb:131:in `block (2 levels) in <class:Numeric>'
/usr/local/bundle/gems/activesupport-4.2.6/lib/active_support/core_ext/numeric/conversions.rb:131:in `block (2 levels) in <class:Numeric>'
/usr/local/bundle/gems/activesupport-4.2.6/lib/active_support/core_ext/numeric/conversions.rb:131:in `block (2 levels) in <class:Numeric>'
/usr/local/bundle/gems/activesupport-4.2.6/lib/active_support/core_ext/numeric/conversions.rb:131:in `block (2 levels) in <class:Numeric>'
/usr/local/bundle/gems/activesupport-4.2.6/lib/active_support/core_ext/numeric/conversions.rb:131:in `block (2 levels) in <class:Numeric>'
/usr/local/bundle/gems/activesupport-4.2.6/lib/active_support/core_ext/numeric/conversions.rb:131:in `block (2 levels) in <class:Numeric>'
/usr/local/bundle/gems/activesupport-4.2.6/lib/active_support/core_ext/numeric/conversions.rb:131:in `block (2 levels) in <class:Numeric>'
/usr/local/bundle/gems/activesupport-4.2.6/lib/active_support/core_ext/numeric/conversions.rb:131:in `block (2 levels) in <class:Numeric>'
/usr/local/bundle/gems/activesupport-4.2.6/lib/active_support/core_ext/numeric/conversions.rb:131:in `block (2 levels) in <class:Numeric>'
/usr/local/bundle/gems/activesupport-4.2.6/lib/active_support/core_ext/numeric/conversions.rb:131:in `block (2 levels) in <class:Numeric>'
/usr/local/bundle/gems/activesupport-4.2.6/lib/active_support/core_ext/numeric/conversions.rb:131:in `block (2 levels) in <class:Numeric>'
/usr/local/bundle/gems/activesupport-4.2.6/lib/active_support/core_ext/numeric/conversions.rb:131:in `block (2 levels) in <class:Numeric>'
/usr/local/bundle/gems/activesupport-4.2.6/lib/active_support/core_ext/numeric/conversions.rb:131:in `block (2 levels) in <class:Numeric>'
/usr/local/bundle/gems/activesupport-4.2.6/lib/active_support/core_ext/numeric/conversions.rb:131:in `block (2 levels) in <class:Numeric>'
/usr/local/bundle/gems/activesupport-4.2.6/lib/active_support/core_ext/numeric/conversions.rb:131:in `block (2 levels) in <class:Numeric>'
/usr/local/bundle/gems/activesupport-4.2.6/lib/active_support/core_ext/numeric/conversions.rb:131:in `block (2 levels) in <class:Numeric>'
/usr/local/bundle/gems/activesupport-4.2.6/lib/active_support/core_ext/numeric/conversions.rb:131:in `block (2 levels) in <class:Numeric>'
/usr/local/bundle/gems/activesupport-4.2.6/lib/active_support/core_ext/numeric/conversions.rb:131:in `block (2 levels) in <class:Numeric>'
/usr/local/bundle/gems/activesupport-4.2.6/lib/active_support/core_ext/numeric/conversions.rb:131:in `block (2 levels) in <class:Numeric>'
/usr/local/bundle/gems/activesupport-4.2.6/lib/active_support/core_ext/numeric/conversions.rb:131:in `block (2 levels) in <class:Numeric>'
/usr/local/bundle/gems/activesupport-4.2.6/lib/active_support/core_ext/numeric/conversions.rb:131:in `block (2 levels) in <class:Numeric>'
/usr/local/bundle/gems/activesupport-4.2.6/lib/active_support/core_ext/numeric/conversions.rb:131:in `block (2 levels) in <class:Numeric>'
/usr/local/bundle/gems/activesupport-4.2.6/lib/active_support/core_ext/numeric/conversions.rb:131:in `block (2 levels) in <class:Numeric>'
/usr/local/bundle/gems/activesupport-4.2.6/lib/active_support/core_ext/numeric/conversions.rb:131:in `block (2 levels) in <class:Numeric>'
/usr/local/bundle/gems/activesupport-4.2.6/lib/active_support/core_ext/numeric/conversions.rb:131:in `block (2 levels) in <class:Numeric>'
/usr/local/bundle/gems/activesupport-4.2.6/lib/active_support/core_ext/numeric/conversions.rb:131:in `block (2 levels) in <class:Numeric>'
/usr/local/bundle/gems/activesupport-4.2.6/lib/active_support/core_ext/numeric/conversions.rb:131:in `block (2 levels) in <class:Numeric>'
/usr/local/bundle/gems/activesupport-4.2.6/lib/active_support/core_ext/numeric/conversions.rb:131:in `block (2 levels) in <class:Numeric>'
/usr/local/bundle/gems/activesupport-4.2.6/lib/active_support/core_ext/numeric/conversions.rb:131:in `block (2 levels) in <class:Numeric>'
/usr/local/bundle/gems/activesupport-4.2.6/lib/active_support/core_ext/numeric/conversions.rb:131:in `block (2 levels) in <class:Numeric>'
/usr/local/bundle/gems/activesupport-4.2.6/lib/active_support/core_ext/numeric/conversions.rb:131:in `block (2 levels) in <class:Numeric>'
/usr/local/bundle/gems/activesupport-4.2.6/lib/active_support/core_ext/numeric/conversions.rb:131:in `block (2 levels) in <class:Numeric>'
/usr/local/bundle/gems/activesupport-4.2.6/lib/active_support/core_ext/numeric/conversions.rb:131:in `block (2 levels) in <class:Numeric>'
/usr/local/bundle/gems/activesupport-4.2.6/lib/active_support/core_ext/numeric/conversions.rb:131:in `block (2 levels) in <class:Numeric>'
/usr/local/bundle/gems/activesupport-4.2.6/lib/active_support/core_ext/numeric/conversions.rb:131:in `block (2 levels) in <class:Numeric>'
/usr/local/bundle/gems/activesupport-4.2.6/lib/active_support/core_ext/numeric/conversions.rb:131:in `block (2 levels) in <class:Numeric>'
/usr/local/bundle/gems/activesupport-4.2.6/lib/active_support/core_ext/numeric/conversions.rb:131:in `block (2 levels) in <class:Numeric>'
/usr/local/bundle/gems/activesupport-4.2.6/lib/active_support/core_ext/numeric/conversions.rb:131:in `block (2 levels) in <class:Numeric>'
/usr/local/bundle/gems/activesupport-4.2.6/lib/active_support/core_ext/numeric/conversions.rb:131:in `block (2 levels) in <class:Numeric>'
/usr/local/bundle/gems/activesupport-4.2.6/lib/active_support/core_ext/numeric/conversions.rb:131:in `block (2 levels) in <class:Numeric>'
/usr/local/bundle/gems/activesupport-4.2.6/lib/active_support/core_ext/numeric/conversions.rb:131:in `block (2 levels) in <class:Numeric>'
/usr/local/bundle/gems/activesupport-4.2.6/lib/active_support/core_ext/numeric/conversions.rb:131:in `block (2 levels) in <class:Numeric>'
/usr/local/bundle/gems/activesupport-4.2.6/lib/active_support/core_ext/numeric/conversions.rb:131:in `block (2 levels) in <class:Numeric>'
/usr/local/bundle/gems/activesupport-4.2.6/lib/active_support/core_ext/numeric/conversions.rb:131:in `block (2 levels) in <class:Numeric>'
/usr/local/bundle/gems/activesupport-4.2.6/lib/active_support/core_ext/numeric/conversions.rb:131:in `block (2 levels) in <class:Numeric>'
/usr/local/bundle/gems/activesupport-4.2.6/lib/active_support/core_ext/numeric/conversions.rb:131:in `block (2 levels) in <class:Numeric>'
/usr/local/bundle/gems/activesupport-4.2.6/lib/active_support/core_ext/numeric/conversions.rb:131:in `block (2 levels) in <class:Numeric>'
/usr/local/bundle/gems/activesupport-4.2.6/lib/active_support/core_ext/numeric/conversions.rb:131:in `block (2 levels) in <class:Numeric>'
/usr/local/bundle/gems/activesupport-4.2.6/lib/active_support/core_ext/numeric/conversions.rb:131:in `block (2 levels) in <class:Numeric>'
/usr/local/bundle/gems/activesupport-4.2.6/lib/active_support/core_ext/numeric/conversions.rb:131:in `block (2 levels) in <class:Numeric>'
/usr/local/bundle/gems/activesupport-4.2.6/lib/active_support/core_ext/numeric/conversions.rb:131:in `block (2 levels) in <class:Numeric>'
/usr/local/bundle/gems/activesupport-4.2.6/lib/active_support/core_ext/numeric/conversions.rb:131:in `block (2 levels) in <class:Numeric>'
/usr/local/bundle/gems/activesupport-4.2.6/lib/active_support/core_ext/numeric/conversions.rb:131:in `block (2 levels) in <class:Numeric>'
/usr/local/bundle/gems/activesupport-4.2.6/lib/active_support/core_ext/numeric/conversions.rb:131:in `block (2 levels) in <class:Numeric>'
/usr/local/bundle/gems/activesupport-4.2.6/lib/active_support/core_ext/numeric/conversions.rb:131:in `block (2 levels) in <class:Numeric>'
/usr/local/bundle/gems/activesupport-4.2.6/lib/active_support/core_ext/numeric/conversions.rb:131:in `block (2 levels) in <class:Numeric>'
/usr/local/bundle/gems/activesupport-4.2.6/lib/active_support/core_ext/numeric/conversions.rb:131:in `block (2 levels) in <class:Numeric>'
/usr/local/bundle/gems/activesupport-4.2.6/lib/active_support/core_ext/numeric/conversions.rb:131:in `block (2 levels) in <class:Numeric>'
/usr/local/bundle/gems/activesupport-4.2.6/lib/active_support/core_ext/numeric/conversions.rb:131:in `block (2 levels) in <class:Numeric>'
/usr/local/bundle/gems/activesupport-4.2.6/lib/active_support/core_ext/numeric/conversions.rb:131:in `block (2 levels) in <class:Numeric>'
/usr/local/bundle/gems/activesupport-4.2.6/lib/active_support/core_ext/numeric/conversions.rb:131:in `block (2 levels) in <class:Numeric>'
/usr/local/bundle/gems/activesupport-4.2.6/lib/active_support/core_ext/numeric/conversions.rb:131:in `block (2 levels) in <class:Numeric>'
/usr/local/bundle/gems/activesupport-4.2.6/lib/active_support/core_ext/numeric/conversions.rb:131:in `block (2 levels) in <class:Numeric>'
/usr/local/bundle/gems/activesupport-4.2.6/lib/active_support/core_ext/numeric/conversions.rb:131:in `block (2 levels) in <class:Numeric>'
/usr/local/bundle/gems/activesupport-4.2.6/lib/active_support/core_ext/numeric/conversions.rb:131:in `block (2 levels) in <class:Numeric>'
/usr/local/bundle/gems/activesupport-4.2.6/lib/active_support/core_ext/numeric/conversions.rb:131:in `block (2 levels) in <class:Numeric>'
/usr/local/bundle/gems/activesupport-4.2.6/lib/active_support/core_ext/numeric/conversions.rb:131:in `block (2 levels) in <class:Numeric>'
/usr/local/bundle/gems/activesupport-4.2.6/lib/active_support/core_ext/numeric/conversions.rb:131:in `block (2 levels) in <class:Numeric>'
/usr/local/bundle/gems/activesupport-4.2.6/lib/active_support/core_ext/numeric/conversions.rb:131:in `block (2 levels) in <class:Numeric>'
/usr/local/bundle/gems/activesupport-4.2.6/lib/active_support/core_ext/numeric/conversions.rb:131:in `block (2 levels) in <class:Numeric>'
/usr/local/bundle/gems/activesupport-4.2.6/lib/active_support/core_ext/numeric/conversions.rb:131:in `block (2 levels) in <class:Numeric>'
/usr/local/bundle/gems/activesupport-4.2.6/lib/active_support/core_ext/numeric/conversions.rb:131:in `block (2 levels) in <class:Numeric>'
/usr/local/bundle/gems/activesupport-4.2.6/lib/active_support/core_ext/numeric/conversions.rb:131:in `block (2 levels) in <class:Numeric>'
/usr/local/bundle/gems/activesupport-4.2.6/lib/active_support/core_ext/numeric/conversions.rb:131:in `block (2 levels) in <class:Numeric>'
/usr/local/bundle/gems/activesupport-4.2.6/lib/active_support/core_ext/numeric/conversions.rb:131:in `block (2 levels) in <class:Numeric>'
/usr/local/bundle/gems/activesupport-4.2.6/lib/active_support/core_ext/numeric/conversions.rb:131:in `block (2 levels) in <class:Numeric>'
/usr/local/bundle/gems/activesupport-4.2.6/lib/active_support/core_ext/numeric/conversions.rb:131:in `block (2 levels) in <class:Numeric>'
/usr/local/bundle/gems/activesupport-4.2.6/lib/active_support/core_ext/numeric/conversions.rb:131:in `block (2 levels) in <class:Numeric>'
/usr/local/bundle/gems/activesupport-4.2.6/lib/active_support/core_ext/numeric/conversions.rb:131:in `block (2 levels) in <class:Numeric>'
/usr/local/bundle/gems/activesupport-4.2.6/lib/active_support/core_ext/numeric/conversions.rb:131:in `block (2 levels) in <class:Numeric>'
/usr/local/bundle/gems/activesupport-4.2.6/lib/active_support/core_ext/numeric/conversions.rb:131:in `block (2 levels) in <class:Numeric>'
/usr/local/bundle/gems/activesupport-4.2.6/lib/active_support/core_ext/numeric/conversions.rb:131:in `block (2 levels) in <class:Numeric>'
/usr/local/bundle/gems/activesupport-4.2.6/lib/active_support/core_ext/numeric/conversions.rb:131:in `block (2 levels) in <class:Numeric>'
/usr/local/bundle/gems/activesupport-4.2.6/lib/active_support/core_ext/numeric/conversions.rb:131:in `block (2 levels) in <class:Numeric>'
/usr/local/bundle/gems/activesupport-4.2.6/lib/active_support/core_ext/numeric/conversions.rb:131:in `block (2 levels) in <class:Numeric>'
/usr/local/bundle/gems/activesupport-4.2.6/lib/active_support/core_ext/numeric/conversions.rb:131:in `block (2 levels) in <class:Numeric>'
/usr/local/bundle/gems/activesupport-4.2.6/lib/active_support/core_ext/numeric/conversions.rb:131:in `block (2 levels) in <class:Numeric>'
/usr/local/bundle/gems/activesupport-4.2.6/lib/active_support/core_ext/numeric/conversions.rb:131:in `block (2 levels) in <class:Numeric>'
/usr/local/bundle/gems/activesupport-4.2.6/lib/active_support/core_ext/numeric/conversions.rb:131:in `block (2 levels) in <class:Numeric>'
/usr/local/bundle/gems/activesupport-4.2.6/lib/active_support/core_ext/numeric/conversions.rb:131:in `block (2 levels) in <class:Numeric>'
/usr/local/bundle/gems/activesupport-4.2.6/lib/active_support/core_ext/numeric/conversions.rb:131:in `block (2 levels) in <class:Numeric>'
/usr/local/bundle/gems/activesupport-4.2.6/lib/active_support/core_ext/numeric/conversions.rb:131:in `block (2 levels) in <class:Numeric>'
/usr/local/bundle/gems/activesupport-4.2.6/lib/active_support/core_ext/numeric/conversions.rb:131:in `block (2 levels) in <class:Numeric>'
/usr/local/bundle/gems/activesupport-4.2.6/lib/active_support/core_ext/numeric/conversions.rb:131:in `block (2 levels) in <class:Numeric>'
/usr/local/bundle/gems/activesupport-4.2.6/lib/active_support/core_ext/numeric/conversions.rb:131:in `block (2 levels) in <class:Numeric>'
/usr/local/bundle/gems/activesupport-4.2.6/lib/active_support/core_ext/numeric/conversions.rb:131:in `block (2 levels) in <class:Numeric>'
/usr/local/bundle/gems/activesupport-4.2.6/lib/active_support/core_ext/numeric/conversions.rb:131:in `block (2 levels) in <class:Numeric>'
/usr/local/bundle/gems/activesupport-4.2.6/lib/active_support/core_ext/numeric/conversions.rb:131:in `block (2 levels) in <class:Numeric>'
/usr/local/bundle/gems/activesupport-4.2.6/lib/active_support/core_ext/numeric/conversions.rb:131:in `block (2 levels) in <class:Numeric>'
/usr/local/bundle/gems/activesupport-4.2.6/lib/active_support/core_ext/numeric/conversions.rb:131:in `block (2 levels) in <class:Numeric>'
/usr/local/bundle/gems/activesupport-4.2.6/lib/active_support/core_ext/numeric/conversions.rb:131:in `block (2 levels) in <class:Numeric>'
/usr/local/bundle/gems/activesupport-4.2.6/lib/active_support/core_ext/numeric/conversions.rb:131:in `block (2 levels) in <class:Numeric>'
/usr/local/bundle/gems/activesupport-4.2.6/lib/active_support/core_ext/numeric/conversions.rb:131:in `block (2 levels) in <class:Numeric>'
/usr/local/bundle/gems/activesupport-4.2.6/lib/active_support/core_ext/numeric/conversions.rb:131:in `block (2 levels) in <class:Numeric>'
/usr/local/bundle/gems/activesupport-4.2.6/lib/active_support/core_ext/numeric/conversions.rb:131:in `block (2 levels) in <class:Numeric>'
/usr/local/bundle/gems/activesupport-4.2.6/lib/active_support/core_ext/numeric/conversions.rb:131:in `block (2 levels) in <class:Numeric>'
/usr/local/bundle/gems/activesupport-4.2.6/lib/active_support/core_ext/numeric/conversions.rb:131:in `block (2 levels) in <class:Numeric>'
/usr/local/bundle/gems/activesupport-4.2.6/lib/active_support/core_ext/numeric/conversions.rb:131:in `block (2 levels) in <class:Numeric>'
/usr/local/bundle/gems/activesupport-4.2.6/lib/active_support/core_ext/numeric/conversions.rb:131:in `block (2 levels) in <class:Numeric>'
/usr/local/bundle/gems/activesupport-4.2.6/lib/active_support/core_ext/numeric/conversions.rb:131:in `block (2 levels) in <class:Numeric>'
/usr/local/bundle/gems/activesupport-4.2.6/lib/active_support/core_ext/numeric/conversions.rb:131:in `block (2 levels) in <class:Numeric>'
/usr/local/bundle/gems/activesupport-4.2.6/lib/active_support/core_ext/numeric/conversions.rb:131:in `block (2 levels) in <class:Numeric>'
/usr/local/bundle/gems/activesupport-4.2.6/lib/active_support/core_ext/numeric/conversions.rb:131:in `block (2 levels) in <class:Numeric>'
/usr/local/bundle/gems/activesupport-4.2.6/lib/active_support/core_ext/numeric/conversions.rb:131:in `block (2 levels) in <class:Numeric>'
/usr/local/bundle/gems/activesupport-4.2.6/lib/active_support/core_ext/numeric/conversions.rb:131:in `block (2 levels) in <class:Numeric>'
/usr/local/bundle/gems/activesupport-4.2.6/lib/active_support/core_ext/numeric/conversions.rb:131:in `block (2 levels) in <class:Numeric>'
/usr/local/bundle/gems/activesupport-4.2.6/lib/active_support/core_ext/numeric/conversions.rb:131:in `block (2 levels) in <class:Numeric>'
/usr/local/bundle/gems/activesupport-4.2.6/lib/active_support/core_ext/numeric/conversions.rb:131:in `block (2 levels) in <class:Numeric>'
/usr/local/bundle/gems/activesupport-4.2.6/lib/active_support/core_ext/numeric/conversions.rb:131:in `block (2 levels) in <class:Numeric>'
/usr/local/bundle/gems/activesupport-4.2.6/lib/active_support/core_ext/numeric/conversions.rb:131:in `block (2 levels) in <class:Numeric>'
/usr/local/bundle/gems/activesupport-4.2.6/lib/active_support/core_ext/numeric/conversions.rb:131:in `block (2 levels) in <class:Numeric>'
/usr/local/bundle/gems/activesupport-4.2.6/lib/active_support/core_ext/numeric/conversions.rb:131:in `block (2 levels) in <class:Numeric>'
/usr/local/bundle/gems/activesupport-4.2.6/lib/active_support/core_ext/numeric/conversions.rb:131:in `block (2 levels) in <class:Numeric>'
/usr/local/bundle/gems/activesupport-4.2.6/lib/active_support/core_ext/numeric/conversions.rb:131:in `block (2 levels) in <class:Numeric>'
/usr/local/bundle/gems/activesupport-4.2.6/lib/active_support/core_ext/numeric/conversions.rb:131:in `block (2 levels) in <class:Numeric>'
/usr/local/bundle/gems/activesupport-4.2.6/lib/active_support/core_ext/numeric/conversions.rb:131:in `block (2 levels) in <class:Numeric>'
/usr/local/bundle/gems/activesupport-4.2.6/lib/active_support/core_ext/numeric/conversions.rb:131:in `block (2 levels) in <class:Numeric>'
/usr/local/bundle/gems/activesupport-4.2.6/lib/active_support/core_ext/numeric/conversions.rb:131:in `block (2 levels) in <class:Numeric>'
/usr/local/bundle/gems/activesupport-4.2.6/lib/active_support/core_ext/numeric/conversions.rb:131:in `block (2 levels) in <class:Numeric>'
/usr/local/bundle/gems/activesupport-4.2.6/lib/active_support/core_ext/numeric/conversions.rb:131:in `block (2 levels) in <class:Numeric>'
/usr/local/bundle/gems/activesupport-4.2.6/lib/active_support/core_ext/numeric/conversions.rb:131:in `block (2 levels) in <class:Numeric>'
/usr/local/bundle/gems/activesupport-4.2.6/lib/active_support/core_ext/numeric/conversions.rb:131:in `block (2 levels) in <class:Numeric>'
/usr/local/bundle/gems/activesupport-4.2.6/lib/active_support/core_ext/numeric/conversions.rb:131:in `block (2 levels) in <class:Numeric>'
/usr/local/bundle/gems/activesupport-4.2.6/lib/active_support/core_ext/numeric/conversions.rb:131:in `block (2 levels) in <class:Numeric>'
/usr/local/bundle/gems/activesupport-4.2.6/lib/active_support/core_ext/numeric/conversions.rb:131:in `block (2 levels) in <class:Numeric>'
/usr/local/bundle/gems/activesupport-4.2.6/lib/active_support/core_ext/numeric/conversions.rb:131:in `block (2 levels) in <class:Numeric>'
/usr/local/bundle/gems/activesupport-4.2.6/lib/active_support/core_ext/numeric/conversions.rb:131:in `block (2 levels) in <class:Numeric>'
/usr/local/bundle/gems/activesupport-4.2.6/lib/active_support/core_ext/numeric/conversions.rb:131:in `block (2 levels) in <class:Numeric>'
/usr/local/bundle/gems/activesupport-4.2.6/lib/active_support/core_ext/numeric/conversions.rb:131:in `block (2 levels) in <class:Numeric>'
/usr/local/bundle/gems/activesupport-4.2.6/lib/active_support/core_ext/numeric/conversions.rb:131:in `block (2 levels) in <class:Numeric>'
/usr/local/bundle/gems/activesupport-4.2.6/lib/active_support/core_ext/numeric/conversions.rb:131:in `block (2 levels) in <class:Numeric>'
/usr/local/bundle/gems/activesupport-4.2.6/lib/active_support/core_ext/numeric/conversions.rb:131:in `block (2 levels) in <class:Numeric>'
/usr/local/bundle/gems/activesupport-4.2.6/lib/active_support/core_ext/numeric/conversions.rb:131:in `block (2 levels) in <class:Numeric>'
/usr/local/bundle/gems/activesupport-4.2.6/lib/active_support/core_ext/numeric/conversions.rb:131:in `block (2 levels) in <class:Numeric>'
/usr/local/bundle/gems/activesupport-4.2.6/lib/active_support/core_ext/numeric/conversions.rb:131:in `block (2 levels) in <class:Numeric>'
/usr/local/bundle/gems/activesupport-4.2.6/lib/active_support/core_ext/numeric/conversions.rb:131:in `block (2 levels) in <class:Numeric>'
/usr/local/bundle/gems/activesupport-4.2.6/lib/active_support/core_ext/numeric/conversions.rb:131:in `block (2 levels) in <class:Numeric>'
/usr/local/bundle/gems/activesupport-4.2.6/lib/active_support/core_ext/numeric/conversions.rb:131:in `block (2 levels) in <class:Numeric>'
/usr/local/bundle/gems/activesupport-4.2.6/lib/active_support/core_ext/numeric/conversions.rb:131:in `block (2 levels) in <class:Numeric>'
/usr/local/bundle/gems/activesupport-4.2.6/lib/active_support/core_ext/numeric/conversions.rb:131:in `block (2 levels) in <class:Numeric>'
/usr/local/bundle/gems/activesupport-4.2.6/lib/active_support/core_ext/numeric/conversions.rb:131:in `block (2 levels) in <class:Numeric>'
/usr/local/bundle/gems/activesupport-4.2.6/lib/active_support/core_ext/numeric/conversions.rb:131:in `block (2 levels) in <class:Numeric>'
/usr/local/bundle/gems/activesupport-4.2.6/lib/active_support/core_ext/numeric/conversions.rb:131:in `block (2 levels) in <class:Numeric>'
/usr/local/bundle/gems/activesupport-4.2.6/lib/active_support/core_ext/numeric/conversions.rb:131:in `block (2 levels) in <class:Numeric>'
/usr/local/bundle/gems/activesupport-4.2.6/lib/active_support/core_ext/numeric/conversions.rb:131:in `block (2 levels) in <class:Numeric>'
/usr/local/bundle/gems/activesupport-4.2.6/lib/active_support/core_ext/numeric/conversions.rb:131:in `block (2 levels) in <class:Numeric>'
/usr/local/bundle/gems/activesupport-4.2.6/lib/active_support/core_ext/numeric/conversions.rb:131:in `block (2 levels) in <class:Numeric>'
/usr/local/bundle/gems/activesupport-4.2.6/lib/active_support/core_ext/numeric/conversions.rb:131:in `block (2 levels) in <class:Numeric>'
/usr/local/bundle/gems/activesupport-4.2.6/lib/active_support/core_ext/numeric/conversions.rb:131:in `block (2 levels) in <class:Numeric>'
/usr/local/bundle/gems/activesupport-4.2.6/lib/active_support/core_ext/numeric/conversions.rb:131:in `block (2 levels) in <class:Numeric>'
/usr/local/bundle/gems/activesupport-4.2.6/lib/active_support/core_ext/numeric/conversions.rb:131:in `block (2 levels) in <class:Numeric>'
/usr/local/bundle/gems/activesupport-4.2.6/lib/active_support/core_ext/numeric/conversions.rb:131:in `block (2 levels) in <class:Numeric>'
/usr/local/bundle/gems/activesupport-4.2.6/lib/active_support/core_ext/numeric/conversions.rb:131:in `block (2 levels) in <class:Numeric>'
/usr/local/bundle/gems/activesupport-4.2.6/lib/active_support/core_ext/numeric/conversions.rb:131:in `block (2 levels) in <class:Numeric>'
/usr/local/bundle/gems/activesupport-4.2.6/lib/active_support/core_ext/numeric/conversions.rb:131:in `block (2 levels) in <class:Numeric>'
/usr/local/bundle/gems/activesupport-4.2.6/lib/active_support/core_ext/numeric/conversions.rb:131:in `block (2 levels) in <class:Numeric>'
/usr/local/bundle/gems/activesupport-4.2.6/lib/active_support/core_ext/numeric/conversions.rb:131:in `block (2 levels) in <class:Numeric>'
/usr/local/bundle/gems/activesupport-4.2.6/lib/active_support/core_ext/numeric/conversions.rb:131:in `block (2 levels) in <class:Numeric>'
/usr/local/bundle/gems/activesupport-4.2.6/lib/active_support/core_ext/numeric/conversions.rb:131:in `block (2 levels) in <class:Numeric>'
/usr/local/bundle/gems/activesupport-4.2.6/lib/active_support/core_ext/numeric/conversions.rb:131:in `block (2 levels) in <class:Numeric>'
/usr/local/bundle/gems/activesupport-4.2.6/lib/active_support/core_ext/numeric/conversions.rb:131:in `block (2 levels) in <class:Numeric>'
/usr/local/bundle/gems/activesupport-4.2.6/lib/active_support/core_ext/numeric/conversions.rb:131:in `block (2 levels) in <class:Numeric>'
/usr/local/bundle/gems/activesupport-4.2.6/lib/active_support/core_ext/numeric/conversions.rb:131:in `block (2 levels) in <class:Numeric>'
/usr/local/bundle/gems/activesupport-4.2.6/lib/active_support/core_ext/numeric/conversions.rb:131:in `block (2 levels) in <class:Numeric>'
/usr/local/bundle/gems/activesupport-4.2.6/lib/active_support/core_ext/numeric/conversions.rb:131:in `block (2 levels) in <class:Numeric>'
/usr/local/bundle/gems/activesupport-4.2.6/lib/active_support/core_ext/numeric/conversions.rb:131:in `block (2 levels) in <class:Numeric>'
/usr/local/bundle/gems/activesupport-4.2.6/lib/active_support/core_ext/numeric/conversions.rb:131:in `block (2 levels) in <class:Numeric>'
/usr/local/bundle/gems/activesupport-4.2.6/lib/active_support/core_ext/numeric/conversions.rb:131:in `block (2 levels) in <class:Numeric>'
/usr/local/bundle/gems/activesupport-4.2.6/lib/active_support/core_ext/numeric/conversions.rb:131:in `block (2 levels) in <class:Numeric>'
/usr/local/bundle/gems/activesupport-4.2.6/lib/active_support/core_ext/numeric/conversions.rb:131:in `block (2 levels) in <class:Numeric>'
/usr/local/bundle/gems/activesupport-4.2.6/lib/active_support/core_ext/numeric/conversions.rb:131:in `block (2 levels) in <class:Numeric>'
/usr/local/bundle/gems/activesupport-4.2.6/lib/active_support/core_ext/numeric/conversions.rb:131:in `block (2 levels) in <class:Numeric>'
/usr/local/bundle/gems/activesupport-4.2.6/lib/active_support/core_ext/numeric/conversions.rb:131:in `block (2 levels) in <class:Numeric>'
/usr/local/bundle/gems/activesupport-4.2.6/lib/active_support/core_ext/numeric/conversions.rb:131:in `block (2 levels) in <class:Numeric>'
/usr/local/bundle/gems/activesupport-4.2.6/lib/active_support/core_ext/numeric/conversions.rb:131:in `block (2 levels) in <class:Numeric>'
/usr/local/bundle/gems/activesupport-4.2.6/lib/active_support/core_ext/numeric/conversions.rb:131:in `block (2 levels) in <class:Numeric>'
/usr/local/bundle/gems/activesupport-4.2.6/lib/active_support/core_ext/numeric/conversions.rb:131:in `block (2 levels) in <class:Numeric>'
/usr/local/bundle/gems/activesupport-4.2.6/lib/active_support/core_ext/numeric/conversions.rb:131:in `block (2 levels) in <class:Numeric>'
/usr/local/bundle/gems/activesupport-4.2.6/lib/active_support/core_ext/numeric/conversions.rb:131:in `block (2 levels) in <class:Numeric>'
/usr/local/bundle/gems/activesupport-4.2.6/lib/active_support/core_ext/numeric/conversions.rb:131:in `block (2 levels) in <class:Numeric>'
/usr/local/bundle/gems/activesupport-4.2.6/lib/active_support/core_ext/numeric/conversions.rb:131:in `block (2 levels) in <class:Numeric>'
/usr/local/bundle/gems/activesupport-4.2.6/lib/active_support/core_ext/numeric/conversions.rb:131:in `block (2 levels) in <class:Numeric>'
/usr/local/bundle/gems/activesupport-4.2.6/lib/active_support/core_ext/numeric/conversions.rb:131:in `block (2 levels) in <class:Numeric>'
/usr/local/bundle/gems/activesupport-4.2.6/lib/active_support/core_ext/numeric/conversions.rb:131:in `block (2 levels) in <class:Numeric>'
/usr/local/bundle/gems/activesupport-4.2.6/lib/active_support/core_ext/numeric/conversions.rb:131:in `block (2 levels) in <class:Numeric>'
/usr/local/bundle/gems/activesupport-4.2.6/lib/active_support/core_ext/numeric/conversions.rb:131:in `block (2 levels) in <class:Numeric>'
/usr/local/bundle/gems/activesupport-4.2.6/lib/active_support/core_ext/numeric/conversions.rb:131:in `block (2 levels) in <class:Numeric>'
/usr/local/bundle/gems/activesupport-4.2.6/lib/active_support/core_ext/numeric/conversions.rb:131:in `block (2 levels) in <class:Numeric>'
/usr/local/bundle/gems/activesupport-4.2.6/lib/active_support/core_ext/numeric/conversions.rb:131:in `block (2 levels) in <class:Numeric>'
/usr/local/bundle/gems/activesupport-4.2.6/lib/active_support/core_ext/numeric/conversions.rb:131:in `block (2 levels) in <class:Numeric>'
/usr/local/bundle/gems/activesupport-4.2.6/lib/active_support/core_ext/numeric/conversions.rb:131:in `block (2 levels) in <class:Numeric>'
/usr/local/bundle/gems/activesupport-4.2.6/lib/active_support/core_ext/numeric/conversions.rb:131:in `block (2 levels) in <class:Numeric>'
/usr/local/bundle/gems/activesupport-4.2.6/lib/active_support/core_ext/numeric/conversions.rb:131:in `block (2 levels) in <class:Numeric>'
/usr/local/bundle/gems/activesupport-4.2.6/lib/active_support/core_ext/numeric/conversions.rb:131:in `block (2 levels) in <class:Numeric>'
/usr/local/bundle/gems/activesupport-4.2.6/lib/active_support/core_ext/numeric/conversions.rb:131:in `block (2 levels) in <class:Numeric>'
/usr/local/bundle/gems/activesupport-4.2.6/lib/active_support/core_ext/numeric/conversions.rb:131:in `block (2 levels) in <class:Numeric>'
/usr/local/bundle/gems/activesupport-4.2.6/lib/active_support/core_ext/numeric/conversions.rb:131:in `block (2 levels) in <class:Numeric>'
/usr/local/bundle/gems/activesupport-4.2.6/lib/active_support/core_ext/numeric/conversions.rb:131:in `block (2 levels) in <class:Numeric>'
/usr/local/bundle/gems/activesupport-4.2.6/lib/active_support/core_ext/numeric/conversions.rb:131:in `block (2 levels) in <class:Numeric>'
/usr/local/bundle/gems/activesupport-4.2.6/lib/active_support/core_ext/numeric/conversions.rb:131:in `block (2 levels) in <class:Numeric>'
/usr/local/bundle/gems/activesupport-4.2.6/lib/active_support/core_ext/numeric/conversions.rb:131:in `block (2 levels) in <class:Numeric>'
/usr/local/bundle/gems/activesupport-4.2.6/lib/active_support/core_ext/numeric/conversions.rb:131:in `block (2 levels) in <class:Numeric>'
/usr/local/bundle/gems/activesupport-4.2.6/lib/active_support/core_ext/numeric/conversions.rb:131:in `block (2 levels) in <class:Numeric>'
/usr/local/bundle/gems/activesupport-4.2.6/lib/active_support/core_ext/numeric/conversions.rb:131:in `block (2 levels) in <class:Numeric>'
/usr/local/bundle/gems/activesupport-4.2.6/lib/active_support/core_ext/numeric/conversions.rb:131:in `block (2 levels) in <class:Numeric>'
/usr/local/bundle/gems/activesupport-4.2.6/lib/active_support/core_ext/numeric/conversions.rb:131:in `block (2 levels) in <class:Numeric>'
/usr/local/bundle/gems/activesupport-4.2.6/lib/active_support/core_ext/numeric/conversions.rb:131:in `block (2 levels) in <class:Numeric>'
/usr/local/bundle/gems/activesupport-4.2.6/lib/active_support/core_ext/numeric/conversions.rb:131:in `block (2 levels) in <class:Numeric>'
/usr/local/bundle/gems/activesupport-4.2.6/lib/active_support/core_ext/numeric/conversions.rb:131:in `block (2 levels) in <class:Numeric>'
/usr/local/bundle/gems/activesupport-4.2.6/lib/active_support/core_ext/numeric/conversions.rb:131:in `block (2 levels) in <class:Numeric>'
/usr/local/bundle/gems/activesupport-4.2.6/lib/active_support/core_ext/numeric/conversions.rb:131:in `block (2 levels) in <class:Numeric>'
/usr/local/bundle/gems/activesupport-4.2.6/lib/active_support/core_ext/numeric/conversions.rb:131:in `block (2 levels) in <class:Numeric>'
/usr/local/bundle/gems/activesupport-4.2.6/lib/active_support/core_ext/numeric/conversions.rb:131:in `block (2 levels) in <class:Numeric>'
/usr/local/bundle/gems/activesupport-4.2.6/lib/active_support/core_ext/numeric/conversions.rb:131:in `block (2 levels) in <class:Numeric>'
/usr/local/bundle/gems/activesupport-4.2.6/lib/active_support/core_ext/numeric/conversions.rb:131:in `block (2 levels) in <class:Numeric>'
/usr/local/bundle/gems/activesupport-4.2.6/lib/active_support/core_ext/numeric/conversions.rb:131:in `block (2 levels) in <class:Numeric>'
/usr/local/bundle/gems/activesupport-4.2.6/lib/active_support/core_ext/numeric/conversions.rb:131:in `block (2 levels) in <class:Numeric>'
/usr/local/bundle/gems/activesupport-4.2.6/lib/active_support/core_ext/numeric/conversions.rb:131:in `block (2 levels) in <class:Numeric>'
/usr/local/bundle/gems/activesupport-4.2.6/lib/active_support/core_ext/numeric/conversions.rb:131:in `block (2 levels) in <class:Numeric>'
/usr/local/bundle/gems/activesupport-4.2.6/lib/active_support/core_ext/numeric/conversions.rb:131:in `block (2 levels) in <class:Numeric>'
/usr/local/bundle/gems/activesupport-4.2.6/lib/active_support/core_ext/numeric/conversions.rb:131:in `block (2 levels) in <class:Numeric>'
/usr/local/bundle/gems/activesupport-4.2.6/lib/active_support/core_ext/numeric/conversions.rb:131:in `block (2 levels) in <class:Numeric>'
/usr/local/bundle/gems/activesupport-4.2.6/lib/active_support/core_ext/numeric/conversions.rb:131:in `block (2 levels) in <class:Numeric>'
/usr/local/bundle/gems/activesupport-4.2.6/lib/active_support/core_ext/numeric/conversions.rb:131:in `block (2 levels) in <class:Numeric>'
/usr/local/bundle/gems/activesupport-4.2.6/lib/active_support/core_ext/numeric/conversions.rb:131:in `block (2 levels) in <class:Numeric>'
/usr/local/bundle/gems/activesupport-4.2.6/lib/active_support/core_ext/numeric/conversions.rb:131:in `block (2 levels) in <class:Numeric>'
/usr/local/bundle/gems/activesupport-4.2.6/lib/active_support/core_ext/numeric/conversions.rb:131:in `block (2 levels) in <class:Numeric>'
/usr/local/bundle/gems/activesupport-4.2.6/lib/active_support/core_ext/numeric/conversions.rb:131:in `block (2 levels) in <class:Numeric>'
/usr/local/bundle/gems/activesupport-4.2.6/lib/active_support/core_ext/numeric/conversions.rb:131:in `block (2 levels) in <class:Numeric>'
/usr/local/bundle/gems/activesupport-4.2.6/lib/active_support/core_ext/numeric/conversions.rb:131:in `block (2 levels) in <class:Numeric>'
/usr/local/bundle/gems/activesupport-4.2.6/lib/active_support/core_ext/numeric/conversions.rb:131:in `block (2 levels) in <class:Numeric>'
/usr/local/bundle/gems/activesupport-4.2.6/lib/active_support/core_ext/numeric/conversions.rb:131:in `block (2 levels) in <class:Numeric>'
/usr/local/bundle/gems/activesupport-4.2.6/lib/active_support/core_ext/numeric/conversions.rb:131:in `block (2 levels) in <class:Numeric>'
/usr/local/bundle/gems/activesupport-4.2.6/lib/active_support/core_ext/numeric/conversions.rb:131:in `block (2 levels) in <class:Numeric>'
/usr/local/bundle/gems/activesupport-4.2.6/lib/active_support/core_ext/numeric/conversions.rb:131:in `block (2 levels) in <class:Numeric>'
/usr/local/bundle/gems/activesupport-4.2.6/lib/active_support/core_ext/numeric/conversions.rb:131:in `block (2 levels) in <class:Numeric>'
/usr/local/bundle/gems/activesupport-4.2.6/lib/active_support/core_ext/numeric/conversions.rb:131:in `block (2 levels) in <class:Numeric>'
/usr/local/bundle/gems/activesupport-4.2.6/lib/active_support/core_ext/numeric/conversions.rb:131:in `block (2 levels) in <class:Numeric>'
/usr/local/bundle/gems/activesupport-4.2.6/lib/active_support/core_ext/numeric/conversions.rb:131:in `block (2 levels) in <class:Numeric>'
/usr/local/bundle/gems/activesupport-4.2.6/lib/active_support/core_ext/numeric/conversions.rb:131:in `block (2 levels) in <class:Numeric>'
/usr/local/bundle/gems/activesupport-4.2.6/lib/active_support/core_ext/numeric/conversions.rb:131:in `block (2 levels) in <class:Numeric>'
/usr/local/bundle/gems/activesupport-4.2.6/lib/active_support/core_ext/numeric/conversions.rb:131:in `block (2 levels) in <class:Numeric>'
/usr/local/bundle/gems/activesupport-4.2.6/lib/active_support/core_ext/numeric/conversions.rb:131:in `block (2 levels) in <class:Numeric>'
/usr/local/bundle/gems/activesupport-4.2.6/lib/active_support/core_ext/numeric/conversions.rb:131:in `block (2 levels) in <class:Numeric>'
/usr/local/bundle/gems/activesupport-4.2.6/lib/active_support/core_ext/numeric/conversions.rb:131:in `block (2 levels) in <class:Numeric>'
/usr/local/bundle/gems/activesupport-4.2.6/lib/active_support/core_ext/numeric/conversions.rb:131:in `block (2 levels) in <class:Numeric>'
/usr/local/bundle/gems/activesupport-4.2.6/lib/active_support/core_ext/numeric/conversions.rb:131:in `block (2 levels) in <class:Numeric>'
/usr/local/bundle/gems/activesupport-4.2.6/lib/active_support/core_ext/numeric/conversions.rb:131:in `block (2 levels) in <class:Numeric>'
/usr/local/bundle/gems/activesupport-4.2.6/lib/active_support/core_ext/numeric/conversions.rb:131:in `block (2 levels) in <class:Numeric>'
/usr/local/bundle/gems/activesupport-4.2.6/lib/active_support/core_ext/numeric/conversions.rb:131:in `block (2 levels) in <class:Numeric>'
/usr/local/bundle/gems/activesupport-4.2.6/lib/active_support/core_ext/numeric/conversions.rb:131:in `block (2 levels) in <class:Numeric>'
/usr/local/bundle/gems/activesupport-4.2.6/lib/active_support/core_ext/numeric/conversions.rb:131:in `block (2 levels) in <class:Numeric>'
/usr/local/bundle/gems/activesupport-4.2.6/lib/active_support/core_ext/numeric/conversions.rb:131:in `block (2 levels) in <class:Numeric>'
/usr/local/bundle/gems/activesupport-4.2.6/lib/active_support/core_ext/numeric/conversions.rb:131:in `block (2 levels) in <class:Numeric>'
/usr/local/bundle/gems/activesupport-4.2.6/lib/active_support/core_ext/numeric/conversions.rb:131:in `block (2 levels) in <class:Numeric>'
/usr/local/bundle/gems/activesupport-4.2.6/lib/active_support/core_ext/numeric/conversions.rb:131:in `block (2 levels) in <class:Numeric>'
/usr/local/bundle/gems/activesupport-4.2.6/lib/active_support/core_ext/numeric/conversions.rb:131:in `block (2 levels) in <class:Numeric>'
/usr/local/bundle/gems/activesupport-4.2.6/lib/active_support/core_ext/numeric/conversions.rb:131:in `block (2 levels) in <class:Numeric>'
/usr/local/bundle/gems/activesupport-4.2.6/lib/active_support/core_ext/numeric/conversions.rb:131:in `block (2 levels) in <class:Numeric>'
/usr/local/bundle/gems/activesupport-4.2.6/lib/active_support/core_ext/numeric/conversions.rb:131:in `block (2 levels) in <class:Numeric>'
/usr/local/bundle/gems/activesupport-4.2.6/lib/active_support/core_ext/numeric/conversions.rb:131:in `block (2 levels) in <class:Numeric>'
/usr/local/bundle/gems/activesupport-4.2.6/lib/active_support/core_ext/numeric/conversions.rb:131:in `block (2 levels) in <class:Numeric>'
/usr/local/bundle/gems/activesupport-4.2.6/lib/active_support/core_ext/numeric/conversions.rb:131:in `block (2 levels) in <class:Numeric>'
/usr/local/bundle/gems/activesupport-4.2.6/lib/active_support/core_ext/numeric/conversions.rb:131:in `block (2 levels) in <class:Numeric>'
/usr/local/bundle/gems/activesupport-4.2.6/lib/active_support/core_ext/numeric/conversions.rb:131:in `block (2 levels) in <class:Numeric>'
/usr/local/bundle/gems/activesupport-4.2.6/lib/active_support/core_ext/numeric/conversions.rb:131:in `block (2 levels) in <class:Numeric>'
/usr/local/bundle/gems/activesupport-4.2.6/lib/active_support/core_ext/numeric/conversions.rb:131:in `block (2 levels) in <class:Numeric>'
/usr/local/bundle/gems/activesupport-4.2.6/lib/active_support/core_ext/numeric/conversions.rb:131:in `block (2 levels) in <class:Numeric>'
/usr/local/bundle/gems/activesupport-4.2.6/lib/active_support/core_ext/numeric/conversions.rb:131:in `block (2 levels) in <class:Numeric>'
/usr/local/bundle/gems/activesupport-4.2.6/lib/active_support/core_ext/numeric/conversions.rb:131:in `block (2 levels) in <class:Numeric>'
/usr/local/bundle/gems/activesupport-4.2.6/lib/active_support/core_ext/numeric/conversions.rb:131:in `block (2 levels) in <class:Numeric>'
/usr/local/bundle/gems/activesupport-4.2.6/lib/active_support/core_ext/numeric/conversions.rb:131:in `block (2 levels) in <class:Numeric>'
/usr/local/bundle/gems/activesupport-4.2.6/lib/active_support/core_ext/numeric/conversions.rb:131:in `block (2 levels) in <class:Numeric>'
/usr/local/bundle/gems/activesupport-4.2.6/lib/active_support/core_ext/numeric/conversions.rb:131:in `block (2 levels) in <class:Numeric>'
/usr/local/bundle/gems/activesupport-4.2.6/lib/active_support/core_ext/numeric/conversions.rb:131:in `block (2 levels) in <class:Numeric>'
/usr/local/bundle/gems/activesupport-4.2.6/lib/active_support/core_ext/numeric/conversions.rb:131:in `block (2 levels) in <class:Numeric>'
/usr/local/bundle/gems/activesupport-4.2.6/lib/active_support/core_ext/numeric/conversions.rb:131:in `block (2 levels) in <class:Numeric>'
/usr/local/bundle/gems/activesupport-4.2.6/lib/active_support/core_ext/numeric/conversions.rb:131:in `block (2 levels) in <class:Numeric>'
/usr/local/bundle/gems/activesupport-4.2.6/lib/active_support/core_ext/numeric/conversions.rb:131:in `block (2 levels) in <class:Numeric>'
/usr/local/bundle/gems/activesupport-4.2.6/lib/active_support/core_ext/numeric/conversions.rb:131:in `block (2 levels) in <class:Numeric>'
/usr/local/bundle/gems/activesupport-4.2.6/lib/active_support/core_ext/numeric/conversions.rb:131:in `block (2 levels) in <class:Numeric>'
/usr/local/bundle/gems/activesupport-4.2.6/lib/active_support/core_ext/numeric/conversions.rb:131:in `block (2 levels) in <class:Numeric>'
/usr/local/bundle/gems/activesupport-4.2.6/lib/active_support/core_ext/numeric/conversions.rb:131:in `block (2 levels) in <class:Numeric>'
/usr/local/bundle/gems/activesupport-4.2.6/lib/active_support/core_ext/numeric/conversions.rb:131:in `block (2 levels) in <class:Numeric>'
/usr/local/bundle/gems/activesupport-4.2.6/lib/active_support/core_ext/numeric/conversions.rb:131:in `block (2 levels) in <class:Numeric>'
/usr/local/bundle/gems/activesupport-4.2.6/lib/active_support/core_ext/numeric/conversions.rb:131:in `block (2 levels) in <class:Numeric>'
/usr/local/bundle/gems/activesupport-4.2.6/lib/active_support/core_ext/numeric/conversions.rb:131:in `block (2 levels) in <class:Numeric>'
/usr/local/bundle/gems/activesupport-4.2.6/lib/active_support/core_ext/numeric/conversions.rb:131:in `block (2 levels) in <class:Numeric>'
/usr/local/bundle/gems/activesupport-4.2.6/lib/active_support/core_ext/numeric/conversions.rb:131:in `block (2 levels) in <class:Numeric>'
/usr/local/bundle/gems/activesupport-4.2.6/lib/active_support/core_ext/numeric/conversions.rb:131:in `block (2 levels) in <class:Numeric>'
/usr/local/bundle/gems/activesupport-4.2.6/lib/active_support/core_ext/numeric/conversions.rb:131:in `block (2 levels) in <class:Numeric>'
/usr/local/bundle/gems/activesupport-4.2.6/lib/active_support/core_ext/numeric/conversions.rb:131:in `block (2 levels) in <class:Numeric>'
/usr/local/bundle/gems/activesupport-4.2.6/lib/active_support/core_ext/numeric/conversions.rb:131:in `block (2 levels) in <class:Numeric>'
/usr/local/bundle/gems/activesupport-4.2.6/lib/active_support/core_ext/numeric/conversions.rb:131:in `block (2 levels) in <class:Numeric>'
/usr/local/bundle/gems/activesupport-4.2.6/lib/active_support/core_ext/numeric/conversions.rb:131:in `block (2 levels) in <class:Numeric>'
/usr/local/bundle/gems/activesupport-4.2.6/lib/active_support/core_ext/numeric/conversions.rb:131:in `block (2 levels) in <class:Numeric>'
/usr/local/bundle/gems/activesupport-4.2.6/lib/active_support/core_ext/numeric/conversions.rb:131:in `block (2 levels) in <class:Numeric>'
/usr/local/bundle/gems/activesupport-4.2.6/lib/active_support/core_ext/numeric/conversions.rb:131:in `block (2 levels) in <class:Numeric>'
/usr/local/bundle/gems/activesupport-4.2.6/lib/active_support/core_ext/numeric/conversions.rb:131:in `block (2 levels) in <class:Numeric>'
/usr/local/bundle/gems/activesupport-4.2.6/lib/active_support/core_ext/numeric/conversions.rb:131:in `block (2 levels) in <class:Numeric>'
/usr/local/bundle/gems/activesupport-4.2.6/lib/active_support/core_ext/numeric/conversions.rb:131:in `block (2 levels) in <class:Numeric>'
/usr/local/bundle/gems/activesupport-4.2.6/lib/active_support/core_ext/numeric/conversions.rb:131:in `block (2 levels) in <class:Numeric>'
/usr/local/bundle/gems/activesupport-4.2.6/lib/active_support/core_ext/numeric/conversions.rb:131:in `block (2 levels) in <class:Numeric>'
/usr/local/bundle/gems/activesupport-4.2.6/lib/active_support/core_ext/numeric/conversions.rb:131:in `block (2 levels) in <class:Numeric>'
/usr/local/bundle/gems/activesupport-4.2.6/lib/active_support/core_ext/numeric/conversions.rb:131:in `block (2 levels) in <class:Numeric>'
/usr/local/bundle/gems/activesupport-4.2.6/lib/active_support/core_ext/numeric/conversions.rb:131:in `block (2 levels) in <class:Numeric>'
/usr/local/bundle/gems/activesupport-4.2.6/lib/active_support/core_ext/numeric/conversions.rb:131:in `block (2 levels) in <class:Numeric>'
/usr/local/bundle/gems/activesupport-4.2.6/lib/active_support/core_ext/numeric/conversions.rb:131:in `block (2 levels) in <class:Numeric>'
/usr/local/bundle/gems/activesupport-4.2.6/lib/active_support/core_ext/numeric/conversions.rb:131:in `block (2 levels) in <class:Numeric>'
/usr/local/bundle/gems/activesupport-4.2.6/lib/active_support/core_ext/numeric/conversions.rb:131:in `block (2 levels) in <class:Numeric>'
/usr/local/bundle/gems/activesupport-4.2.6/lib/active_support/core_ext/numeric/conversions.rb:131:in `block (2 levels) in <class:Numeric>'
/usr/local/bundle/gems/activesupport-4.2.6/lib/active_support/core_ext/numeric/conversions.rb:131:in `block (2 levels) in <class:Numeric>'
/usr/local/bundle/gems/activesupport-4.2.6/lib/active_support/core_ext/numeric/conversions.rb:131:in `block (2 levels) in <class:Numeric>'
/usr/local/bundle/gems/activesupport-4.2.6/lib/active_support/core_ext/numeric/conversions.rb:131:in `block (2 levels) in <class:Numeric>'
/usr/local/bundle/gems/activesupport-4.2.6/lib/active_support/core_ext/numeric/conversions.rb:131:in `block (2 levels) in <class:Numeric>'
/usr/local/bundle/gems/activesupport-4.2.6/lib/active_support/core_ext/numeric/conversions.rb:131:in `block (2 levels) in <class:Numeric>'
/usr/local/bundle/gems/activesupport-4.2.6/lib/active_support/core_ext/numeric/conversions.rb:131:in `block (2 levels) in <class:Numeric>'
/usr/local/bundle/gems/activesupport-4.2.6/lib/active_support/core_ext/numeric/conversions.rb:131:in `block (2 levels) in <class:Numeric>'
/usr/local/bundle/gems/activesupport-4.2.6/lib/active_support/core_ext/numeric/conversions.rb:131:in `block (2 levels) in <class:Numeric>'
/usr/local/bundle/gems/activesupport-4.2.6/lib/active_support/core_ext/numeric/conversions.rb:131:in `block (2 levels) in <class:Numeric>'
/usr/local/bundle/gems/activesupport-4.2.6/lib/active_support/core_ext/numeric/conversions.rb:131:in `block (2 levels) in <class:Numeric>'
/usr/local/bundle/gems/activesupport-4.2.6/lib/active_support/core_ext/numeric/conversions.rb:131:in `block (2 levels) in <class:Numeric>'
/usr/local/bundle/gems/activesupport-4.2.6/lib/active_support/core_ext/numeric/conversions.rb:131:in `block (2 levels) in <class:Numeric>'
/usr/local/bundle/gems/activesupport-4.2.6/lib/active_support/core_ext/numeric/conversions.rb:131:in `block (2 levels) in <class:Numeric>'
/usr/local/bundle/gems/activesupport-4.2.6/lib/active_support/core_ext/numeric/conversions.rb:131:in `block (2 levels) in <class:Numeric>'
/usr/local/bundle/gems/activesupport-4.2.6/lib/active_support/core_ext/numeric/conversions.rb:131:in `block (2 levels) in <class:Numeric>'
/usr/local/bundle/gems/activesupport-4.2.6/lib/active_support/core_ext/numeric/conversions.rb:131:in `block (2 levels) in <class:Numeric>'
/usr/local/bundle/gems/activesupport-4.2.6/lib/active_support/core_ext/numeric/conversions.rb:131:in `block (2 levels) in <class:Numeric>'
/usr/local/bundle/gems/activesupport-4.2.6/lib/active_support/core_ext/numeric/conversions.rb:131:in `block (2 levels) in <class:Numeric>'
/usr/local/bundle/gems/activesupport-4.2.6/lib/active_support/core_ext/numeric/conversions.rb:131:in `block (2 levels) in <class:Numeric>'
/usr/local/bundle/gems/activesupport-4.2.6/lib/active_support/core_ext/numeric/conversions.rb:131:in `block (2 levels) in <class:Numeric>'
/usr/local/bundle/gems/activesupport-4.2.6/lib/active_support/core_ext/numeric/conversions.rb:131:in `block (2 levels) in <class:Numeric>'
/usr/local/bundle/gems/activesupport-4.2.6/lib/active_support/core_ext/numeric/conversions.rb:131:in `block (2 levels) in <class:Numeric>'
/usr/local/bundle/gems/activesupport-4.2.6/lib/active_support/core_ext/numeric/conversions.rb:131:in `block (2 levels) in <class:Numeric>'
/usr/local/bundle/gems/activesupport-4.2.6/lib/active_support/core_ext/numeric/conversions.rb:131:in `block (2 levels) in <class:Numeric>'
/usr/local/bundle/gems/activesupport-4.2.6/lib/active_support/core_ext/numeric/conversions.rb:131:in `block (2 levels) in <class:Numeric>'
/usr/local/bundle/gems/activesupport-4.2.6/lib/active_support/core_ext/numeric/conversions.rb:131:in `block (2 levels) in <class:Numeric>'
/usr/local/bundle/gems/activesupport-4.2.6/lib/active_support/core_ext/numeric/conversions.rb:131:in `block (2 levels) in <class:Numeric>'
/usr/local/bundle/gems/activesupport-4.2.6/lib/active_support/core_ext/numeric/conversions.rb:131:in `block (2 levels) in <class:Numeric>'
/usr/local/bundle/gems/activesupport-4.2.6/lib/active_support/core_ext/numeric/conversions.rb:131:in `block (2 levels) in <class:Numeric>'
/usr/local/bundle/gems/activesupport-4.2.6/lib/active_support/core_ext/numeric/conversions.rb:131:in `block (2 levels) in <class:Numeric>'
/usr/local/bundle/gems/activesupport-4.2.6/lib/active_support/core_ext/numeric/conversions.rb:131:in `block (2 levels) in <class:Numeric>'
/usr/local/bundle/gems/activesupport-4.2.6/lib/active_support/core_ext/numeric/conversions.rb:131:in `block (2 levels) in <class:Numeric>'
/usr/local/bundle/gems/activesupport-4.2.6/lib/active_support/core_ext/numeric/conversions.rb:131:in `block (2 levels) in <class:Numeric>'
/usr/local/bundle/gems/activesupport-4.2.6/lib/active_support/core_ext/numeric/conversions.rb:131:in `block (2 levels) in <class:Numeric>'
/usr/local/bundle/gems/activesupport-4.2.6/lib/active_support/core_ext/numeric/conversions.rb:131:in `block (2 levels) in <class:Numeric>'
/usr/local/bundle/gems/activesupport-4.2.6/lib/active_support/core_ext/numeric/conversions.rb:131:in `block (2 levels) in <class:Numeric>'
/usr/local/bundle/gems/activesupport-4.2.6/lib/active_support/core_ext/numeric/conversions.rb:131:in `block (2 levels) in <class:Numeric>'
/usr/local/bundle/gems/activesupport-4.2.6/lib/active_support/core_ext/numeric/conversions.rb:131:in `block (2 levels) in <class:Numeric>'
/usr/local/bundle/gems/activesupport-4.2.6/lib/active_support/core_ext/numeric/conversions.rb:131:in `block (2 levels) in <class:Numeric>'
/usr/local/bundle/gems/activesupport-4.2.6/lib/active_support/core_ext/numeric/conversions.rb:131:in `block (2 levels) in <class:Numeric>'
/usr/local/bundle/gems/activesupport-4.2.6/lib/active_support/core_ext/numeric/conversions.rb:131:in `block (2 levels) in <class:Numeric>'
/usr/local/bundle/gems/activesupport-4.2.6/lib/active_support/core_ext/numeric/conversions.rb:131:in `block (2 levels) in <class:Numeric>'
/usr/local/bundle/gems/activesupport-4.2.6/lib/active_support/core_ext/numeric/conversions.rb:131:in `block (2 levels) in <class:Numeric>'
/usr/local/bundle/gems/activesupport-4.2.6/lib/active_support/core_ext/numeric/conversions.rb:131:in `block (2 levels) in <class:Numeric>'
/usr/local/bundle/gems/activesupport-4.2.6/lib/active_support/core_ext/numeric/conversions.rb:131:in `block (2 levels) in <class:Numeric>'
/usr/local/bundle/gems/activesupport-4.2.6/lib/active_support/core_ext/numeric/conversions.rb:131:in `block (2 levels) in <class:Numeric>'
/usr/local/bundle/gems/activesupport-4.2.6/lib/active_support/core_ext/numeric/conversions.rb:131:in `block (2 levels) in <class:Numeric>'
/usr/local/bundle/gems/activesupport-4.2.6/lib/active_support/core_ext/numeric/conversions.rb:131:in `block (2 levels) in <class:Numeric>'
/usr/local/bundle/gems/activesupport-4.2.6/lib/active_support/core_ext/numeric/conversions.rb:131:in `block (2 levels) in <class:Numeric>'
/usr/local/bundle/gems/activesupport-4.2.6/lib/active_support/core_ext/numeric/conversions.rb:131:in `block (2 levels) in <class:Numeric>'
/usr/local/bundle/gems/activesupport-4.2.6/lib/active_support/core_ext/numeric/conversions.rb:131:in `block (2 levels) in <class:Numeric>'
/usr/local/bundle/gems/activesupport-4.2.6/lib/active_support/core_ext/numeric/conversions.rb:131:in `block (2 levels) in <class:Numeric>'
/usr/local/bundle/gems/activesupport-4.2.6/lib/active_support/core_ext/numeric/conversions.rb:131:in `block (2 levels) in <class:Numeric>'
/usr/local/bundle/gems/activesupport-4.2.6/lib/active_support/core_ext/numeric/conversions.rb:131:in `block (2 levels) in <class:Numeric>'
/usr/local/bundle/gems/activesupport-4.2.6/lib/active_support/core_ext/numeric/conversions.rb:131:in `block (2 levels) in <class:Numeric>'
/usr/local/bundle/gems/activesupport-4.2.6/lib/active_support/core_ext/numeric/conversions.rb:131:in `block (2 levels) in <class:Numeric>'
/usr/local/bundle/gems/activesupport-4.2.6/lib/active_support/core_ext/numeric/conversions.rb:131:in `block (2 levels) in <class:Numeric>'
/usr/local/bundle/gems/activesupport-4.2.6/lib/active_support/core_ext/numeric/conversions.rb:131:in `block (2 levels) in <class:Numeric>'
/usr/local/bundle/gems/activesupport-4.2.6/lib/active_support/core_ext/numeric/conversions.rb:131:in `block (2 levels) in <class:Numeric>'
/usr/local/bundle/gems/activesupport-4.2.6/lib/active_support/core_ext/numeric/conversions.rb:131:in `block (2 levels) in <class:Numeric>'
/usr/local/bundle/gems/activesupport-4.2.6/lib/active_support/core_ext/numeric/conversions.rb:131:in `block (2 levels) in <class:Numeric>'
/usr/local/bundle/gems/activesupport-4.2.6/lib/active_support/core_ext/numeric/conversions.rb:131:in `block (2 levels) in <class:Numeric>'
/usr/local/bundle/gems/activesupport-4.2.6/lib/active_support/core_ext/numeric/conversions.rb:131:in `block (2 levels) in <class:Numeric>'
/usr/local/bundle/gems/activesupport-4.2.6/lib/active_support/core_ext/numeric/conversions.rb:131:in `block (2 levels) in <class:Numeric>'
/usr/local/bundle/gems/activesupport-4.2.6/lib/active_support/core_ext/numeric/conversions.rb:131:in `block (2 levels) in <class:Numeric>'
/usr/local/bundle/gems/activesupport-4.2.6/lib/active_support/core_ext/numeric/conversions.rb:131:in `block (2 levels) in <class:Numeric>'
/usr/local/bundle/gems/activesupport-4.2.6/lib/active_support/core_ext/numeric/conversions.rb:131:in `block (2 levels) in <class:Numeric>'
/usr/local/bundle/gems/activesupport-4.2.6/lib/active_support/core_ext/numeric/conversions.rb:131:in `block (2 levels) in <class:Numeric>'
/usr/local/bundle/gems/activesupport-4.2.6/lib/active_support/core_ext/numeric/conversions.rb:131:in `block (2 levels) in <class:Numeric>'
/usr/local/bundle/gems/activesupport-4.2.6/lib/active_support/core_ext/numeric/conversions.rb:131:in `block (2 levels) in <class:Numeric>'
/usr/local/bundle/gems/activesupport-4.2.6/lib/active_support/core_ext/numeric/conversions.rb:131:in `block (2 levels) in <class:Numeric>'
/usr/local/bundle/gems/activesupport-4.2.6/lib/active_support/core_ext/numeric/conversions.rb:131:in `block (2 levels) in <class:Numeric>'
/usr/local/bundle/gems/activesupport-4.2.6/lib/active_support/core_ext/numeric/conversions.rb:131:in `block (2 levels) in <class:Numeric>'
/usr/local/bundle/gems/activesupport-4.2.6/lib/active_support/core_ext/numeric/conversions.rb:131:in `block (2 levels) in <class:Numeric>'
/usr/local/bundle/gems/activesupport-4.2.6/lib/active_support/core_ext/numeric/conversions.rb:131:in `block (2 levels) in <class:Numeric>'
/usr/local/bundle/gems/activesupport-4.2.6/lib/active_support/core_ext/numeric/conversions.rb:131:in `block (2 levels) in <class:Numeric>'
/usr/local/bundle/gems/activesupport-4.2.6/lib/active_support/core_ext/numeric/conversions.rb:131:in `block (2 levels) in <class:Numeric>'
/usr/local/bundle/gems/activesupport-4.2.6/lib/active_support/core_ext/numeric/conversions.rb:131:in `block (2 levels) in <class:Numeric>'
/usr/local/bundle/gems/activesupport-4.2.6/lib/active_support/core_ext/numeric/conversions.rb:131:in `block (2 levels) in <class:Numeric>'
/usr/local/bundle/gems/activesupport-4.2.6/lib/active_support/core_ext/numeric/conversions.rb:131:in `block (2 levels) in <class:Numeric>'
/usr/local/bundle/gems/activesupport-4.2.6/lib/active_support/core_ext/numeric/conversions.rb:131:in `block (2 levels) in <class:Numeric>'
/usr/local/bundle/gems/activesupport-4.2.6/lib/active_support/core_ext/numeric/conversions.rb:131:in `block (2 levels) in <class:Numeric>'
/usr/local/bundle/gems/activesupport-4.2.6/lib/active_support/core_ext/numeric/conversions.rb:131:in `block (2 levels) in <class:Numeric>'
/usr/local/bundle/gems/activesupport-4.2.6/lib/active_support/core_ext/numeric/conversions.rb:131:in `block (2 levels) in <class:Numeric>'
/usr/local/bundle/gems/activesupport-4.2.6/lib/active_support/core_ext/numeric/conversions.rb:131:in `block (2 levels) in <class:Numeric>'
/usr/local/bundle/gems/activesupport-4.2.6/lib/active_support/core_ext/numeric/conversions.rb:131:in `block (2 levels) in <class:Numeric>'
/usr/local/bundle/gems/activesupport-4.2.6/lib/active_support/core_ext/numeric/conversions.rb:131:in `block (2 levels) in <class:Numeric>'
/usr/local/bundle/gems/activesupport-4.2.6/lib/active_support/core_ext/numeric/conversions.rb:131:in `block (2 levels) in <class:Numeric>'
/usr/local/bundle/gems/activesupport-4.2.6/lib/active_support/core_ext/numeric/conversions.rb:131:in `block (2 levels) in <class:Numeric>'
/usr/local/bundle/gems/activesupport-4.2.6/lib/active_support/core_ext/numeric/conversions.rb:131:in `block (2 levels) in <class:Numeric>'
/usr/local/bundle/gems/activesupport-4.2.6/lib/active_support/core_ext/numeric/conversions.rb:131:in `block (2 levels) in <class:Numeric>'
/usr/local/bundle/gems/activesupport-4.2.6/lib/active_support/core_ext/numeric/conversions.rb:131:in `block (2 levels) in <class:Numeric>'
/usr/local/bundle/gems/activesupport-4.2.6/lib/active_support/core_ext/numeric/conversions.rb:131:in `block (2 levels) in <class:Numeric>'
/usr/local/bundle/gems/activesupport-4.2.6/lib/active_support/core_ext/numeric/conversions.rb:131:in `block (2 levels) in <class:Numeric>'
/usr/local/bundle/gems/activesupport-4.2.6/lib/active_support/core_ext/numeric/conversions.rb:131:in `block (2 levels) in <class:Numeric>'
/usr/local/bundle/gems/activesupport-4.2.6/lib/active_support/core_ext/numeric/conversions.rb:131:in `block (2 levels) in <class:Numeric>'
/usr/local/bundle/gems/activesupport-4.2.6/lib/active_support/core_ext/numeric/conversions.rb:131:in `block (2 levels) in <class:Numeric>'
/usr/local/bundle/gems/activesupport-4.2.6/lib/active_support/core_ext/numeric/conversions.rb:131:in `block (2 levels) in <class:Numeric>'
/usr/local/bundle/gems/activesupport-4.2.6/lib/active_support/core_ext/numeric/conversions.rb:131:in `block (2 levels) in <class:Numeric>'
/usr/local/bundle/gems/activesupport-4.2.6/lib/active_support/core_ext/numeric/conversions.rb:131:in `block (2 levels) in <class:Numeric>'
/usr/local/bundle/gems/activesupport-4.2.6/lib/active_support/core_ext/numeric/conversions.rb:131:in `block (2 levels) in <class:Numeric>'
/usr/local/bundle/gems/activesupport-4.2.6/lib/active_support/core_ext/numeric/conversions.rb:131:in `block (2 levels) in <class:Numeric>'
/usr/local/bundle/gems/activesupport-4.2.6/lib/active_support/core_ext/numeric/conversions.rb:131:in `block (2 levels) in <class:Numeric>'
/usr/local/bundle/gems/activesupport-4.2.6/lib/active_support/core_ext/numeric/conversions.rb:131:in `block (2 levels) in <class:Numeric>'
/usr/local/bundle/gems/activesupport-4.2.6/lib/active_support/core_ext/numeric/conversions.rb:131:in `block (2 levels) in <class:Numeric>'
/usr/local/bundle/gems/activesupport-4.2.6/lib/active_support/core_ext/numeric/conversions.rb:131:in `block (2 levels) in <class:Numeric>'
/usr/local/bundle/gems/activesupport-4.2.6/lib/active_support/core_ext/numeric/conversions.rb:131:in `block (2 levels) in <class:Numeric>'
/usr/local/bundle/gems/activesupport-4.2.6/lib/active_support/core_ext/numeric/conversions.rb:131:in `block (2 levels) in <class:Numeric>'
/usr/local/bundle/gems/activesupport-4.2.6/lib/active_support/core_ext/numeric/conversions.rb:131:in `block (2 levels) in <class:Numeric>'
/usr/local/bundle/gems/activesupport-4.2.6/lib/active_support/core_ext/numeric/conversions.rb:131:in `block (2 levels) in <class:Numeric>'
/usr/local/bundle/gems/activesupport-4.2.6/lib/active_support/core_ext/numeric/conversions.rb:131:in `block (2 levels) in <class:Numeric>'
/usr/local/bundle/gems/activesupport-4.2.6/lib/active_support/core_ext/numeric/conversions.rb:131:in `block (2 levels) in <class:Numeric>'
/usr/local/bundle/gems/activesupport-4.2.6/lib/active_support/core_ext/numeric/conversions.rb:131:in `block (2 levels) in <class:Numeric>'
/usr/local/bundle/gems/activesupport-4.2.6/lib/active_support/core_ext/numeric/conversions.rb:131:in `block (2 levels) in <class:Numeric>'
/usr/local/bundle/gems/activesupport-4.2.6/lib/active_support/core_ext/numeric/conversions.rb:131:in `block (2 levels) in <class:Numeric>'
/usr/local/bundle/gems/activesupport-4.2.6/lib/active_support/core_ext/numeric/conversions.rb:131:in `block (2 levels) in <class:Numeric>'
/usr/local/bundle/gems/activesupport-4.2.6/lib/active_support/core_ext/numeric/conversions.rb:131:in `block (2 levels) in <class:Numeric>'
/usr/local/bundle/gems/activesupport-4.2.6/lib/active_support/core_ext/numeric/conversions.rb:131:in `block (2 levels) in <class:Numeric>'
/usr/local/bundle/gems/activesupport-4.2.6/lib/active_support/core_ext/numeric/conversions.rb:131:in `block (2 levels) in <class:Numeric>'
/usr/local/bundle/gems/activesupport-4.2.6/lib/active_support/core_ext/numeric/conversions.rb:131:in `block (2 levels) in <class:Numeric>'
/usr/local/bundle/gems/activesupport-4.2.6/lib/active_support/core_ext/numeric/conversions.rb:131:in `block (2 levels) in <class:Numeric>'
/usr/local/bundle/gems/activesupport-4.2.6/lib/active_support/core_ext/numeric/conversions.rb:131:in `block (2 levels) in <class:Numeric>'
/usr/local/bundle/gems/activesupport-4.2.6/lib/active_support/core_ext/numeric/conversions.rb:131:in `block (2 levels) in <class:Numeric>'
/usr/local/bundle/gems/activesupport-4.2.6/lib/active_support/core_ext/numeric/conversions.rb:131:in `block (2 levels) in <class:Numeric>'
/usr/local/bundle/gems/activesupport-4.2.6/lib/active_support/core_ext/numeric/conversions.rb:131:in `block (2 levels) in <class:Numeric>'
/usr/local/bundle/gems/activesupport-4.2.6/lib/active_support/core_ext/numeric/conversions.rb:131:in `block (2 levels) in <class:Numeric>'
/usr/local/bundle/gems/activesupport-4.2.6/lib/active_support/core_ext/numeric/conversions.rb:131:in `block (2 levels) in <class:Numeric>'
/usr/local/bundle/gems/activesupport-4.2.6/lib/active_support/core_ext/numeric/conversions.rb:131:in `block (2 levels) in <class:Numeric>'
/usr/local/bundle/gems/activesupport-4.2.6/lib/active_support/core_ext/numeric/conversions.rb:131:in `block (2 levels) in <class:Numeric>'
/usr/local/bundle/gems/activesupport-4.2.6/lib/active_support/core_ext/numeric/conversions.rb:131:in `block (2 levels) in <class:Numeric>'
/usr/local/bundle/gems/activesupport-4.2.6/lib/active_support/core_ext/numeric/conversions.rb:131:in `block (2 levels) in <class:Numeric>'
/usr/local/bundle/gems/activesupport-4.2.6/lib/active_support/core_ext/numeric/conversions.rb:131:in `block (2 levels) in <class:Numeric>'
/usr/local/bundle/gems/activesupport-4.2.6/lib/active_support/core_ext/numeric/conversions.rb:131:in `block (2 levels) in <class:Numeric>'
/usr/local/bundle/gems/activesupport-4.2.6/lib/active_support/core_ext/numeric/conversions.rb:131:in `block (2 levels) in <class:Numeric>'
/usr/local/bundle/gems/activesupport-4.2.6/lib/active_support/core_ext/numeric/conversions.rb:131:in `block (2 levels) in <class:Numeric>'
/usr/local/bundle/gems/activesupport-4.2.6/lib/active_support/core_ext/numeric/conversions.rb:131:in `block (2 levels) in <class:Numeric>'
/usr/local/bundle/gems/activesupport-4.2.6/lib/active_support/core_ext/numeric/conversions.rb:131:in `block (2 levels) in <class:Numeric>'
/usr/local/bundle/gems/activesupport-4.2.6/lib/active_support/core_ext/numeric/conversions.rb:131:in `block (2 levels) in <class:Numeric>'
/usr/local/bundle/gems/activesupport-4.2.6/lib/active_support/core_ext/numeric/conversions.rb:131:in `block (2 levels) in <class:Numeric>'
/usr/local/bundle/gems/activesupport-4.2.6/lib/active_support/core_ext/numeric/conversions.rb:131:in `block (2 levels) in <class:Numeric>'
/usr/local/bundle/gems/activesupport-4.2.6/lib/active_support/core_ext/numeric/conversions.rb:131:in `block (2 levels) in <class:Numeric>'
/usr/local/bundle/gems/activesupport-4.2.6/lib/active_support/core_ext/numeric/conversions.rb:131:in `block (2 levels) in <class:Numeric>'
/usr/local/bundle/gems/activesupport-4.2.6/lib/active_support/core_ext/numeric/conversions.rb:131:in `block (2 levels) in <class:Numeric>'
/usr/local/bundle/gems/activesupport-4.2.6/lib/active_support/core_ext/numeric/conversions.rb:131:in `block (2 levels) in <class:Numeric>'
/usr/local/bundle/gems/activesupport-4.2.6/lib/active_support/core_ext/numeric/conversions.rb:131:in `block (2 levels) in <class:Numeric>'
/usr/local/bundle/gems/activesupport-4.2.6/lib/active_support/core_ext/numeric/conversions.rb:131:in `block (2 levels) in <class:Numeric>'
/usr/local/bundle/gems/activesupport-4.2.6/lib/active_support/core_ext/numeric/conversions.rb:131:in `block (2 levels) in <class:Numeric>'
/usr/local/bundle/gems/activesupport-4.2.6/lib/active_support/core_ext/numeric/conversions.rb:131:in `block (2 levels) in <class:Numeric>'
/usr/local/bundle/gems/activesupport-4.2.6/lib/active_support/core_ext/numeric/conversions.rb:131:in `block (2 levels) in <class:Numeric>'
/usr/local/bundle/gems/activesupport-4.2.6/lib/active_support/core_ext/numeric/conversions.rb:131:in `block (2 levels) in <class:Numeric>'
/usr/local/bundle/gems/activesupport-4.2.6/lib/active_support/core_ext/numeric/conversions.rb:131:in `block (2 levels) in <class:Numeric>'
/usr/local/bundle/gems/activesupport-4.2.6/lib/active_support/core_ext/numeric/conversions.rb:131:in `block (2 levels) in <class:Numeric>'
/usr/local/bundle/gems/activesupport-4.2.6/lib/active_support/core_ext/numeric/conversions.rb:131:in `block (2 levels) in <class:Numeric>'
/usr/local/bundle/gems/activesupport-4.2.6/lib/active_support/core_ext/numeric/conversions.rb:131:in `block (2 levels) in <class:Numeric>'
/usr/local/bundle/gems/activesupport-4.2.6/lib/active_support/core_ext/numeric/conversions.rb:131:in `block (2 levels) in <class:Numeric>'
/usr/local/bundle/gems/activesupport-4.2.6/lib/active_support/core_ext/numeric/conversions.rb:131:in `block (2 levels) in <class:Numeric>'
/usr/local/bundle/gems/activesupport-4.2.6/lib/active_support/core_ext/numeric/conversions.rb:131:in `block (2 levels) in <class:Numeric>'
/usr/local/bundle/gems/activesupport-4.2.6/lib/active_support/core_ext/numeric/conversions.rb:131:in `block (2 levels) in <class:Numeric>'
/usr/local/bundle/gems/activesupport-4.2.6/lib/active_support/core_ext/numeric/conversions.rb:131:in `block (2 levels) in <class:Numeric>'
/usr/local/bundle/gems/activesupport-4.2.6/lib/active_support/core_ext/numeric/conversions.rb:131:in `block (2 levels) in <class:Numeric>'
/usr/local/bundle/gems/activesupport-4.2.6/lib/active_support/core_ext/numeric/conversions.rb:131:in `block (2 levels) in <class:Numeric>'
/usr/local/bundle/gems/activesupport-4.2.6/lib/active_support/core_ext/numeric/conversions.rb:131:in `block (2 levels) in <class:Numeric>'
/usr/local/bundle/gems/activesupport-4.2.6/lib/active_support/core_ext/numeric/conversions.rb:131:in `block (2 levels) in <class:Numeric>'
/usr/local/bundle/gems/activesupport-4.2.6/lib/active_support/core_ext/numeric/conversions.rb:131:in `block (2 levels) in <class:Numeric>'
/usr/local/bundle/gems/activesupport-4.2.6/lib/active_support/core_ext/numeric/conversions.rb:131:in `block (2 levels) in <class:Numeric>'
/usr/local/bundle/gems/activesupport-4.2.6/lib/active_support/core_ext/numeric/conversions.rb:131:in `block (2 levels) in <class:Numeric>'
/usr/local/bundle/gems/activesupport-4.2.6/lib/active_support/core_ext/numeric/conversions.rb:131:in `block (2 levels) in <class:Numeric>'
/usr/local/bundle/gems/activesupport-4.2.6/lib/active_support/core_ext/numeric/conversions.rb:131:in `block (2 levels) in <class:Numeric>'
/usr/local/bundle/gems/activesupport-4.2.6/lib/active_support/core_ext/numeric/conversions.rb:131:in `block (2 levels) in <class:Numeric>'
/usr/local/bundle/gems/activesupport-4.2.6/lib/active_support/core_ext/numeric/conversions.rb:131:in `block (2 levels) in <class:Numeric>'
/usr/local/bundle/gems/activesupport-4.2.6/lib/active_support/core_ext/numeric/conversions.rb:131:in `block (2 levels) in <class:Numeric>'
/usr/local/bundle/gems/activesupport-4.2.6/lib/active_support/core_ext/numeric/conversions.rb:131:in `block (2 levels) in <class:Numeric>'
/usr/local/bundle/gems/activesupport-4.2.6/lib/active_support/core_ext/numeric/conversions.rb:131:in `block (2 levels) in <class:Numeric>'
/usr/local/bundle/gems/activesupport-4.2.6/lib/active_support/core_ext/numeric/conversions.rb:131:in `block (2 levels) in <class:Numeric>'
/usr/local/bundle/gems/activesupport-4.2.6/lib/active_support/core_ext/numeric/conversions.rb:131:in `block (2 levels) in <class:Numeric>'
/usr/local/bundle/gems/activesupport-4.2.6/lib/active_support/core_ext/numeric/conversions.rb:131:in `block (2 levels) in <class:Numeric>'
/usr/local/bundle/gems/activesupport-4.2.6/lib/active_support/core_ext/numeric/conversions.rb:131:in `block (2 levels) in <class:Numeric>'
/usr/local/bundle/gems/activesupport-4.2.6/lib/active_support/core_ext/numeric/conversions.rb:131:in `block (2 levels) in <class:Numeric>'
/usr/local/bundle/gems/activesupport-4.2.6/lib/active_support/core_ext/numeric/conversions.rb:131:in `block (2 levels) in <class:Numeric>'
/usr/local/bundle/gems/activesupport-4.2.6/lib/active_support/core_ext/numeric/conversions.rb:131:in `block (2 levels) in <class:Numeric>'
/usr/local/bundle/gems/activesupport-4.2.6/lib/active_support/core_ext/numeric/conversions.rb:131:in `block (2 levels) in <class:Numeric>'
/usr/local/bundle/gems/activesupport-4.2.6/lib/active_support/core_ext/numeric/conversions.rb:131:in `block (2 levels) in <class:Numeric>'
/usr/local/bundle/gems/activesupport-4.2.6/lib/active_support/core_ext/numeric/conversions.rb:131:in `block (2 levels) in <class:Numeric>'
/usr/local/bundle/gems/activesupport-4.2.6/lib/active_support/core_ext/numeric/conversions.rb:131:in `block (2 levels) in <class:Numeric>'
/usr/local/bundle/gems/activesupport-4.2.6/lib/active_support/core_ext/numeric/conversions.rb:131:in `block (2 levels) in <class:Numeric>'
/usr/local/bundle/gems/activesupport-4.2.6/lib/active_support/core_ext/numeric/conversions.rb:131:in `block (2 levels) in <class:Numeric>'
/usr/local/bundle/gems/activesupport-4.2.6/lib/active_support/core_ext/numeric/conversions.rb:131:in `block (2 levels) in <class:Numeric>'
/usr/local/bundle/gems/activesupport-4.2.6/lib/active_support/core_ext/numeric/conversions.rb:131:in `block (2 levels) in <class:Numeric>'
/usr/local/bundle/gems/activesupport-4.2.6/lib/active_support/core_ext/numeric/conversions.rb:131:in `block (2 levels) in <class:Numeric>'
/usr/local/bundle/gems/activesupport-4.2.6/lib/active_support/core_ext/numeric/conversions.rb:131:in `block (2 levels) in <class:Numeric>'
/usr/local/bundle/gems/activesupport-4.2.6/lib/active_support/core_ext/numeric/conversions.rb:131:in `block (2 levels) in <class:Numeric>'
/usr/local/bundle/gems/activesupport-4.2.6/lib/active_support/core_ext/numeric/conversions.rb:131:in `block (2 levels) in <class:Numeric>'
/usr/local/bundle/gems/activesupport-4.2.6/lib/active_support/core_ext/numeric/conversions.rb:131:in `block (2 levels) in <class:Numeric>'
/usr/local/bundle/gems/activesupport-4.2.6/lib/active_support/core_ext/numeric/conversions.rb:131:in `block (2 levels) in <class:Numeric>'
/usr/local/bundle/gems/activesupport-4.2.6/lib/active_support/core_ext/numeric/conversions.rb:131:in `block (2 levels) in <class:Numeric>'
/usr/local/bundle/gems/activesupport-4.2.6/lib/active_support/core_ext/numeric/conversions.rb:131:in `block (2 levels) in <class:Numeric>'
/usr/local/bundle/gems/activesupport-4.2.6/lib/active_support/core_ext/numeric/conversions.rb:131:in `block (2 levels) in <class:Numeric>'
/usr/local/bundle/gems/activesupport-4.2.6/lib/active_support/core_ext/numeric/conversions.rb:131:in `block (2 levels) in <class:Numeric>'
/usr/local/bundle/gems/activesupport-4.2.6/lib/active_support/core_ext/numeric/conversions.rb:131:in `block (2 levels) in <class:Numeric>'
/usr/local/bundle/gems/activesupport-4.2.6/lib/active_support/core_ext/numeric/conversions.rb:131:in `block (2 levels) in <class:Numeric>'
/usr/local/bundle/gems/activesupport-4.2.6/lib/active_support/core_ext/numeric/conversions.rb:131:in `block (2 levels) in <class:Numeric>'
/usr/local/bundle/gems/activesupport-4.2.6/lib/active_support/core_ext/numeric/conversions.rb:131:in `block (2 levels) in <class:Numeric>'
/usr/local/bundle/gems/activesupport-4.2.6/lib/active_support/core_ext/numeric/conversions.rb:131:in `block (2 levels) in <class:Numeric>'
/usr/local/bundle/gems/activesupport-4.2.6/lib/active_support/core_ext/numeric/conversions.rb:131:in `block (2 levels) in <class:Numeric>'
/usr/local/bundle/gems/activesupport-4.2.6/lib/active_support/core_ext/numeric/conversions.rb:131:in `block (2 levels) in <class:Numeric>'
/usr/local/bundle/gems/activesupport-4.2.6/lib/active_support/core_ext/numeric/conversions.rb:131:in `block (2 levels) in <class:Numeric>'
/usr/local/bundle/gems/activesupport-4.2.6/lib/active_support/core_ext/numeric/conversions.rb:131:in `block (2 levels) in <class:Numeric>'
/usr/local/bundle/gems/activesupport-4.2.6/lib/active_support/core_ext/numeric/conversions.rb:131:in `block (2 levels) in <class:Numeric>'
/usr/local/bundle/gems/activesupport-4.2.6/lib/active_support/core_ext/numeric/conversions.rb:131:in `block (2 levels) in <class:Numeric>'
/usr/local/bundle/gems/activesupport-4.2.6/lib/active_support/core_ext/numeric/conversions.rb:131:in `block (2 levels) in <class:Numeric>'
/usr/local/bundle/gems/activesupport-4.2.6/lib/active_support/core_ext/numeric/conversions.rb:131:in `block (2 levels) in <class:Numeric>'
/usr/local/bundle/gems/activesupport-4.2.6/lib/active_support/core_ext/numeric/conversions.rb:131:in `block (2 levels) in <class:Numeric>'
/usr/local/bundle/gems/activesupport-4.2.6/lib/active_support/core_ext/numeric/conversions.rb:131:in `block (2 levels) in <class:Numeric>'
/usr/local/bundle/gems/activesupport-4.2.6/lib/active_support/core_ext/numeric/conversions.rb:131:in `block (2 levels) in <class:Numeric>'
/usr/local/bundle/gems/activesupport-4.2.6/lib/active_support/core_ext/numeric/conversions.rb:131:in `block (2 levels) in <class:Numeric>'
/usr/local/bundle/gems/activesupport-4.2.6/lib/active_support/core_ext/numeric/conversions.rb:131:in `block (2 levels) in <class:Numeric>'
/usr/local/bundle/gems/activesupport-4.2.6/lib/active_support/core_ext/numeric/conversions.rb:131:in `block (2 levels) in <class:Numeric>'
/usr/local/bundle/gems/activesupport-4.2.6/lib/active_support/core_ext/numeric/conversions.rb:131:in `block (2 levels) in <class:Numeric>'
/usr/local/bundle/gems/activesupport-4.2.6/lib/active_support/core_ext/numeric/conversions.rb:131:in `block (2 levels) in <class:Numeric>'
/usr/local/bundle/gems/activesupport-4.2.6/lib/active_support/core_ext/numeric/conversions.rb:131:in `block (2 levels) in <class:Numeric>'
/usr/local/bundle/gems/activesupport-4.2.6/lib/active_support/core_ext/numeric/conversions.rb:131:in `block (2 levels) in <class:Numeric>'
/usr/local/bundle/gems/activesupport-4.2.6/lib/active_support/core_ext/numeric/conversions.rb:131:in `block (2 levels) in <class:Numeric>'
/usr/local/bundle/gems/activesupport-4.2.6/lib/active_support/core_ext/numeric/conversions.rb:131:in `block (2 levels) in <class:Numeric>'
/usr/local/bundle/gems/activesupport-4.2.6/lib/active_support/core_ext/numeric/conversions.rb:131:in `block (2 levels) in <class:Numeric>'
/usr/local/bundle/gems/activesupport-4.2.6/lib/active_support/core_ext/numeric/conversions.rb:131:in `block (2 levels) in <class:Numeric>'
/usr/local/bundle/gems/activesupport-4.2.6/lib/active_support/core_ext/numeric/conversions.rb:131:in `block (2 levels) in <class:Numeric>'
/usr/local/bundle/gems/activesupport-4.2.6/lib/active_support/core_ext/numeric/conversions.rb:131:in `block (2 levels) in <class:Numeric>'
/usr/local/bundle/gems/activesupport-4.2.6/lib/active_support/core_ext/numeric/conversions.rb:131:in `block (2 levels) in <class:Numeric>'
/usr/local/bundle/gems/activesupport-4.2.6/lib/active_support/core_ext/numeric/conversions.rb:131:in `block (2 levels) in <class:Numeric>'
/usr/local/bundle/gems/activesupport-4.2.6/lib/active_support/core_ext/numeric/conversions.rb:131:in `block (2 levels) in <class:Numeric>'
/usr/local/bundle/gems/activesupport-4.2.6/lib/active_support/core_ext/numeric/conversions.rb:131:in `block (2 levels) in <class:Numeric>'
/usr/local/bundle/gems/activesupport-4.2.6/lib/active_support/core_ext/numeric/conversions.rb:131:in `block (2 levels) in <class:Numeric>'
/usr/local/bundle/gems/activesupport-4.2.6/lib/active_support/core_ext/numeric/conversions.rb:131:in `block (2 levels) in <class:Numeric>'
/usr/local/bundle/gems/activesupport-4.2.6/lib/active_support/core_ext/numeric/conversions.rb:131:in `block (2 levels) in <class:Numeric>'
/usr/local/bundle/gems/activesupport-4.2.6/lib/active_support/core_ext/numeric/conversions.rb:131:in `block (2 levels) in <class:Numeric>'
/usr/local/bundle/gems/activesupport-4.2.6/lib/active_support/core_ext/numeric/conversions.rb:131:in `block (2 levels) in <class:Numeric>'
/usr/local/bundle/gems/activesupport-4.2.6/lib/active_support/core_ext/numeric/conversions.rb:131:in `block (2 levels) in <class:Numeric>'
/usr/local/bundle/gems/activesupport-4.2.6/lib/active_support/core_ext/numeric/conversions.rb:131:in `block (2 levels) in <class:Numeric>'
/usr/local/bundle/gems/activesupport-4.2.6/lib/active_support/core_ext/numeric/conversions.rb:131:in `block (2 levels) in <class:Numeric>'
/usr/local/bundle/gems/activesupport-4.2.6/lib/active_support/core_ext/numeric/conversions.rb:131:in `block (2 levels) in <class:Numeric>'
/usr/local/bundle/gems/activesupport-4.2.6/lib/active_support/core_ext/numeric/conversions.rb:131:in `block (2 levels) in <class:Numeric>'
/usr/local/bundle/gems/activesupport-4.2.6/lib/active_support/core_ext/numeric/conversions.rb:131:in `block (2 levels) in <class:Numeric>'
/usr/local/bundle/gems/activesupport-4.2.6/lib/active_support/core_ext/numeric/conversions.rb:131:in `block (2 levels) in <class:Numeric>'
/usr/local/bundle/gems/activesupport-4.2.6/lib/active_support/core_ext/numeric/conversions.rb:131:in `block (2 levels) in <class:Numeric>'
/usr/local/bundle/gems/activesupport-4.2.6/lib/active_support/core_ext/numeric/conversions.rb:131:in `block (2 levels) in <class:Numeric>'
/usr/local/bundle/gems/activesupport-4.2.6/lib/active_support/core_ext/numeric/conversions.rb:131:in `block (2 levels) in <class:Numeric>'
/usr/local/bundle/gems/activesupport-4.2.6/lib/active_support/core_ext/numeric/conversions.rb:131:in `block (2 levels) in <class:Numeric>'
/usr/local/bundle/gems/activesupport-4.2.6/lib/active_support/core_ext/numeric/conversions.rb:131:in `block (2 levels) in <class:Numeric>'
/usr/local/bundle/gems/activesupport-4.2.6/lib/active_support/core_ext/numeric/conversions.rb:131:in `block (2 levels) in <class:Numeric>'
/usr/local/bundle/gems/activesupport-4.2.6/lib/active_support/core_ext/numeric/conversions.rb:131:in `block (2 levels) in <class:Numeric>'
/usr/local/bundle/gems/activesupport-4.2.6/lib/active_support/core_ext/numeric/conversions.rb:131:in `block (2 levels) in <class:Numeric>'
/usr/local/bundle/gems/activesupport-4.2.6/lib/active_support/core_ext/numeric/conversions.rb:131:in `block (2 levels) in <class:Numeric>'
/usr/local/bundle/gems/activesupport-4.2.6/lib/active_support/core_ext/numeric/conversions.rb:131:in `block (2 levels) in <class:Numeric>'
/usr/local/bundle/gems/activesupport-4.2.6/lib/active_support/core_ext/numeric/conversions.rb:131:in `block (2 levels) in <class:Numeric>'
/usr/local/bundle/gems/activesupport-4.2.6/lib/active_support/core_ext/numeric/conversions.rb:131:in `block (2 levels) in <class:Numeric>'
/usr/local/bundle/gems/activesupport-4.2.6/lib/active_support/core_ext/numeric/conversions.rb:131:in `block (2 levels) in <class:Numeric>'
/usr/local/bundle/gems/activesupport-4.2.6/lib/active_support/core_ext/numeric/conversions.rb:131:in `block (2 levels) in <class:Numeric>'
/usr/local/bundle/gems/activesupport-4.2.6/lib/active_support/core_ext/numeric/conversions.rb:131:in `block (2 levels) in <class:Numeric>'
/usr/local/bundle/gems/activesupport-4.2.6/lib/active_support/core_ext/numeric/conversions.rb:131:in `block (2 levels) in <class:Numeric>'
/usr/local/bundle/gems/activesupport-4.2.6/lib/active_support/core_ext/numeric/conversions.rb:131:in `block (2 levels) in <class:Numeric>'
/usr/local/bundle/gems/activesupport-4.2.6/lib/active_support/core_ext/numeric/conversions.rb:131:in `block (2 levels) in <class:Numeric>'
/usr/local/bundle/gems/activesupport-4.2.6/lib/active_support/core_ext/numeric/conversions.rb:131:in `block (2 levels) in <class:Numeric>'
/usr/local/bundle/gems/activesupport-4.2.6/lib/active_support/core_ext/numeric/conversions.rb:131:in `block (2 levels) in <class:Numeric>'
/usr/local/bundle/gems/activesupport-4.2.6/lib/active_support/core_ext/numeric/conversions.rb:131:in `block (2 levels) in <class:Numeric>'
/usr/local/bundle/gems/activesupport-4.2.6/lib/active_support/core_ext/numeric/conversions.rb:131:in `block (2 levels) in <class:Numeric>'
/usr/local/bundle/gems/activesupport-4.2.6/lib/active_support/core_ext/numeric/conversions.rb:131:in `block (2 levels) in <class:Numeric>'
/usr/local/bundle/gems/activesupport-4.2.6/lib/active_support/core_ext/numeric/conversions.rb:131:in `block (2 levels) in <class:Numeric>'
/usr/local/bundle/gems/activesupport-4.2.6/lib/active_support/core_ext/numeric/conversions.rb:131:in `block (2 levels) in <class:Numeric>'
/usr/local/bundle/gems/activesupport-4.2.6/lib/active_support/core_ext/numeric/conversions.rb:131:in `block (2 levels) in <class:Numeric>'
/usr/local/bundle/gems/activesupport-4.2.6/lib/active_support/core_ext/numeric/conversions.rb:131:in `block (2 levels) in <class:Numeric>'
/usr/local/bundle/gems/activesupport-4.2.6/lib/active_support/core_ext/numeric/conversions.rb:131:in `block (2 levels) in <class:Numeric>'
/usr/local/bundle/gems/activesupport-4.2.6/lib/active_support/core_ext/numeric/conversions.rb:131:in `block (2 levels) in <class:Numeric>'
/usr/local/bundle/gems/activesupport-4.2.6/lib/active_support/core_ext/numeric/conversions.rb:131:in `block (2 levels) in <class:Numeric>'
/usr/local/bundle/gems/activesupport-4.2.6/lib/active_support/core_ext/numeric/conversions.rb:131:in `block (2 levels) in <class:Numeric>'
/usr/local/bundle/gems/activesupport-4.2.6/lib/active_support/core_ext/numeric/conversions.rb:131:in `block (2 levels) in <class:Numeric>'
/usr/local/bundle/gems/activesupport-4.2.6/lib/active_support/core_ext/numeric/conversions.rb:131:in `block (2 levels) in <class:Numeric>'
/usr/local/bundle/gems/activesupport-4.2.6/lib/active_support/core_ext/numeric/conversions.rb:131:in `block (2 levels) in <class:Numeric>'
/usr/local/bundle/gems/activesupport-4.2.6/lib/active_support/core_ext/numeric/conversions.rb:131:in `block (2 levels) in <class:Numeric>'
/usr/local/bundle/gems/activesupport-4.2.6/lib/active_support/core_ext/numeric/conversions.rb:131:in `block (2 levels) in <class:Numeric>'
/usr/local/bundle/gems/activesupport-4.2.6/lib/active_support/core_ext/numeric/conversions.rb:131:in `block (2 levels) in <class:Numeric>'
/usr/local/bundle/gems/activesupport-4.2.6/lib/active_support/core_ext/numeric/conversions.rb:131:in `block (2 levels) in <class:Numeric>'
/usr/local/bundle/gems/activesupport-4.2.6/lib/active_support/core_ext/numeric/conversions.rb:131:in `block (2 levels) in <class:Numeric>'
/usr/local/bundle/gems/activesupport-4.2.6/lib/active_support/core_ext/numeric/conversions.rb:131:in `block (2 levels) in <class:Numeric>'
/usr/local/bundle/gems/activesupport-4.2.6/lib/active_support/core_ext/numeric/conversions.rb:131:in `block (2 levels) in <class:Numeric>'
/usr/local/bundle/gems/activesupport-4.2.6/lib/active_support/core_ext/numeric/conversions.rb:131:in `block (2 levels) in <class:Numeric>'
/usr/local/bundle/gems/activesupport-4.2.6/lib/active_support/core_ext/numeric/conversions.rb:131:in `block (2 levels) in <class:Numeric>'
/usr/local/bundle/gems/activesupport-4.2.6/lib/active_support/core_ext/numeric/conversions.rb:131:in `block (2 levels) in <class:Numeric>'
/usr/local/bundle/gems/activesupport-4.2.6/lib/active_support/core_ext/numeric/conversions.rb:131:in `block (2 levels) in <class:Numeric>'
/usr/local/bundle/gems/activesupport-4.2.6/lib/active_support/core_ext/numeric/conversions.rb:131:in `block (2 levels) in <class:Numeric>'
/usr/local/bundle/gems/activesupport-4.2.6/lib/active_support/core_ext/numeric/conversions.rb:131:in `block (2 levels) in <class:Numeric>'
/usr/local/bundle/gems/activesupport-4.2.6/lib/active_support/core_ext/numeric/conversions.rb:131:in `block (2 levels) in <class:Numeric>'
/usr/local/bundle/gems/activesupport-4.2.6/lib/active_support/core_ext/numeric/conversions.rb:131:in `block (2 levels) in <class:Numeric>'
/usr/local/bundle/gems/activesupport-4.2.6/lib/active_support/core_ext/numeric/conversions.rb:131:in `block (2 levels) in <class:Numeric>'
/usr/local/bundle/gems/activesupport-4.2.6/lib/active_support/core_ext/numeric/conversions.rb:131:in `block (2 levels) in <class:Numeric>'
/usr/local/bundle/gems/activesupport-4.2.6/lib/active_support/core_ext/numeric/conversions.rb:131:in `block (2 levels) in <class:Numeric>'
/usr/local/bundle/gems/activesupport-4.2.6/lib/active_support/core_ext/numeric/conversions.rb:131:in `block (2 levels) in <class:Numeric>'
/usr/local/bundle/gems/activesupport-4.2.6/lib/active_support/core_ext/numeric/conversions.rb:131:in `block (2 levels) in <class:Numeric>'
/usr/local/bundle/gems/activesupport-4.2.6/lib/active_support/core_ext/numeric/conversions.rb:131:in `block (2 levels) in <class:Numeric>'
/usr/local/bundle/gems/activesupport-4.2.6/lib/active_support/core_ext/numeric/conversions.rb:131:in `block (2 levels) in <class:Numeric>'
/usr/local/bundle/gems/activesupport-4.2.6/lib/active_support/core_ext/numeric/conversions.rb:131:in `block (2 levels) in <class:Numeric>'
/usr/local/bundle/gems/activesupport-4.2.6/lib/active_support/core_ext/numeric/conversions.rb:131:in `block (2 levels) in <class:Numeric>'
/usr/local/bundle/gems/activesupport-4.2.6/lib/active_support/core_ext/numeric/conversions.rb:131:in `block (2 levels) in <class:Numeric>'
/usr/local/bundle/gems/activesupport-4.2.6/lib/active_support/core_ext/numeric/conversions.rb:131:in `block (2 levels) in <class:Numeric>'
/usr/local/bundle/gems/activesupport-4.2.6/lib/active_support/core_ext/numeric/conversions.rb:131:in `block (2 levels) in <class:Numeric>'
/usr/local/bundle/gems/activesupport-4.2.6/lib/active_support/core_ext/numeric/conversions.rb:131:in `block (2 levels) in <class:Numeric>'
/usr/local/bundle/gems/activesupport-4.2.6/lib/active_support/core_ext/numeric/conversions.rb:131:in `block (2 levels) in <class:Numeric>'
/usr/local/bundle/gems/activesupport-4.2.6/lib/active_support/core_ext/numeric/conversions.rb:131:in `block (2 levels) in <class:Numeric>'
/usr/local/bundle/gems/activesupport-4.2.6/lib/active_support/core_ext/numeric/conversions.rb:131:in `block (2 levels) in <class:Numeric>'
/usr/local/bundle/gems/activesupport-4.2.6/lib/active_support/core_ext/numeric/conversions.rb:131:in `block (2 levels) in <class:Numeric>'
/usr/local/bundle/gems/activesupport-4.2.6/lib/active_support/core_ext/numeric/conversions.rb:131:in `block (2 levels) in <class:Numeric>'
/usr/local/bundle/gems/activesupport-4.2.6/lib/active_support/core_ext/numeric/conversions.rb:131:in `block (2 levels) in <class:Numeric>'
/usr/local/bundle/gems/activesupport-4.2.6/lib/active_support/core_ext/numeric/conversions.rb:131:in `block (2 levels) in <class:Numeric>'
/usr/local/bundle/gems/activesupport-4.2.6/lib/active_support/core_ext/numeric/conversions.rb:131:in `block (2 levels) in <class:Numeric>'
/usr/local/bundle/gems/activesupport-4.2.6/lib/active_support/core_ext/numeric/conversions.rb:131:in `block (2 levels) in <class:Numeric>'
/usr/local/bundle/gems/activesupport-4.2.6/lib/active_support/core_ext/numeric/conversions.rb:131:in `block (2 levels) in <class:Numeric>'
/usr/local/bundle/gems/activesupport-4.2.6/lib/active_support/core_ext/numeric/conversions.rb:131:in `block (2 levels) in <class:Numeric>'
/usr/local/bundle/gems/activesupport-4.2.6/lib/active_support/core_ext/numeric/conversions.rb:131:in `block (2 levels) in <class:Numeric>'
/usr/local/bundle/gems/activesupport-4.2.6/lib/active_support/core_ext/numeric/conversions.rb:131:in `block (2 levels) in <class:Numeric>'
/usr/local/bundle/gems/activesupport-4.2.6/lib/active_support/core_ext/numeric/conversions.rb:131:in `block (2 levels) in <class:Numeric>'
/usr/local/bundle/gems/activesupport-4.2.6/lib/active_support/core_ext/numeric/conversions.rb:131:in `block (2 levels) in <class:Numeric>'
/usr/local/bundle/gems/activesupport-4.2.6/lib/active_support/core_ext/numeric/conversions.rb:131:in `block (2 levels) in <class:Numeric>'
/usr/local/bundle/gems/activesupport-4.2.6/lib/active_support/core_ext/numeric/conversions.rb:131:in `block (2 levels) in <class:Numeric>'
/usr/local/bundle/gems/activesupport-4.2.6/lib/active_support/core_ext/numeric/conversions.rb:131:in `block (2 levels) in <class:Numeric>'
/usr/local/bundle/gems/activesupport-4.2.6/lib/active_support/core_ext/numeric/conversions.rb:131:in `block (2 levels) in <class:Numeric>'
/usr/local/bundle/gems/activesupport-4.2.6/lib/active_support/core_ext/numeric/conversions.rb:131:in `block (2 levels) in <class:Numeric>'
/usr/local/bundle/gems/activesupport-4.2.6/lib/active_support/core_ext/numeric/conversions.rb:131:in `block (2 levels) in <class:Numeric>'
/usr/local/bundle/gems/activesupport-4.2.6/lib/active_support/core_ext/numeric/conversions.rb:131:in `block (2 levels) in <class:Numeric>'
/usr/local/bundle/gems/activesupport-4.2.6/lib/active_support/core_ext/numeric/conversions.rb:131:in `block (2 levels) in <class:Numeric>'
/usr/local/bundle/gems/activesupport-4.2.6/lib/active_support/core_ext/numeric/conversions.rb:131:in `block (2 levels) in <class:Numeric>'
/usr/local/bundle/gems/activesupport-4.2.6/lib/active_support/core_ext/numeric/conversions.rb:131:in `block (2 levels) in <class:Numeric>'
/usr/local/bundle/gems/activesupport-4.2.6/lib/active_support/core_ext/numeric/conversions.rb:131:in `block (2 levels) in <class:Numeric>'
/usr/local/bundle/gems/activesupport-4.2.6/lib/active_support/core_ext/numeric/conversions.rb:131:in `block (2 levels) in <class:Numeric>'
/usr/local/bundle/gems/activesupport-4.2.6/lib/active_support/core_ext/numeric/conversions.rb:131:in `block (2 levels) in <class:Numeric>'
/usr/local/bundle/gems/activesupport-4.2.6/lib/active_support/core_ext/numeric/conversions.rb:131:in `block (2 levels) in <class:Numeric>'
/usr/local/bundle/gems/activesupport-4.2.6/lib/active_support/core_ext/numeric/conversions.rb:131:in `block (2 levels) in <class:Numeric>'
/usr/local/bundle/gems/activesupport-4.2.6/lib/active_support/core_ext/numeric/conversions.rb:131:in `block (2 levels) in <class:Numeric>'
/usr/local/bundle/gems/activesupport-4.2.6/lib/active_support/core_ext/numeric/conversions.rb:131:in `block (2 levels) in <class:Numeric>'
/usr/local/bundle/gems/activesupport-4.2.6/lib/active_support/core_ext/numeric/conversions.rb:131:in `block (2 levels) in <class:Numeric>'
/usr/local/bundle/gems/activesupport-4.2.6/lib/active_support/core_ext/numeric/conversions.rb:131:in `block (2 levels) in <class:Numeric>'
/usr/local/bundle/gems/activesupport-4.2.6/lib/active_support/core_ext/numeric/conversions.rb:131:in `block (2 levels) in <class:Numeric>'
/usr/local/bundle/gems/activesupport-4.2.6/lib/active_support/core_ext/numeric/conversions.rb:131:in `block (2 levels) in <class:Numeric>'
/usr/local/bundle/gems/activesupport-4.2.6/lib/active_support/core_ext/numeric/conversions.rb:131:in `block (2 levels) in <class:Numeric>'
/usr/local/bundle/gems/activesupport-4.2.6/lib/active_support/core_ext/numeric/conversions.rb:131:in `block (2 levels) in <class:Numeric>'
/usr/local/bundle/gems/activesupport-4.2.6/lib/active_support/core_ext/numeric/conversions.rb:131:in `block (2 levels) in <class:Numeric>'
/usr/local/bundle/gems/activesupport-4.2.6/lib/active_support/core_ext/numeric/conversions.rb:131:in `block (2 levels) in <class:Numeric>'
/usr/local/bundle/gems/activesupport-4.2.6/lib/active_support/core_ext/numeric/conversions.rb:131:in `block (2 levels) in <class:Numeric>'
/usr/local/bundle/gems/activesupport-4.2.6/lib/active_support/core_ext/numeric/conversions.rb:131:in `block (2 levels) in <class:Numeric>'
/usr/local/bundle/gems/activesupport-4.2.6/lib/active_support/core_ext/numeric/conversions.rb:131:in `block (2 levels) in <class:Numeric>'
/usr/local/bundle/gems/activesupport-4.2.6/lib/active_support/core_ext/numeric/conversions.rb:131:in `block (2 levels) in <class:Numeric>'
/usr/local/bundle/gems/activesupport-4.2.6/lib/active_support/core_ext/numeric/conversions.rb:131:in `block (2 levels) in <class:Numeric>'
/usr/local/bundle/gems/activesupport-4.2.6/lib/active_support/core_ext/numeric/conversions.rb:131:in `block (2 levels) in <class:Numeric>'
/usr/local/bundle/gems/activesupport-4.2.6/lib/active_support/core_ext/numeric/conversions.rb:131:in `block (2 levels) in <class:Numeric>'
/usr/local/bundle/gems/activesupport-4.2.6/lib/active_support/core_ext/numeric/conversions.rb:131:in `block (2 levels) in <class:Numeric>'
/usr/local/bundle/gems/activesupport-4.2.6/lib/active_support/core_ext/numeric/conversions.rb:131:in `block (2 levels) in <class:Numeric>'
/usr/local/bundle/gems/activesupport-4.2.6/lib/active_support/core_ext/numeric/conversions.rb:131:in `block (2 levels) in <class:Numeric>'
/usr/local/bundle/gems/activesupport-4.2.6/lib/active_support/core_ext/numeric/conversions.rb:131:in `block (2 levels) in <class:Numeric>'
/usr/local/bundle/gems/activesupport-4.2.6/lib/active_support/core_ext/numeric/conversions.rb:131:in `block (2 levels) in <class:Numeric>'
/usr/local/bundle/gems/activesupport-4.2.6/lib/active_support/core_ext/numeric/conversions.rb:131:in `block (2 levels) in <class:Numeric>'
/usr/local/bundle/gems/activesupport-4.2.6/lib/active_support/core_ext/numeric/conversions.rb:131:in `block (2 levels) in <class:Numeric>'
/usr/local/bundle/gems/activesupport-4.2.6/lib/active_support/core_ext/numeric/conversions.rb:131:in `block (2 levels) in <class:Numeric>'
/usr/local/bundle/gems/activesupport-4.2.6/lib/active_support/core_ext/numeric/conversions.rb:131:in `block (2 levels) in <class:Numeric>'
/usr/local/bundle/gems/activesupport-4.2.6/lib/active_support/core_ext/numeric/conversions.rb:131:in `block (2 levels) in <class:Numeric>'
/usr/local/bundle/gems/activesupport-4.2.6/lib/active_support/core_ext/numeric/conversions.rb:131:in `block (2 levels) in <class:Numeric>'
/usr/local/bundle/gems/activesupport-4.2.6/lib/active_support/core_ext/numeric/conversions.rb:131:in `block (2 levels) in <class:Numeric>'
/usr/local/bundle/gems/activesupport-4.2.6/lib/active_support/core_ext/numeric/conversions.rb:131:in `block (2 levels) in <class:Numeric>'
/usr/local/bundle/gems/activesupport-4.2.6/lib/active_support/core_ext/numeric/conversions.rb:131:in `block (2 levels) in <class:Numeric>'
/usr/local/bundle/gems/activesupport-4.2.6/lib/active_support/core_ext/numeric/conversions.rb:131:in `block (2 levels) in <class:Numeric>'
/usr/local/bundle/gems/activesupport-4.2.6/lib/active_support/core_ext/numeric/conversions.rb:131:in `block (2 levels) in <class:Numeric>'
/usr/local/bundle/gems/activesupport-4.2.6/lib/active_support/core_ext/numeric/conversions.rb:131:in `block (2 levels) in <class:Numeric>'
/usr/local/bundle/gems/activesupport-4.2.6/lib/active_support/core_ext/numeric/conversions.rb:131:in `block (2 levels) in <class:Numeric>'
/usr/local/bundle/gems/activesupport-4.2.6/lib/active_support/core_ext/numeric/conversions.rb:131:in `block (2 levels) in <class:Numeric>'
/usr/local/bundle/gems/activesupport-4.2.6/lib/active_support/core_ext/numeric/conversions.rb:131:in `block (2 levels) in <class:Numeric>'
/usr/local/bundle/gems/activesupport-4.2.6/lib/active_support/core_ext/numeric/conversions.rb:131:in `block (2 levels) in <class:Numeric>'
/usr/local/bundle/gems/activesupport-4.2.6/lib/active_support/core_ext/numeric/conversions.rb:131:in `block (2 levels) in <class:Numeric>'
/usr/local/bundle/gems/activesupport-4.2.6/lib/active_support/core_ext/numeric/conversions.rb:131:in `block (2 levels) in <class:Numeric>'
/usr/local/bundle/gems/activesupport-4.2.6/lib/active_support/core_ext/numeric/conversions.rb:131:in `block (2 levels) in <class:Numeric>'
/usr/local/bundle/gems/activesupport-4.2.6/lib/active_support/core_ext/numeric/conversions.rb:131:in `block (2 levels) in <class:Numeric>'
/usr/local/bundle/gems/activesupport-4.2.6/lib/active_support/core_ext/numeric/conversions.rb:131:in `block (2 levels) in <class:Numeric>'
/usr/local/bundle/gems/activesupport-4.2.6/lib/active_support/core_ext/numeric/conversions.rb:131:in `block (2 levels) in <class:Numeric>'
/usr/local/bundle/gems/activesupport-4.2.6/lib/active_support/core_ext/numeric/conversions.rb:131:in `block (2 levels) in <class:Numeric>'
/usr/local/bundle/gems/activesupport-4.2.6/lib/active_support/core_ext/numeric/conversions.rb:131:in `block (2 levels) in <class:Numeric>'
/usr/local/bundle/gems/activesupport-4.2.6/lib/active_support/core_ext/numeric/conversions.rb:131:in `block (2 levels) in <class:Numeric>'
/usr/local/bundle/gems/activesupport-4.2.6/lib/active_support/core_ext/numeric/conversions.rb:131:in `block (2 levels) in <class:Numeric>'
/usr/local/bundle/gems/activesupport-4.2.6/lib/active_support/core_ext/numeric/conversions.rb:131:in `block (2 levels) in <class:Numeric>'
/usr/local/bundle/gems/activesupport-4.2.6/lib/active_support/core_ext/numeric/conversions.rb:131:in `block (2 levels) in <class:Numeric>'
/usr/local/bundle/gems/activesupport-4.2.6/lib/active_support/core_ext/numeric/conversions.rb:131:in `block (2 levels) in <class:Numeric>'
/usr/local/bundle/gems/activesupport-4.2.6/lib/active_support/core_ext/numeric/conversions.rb:131:in `block (2 levels) in <class:Numeric>'
/usr/local/bundle/gems/activesupport-4.2.6/lib/active_support/core_ext/numeric/conversions.rb:131:in `block (2 levels) in <class:Numeric>'
/usr/local/bundle/gems/activesupport-4.2.6/lib/active_support/core_ext/numeric/conversions.rb:131:in `block (2 levels) in <class:Numeric>'
/usr/local/bundle/gems/activesupport-4.2.6/lib/active_support/core_ext/numeric/conversions.rb:131:in `block (2 levels) in <class:Numeric>'
/usr/local/bundle/gems/activesupport-4.2.6/lib/active_support/core_ext/numeric/conversions.rb:131:in `block (2 levels) in <class:Numeric>'
/usr/local/bundle/gems/activesupport-4.2.6/lib/active_support/core_ext/numeric/conversions.rb:131:in `block (2 levels) in <class:Numeric>'
/usr/local/bundle/gems/activesupport-4.2.6/lib/active_support/core_ext/numeric/conversions.rb:131:in `block (2 levels) in <class:Numeric>'
/usr/local/bundle/gems/activesupport-4.2.6/lib/active_support/core_ext/numeric/conversions.rb:131:in `block (2 levels) in <class:Numeric>'
/usr/local/bundle/gems/activesupport-4.2.6/lib/active_support/core_ext/numeric/conversions.rb:131:in `block (2 levels) in <class:Numeric>'
/usr/local/bundle/gems/activesupport-4.2.6/lib/active_support/core_ext/numeric/conversions.rb:131:in `block (2 levels) in <class:Numeric>'
/usr/local/bundle/gems/activesupport-4.2.6/lib/active_support/core_ext/numeric/conversions.rb:131:in `block (2 levels) in <class:Numeric>'
/usr/local/bundle/gems/activesupport-4.2.6/lib/active_support/core_ext/numeric/conversions.rb:131:in `block (2 levels) in <class:Numeric>'
/usr/local/bundle/gems/activesupport-4.2.6/lib/active_support/core_ext/numeric/conversions.rb:131:in `block (2 levels) in <class:Numeric>'
/usr/local/bundle/gems/activesupport-4.2.6/lib/active_support/core_ext/numeric/conversions.rb:131:in `block (2 levels) in <class:Numeric>'
/usr/local/bundle/gems/activesupport-4.2.6/lib/active_support/core_ext/numeric/conversions.rb:131:in `block (2 levels) in <class:Numeric>'
/usr/local/bundle/gems/activesupport-4.2.6/lib/active_support/core_ext/numeric/conversions.rb:131:in `block (2 levels) in <class:Numeric>'
/usr/local/bundle/gems/activesupport-4.2.6/lib/active_support/core_ext/numeric/conversions.rb:131:in `block (2 levels) in <class:Numeric>'
/usr/local/bundle/gems/activesupport-4.2.6/lib/active_support/core_ext/numeric/conversions.rb:131:in `block (2 levels) in <class:Numeric>'
/usr/local/bundle/gems/activesupport-4.2.6/lib/active_support/core_ext/numeric/conversions.rb:131:in `block (2 levels) in <class:Numeric>'
/usr/local/bundle/gems/activesupport-4.2.6/lib/active_support/core_ext/numeric/conversions.rb:131:in `block (2 levels) in <class:Numeric>'
/usr/local/bundle/gems/activesupport-4.2.6/lib/active_support/core_ext/numeric/conversions.rb:131:in `block (2 levels) in <class:Numeric>'
/usr/local/bundle/gems/activesupport-4.2.6/lib/active_support/core_ext/numeric/conversions.rb:131:in `block (2 levels) in <class:Numeric>'
/usr/local/bundle/gems/activesupport-4.2.6/lib/active_support/core_ext/numeric/conversions.rb:131:in `block (2 levels) in <class:Numeric>'
/usr/local/bundle/gems/activesupport-4.2.6/lib/active_support/core_ext/numeric/conversions.rb:131:in `block (2 levels) in <class:Numeric>'
/usr/local/bundle/gems/activesupport-4.2.6/lib/active_support/core_ext/numeric/conversions.rb:131:in `block (2 levels) in <class:Numeric>'
/usr/local/bundle/gems/activesupport-4.2.6/lib/active_support/core_ext/numeric/conversions.rb:131:in `block (2 levels) in <class:Numeric>'
/usr/local/bundle/gems/activesupport-4.2.6/lib/active_support/core_ext/numeric/conversions.rb:131:in `block (2 levels) in <class:Numeric>'
/usr/local/bundle/gems/activesupport-4.2.6/lib/active_support/core_ext/numeric/conversions.rb:131:in `block (2 levels) in <class:Numeric>'
/usr/local/bundle/gems/activesupport-4.2.6/lib/active_support/core_ext/numeric/conversions.rb:131:in `block (2 levels) in <class:Numeric>'
/usr/local/bundle/gems/activesupport-4.2.6/lib/active_support/core_ext/numeric/conversions.rb:131:in `block (2 levels) in <class:Numeric>'
/usr/local/bundle/gems/activesupport-4.2.6/lib/active_support/core_ext/numeric/conversions.rb:131:in `block (2 levels) in <class:Numeric>'
/usr/local/bundle/gems/activesupport-4.2.6/lib/active_support/core_ext/numeric/conversions.rb:131:in `block (2 levels) in <class:Numeric>'
/usr/local/bundle/gems/activesupport-4.2.6/lib/active_support/core_ext/numeric/conversions.rb:131:in `block (2 levels) in <class:Numeric>'
/usr/local/bundle/gems/activesupport-4.2.6/lib/active_support/core_ext/numeric/conversions.rb:131:in `block (2 levels) in <class:Numeric>'
/usr/local/bundle/gems/activesupport-4.2.6/lib/active_support/core_ext/numeric/conversions.rb:131:in `block (2 levels) in <class:Numeric>'
/usr/local/bundle/gems/activesupport-4.2.6/lib/active_support/core_ext/numeric/conversions.rb:131:in `block (2 levels) in <class:Numeric>'
/usr/local/bundle/gems/activesupport-4.2.6/lib/active_support/core_ext/numeric/conversions.rb:131:in `block (2 levels) in <class:Numeric>'
/usr/local/bundle/gems/activesupport-4.2.6/lib/active_support/core_ext/numeric/conversions.rb:131:in `block (2 levels) in <class:Numeric>'
/usr/local/bundle/gems/activesupport-4.2.6/lib/active_support/core_ext/numeric/conversions.rb:131:in `block (2 levels) in <class:Numeric>'
/usr/local/bundle/gems/activesupport-4.2.6/lib/active_support/core_ext/numeric/conversions.rb:131:in `block (2 levels) in <class:Numeric>'
/usr/local/bundle/gems/activesupport-4.2.6/lib/active_support/core_ext/numeric/conversions.rb:131:in `block (2 levels) in <class:Numeric>'
/usr/local/bundle/gems/activesupport-4.2.6/lib/active_support/core_ext/numeric/conversions.rb:131:in `block (2 levels) in <class:Numeric>'
/usr/local/bundle/gems/activesupport-4.2.6/lib/active_support/core_ext/numeric/conversions.rb:131:in `block (2 levels) in <class:Numeric>'
/usr/local/bundle/gems/activesupport-4.2.6/lib/active_support/core_ext/numeric/conversions.rb:131:in `block (2 levels) in <class:Numeric>'
/usr/local/bundle/gems/activesupport-4.2.6/lib/active_support/core_ext/numeric/conversions.rb:131:in `block (2 levels) in <class:Numeric>'
/usr/local/bundle/gems/activesupport-4.2.6/lib/active_support/core_ext/numeric/conversions.rb:131:in `block (2 levels) in <class:Numeric>'
/usr/local/bundle/gems/activesupport-4.2.6/lib/active_support/core_ext/numeric/conversions.rb:131:in `block (2 levels) in <class:Numeric>'
/usr/local/bundle/gems/activesupport-4.2.6/lib/active_support/core_ext/numeric/conversions.rb:131:in `block (2 levels) in <class:Numeric>'
/usr/local/bundle/gems/activesupport-4.2.6/lib/active_support/core_ext/numeric/conversions.rb:131:in `block (2 levels) in <class:Numeric>'
/usr/local/bundle/gems/activesupport-4.2.6/lib/active_support/core_ext/numeric/conversions.rb:131:in `block (2 levels) in <class:Numeric>'
/usr/local/bundle/gems/activesupport-4.2.6/lib/active_support/core_ext/numeric/conversions.rb:131:in `block (2 levels) in <class:Numeric>'
/usr/local/bundle/gems/activesupport-4.2.6/lib/active_support/core_ext/numeric/conversions.rb:131:in `block (2 levels) in <class:Numeric>'
/usr/local/bundle/gems/activesupport-4.2.6/lib/active_support/core_ext/numeric/conversions.rb:131:in `block (2 levels) in <class:Numeric>'
/usr/local/bundle/gems/activesupport-4.2.6/lib/active_support/core_ext/numeric/conversions.rb:131:in `block (2 levels) in <class:Numeric>'
/usr/local/bundle/gems/activesupport-4.2.6/lib/active_support/core_ext/numeric/conversions.rb:131:in `block (2 levels) in <class:Numeric>'
/usr/local/bundle/gems/activesupport-4.2.6/lib/active_support/core_ext/numeric/conversions.rb:131:in `block (2 levels) in <class:Numeric>'
/usr/local/bundle/gems/activesupport-4.2.6/lib/active_support/core_ext/numeric/conversions.rb:131:in `block (2 levels) in <class:Numeric>'
/usr/local/bundle/gems/activesupport-4.2.6/lib/active_support/core_ext/numeric/conversions.rb:131:in `block (2 levels) in <class:Numeric>'
/usr/local/bundle/gems/activesupport-4.2.6/lib/active_support/core_ext/numeric/conversions.rb:131:in `block (2 levels) in <class:Numeric>'
/usr/local/bundle/gems/activesupport-4.2.6/lib/active_support/core_ext/numeric/conversions.rb:131:in `block (2 levels) in <class:Numeric>'
/usr/local/bundle/gems/activesupport-4.2.6/lib/active_support/core_ext/numeric/conversions.rb:131:in `block (2 levels) in <class:Numeric>'
/usr/local/bundle/gems/activesupport-4.2.6/lib/active_support/core_ext/numeric/conversions.rb:131:in `block (2 levels) in <class:Numeric>'
/usr/local/bundle/gems/activesupport-4.2.6/lib/active_support/core_ext/numeric/conversions.rb:131:in `block (2 levels) in <class:Numeric>'
/usr/local/bundle/gems/activesupport-4.2.6/lib/active_support/core_ext/numeric/conversions.rb:131:in `block (2 levels) in <class:Numeric>'
/usr/local/bundle/gems/activesupport-4.2.6/lib/active_support/core_ext/numeric/conversions.rb:131:in `block (2 levels) in <class:Numeric>'
/usr/local/bundle/gems/activesupport-4.2.6/lib/active_support/core_ext/numeric/conversions.rb:131:in `block (2 levels) in <class:Numeric>'
/usr/local/bundle/gems/activesupport-4.2.6/lib/active_support/core_ext/numeric/conversions.rb:131:in `block (2 levels) in <class:Numeric>'
/usr/local/bundle/gems/activesupport-4.2.6/lib/active_support/core_ext/numeric/conversions.rb:131:in `block (2 levels) in <class:Numeric>'
/usr/local/bundle/gems/activesupport-4.2.6/lib/active_support/core_ext/numeric/conversions.rb:131:in `block (2 levels) in <class:Numeric>'
/usr/local/bundle/gems/activesupport-4.2.6/lib/active_support/core_ext/numeric/conversions.rb:131:in `block (2 levels) in <class:Numeric>'
/usr/local/bundle/gems/activesupport-4.2.6/lib/active_support/core_ext/numeric/conversions.rb:131:in `block (2 levels) in <class:Numeric>'
/usr/local/bundle/gems/activesupport-4.2.6/lib/active_support/core_ext/numeric/conversions.rb:131:in `block (2 levels) in <class:Numeric>'
/usr/local/bundle/gems/activesupport-4.2.6/lib/active_support/core_ext/numeric/conversions.rb:131:in `block (2 levels) in <class:Numeric>'
/usr/local/bundle/gems/activesupport-4.2.6/lib/active_support/core_ext/numeric/conversions.rb:131:in `block (2 levels) in <class:Numeric>'
/usr/local/bundle/gems/activesupport-4.2.6/lib/active_support/core_ext/numeric/conversions.rb:131:in `block (2 levels) in <class:Numeric>'
/usr/local/bundle/gems/activesupport-4.2.6/lib/active_support/core_ext/numeric/conversions.rb:131:in `block (2 levels) in <class:Numeric>'
/usr/local/bundle/gems/activesupport-4.2.6/lib/active_support/core_ext/numeric/conversions.rb:131:in `block (2 levels) in <class:Numeric>'
/usr/local/bundle/gems/activesupport-4.2.6/lib/active_support/core_ext/numeric/conversions.rb:131:in `block (2 levels) in <class:Numeric>'
/usr/local/bundle/gems/activesupport-4.2.6/lib/active_support/core_ext/numeric/conversions.rb:131:in `block (2 levels) in <class:Numeric>'
/usr/local/bundle/gems/activesupport-4.2.6/lib/active_support/core_ext/numeric/conversions.rb:131:in `block (2 levels) in <class:Numeric>'
/usr/local/bundle/gems/activesupport-4.2.6/lib/active_support/core_ext/numeric/conversions.rb:131:in `block (2 levels) in <class:Numeric>'
/usr/local/bundle/gems/activesupport-4.2.6/lib/active_support/core_ext/numeric/conversions.rb:131:in `block (2 levels) in <class:Numeric>'
/usr/local/bundle/gems/activesupport-4.2.6/lib/active_support/core_ext/numeric/conversions.rb:131:in `block (2 levels) in <class:Numeric>'
/usr/local/bundle/gems/activesupport-4.2.6/lib/active_support/core_ext/numeric/conversions.rb:131:in `block (2 levels) in <class:Numeric>'
/usr/local/bundle/gems/activesupport-4.2.6/lib/active_support/core_ext/numeric/conversions.rb:131:in `block (2 levels) in <class:Numeric>'
/usr/local/bundle/gems/activesupport-4.2.6/lib/active_support/core_ext/numeric/conversions.rb:131:in `block (2 levels) in <class:Numeric>'
/usr/local/bundle/gems/activesupport-4.2.6/lib/active_support/core_ext/numeric/conversions.rb:131:in `block (2 levels) in <class:Numeric>'
/usr/local/bundle/gems/activesupport-4.2.6/lib/active_support/core_ext/numeric/conversions.rb:131:in `block (2 levels) in <class:Numeric>'
/usr/local/bundle/gems/activesupport-4.2.6/lib/active_support/core_ext/numeric/conversions.rb:131:in `block (2 levels) in <class:Numeric>'
/usr/local/bundle/gems/activesupport-4.2.6/lib/active_support/core_ext/numeric/conversions.rb:131:in `block (2 levels) in <class:Numeric>'
/usr/local/bundle/gems/activesupport-4.2.6/lib/active_support/core_ext/numeric/conversions.rb:131:in `block (2 levels) in <class:Numeric>'
/usr/local/bundle/gems/activesupport-4.2.6/lib/active_support/core_ext/numeric/conversions.rb:131:in `block (2 levels) in <class:Numeric>'
/usr/local/bundle/gems/activesupport-4.2.6/lib/active_support/core_ext/numeric/conversions.rb:131:in `block (2 levels) in <class:Numeric>'
/usr/local/bundle/gems/activesupport-4.2.6/lib/active_support/core_ext/numeric/conversions.rb:131:in `block (2 levels) in <class:Numeric>'
/usr/local/bundle/gems/activesupport-4.2.6/lib/active_support/core_ext/numeric/conversions.rb:131:in `block (2 levels) in <class:Numeric>'
/usr/local/bundle/gems/activesupport-4.2.6/lib/active_support/core_ext/numeric/conversions.rb:131:in `block (2 levels) in <class:Numeric>'
/usr/local/bundle/gems/activesupport-4.2.6/lib/active_support/core_ext/numeric/conversions.rb:131:in `block (2 levels) in <class:Numeric>'
/usr/local/bundle/gems/activesupport-4.2.6/lib/active_support/core_ext/numeric/conversions.rb:131:in `block (2 levels) in <class:Numeric>'
/usr/local/bundle/gems/activesupport-4.2.6/lib/active_support/core_ext/numeric/conversions.rb:131:in `block (2 levels) in <class:Numeric>'
/usr/local/bundle/gems/activesupport-4.2.6/lib/active_support/core_ext/numeric/conversions.rb:131:in `block (2 levels) in <class:Numeric>'
/usr/local/bundle/gems/activesupport-4.2.6/lib/active_support/core_ext/numeric/conversions.rb:131:in `block (2 levels) in <class:Numeric>'
/usr/local/bundle/gems/activesupport-4.2.6/lib/active_support/core_ext/numeric/conversions.rb:131:in `block (2 levels) in <class:Numeric>'
/usr/local/bundle/gems/activesupport-4.2.6/lib/active_support/core_ext/numeric/conversions.rb:131:in `block (2 levels) in <class:Numeric>'
/usr/local/bundle/gems/activesupport-4.2.6/lib/active_support/core_ext/numeric/conversions.rb:131:in `block (2 levels) in <class:Numeric>'
/usr/local/bundle/gems/activesupport-4.2.6/lib/active_support/core_ext/numeric/conversions.rb:131:in `block (2 levels) in <class:Numeric>'
/usr/local/bundle/gems/activesupport-4.2.6/lib/active_support/core_ext/numeric/conversions.rb:131:in `block (2 levels) in <class:Numeric>'
/usr/local/bundle/gems/activesupport-4.2.6/lib/active_support/core_ext/numeric/conversions.rb:131:in `block (2 levels) in <class:Numeric>'
/usr/local/bundle/gems/activesupport-4.2.6/lib/active_support/core_ext/numeric/conversions.rb:131:in `block (2 levels) in <class:Numeric>'
/usr/local/bundle/gems/activesupport-4.2.6/lib/active_support/core_ext/numeric/conversions.rb:131:in `block (2 levels) in <class:Numeric>'
/usr/local/bundle/gems/activesupport-4.2.6/lib/active_support/core_ext/numeric/conversions.rb:131:in `block (2 levels) in <class:Numeric>'
/usr/local/bundle/gems/activesupport-4.2.6/lib/active_support/core_ext/numeric/conversions.rb:131:in `block (2 levels) in <class:Numeric>'
/usr/local/bundle/gems/activesupport-4.2.6/lib/active_support/core_ext/numeric/conversions.rb:131:in `block (2 levels) in <class:Numeric>'
/usr/local/bundle/gems/activesupport-4.2.6/lib/active_support/core_ext/numeric/conversions.rb:131:in `block (2 levels) in <class:Numeric>'
/usr/local/bundle/gems/activesupport-4.2.6/lib/active_support/core_ext/numeric/conversions.rb:131:in `block (2 levels) in <class:Numeric>'
/usr/local/bundle/gems/activesupport-4.2.6/lib/active_support/core_ext/numeric/conversions.rb:131:in `block (2 levels) in <class:Numeric>'
/usr/local/bundle/gems/activesupport-4.2.6/lib/active_support/core_ext/numeric/conversions.rb:131:in `block (2 levels) in <class:Numeric>'
/usr/local/bundle/gems/activesupport-4.2.6/lib/active_support/core_ext/numeric/conversions.rb:131:in `block (2 levels) in <class:Numeric>'
/usr/local/bundle/gems/activesupport-4.2.6/lib/active_support/core_ext/numeric/conversions.rb:131:in `block (2 levels) in <class:Numeric>'
/usr/local/bundle/gems/activesupport-4.2.6/lib/active_support/core_ext/numeric/conversions.rb:131:in `block (2 levels) in <class:Numeric>'
/usr/local/bundle/gems/activesupport-4.2.6/lib/active_support/core_ext/numeric/conversions.rb:131:in `block (2 levels) in <class:Numeric>'
/usr/local/bundle/gems/activesupport-4.2.6/lib/active_support/core_ext/numeric/conversions.rb:131:in `block (2 levels) in <class:Numeric>'
/usr/local/bundle/gems/activesupport-4.2.6/lib/active_support/core_ext/numeric/conversions.rb:131:in `block (2 levels) in <class:Numeric>'
/usr/local/bundle/gems/activesupport-4.2.6/lib/active_support/core_ext/numeric/conversions.rb:131:in `block (2 levels) in <class:Numeric>'
/usr/local/bundle/gems/activesupport-4.2.6/lib/active_support/core_ext/numeric/conversions.rb:131:in `block (2 levels) in <class:Numeric>'
/usr/local/bundle/gems/activesupport-4.2.6/lib/active_support/core_ext/numeric/conversions.rb:131:in `block (2 levels) in <class:Numeric>'
/usr/local/bundle/gems/activesupport-4.2.6/lib/active_support/core_ext/numeric/conversions.rb:131:in `block (2 levels) in <class:Numeric>'
/usr/local/bundle/gems/activesupport-4.2.6/lib/active_support/core_ext/numeric/conversions.rb:131:in `block (2 levels) in <class:Numeric>'
/usr/local/bundle/gems/activesupport-4.2.6/lib/active_support/core_ext/numeric/conversions.rb:131:in `block (2 levels) in <class:Numeric>'
/usr/local/bundle/gems/activesupport-4.2.6/lib/active_support/core_ext/numeric/conversions.rb:131:in `block (2 levels) in <class:Numeric>'
/usr/local/bundle/gems/activesupport-4.2.6/lib/active_support/core_ext/numeric/conversions.rb:131:in `block (2 levels) in <class:Numeric>'
/usr/local/bundle/gems/activesupport-4.2.6/lib/active_support/core_ext/numeric/conversions.rb:131:in `block (2 levels) in <class:Numeric>'
/usr/local/bundle/gems/activesupport-4.2.6/lib/active_support/core_ext/numeric/conversions.rb:131:in `block (2 levels) in <class:Numeric>'
/usr/local/bundle/gems/activesupport-4.2.6/lib/active_support/core_ext/numeric/conversions.rb:131:in `block (2 levels) in <class:Numeric>'
/usr/local/bundle/gems/activesupport-4.2.6/lib/active_support/core_ext/numeric/conversions.rb:131:in `block (2 levels) in <class:Numeric>'
/usr/local/bundle/gems/activesupport-4.2.6/lib/active_support/core_ext/numeric/conversions.rb:131:in `block (2 levels) in <class:Numeric>'
/usr/local/bundle/gems/activesupport-4.2.6/lib/active_support/core_ext/numeric/conversions.rb:131:in `block (2 levels) in <class:Numeric>'
/usr/local/bundle/gems/activesupport-4.2.6/lib/active_support/core_ext/numeric/conversions.rb:131:in `block (2 levels) in <class:Numeric>'
/usr/local/bundle/gems/activesupport-4.2.6/lib/active_support/core_ext/numeric/conversions.rb:131:in `block (2 levels) in <class:Numeric>'
/usr/local/bundle/gems/activesupport-4.2.6/lib/active_support/core_ext/numeric/conversions.rb:131:in `block (2 levels) in <class:Numeric>'
/usr/local/bundle/gems/activesupport-4.2.6/lib/active_support/core_ext/numeric/conversions.rb:131:in `block (2 levels) in <class:Numeric>'
/usr/local/bundle/gems/activesupport-4.2.6/lib/active_support/core_ext/numeric/conversions.rb:131:in `block (2 levels) in <class:Numeric>'
/usr/local/bundle/gems/activesupport-4.2.6/lib/active_support/core_ext/numeric/conversions.rb:131:in `block (2 levels) in <class:Numeric>'
/usr/local/bundle/gems/activesupport-4.2.6/lib/active_support/core_ext/numeric/conversions.rb:131:in `block (2 levels) in <class:Numeric>'
/usr/local/bundle/gems/activesupport-4.2.6/lib/active_support/core_ext/numeric/conversions.rb:131:in `block (2 levels) in <class:Numeric>'
/usr/local/bundle/gems/activesupport-4.2.6/lib/active_support/core_ext/numeric/conversions.rb:131:in `block (2 levels) in <class:Numeric>'
/usr/local/bundle/gems/activesupport-4.2.6/lib/active_support/core_ext/numeric/conversions.rb:131:in `block (2 levels) in <class:Numeric>'
/usr/local/bundle/gems/activesupport-4.2.6/lib/active_support/core_ext/numeric/conversions.rb:131:in `block (2 levels) in <class:Numeric>'
/usr/local/bundle/gems/activesupport-4.2.6/lib/active_support/core_ext/numeric/conversions.rb:131:in `block (2 levels) in <class:Numeric>'
/usr/local/bundle/gems/activesupport-4.2.6/lib/active_support/core_ext/numeric/conversions.rb:131:in `block (2 levels) in <class:Numeric>'
/usr/local/bundle/gems/activesupport-4.2.6/lib/active_support/core_ext/numeric/conversions.rb:131:in `block (2 levels) in <class:Numeric>'
/usr/local/bundle/gems/activesupport-4.2.6/lib/active_support/core_ext/numeric/conversions.rb:131:in `block (2 levels) in <class:Numeric>'
/usr/local/bundle/gems/activesupport-4.2.6/lib/active_support/core_ext/numeric/conversions.rb:131:in `block (2 levels) in <class:Numeric>'
/usr/local/bundle/gems/activesupport-4.2.6/lib/active_support/core_ext/numeric/conversions.rb:131:in `block (2 levels) in <class:Numeric>'
/usr/local/bundle/gems/activesupport-4.2.6/lib/active_support/core_ext/numeric/conversions.rb:131:in `block (2 levels) in <class:Numeric>'
/usr/local/bundle/gems/activesupport-4.2.6/lib/active_support/core_ext/numeric/conversions.rb:131:in `block (2 levels) in <class:Numeric>'
/usr/local/bundle/gems/activesupport-4.2.6/lib/active_support/core_ext/numeric/conversions.rb:131:in `block (2 levels) in <class:Numeric>'
/usr/local/bundle/gems/activesupport-4.2.6/lib/active_support/core_ext/numeric/conversions.rb:131:in `block (2 levels) in <class:Numeric>'
/usr/local/bundle/gems/activesupport-4.2.6/lib/active_support/core_ext/numeric/conversions.rb:131:in `block (2 levels) in <class:Numeric>'
/usr/local/bundle/gems/activesupport-4.2.6/lib/active_support/core_ext/numeric/conversions.rb:131:in `block (2 levels) in <class:Numeric>'
/usr/local/bundle/gems/activesupport-4.2.6/lib/active_support/core_ext/numeric/conversions.rb:131:in `block (2 levels) in <class:Numeric>'
/usr/local/bundle/gems/activesupport-4.2.6/lib/active_support/core_ext/numeric/conversions.rb:131:in `block (2 levels) in <class:Numeric>'
/usr/local/bundle/gems/activesupport-4.2.6/lib/active_support/core_ext/numeric/conversions.rb:131:in `block (2 levels) in <class:Numeric>'
/usr/local/bundle/gems/activesupport-4.2.6/lib/active_support/core_ext/numeric/conversions.rb:131:in `block (2 levels) in <class:Numeric>'
/usr/local/bundle/gems/activesupport-4.2.6/lib/active_support/core_ext/numeric/conversions.rb:131:in `block (2 levels) in <class:Numeric>'
/usr/local/bundle/gems/activesupport-4.2.6/lib/active_support/core_ext/numeric/conversions.rb:131:in `block (2 levels) in <class:Numeric>'
/usr/local/bundle/gems/activesupport-4.2.6/lib/active_support/core_ext/numeric/conversions.rb:131:in `block (2 levels) in <class:Numeric>'
/usr/local/bundle/gems/activesupport-4.2.6/lib/active_support/core_ext/numeric/conversions.rb:131:in `block (2 levels) in <class:Numeric>'
/usr/local/bundle/gems/activesupport-4.2.6/lib/active_support/core_ext/numeric/conversions.rb:131:in `block (2 levels) in <class:Numeric>'
/usr/local/bundle/gems/activesupport-4.2.6/lib/active_support/core_ext/numeric/conversions.rb:131:in `block (2 levels) in <class:Numeric>'
/usr/local/bundle/gems/activesupport-4.2.6/lib/active_support/core_ext/numeric/conversions.rb:131:in `block (2 levels) in <class:Numeric>'
/usr/local/bundle/gems/activesupport-4.2.6/lib/active_support/core_ext/numeric/conversions.rb:131:in `block (2 levels) in <class:Numeric>'
/usr/local/bundle/gems/activesupport-4.2.6/lib/active_support/core_ext/numeric/conversions.rb:131:in `block (2 levels) in <class:Numeric>'
/usr/local/bundle/gems/activesupport-4.2.6/lib/active_support/core_ext/numeric/conversions.rb:131:in `block (2 levels) in <class:Numeric>'
/usr/local/bundle/gems/activesupport-4.2.6/lib/active_support/core_ext/numeric/conversions.rb:131:in `block (2 levels) in <class:Numeric>'
/usr/local/bundle/gems/activesupport-4.2.6/lib/active_support/core_ext/numeric/conversions.rb:131:in `block (2 levels) in <class:Numeric>'
/usr/local/bundle/gems/activesupport-4.2.6/lib/active_support/core_ext/numeric/conversions.rb:131:in `block (2 levels) in <class:Numeric>'
/usr/local/bundle/gems/activesupport-4.2.6/lib/active_support/core_ext/numeric/conversions.rb:131:in `block (2 levels) in <class:Numeric>'
/usr/local/bundle/gems/activesupport-4.2.6/lib/active_support/core_ext/numeric/conversions.rb:131:in `block (2 levels) in <class:Numeric>'
/usr/local/bundle/gems/activesupport-4.2.6/lib/active_support/core_ext/numeric/conversions.rb:131:in `block (2 levels) in <class:Numeric>'
/usr/local/bundle/gems/activesupport-4.2.6/lib/active_support/core_ext/numeric/conversions.rb:131:in `block (2 levels) in <class:Numeric>'
/usr/local/bundle/gems/activesupport-4.2.6/lib/active_support/core_ext/numeric/conversions.rb:131:in `block (2 levels) in <class:Numeric>'
/usr/local/bundle/gems/activesupport-4.2.6/lib/active_support/core_ext/numeric/conversions.rb:131:in `block (2 levels) in <class:Numeric>'
/usr/local/bundle/gems/activesupport-4.2.6/lib/active_support/core_ext/numeric/conversions.rb:131:in `block (2 levels) in <class:Numeric>'
/usr/local/bundle/gems/activesupport-4.2.6/lib/active_support/core_ext/numeric/conversions.rb:131:in `block (2 levels) in <class:Numeric>'
/usr/local/bundle/gems/activesupport-4.2.6/lib/active_support/core_ext/numeric/conversions.rb:131:in `block (2 levels) in <class:Numeric>'
/usr/local/bundle/gems/activesupport-4.2.6/lib/active_support/core_ext/numeric/conversions.rb:131:in `block (2 levels) in <class:Numeric>'
/usr/local/bundle/gems/activesupport-4.2.6/lib/active_support/core_ext/numeric/conversions.rb:131:in `block (2 levels) in <class:Numeric>'
/usr/local/bundle/gems/activesupport-4.2.6/lib/active_support/core_ext/numeric/conversions.rb:131:in `block (2 levels) in <class:Numeric>'
/usr/local/bundle/gems/activesupport-4.2.6/lib/active_support/core_ext/numeric/conversions.rb:131:in `block (2 levels) in <class:Numeric>'
/usr/local/bundle/gems/activesupport-4.2.6/lib/active_support/core_ext/numeric/conversions.rb:131:in `block (2 levels) in <class:Numeric>'
/usr/local/bundle/gems/activesupport-4.2.6/lib/active_support/core_ext/numeric/conversions.rb:131:in `block (2 levels) in <class:Numeric>'
/usr/local/bundle/gems/activesupport-4.2.6/lib/active_support/core_ext/numeric/conversions.rb:131:in `block (2 levels) in <class:Numeric>'
/usr/local/bundle/gems/activesupport-4.2.6/lib/active_support/core_ext/numeric/conversions.rb:131:in `block (2 levels) in <class:Numeric>'
/usr/local/bundle/gems/activesupport-4.2.6/lib/active_support/core_ext/numeric/conversions.rb:131:in `block (2 levels) in <class:Numeric>'
/usr/local/bundle/gems/activesupport-4.2.6/lib/active_support/core_ext/numeric/conversions.rb:131:in `block (2 levels) in <class:Numeric>'
/usr/local/bundle/gems/activesupport-4.2.6/lib/active_support/core_ext/numeric/conversions.rb:131:in `block (2 levels) in <class:Numeric>'
/usr/local/bundle/gems/activesupport-4.2.6/lib/active_support/core_ext/numeric/conversions.rb:131:in `block (2 levels) in <class:Numeric>'
/usr/local/bundle/gems/activesupport-4.2.6/lib/active_support/core_ext/numeric/conversions.rb:131:in `block (2 levels) in <class:Numeric>'
/usr/local/bundle/gems/activesupport-4.2.6/lib/active_support/core_ext/numeric/conversions.rb:131:in `block (2 levels) in <class:Numeric>'
/usr/local/bundle/gems/activesupport-4.2.6/lib/active_support/core_ext/numeric/conversions.rb:131:in `block (2 levels) in <class:Numeric>'
/usr/local/bundle/gems/activesupport-4.2.6/lib/active_support/core_ext/numeric/conversions.rb:131:in `block (2 levels) in <class:Numeric>'
/usr/local/bundle/gems/activesupport-4.2.6/lib/active_support/core_ext/numeric/conversions.rb:131:in `block (2 levels) in <class:Numeric>'
/usr/local/bundle/gems/activesupport-4.2.6/lib/active_support/core_ext/numeric/conversions.rb:131:in `block (2 levels) in <class:Numeric>'
/usr/local/bundle/gems/activesupport-4.2.6/lib/active_support/core_ext/numeric/conversions.rb:131:in `block (2 levels) in <class:Numeric>'
/usr/local/bundle/gems/activesupport-4.2.6/lib/active_support/core_ext/numeric/conversions.rb:131:in `block (2 levels) in <class:Numeric>'
/usr/local/bundle/gems/activesupport-4.2.6/lib/active_support/core_ext/numeric/conversions.rb:131:in `block (2 levels) in <class:Numeric>'
/usr/local/bundle/gems/activesupport-4.2.6/lib/active_support/core_ext/numeric/conversions.rb:131:in `block (2 levels) in <class:Numeric>'
/usr/local/bundle/gems/activesupport-4.2.6/lib/active_support/core_ext/numeric/conversions.rb:131:in `block (2 levels) in <class:Numeric>'
/usr/local/bundle/gems/activesupport-4.2.6/lib/active_support/core_ext/numeric/conversions.rb:131:in `block (2 levels) in <class:Numeric>'
/usr/local/bundle/gems/activesupport-4.2.6/lib/active_support/core_ext/numeric/conversions.rb:131:in `block (2 levels) in <class:Numeric>'
/usr/local/bundle/gems/activesupport-4.2.6/lib/active_support/core_ext/numeric/conversions.rb:131:in `block (2 levels) in <class:Numeric>'
/usr/local/bundle/gems/activesupport-4.2.6/lib/active_support/core_ext/numeric/conversions.rb:131:in `block (2 levels) in <class:Numeric>'
/usr/local/bundle/gems/activesupport-4.2.6/lib/active_support/core_ext/numeric/conversions.rb:131:in `block (2 levels) in <class:Numeric>'
/usr/local/bundle/gems/activesupport-4.2.6/lib/active_support/core_ext/numeric/conversions.rb:131:in `block (2 levels) in <class:Numeric>'
/usr/local/bundle/gems/activesupport-4.2.6/lib/active_support/core_ext/numeric/conversions.rb:131:in `block (2 levels) in <class:Numeric>'
/usr/local/bundle/gems/activesupport-4.2.6/lib/active_support/core_ext/numeric/conversions.rb:131:in `block (2 levels) in <class:Numeric>'
/usr/local/bundle/gems/activesupport-4.2.6/lib/active_support/core_ext/numeric/conversions.rb:131:in `block (2 levels) in <class:Numeric>'
/usr/local/bundle/gems/activesupport-4.2.6/lib/active_support/core_ext/numeric/conversions.rb:131:in `block (2 levels) in <class:Numeric>'
/usr/local/bundle/gems/activesupport-4.2.6/lib/active_support/core_ext/numeric/conversions.rb:131:in `block (2 levels) in <class:Numeric>'
/usr/local/bundle/gems/activesupport-4.2.6/lib/active_support/core_ext/numeric/conversions.rb:131:in `block (2 levels) in <class:Numeric>'
/usr/local/bundle/gems/activesupport-4.2.6/lib/active_support/core_ext/numeric/conversions.rb:131:in `block (2 levels) in <class:Numeric>'
/usr/local/bundle/gems/activesupport-4.2.6/lib/active_support/core_ext/numeric/conversions.rb:131:in `block (2 levels) in <class:Numeric>'
/usr/local/bundle/gems/activesupport-4.2.6/lib/active_support/core_ext/numeric/conversions.rb:131:in `block (2 levels) in <class:Numeric>'
/usr/local/bundle/gems/activesupport-4.2.6/lib/active_support/core_ext/numeric/conversions.rb:131:in `block (2 levels) in <class:Numeric>'
/usr/local/bundle/gems/activesupport-4.2.6/lib/active_support/core_ext/numeric/conversions.rb:131:in `block (2 levels) in <class:Numeric>'
/usr/local/bundle/gems/activesupport-4.2.6/lib/active_support/core_ext/numeric/conversions.rb:131:in `block (2 levels) in <class:Numeric>'
/usr/local/bundle/gems/activesupport-4.2.6/lib/active_support/core_ext/numeric/conversions.rb:131:in `block (2 levels) in <class:Numeric>'
/usr/local/bundle/gems/activesupport-4.2.6/lib/active_support/core_ext/numeric/conversions.rb:131:in `block (2 levels) in <class:Numeric>'
/usr/local/bundle/gems/activesupport-4.2.6/lib/active_support/core_ext/numeric/conversions.rb:131:in `block (2 levels) in <class:Numeric>'
/usr/local/bundle/gems/activesupport-4.2.6/lib/active_support/core_ext/numeric/conversions.rb:131:in `block (2 levels) in <class:Numeric>'
/usr/local/bundle/gems/activesupport-4.2.6/lib/active_support/core_ext/numeric/conversions.rb:131:in `block (2 levels) in <class:Numeric>'
/usr/local/bundle/gems/activesupport-4.2.6/lib/active_support/core_ext/numeric/conversions.rb:131:in `block (2 levels) in <class:Numeric>'
/usr/local/bundle/gems/activesupport-4.2.6/lib/active_support/core_ext/numeric/conversions.rb:131:in `block (2 levels) in <class:Numeric>'
/usr/local/bundle/gems/activesupport-4.2.6/lib/active_support/core_ext/numeric/conversions.rb:131:in `block (2 levels) in <class:Numeric>'
/usr/local/bundle/gems/activesupport-4.2.6/lib/active_support/core_ext/numeric/conversions.rb:131:in `block (2 levels) in <class:Numeric>'
/usr/local/bundle/gems/activesupport-4.2.6/lib/active_support/core_ext/numeric/conversions.rb:131:in `block (2 levels) in <class:Numeric>'
/usr/local/bundle/gems/activesupport-4.2.6/lib/active_support/core_ext/numeric/conversions.rb:131:in `block (2 levels) in <class:Numeric>'
/usr/local/bundle/gems/activesupport-4.2.6/lib/active_support/core_ext/numeric/conversions.rb:131:in `block (2 levels) in <class:Numeric>'
/usr/local/bundle/gems/activesupport-4.2.6/lib/active_support/core_ext/numeric/conversions.rb:131:in `block (2 levels) in <class:Numeric>'
/usr/local/bundle/gems/activesupport-4.2.6/lib/active_support/core_ext/numeric/conversions.rb:131:in `block (2 levels) in <class:Numeric>'
/usr/local/bundle/gems/activesupport-4.2.6/lib/active_support/core_ext/numeric/conversions.rb:131:in `block (2 levels) in <class:Numeric>'
/usr/local/bundle/gems/activesupport-4.2.6/lib/active_support/core_ext/numeric/conversions.rb:131:in `block (2 levels) in <class:Numeric>'
/usr/local/bundle/gems/activesupport-4.2.6/lib/active_support/core_ext/numeric/conversions.rb:131:in `block (2 levels) in <class:Numeric>'
/usr/local/bundle/gems/activesupport-4.2.6/lib/active_support/core_ext/numeric/conversions.rb:131:in `block (2 levels) in <class:Numeric>'
/usr/local/bundle/gems/activesupport-4.2.6/lib/active_support/core_ext/numeric/conversions.rb:131:in `block (2 levels) in <class:Numeric>'
/usr/local/bundle/gems/activesupport-4.2.6/lib/active_support/core_ext/numeric/conversions.rb:131:in `block (2 levels) in <class:Numeric>'
/usr/local/bundle/gems/activesupport-4.2.6/lib/active_support/core_ext/numeric/conversions.rb:131:in `block (2 levels) in <class:Numeric>'
/usr/local/bundle/gems/activesupport-4.2.6/lib/active_support/core_ext/numeric/conversions.rb:131:in `block (2 levels) in <class:Numeric>'
/usr/local/bundle/gems/activesupport-4.2.6/lib/active_support/core_ext/numeric/conversions.rb:131:in `block (2 levels) in <class:Numeric>'
/usr/local/bundle/gems/activesupport-4.2.6/lib/active_support/core_ext/numeric/conversions.rb:131:in `block (2 levels) in <class:Numeric>'
/usr/local/bundle/gems/activesupport-4.2.6/lib/active_support/core_ext/numeric/conversions.rb:131:in `block (2 levels) in <class:Numeric>'
/usr/local/bundle/gems/activesupport-4.2.6/lib/active_support/core_ext/numeric/conversions.rb:131:in `block (2 levels) in <class:Numeric>'
/usr/local/bundle/gems/activesupport-4.2.6/lib/active_support/core_ext/numeric/conversions.rb:131:in `block (2 levels) in <class:Numeric>'
/usr/local/bundle/gems/activesupport-4.2.6/lib/active_support/core_ext/numeric/conversions.rb:131:in `block (2 levels) in <class:Numeric>'
/usr/local/bundle/gems/activesupport-4.2.6/lib/active_support/core_ext/numeric/conversions.rb:131:in `block (2 levels) in <class:Numeric>'
/usr/local/bundle/gems/activesupport-4.2.6/lib/active_support/core_ext/numeric/conversions.rb:131:in `block (2 levels) in <class:Numeric>'
/usr/local/bundle/gems/activesupport-4.2.6/lib/active_support/core_ext/numeric/conversions.rb:131:in `block (2 levels) in <class:Numeric>'
/usr/local/bundle/gems/activesupport-4.2.6/lib/active_support/core_ext/numeric/conversions.rb:131:in `block (2 levels) in <class:Numeric>'
/usr/local/bundle/gems/activesupport-4.2.6/lib/active_support/core_ext/numeric/conversions.rb:131:in `block (2 levels) in <class:Numeric>'
/usr/local/bundle/gems/activesupport-4.2.6/lib/active_support/core_ext/numeric/conversions.rb:131:in `block (2 levels) in <class:Numeric>'
/usr/local/bundle/gems/activesupport-4.2.6/lib/active_support/core_ext/numeric/conversions.rb:131:in `block (2 levels) in <class:Numeric>'
/usr/local/bundle/gems/activesupport-4.2.6/lib/active_support/core_ext/numeric/conversions.rb:131:in `block (2 levels) in <class:Numeric>'
/usr/local/bundle/gems/activesupport-4.2.6/lib/active_support/core_ext/numeric/conversions.rb:131:in `block (2 levels) in <class:Numeric>'
/usr/local/bundle/gems/activesupport-4.2.6/lib/active_support/core_ext/numeric/conversions.rb:131:in `block (2 levels) in <class:Numeric>'
/usr/local/bundle/gems/activesupport-4.2.6/lib/active_support/core_ext/numeric/conversions.rb:131:in `block (2 levels) in <class:Numeric>'
/usr/local/bundle/gems/activesupport-4.2.6/lib/active_support/core_ext/numeric/conversions.rb:131:in `block (2 levels) in <class:Numeric>'
/usr/local/bundle/gems/activesupport-4.2.6/lib/active_support/core_ext/numeric/conversions.rb:131:in `block (2 levels) in <class:Numeric>'
/usr/local/bundle/gems/activesupport-4.2.6/lib/active_support/core_ext/numeric/conversions.rb:131:in `block (2 levels) in <class:Numeric>'
/usr/local/bundle/gems/activesupport-4.2.6/lib/active_support/core_ext/numeric/conversions.rb:131:in `block (2 levels) in <class:Numeric>'
/usr/local/bundle/gems/activesupport-4.2.6/lib/active_support/core_ext/numeric/conversions.rb:131:in `block (2 levels) in <class:Numeric>'
/usr/local/bundle/gems/activesupport-4.2.6/lib/active_support/core_ext/numeric/conversions.rb:131:in `block (2 levels) in <class:Numeric>'
/usr/local/bundle/gems/activesupport-4.2.6/lib/active_support/core_ext/numeric/conversions.rb:131:in `block (2 levels) in <class:Numeric>'
/usr/local/bundle/gems/activesupport-4.2.6/lib/active_support/core_ext/numeric/conversions.rb:131:in `block (2 levels) in <class:Numeric>'
/usr/local/bundle/gems/activesupport-4.2.6/lib/active_support/core_ext/numeric/conversions.rb:131:in `block (2 levels) in <class:Numeric>'
/usr/local/bundle/gems/activesupport-4.2.6/lib/active_support/core_ext/numeric/conversions.rb:131:in `block (2 levels) in <class:Numeric>'
/usr/local/bundle/gems/activesupport-4.2.6/lib/active_support/core_ext/numeric/conversions.rb:131:in `block (2 levels) in <class:Numeric>'
/usr/local/bundle/gems/activesupport-4.2.6/lib/active_support/core_ext/numeric/conversions.rb:131:in `block (2 levels) in <class:Numeric>'
/usr/local/bundle/gems/activesupport-4.2.6/lib/active_support/core_ext/numeric/conversions.rb:131:in `block (2 levels) in <class:Numeric>'
/usr/local/bundle/gems/activesupport-4.2.6/lib/active_support/core_ext/numeric/conversions.rb:131:in `block (2 levels) in <class:Numeric>'
/usr/local/bundle/gems/activesupport-4.2.6/lib/active_support/core_ext/numeric/conversions.rb:131:in `block (2 levels) in <class:Numeric>'
/usr/local/bundle/gems/activesupport-4.2.6/lib/active_support/core_ext/numeric/conversions.rb:131:in `block (2 levels) in <class:Numeric>'
/usr/local/bundle/gems/activesupport-4.2.6/lib/active_support/core_ext/numeric/conversions.rb:131:in `block (2 levels) in <class:Numeric>'
/usr/local/bundle/gems/activesupport-4.2.6/lib/active_support/core_ext/numeric/conversions.rb:131:in `block (2 levels) in <class:Numeric>'
/usr/local/bundle/gems/activesupport-4.2.6/lib/active_support/core_ext/numeric/conversions.rb:131:in `block (2 levels) in <class:Numeric>'
/usr/local/bundle/gems/activesupport-4.2.6/lib/active_support/core_ext/numeric/conversions.rb:131:in `block (2 levels) in <class:Numeric>'
/usr/local/bundle/gems/activesupport-4.2.6/lib/active_support/core_ext/numeric/conversions.rb:131:in `block (2 levels) in <class:Numeric>'
/usr/local/bundle/gems/activesupport-4.2.6/lib/active_support/core_ext/numeric/conversions.rb:131:in `block (2 levels) in <class:Numeric>'
/usr/local/bundle/gems/activesupport-4.2.6/lib/active_support/core_ext/numeric/conversions.rb:131:in `block (2 levels) in <class:Numeric>'
/usr/local/bundle/gems/activesupport-4.2.6/lib/active_support/core_ext/numeric/conversions.rb:131:in `block (2 levels) in <class:Numeric>'
/usr/local/bundle/gems/activesupport-4.2.6/lib/active_support/core_ext/numeric/conversions.rb:131:in `block (2 levels) in <class:Numeric>'
/usr/local/bundle/gems/activesupport-4.2.6/lib/active_support/core_ext/numeric/conversions.rb:131:in `block (2 levels) in <class:Numeric>'
/usr/local/bundle/gems/activesupport-4.2.6/lib/active_support/core_ext/numeric/conversions.rb:131:in `block (2 levels) in <class:Numeric>'
/usr/local/bundle/gems/activesupport-4.2.6/lib/active_support/core_ext/numeric/conversions.rb:131:in `block (2 levels) in <class:Numeric>'
/usr/local/bundle/gems/activesupport-4.2.6/lib/active_support/core_ext/numeric/conversions.rb:131:in `block (2 levels) in <class:Numeric>'
/usr/local/bundle/gems/activesupport-4.2.6/lib/active_support/core_ext/numeric/conversions.rb:131:in `block (2 levels) in <class:Numeric>'
/usr/local/bundle/gems/activesupport-4.2.6/lib/active_support/core_ext/numeric/conversions.rb:131:in `block (2 levels) in <class:Numeric>'
/usr/local/bundle/gems/activesupport-4.2.6/lib/active_support/core_ext/numeric/conversions.rb:131:in `block (2 levels) in <class:Numeric>'
/usr/local/bundle/gems/activesupport-4.2.6/lib/active_support/core_ext/numeric/conversions.rb:131:in `block (2 levels) in <class:Numeric>'
/usr/local/bundle/gems/activesupport-4.2.6/lib/active_support/core_ext/numeric/conversions.rb:131:in `block (2 levels) in <class:Numeric>'
/usr/local/bundle/gems/activesupport-4.2.6/lib/active_support/core_ext/numeric/conversions.rb:131:in `block (2 levels) in <class:Numeric>'
/usr/local/bundle/gems/activesupport-4.2.6/lib/active_support/core_ext/numeric/conversions.rb:131:in `block (2 levels) in <class:Numeric>'
/usr/local/bundle/gems/activesupport-4.2.6/lib/active_support/core_ext/numeric/conversions.rb:131:in `block (2 levels) in <class:Numeric>'
/usr/local/bundle/gems/activesupport-4.2.6/lib/active_support/core_ext/numeric/conversions.rb:131:in `block (2 levels) in <class:Numeric>'
/usr/local/bundle/gems/activesupport-4.2.6/lib/active_support/core_ext/numeric/conversions.rb:131:in `block (2 levels) in <class:Numeric>'
/usr/local/bundle/gems/activesupport-4.2.6/lib/active_support/core_ext/numeric/conversions.rb:131:in `block (2 levels) in <class:Numeric>'
/usr/local/bundle/gems/activesupport-4.2.6/lib/active_support/core_ext/numeric/conversions.rb:131:in `block (2 levels) in <class:Numeric>'
/usr/local/bundle/gems/activesupport-4.2.6/lib/active_support/core_ext/numeric/conversions.rb:131:in `block (2 levels) in <class:Numeric>'
/usr/local/bundle/gems/activesupport-4.2.6/lib/active_support/core_ext/numeric/conversions.rb:131:in `block (2 levels) in <class:Numeric>'
/usr/local/bundle/gems/activesupport-4.2.6/lib/active_support/core_ext/numeric/conversions.rb:131:in `block (2 levels) in <class:Numeric>'
/usr/local/bundle/gems/activesupport-4.2.6/lib/active_support/core_ext/numeric/conversions.rb:131:in `block (2 levels) in <class:Numeric>'
/usr/local/bundle/gems/activesupport-4.2.6/lib/active_support/core_ext/numeric/conversions.rb:131:in `block (2 levels) in <class:Numeric>'
/usr/local/bundle/gems/activesupport-4.2.6/lib/active_support/core_ext/numeric/conversions.rb:131:in `block (2 levels) in <class:Numeric>'
/usr/local/bundle/gems/activesupport-4.2.6/lib/active_support/core_ext/numeric/conversions.rb:131:in `block (2 levels) in <class:Numeric>'
/usr/local/bundle/gems/activesupport-4.2.6/lib/active_support/core_ext/numeric/conversions.rb:131:in `block (2 levels) in <class:Numeric>'
/usr/local/bundle/gems/activesupport-4.2.6/lib/active_support/core_ext/numeric/conversions.rb:131:in `block (2 levels) in <class:Numeric>'
/usr/local/bundle/gems/activesupport-4.2.6/lib/active_support/core_ext/numeric/conversions.rb:131:in `block (2 levels) in <class:Numeric>'
/usr/local/bundle/gems/activesupport-4.2.6/lib/active_support/core_ext/numeric/conversions.rb:131:in `block (2 levels) in <class:Numeric>'
/usr/local/bundle/gems/activesupport-4.2.6/lib/active_support/core_ext/numeric/conversions.rb:131:in `block (2 levels) in <class:Numeric>'
/usr/local/bundle/gems/activesupport-4.2.6/lib/active_support/core_ext/numeric/conversions.rb:131:in `block (2 levels) in <class:Numeric>'
/usr/local/bundle/gems/activesupport-4.2.6/lib/active_support/core_ext/numeric/conversions.rb:131:in `block (2 levels) in <class:Numeric>'
/usr/local/bundle/gems/activesupport-4.2.6/lib/active_support/core_ext/numeric/conversions.rb:131:in `block (2 levels) in <class:Numeric>'
/usr/local/bundle/gems/activesupport-4.2.6/lib/active_support/core_ext/numeric/conversions.rb:131:in `block (2 levels) in <class:Numeric>'
/usr/local/bundle/gems/activesupport-4.2.6/lib/active_support/core_ext/numeric/conversions.rb:131:in `block (2 levels) in <class:Numeric>'
/usr/local/bundle/gems/activesupport-4.2.6/lib/active_support/core_ext/numeric/conversions.rb:131:in `block (2 levels) in <class:Numeric>'
/usr/local/bundle/gems/activesupport-4.2.6/lib/active_support/core_ext/numeric/conversions.rb:131:in `block (2 levels) in <class:Numeric>'
/usr/local/bundle/gems/activesupport-4.2.6/lib/active_support/core_ext/numeric/conversions.rb:131:in `block (2 levels) in <class:Numeric>'
/usr/local/bundle/gems/activesupport-4.2.6/lib/active_support/core_ext/numeric/conversions.rb:131:in `block (2 levels) in <class:Numeric>'
/usr/local/bundle/gems/activesupport-4.2.6/lib/active_support/core_ext/numeric/conversions.rb:131:in `block (2 levels) in <class:Numeric>'
/usr/local/bundle/gems/activesupport-4.2.6/lib/active_support/core_ext/numeric/conversions.rb:131:in `block (2 levels) in <class:Numeric>'
/usr/local/bundle/gems/activesupport-4.2.6/lib/active_support/core_ext/numeric/conversions.rb:131:in `block (2 levels) in <class:Numeric>'
/usr/local/bundle/gems/activesupport-4.2.6/lib/active_support/core_ext/numeric/conversions.rb:131:in `block (2 levels) in <class:Numeric>'
/usr/local/bundle/gems/activesupport-4.2.6/lib/active_support/core_ext/numeric/conversions.rb:131:in `block (2 levels) in <class:Numeric>'
/usr/local/bundle/gems/activesupport-4.2.6/lib/active_support/core_ext/numeric/conversions.rb:131:in `block (2 levels) in <class:Numeric>'
/usr/local/bundle/gems/activesupport-4.2.6/lib/active_support/core_ext/numeric/conversions.rb:131:in `block (2 levels) in <class:Numeric>'
/usr/local/bundle/gems/activesupport-4.2.6/lib/active_support/core_ext/numeric/conversions.rb:131:in `block (2 levels) in <class:Numeric>'
/usr/local/bundle/gems/activesupport-4.2.6/lib/active_support/core_ext/numeric/conversions.rb:131:in `block (2 levels) in <class:Numeric>'
/usr/local/bundle/gems/activesupport-4.2.6/lib/active_support/core_ext/numeric/conversions.rb:131:in `block (2 levels) in <class:Numeric>'
/usr/local/bundle/gems/activesupport-4.2.6/lib/active_support/core_ext/numeric/conversions.rb:131:in `block (2 levels) in <class:Numeric>'
/usr/local/bundle/gems/activesupport-4.2.6/lib/active_support/core_ext/numeric/conversions.rb:131:in `block (2 levels) in <class:Numeric>'
/usr/local/bundle/gems/activesupport-4.2.6/lib/active_support/core_ext/numeric/conversions.rb:131:in `block (2 levels) in <class:Numeric>'
/usr/local/bundle/gems/activesupport-4.2.6/lib/active_support/core_ext/numeric/conversions.rb:131:in `block (2 levels) in <class:Numeric>'
/usr/local/bundle/gems/activesupport-4.2.6/lib/active_support/core_ext/numeric/conversions.rb:131:in `block (2 levels) in <class:Numeric>'
/usr/local/bundle/gems/activesupport-4.2.6/lib/active_support/core_ext/numeric/conversions.rb:131:in `block (2 levels) in <class:Numeric>'
/usr/local/bundle/gems/activesupport-4.2.6/lib/active_support/core_ext/numeric/conversions.rb:131:in `block (2 levels) in <class:Numeric>'
/usr/local/bundle/gems/activesupport-4.2.6/lib/active_support/core_ext/numeric/conversions.rb:131:in `block (2 levels) in <class:Numeric>'
/usr/local/bundle/gems/activesupport-4.2.6/lib/active_support/core_ext/numeric/conversions.rb:131:in `block (2 levels) in <class:Numeric>'
/usr/local/bundle/gems/activesupport-4.2.6/lib/active_support/core_ext/numeric/conversions.rb:131:in `block (2 levels) in <class:Numeric>'
/usr/local/bundle/gems/activesupport-4.2.6/lib/active_support/core_ext/numeric/conversions.rb:131:in `block (2 levels) in <class:Numeric>'
/usr/local/bundle/gems/activesupport-4.2.6/lib/active_support/core_ext/numeric/conversions.rb:131:in `block (2 levels) in <class:Numeric>'
/usr/local/bundle/gems/activesupport-4.2.6/lib/active_support/core_ext/numeric/conversions.rb:131:in `block (2 levels) in <class:Numeric>'
/usr/local/bundle/gems/activesupport-4.2.6/lib/active_support/core_ext/numeric/conversions.rb:131:in `block (2 levels) in <class:Numeric>'
/usr/local/bundle/gems/activesupport-4.2.6/lib/active_support/core_ext/numeric/conversions.rb:131:in `block (2 levels) in <class:Numeric>'
/usr/local/bundle/gems/activesupport-4.2.6/lib/active_support/core_ext/numeric/conversions.rb:131:in `block (2 levels) in <class:Numeric>'
/usr/local/bundle/gems/activesupport-4.2.6/lib/active_support/core_ext/numeric/conversions.rb:131:in `block (2 levels) in <class:Numeric>'
/usr/local/bundle/gems/activesupport-4.2.6/lib/active_support/core_ext/numeric/conversions.rb:131:in `block (2 levels) in <class:Numeric>'
/usr/local/bundle/gems/activesupport-4.2.6/lib/active_support/core_ext/numeric/conversions.rb:131:in `block (2 levels) in <class:Numeric>'
/usr/local/bundle/gems/activesupport-4.2.6/lib/active_support/core_ext/numeric/conversions.rb:131:in `block (2 levels) in <class:Numeric>'
/usr/local/bundle/gems/activesupport-4.2.6/lib/active_support/core_ext/numeric/conversions.rb:131:in `block (2 levels) in <class:Numeric>'
/usr/local/bundle/gems/activesupport-4.2.6/lib/active_support/core_ext/numeric/conversions.rb:131:in `block (2 levels) in <class:Numeric>'
/usr/local/bundle/gems/activesupport-4.2.6/lib/active_support/core_ext/numeric/conversions.rb:131:in `block (2 levels) in <class:Numeric>'
/usr/local/bundle/gems/activesupport-4.2.6/lib/active_support/core_ext/numeric/conversions.rb:131:in `block (2 levels) in <class:Numeric>'
/usr/local/bundle/gems/activesupport-4.2.6/lib/active_support/core_ext/numeric/conversions.rb:131:in `block (2 levels) in <class:Numeric>'
/usr/local/bundle/gems/activesupport-4.2.6/lib/active_support/core_ext/numeric/conversions.rb:131:in `block (2 levels) in <class:Numeric>'
/usr/local/bundle/gems/activesupport-4.2.6/lib/active_support/core_ext/numeric/conversions.rb:131:in `block (2 levels) in <class:Numeric>'
/usr/local/bundle/gems/activesupport-4.2.6/lib/active_support/core_ext/numeric/conversions.rb:131:in `block (2 levels) in <class:Numeric>'
/usr/local/bundle/gems/activesupport-4.2.6/lib/active_support/core_ext/numeric/conversions.rb:131:in `block (2 levels) in <class:Numeric>'
/usr/local/bundle/gems/activesupport-4.2.6/lib/active_support/core_ext/numeric/conversions.rb:131:in `block (2 levels) in <class:Numeric>'
/usr/local/bundle/gems/activesupport-4.2.6/lib/active_support/core_ext/numeric/conversions.rb:131:in `block (2 levels) in <class:Numeric>'
/usr/local/bundle/gems/activesupport-4.2.6/lib/active_support/core_ext/numeric/conversions.rb:131:in `block (2 levels) in <class:Numeric>'
/usr/local/bundle/gems/activesupport-4.2.6/lib/active_support/core_ext/numeric/conversions.rb:131:in `block (2 levels) in <class:Numeric>'
/usr/local/bundle/gems/activesupport-4.2.6/lib/active_support/core_ext/numeric/conversions.rb:131:in `block (2 levels) in <class:Numeric>'
/usr/local/bundle/gems/activesupport-4.2.6/lib/active_support/core_ext/numeric/conversions.rb:131:in `block (2 levels) in <class:Numeric>'
/usr/local/bundle/gems/activesupport-4.2.6/lib/active_support/core_ext/numeric/conversions.rb:131:in `block (2 levels) in <class:Numeric>'
/usr/local/bundle/gems/activesupport-4.2.6/lib/active_support/core_ext/numeric/conversions.rb:131:in `block (2 levels) in <class:Numeric>'
/usr/local/bundle/gems/activesupport-4.2.6/lib/active_support/core_ext/numeric/conversions.rb:131:in `block (2 levels) in <class:Numeric>'
/usr/local/bundle/gems/activesupport-4.2.6/lib/active_support/core_ext/numeric/conversions.rb:131:in `block (2 levels) in <class:Numeric>'
/usr/local/bundle/gems/activesupport-4.2.6/lib/active_support/core_ext/numeric/conversions.rb:131:in `block (2 levels) in <class:Numeric>'
/usr/local/bundle/gems/activesupport-4.2.6/lib/active_support/core_ext/numeric/conversions.rb:131:in `block (2 levels) in <class:Numeric>'
/usr/local/bundle/gems/activesupport-4.2.6/lib/active_support/core_ext/numeric/conversions.rb:131:in `block (2 levels) in <class:Numeric>'
/usr/local/bundle/gems/activesupport-4.2.6/lib/active_support/core_ext/numeric/conversions.rb:131:in `block (2 levels) in <class:Numeric>'
/usr/local/bundle/gems/activesupport-4.2.6/lib/active_support/core_ext/numeric/conversions.rb:131:in `block (2 levels) in <class:Numeric>'
/usr/local/bundle/gems/activesupport-4.2.6/lib/active_support/core_ext/numeric/conversions.rb:131:in `block (2 levels) in <class:Numeric>'
/usr/local/bundle/gems/activesupport-4.2.6/lib/active_support/core_ext/numeric/conversions.rb:131:in `block (2 levels) in <class:Numeric>'
/usr/local/bundle/gems/activesupport-4.2.6/lib/active_support/core_ext/numeric/conversions.rb:131:in `block (2 levels) in <class:Numeric>'
/usr/local/bundle/gems/activesupport-4.2.6/lib/active_support/core_ext/numeric/conversions.rb:131:in `block (2 levels) in <class:Numeric>'
/usr/local/bundle/gems/activesupport-4.2.6/lib/active_support/core_ext/numeric/conversions.rb:131:in `block (2 levels) in <class:Numeric>'
/usr/local/bundle/gems/activesupport-4.2.6/lib/active_support/core_ext/numeric/conversions.rb:131:in `block (2 levels) in <class:Numeric>'
/usr/local/bundle/gems/activesupport-4.2.6/lib/active_support/core_ext/numeric/conversions.rb:131:in `block (2 levels) in <class:Numeric>'
/usr/local/bundle/gems/activesupport-4.2.6/lib/active_support/core_ext/numeric/conversions.rb:131:in `block (2 levels) in <class:Numeric>'
/usr/local/bundle/gems/activesupport-4.2.6/lib/active_support/core_ext/numeric/conversions.rb:131:in `block (2 levels) in <class:Numeric>'
/usr/local/bundle/gems/activesupport-4.2.6/lib/active_support/core_ext/numeric/conversions.rb:131:in `block (2 levels) in <class:Numeric>'
/usr/local/bundle/gems/activesupport-4.2.6/lib/active_support/core_ext/numeric/conversions.rb:131:in `block (2 levels) in <class:Numeric>'
/usr/local/bundle/gems/activesupport-4.2.6/lib/active_support/core_ext/numeric/conversions.rb:131:in `block (2 levels) in <class:Numeric>'
/usr/local/bundle/gems/activesupport-4.2.6/lib/active_support/core_ext/numeric/conversions.rb:131:in `block (2 levels) in <class:Numeric>'
/usr/local/bundle/gems/activesupport-4.2.6/lib/active_support/core_ext/numeric/conversions.rb:131:in `block (2 levels) in <class:Numeric>'
/usr/local/bundle/gems/activesupport-4.2.6/lib/active_support/core_ext/numeric/conversions.rb:131:in `block (2 levels) in <class:Numeric>'
/usr/local/bundle/gems/activesupport-4.2.6/lib/active_support/core_ext/numeric/conversions.rb:131:in `block (2 levels) in <class:Numeric>'
/usr/local/bundle/gems/activesupport-4.2.6/lib/active_support/core_ext/numeric/conversions.rb:131:in `block (2 levels) in <class:Numeric>'
/usr/local/bundle/gems/activesupport-4.2.6/lib/active_support/core_ext/numeric/conversions.rb:131:in `block (2 levels) in <class:Numeric>'
/usr/local/bundle/gems/activesupport-4.2.6/lib/active_support/core_ext/numeric/conversions.rb:131:in `block (2 levels) in <class:Numeric>'
/usr/local/bundle/gems/activesupport-4.2.6/lib/active_support/core_ext/numeric/conversions.rb:131:in `block (2 levels) in <class:Numeric>'
/usr/local/bundle/gems/activesupport-4.2.6/lib/active_support/core_ext/numeric/conversions.rb:131:in `block (2 levels) in <class:Numeric>'
/usr/local/bundle/gems/activesupport-4.2.6/lib/active_support/core_ext/numeric/conversions.rb:131:in `block (2 levels) in <class:Numeric>'
/usr/local/bundle/gems/activesupport-4.2.6/lib/active_support/core_ext/numeric/conversions.rb:131:in `block (2 levels) in <class:Numeric>'
/usr/local/bundle/gems/activesupport-4.2.6/lib/active_support/core_ext/numeric/conversions.rb:131:in `block (2 levels) in <class:Numeric>'
/usr/local/bundle/gems/activesupport-4.2.6/lib/active_support/core_ext/numeric/conversions.rb:131:in `block (2 levels) in <class:Numeric>'
/usr/local/bundle/gems/activesupport-4.2.6/lib/active_support/core_ext/numeric/conversions.rb:131:in `block (2 levels) in <class:Numeric>'
/usr/local/bundle/gems/activesupport-4.2.6/lib/active_support/core_ext/numeric/conversions.rb:131:in `block (2 levels) in <class:Numeric>'
/usr/local/bundle/gems/activesupport-4.2.6/lib/active_support/core_ext/numeric/conversions.rb:131:in `block (2 levels) in <class:Numeric>'
/usr/local/bundle/gems/activesupport-4.2.6/lib/active_support/core_ext/numeric/conversions.rb:131:in `block (2 levels) in <class:Numeric>'
/usr/local/bundle/gems/activesupport-4.2.6/lib/active_support/core_ext/numeric/conversions.rb:131:in `block (2 levels) in <class:Numeric>'
/usr/local/bundle/gems/activesupport-4.2.6/lib/active_support/core_ext/numeric/conversions.rb:131:in `block (2 levels) in <class:Numeric>'
/usr/local/bundle/gems/activesupport-4.2.6/lib/active_support/core_ext/numeric/conversions.rb:131:in `block (2 levels) in <class:Numeric>'
/usr/local/bundle/gems/activesupport-4.2.6/lib/active_support/core_ext/numeric/conversions.rb:131:in `block (2 levels) in <class:Numeric>'
/usr/local/bundle/gems/activesupport-4.2.6/lib/active_support/core_ext/numeric/conversions.rb:131:in `block (2 levels) in <class:Numeric>'
/usr/local/bundle/gems/activesupport-4.2.6/lib/active_support/core_ext/numeric/conversions.rb:131:in `block (2 levels) in <class:Numeric>'
/usr/local/bundle/gems/activesupport-4.2.6/lib/active_support/core_ext/numeric/conversions.rb:131:in `block (2 levels) in <class:Numeric>'
/usr/local/bundle/gems/activesupport-4.2.6/lib/active_support/core_ext/numeric/conversions.rb:131:in `block (2 levels) in <class:Numeric>'
/usr/local/bundle/gems/activesupport-4.2.6/lib/active_support/core_ext/numeric/conversions.rb:131:in `block (2 levels) in <class:Numeric>'
/usr/local/bundle/gems/activesupport-4.2.6/lib/active_support/core_ext/numeric/conversions.rb:131:in `block (2 levels) in <class:Numeric>'
/usr/local/bundle/gems/activesupport-4.2.6/lib/active_support/core_ext/numeric/conversions.rb:131:in `block (2 levels) in <class:Numeric>'
/usr/local/bundle/gems/activesupport-4.2.6/lib/active_support/core_ext/numeric/conversions.rb:131:in `block (2 levels) in <class:Numeric>'
/usr/local/bundle/gems/activesupport-4.2.6/lib/active_support/core_ext/numeric/conversions.rb:131:in `block (2 levels) in <class:Numeric>'
/usr/local/bundle/gems/activesupport-4.2.6/lib/active_support/core_ext/numeric/conversions.rb:131:in `block (2 levels) in <class:Numeric>'
/usr/local/bundle/gems/activesupport-4.2.6/lib/active_support/core_ext/numeric/conversions.rb:131:in `block (2 levels) in <class:Numeric>'
/usr/local/bundle/gems/activesupport-4.2.6/lib/active_support/core_ext/numeric/conversions.rb:131:in `block (2 levels) in <class:Numeric>'
/usr/local/bundle/gems/activesupport-4.2.6/lib/active_support/core_ext/numeric/conversions.rb:131:in `block (2 levels) in <class:Numeric>'
/usr/local/bundle/gems/activesupport-4.2.6/lib/active_support/core_ext/numeric/conversions.rb:131:in `block (2 levels) in <class:Numeric>'
/usr/local/bundle/gems/activesupport-4.2.6/lib/active_support/core_ext/numeric/conversions.rb:131:in `block (2 levels) in <class:Numeric>'
/usr/local/bundle/gems/activesupport-4.2.6/lib/active_support/core_ext/numeric/conversions.rb:131:in `block (2 levels) in <class:Numeric>'
/usr/local/bundle/gems/activesupport-4.2.6/lib/active_support/core_ext/numeric/conversions.rb:131:in `block (2 levels) in <class:Numeric>'
/usr/local/bundle/gems/activesupport-4.2.6/lib/active_support/core_ext/numeric/conversions.rb:131:in `block (2 levels) in <class:Numeric>'
/usr/local/bundle/gems/activesupport-4.2.6/lib/active_support/core_ext/numeric/conversions.rb:131:in `block (2 levels) in <class:Numeric>'
/usr/local/bundle/gems/activesupport-4.2.6/lib/active_support/core_ext/numeric/conversions.rb:131:in `block (2 levels) in <class:Numeric>'
/usr/local/bundle/gems/activesupport-4.2.6/lib/active_support/core_ext/numeric/conversions.rb:131:in `block (2 levels) in <class:Numeric>'
/usr/local/bundle/gems/activesupport-4.2.6/lib/active_support/core_ext/numeric/conversions.rb:131:in `block (2 levels) in <class:Numeric>'
/usr/local/bundle/gems/activesupport-4.2.6/lib/active_support/core_ext/numeric/conversions.rb:131:in `block (2 levels) in <class:Numeric>'
/usr/local/bundle/gems/activesupport-4.2.6/lib/active_support/core_ext/numeric/conversions.rb:131:in `block (2 levels) in <class:Numeric>'
/usr/local/bundle/gems/activesupport-4.2.6/lib/active_support/core_ext/numeric/conversions.rb:131:in `block (2 levels) in <class:Numeric>'
/usr/local/bundle/gems/activesupport-4.2.6/lib/active_support/core_ext/numeric/conversions.rb:131:in `block (2 levels) in <class:Numeric>'
/usr/local/bundle/gems/activesupport-4.2.6/lib/active_support/core_ext/numeric/conversions.rb:131:in `block (2 levels) in <class:Numeric>'
/usr/local/bundle/gems/activesupport-4.2.6/lib/active_support/core_ext/numeric/conversions.rb:131:in `block (2 levels) in <class:Numeric>'
/usr/local/bundle/gems/activesupport-4.2.6/lib/active_support/core_ext/numeric/conversions.rb:131:in `block (2 levels) in <class:Numeric>'
/usr/local/bundle/gems/activesupport-4.2.6/lib/active_support/core_ext/numeric/conversions.rb:131:in `block (2 levels) in <class:Numeric>'
/usr/local/bundle/gems/activesupport-4.2.6/lib/active_support/core_ext/numeric/conversions.rb:131:in `block (2 levels) in <class:Numeric>'
/usr/local/bundle/gems/activesupport-4.2.6/lib/active_support/core_ext/numeric/conversions.rb:131:in `block (2 levels) in <class:Numeric>'
/usr/local/bundle/gems/activesupport-4.2.6/lib/active_support/core_ext/numeric/conversions.rb:131:in `block (2 levels) in <class:Numeric>'
/usr/local/bundle/gems/activesupport-4.2.6/lib/active_support/core_ext/numeric/conversions.rb:131:in `block (2 levels) in <class:Numeric>'
/usr/local/bundle/gems/activesupport-4.2.6/lib/active_support/core_ext/numeric/conversions.rb:131:in `block (2 levels) in <class:Numeric>'
/usr/local/bundle/gems/activesupport-4.2.6/lib/active_support/core_ext/numeric/conversions.rb:131:in `block (2 levels) in <class:Numeric>'
/usr/local/bundle/gems/activesupport-4.2.6/lib/active_support/core_ext/numeric/conversions.rb:131:in `block (2 levels) in <class:Numeric>'
/usr/local/bundle/gems/activesupport-4.2.6/lib/active_support/core_ext/numeric/conversions.rb:131:in `block (2 levels) in <class:Numeric>'
/usr/local/bundle/gems/activesupport-4.2.6/lib/active_support/core_ext/numeric/conversions.rb:131:in `block (2 levels) in <class:Numeric>'
/usr/local/bundle/gems/activesupport-4.2.6/lib/active_support/core_ext/numeric/conversions.rb:131:in `block (2 levels) in <class:Numeric>'
/usr/local/bundle/gems/activesupport-4.2.6/lib/active_support/core_ext/numeric/conversions.rb:131:in `block (2 levels) in <class:Numeric>'
/usr/local/bundle/gems/activesupport-4.2.6/lib/active_support/core_ext/numeric/conversions.rb:131:in `block (2 levels) in <class:Numeric>'
/usr/local/bundle/gems/activesupport-4.2.6/lib/active_support/core_ext/numeric/conversions.rb:131:in `block (2 levels) in <class:Numeric>'
/usr/local/bundle/gems/activesupport-4.2.6/lib/active_support/core_ext/numeric/conversions.rb:131:in `block (2 levels) in <class:Numeric>'
/usr/local/bundle/gems/activesupport-4.2.6/lib/active_support/core_ext/numeric/conversions.rb:131:in `block (2 levels) in <class:Numeric>'
/usr/local/bundle/gems/activesupport-4.2.6/lib/active_support/core_ext/numeric/conversions.rb:131:in `block (2 levels) in <class:Numeric>'
/usr/local/bundle/gems/activesupport-4.2.6/lib/active_support/core_ext/numeric/conversions.rb:131:in `block (2 levels) in <class:Numeric>'
/usr/local/bundle/gems/activesupport-4.2.6/lib/active_support/core_ext/numeric/conversions.rb:131:in `block (2 levels) in <class:Numeric>'
/usr/local/bundle/gems/activesupport-4.2.6/lib/active_support/core_ext/numeric/conversions.rb:131:in `block (2 levels) in <class:Numeric>'
/usr/local/bundle/gems/activesupport-4.2.6/lib/active_support/core_ext/numeric/conversions.rb:131:in `block (2 levels) in <class:Numeric>'
/usr/local/bundle/gems/activesupport-4.2.6/lib/active_support/core_ext/numeric/conversions.rb:131:in `block (2 levels) in <class:Numeric>'
/usr/local/bundle/gems/activesupport-4.2.6/lib/active_support/core_ext/numeric/conversions.rb:131:in `block (2 levels) in <class:Numeric>'
/usr/local/bundle/gems/activesupport-4.2.6/lib/active_support/core_ext/numeric/conversions.rb:131:in `block (2 levels) in <class:Numeric>'
/usr/local/bundle/gems/activesupport-4.2.6/lib/active_support/core_ext/numeric/conversions.rb:131:in `block (2 levels) in <class:Numeric>'
/usr/local/bundle/gems/activesupport-4.2.6/lib/active_support/core_ext/numeric/conversions.rb:131:in `block (2 levels) in <class:Numeric>'
/usr/local/bundle/gems/activesupport-4.2.6/lib/active_support/core_ext/numeric/conversions.rb:131:in `block (2 levels) in <class:Numeric>'
/usr/local/bundle/gems/activesupport-4.2.6/lib/active_support/core_ext/numeric/conversions.rb:131:in `block (2 levels) in <class:Numeric>'
/usr/local/bundle/gems/activesupport-4.2.6/lib/active_support/core_ext/numeric/conversions.rb:131:in `block (2 levels) in <class:Numeric>'
/usr/local/bundle/gems/activesupport-4.2.6/lib/active_support/core_ext/numeric/conversions.rb:131:in `block (2 levels) in <class:Numeric>'
/usr/local/bundle/gems/activesupport-4.2.6/lib/active_support/core_ext/numeric/conversions.rb:131:in `block (2 levels) in <class:Numeric>'
/usr/local/bundle/gems/activesupport-4.2.6/lib/active_support/core_ext/numeric/conversions.rb:131:in `block (2 levels) in <class:Numeric>'
/usr/local/bundle/gems/activesupport-4.2.6/lib/active_support/core_ext/numeric/conversions.rb:131:in `block (2 levels) in <class:Numeric>'
/usr/local/bundle/gems/activesupport-4.2.6/lib/active_support/core_ext/numeric/conversions.rb:131:in `block (2 levels) in <class:Numeric>'
/usr/local/bundle/gems/activesupport-4.2.6/lib/active_support/core_ext/numeric/conversions.rb:131:in `block (2 levels) in <class:Numeric>'
/usr/local/bundle/gems/activesupport-4.2.6/lib/active_support/core_ext/numeric/conversions.rb:131:in `block (2 levels) in <class:Numeric>'
/usr/local/bundle/gems/activesupport-4.2.6/lib/active_support/core_ext/numeric/conversions.rb:131:in `block (2 levels) in <class:Numeric>'
/usr/local/bundle/gems/activesupport-4.2.6/lib/active_support/core_ext/numeric/conversions.rb:131:in `block (2 levels) in <class:Numeric>'
/usr/local/bundle/gems/activesupport-4.2.6/lib/active_support/core_ext/numeric/conversions.rb:131:in `block (2 levels) in <class:Numeric>'
/usr/local/bundle/gems/activesupport-4.2.6/lib/active_support/core_ext/numeric/conversions.rb:131:in `block (2 levels) in <class:Numeric>'
/usr/local/bundle/gems/activesupport-4.2.6/lib/active_support/core_ext/numeric/conversions.rb:131:in `block (2 levels) in <class:Numeric>'
/usr/local/bundle/gems/activesupport-4.2.6/lib/active_support/core_ext/numeric/conversions.rb:131:in `block (2 levels) in <class:Numeric>'
/usr/local/bundle/gems/activesupport-4.2.6/lib/active_support/core_ext/numeric/conversions.rb:131:in `block (2 levels) in <class:Numeric>'
/usr/local/bundle/gems/activesupport-4.2.6/lib/active_support/core_ext/numeric/conversions.rb:131:in `block (2 levels) in <class:Numeric>'
/usr/local/bundle/gems/activesupport-4.2.6/lib/active_support/core_ext/numeric/conversions.rb:131:in `block (2 levels) in <class:Numeric>'
/usr/local/bundle/gems/activesupport-4.2.6/lib/active_support/core_ext/numeric/conversions.rb:131:in `block (2 levels) in <class:Numeric>'
/usr/local/bundle/gems/activesupport-4.2.6/lib/active_support/core_ext/numeric/conversions.rb:131:in `block (2 levels) in <class:Numeric>'
/usr/local/bundle/gems/activesupport-4.2.6/lib/active_support/core_ext/numeric/conversions.rb:131:in `block (2 levels) in <class:Numeric>'
/usr/local/bundle/gems/activesupport-4.2.6/lib/active_support/core_ext/numeric/conversions.rb:131:in `block (2 levels) in <class:Numeric>'
/usr/local/bundle/gems/activesupport-4.2.6/lib/active_support/core_ext/numeric/conversions.rb:131:in `block (2 levels) in <class:Numeric>'
/usr/local/bundle/gems/activesupport-4.2.6/lib/active_support/core_ext/numeric/conversions.rb:131:in `block (2 levels) in <class:Numeric>'
/usr/local/bundle/gems/activesupport-4.2.6/lib/active_support/core_ext/numeric/conversions.rb:131:in `block (2 levels) in <class:Numeric>'
/usr/local/bundle/gems/activesupport-4.2.6/lib/active_support/core_ext/numeric/conversions.rb:131:in `block (2 levels) in <class:Numeric>'
/usr/local/bundle/gems/activesupport-4.2.6/lib/active_support/core_ext/numeric/conversions.rb:131:in `block (2 levels) in <class:Numeric>'
/usr/local/bundle/gems/activesupport-4.2.6/lib/active_support/core_ext/numeric/conversions.rb:131:in `block (2 levels) in <class:Numeric>'
/usr/local/bundle/gems/activesupport-4.2.6/lib/active_support/core_ext/numeric/conversions.rb:131:in `block (2 levels) in <class:Numeric>'
/usr/local/bundle/gems/activesupport-4.2.6/lib/active_support/core_ext/numeric/conversions.rb:131:in `block (2 levels) in <class:Numeric>'
/usr/local/bundle/gems/activesupport-4.2.6/lib/active_support/core_ext/numeric/conversions.rb:131:in `block (2 levels) in <class:Numeric>'
/usr/local/bundle/gems/activesupport-4.2.6/lib/active_support/core_ext/numeric/conversions.rb:131:in `block (2 levels) in <class:Numeric>'
/usr/local/bundle/gems/activesupport-4.2.6/lib/active_support/core_ext/numeric/conversions.rb:131:in `block (2 levels) in <class:Numeric>'
/usr/local/bundle/gems/activesupport-4.2.6/lib/active_support/core_ext/numeric/conversions.rb:131:in `block (2 levels) in <class:Numeric>'
/usr/local/bundle/gems/activesupport-4.2.6/lib/active_support/core_ext/numeric/conversions.rb:131:in `block (2 levels) in <class:Numeric>'
/usr/local/bundle/gems/activesupport-4.2.6/lib/active_support/core_ext/numeric/conversions.rb:131:in `block (2 levels) in <class:Numeric>'
/usr/local/bundle/gems/activesupport-4.2.6/lib/active_support/core_ext/numeric/conversions.rb:131:in `block (2 levels) in <class:Numeric>'
/usr/local/bundle/gems/activesupport-4.2.6/lib/active_support/core_ext/numeric/conversions.rb:131:in `block (2 levels) in <class:Numeric>'
/usr/local/bundle/gems/activesupport-4.2.6/lib/active_support/core_ext/numeric/conversions.rb:131:in `block (2 levels) in <class:Numeric>'
/usr/local/bundle/gems/activesupport-4.2.6/lib/active_support/core_ext/numeric/conversions.rb:131:in `block (2 levels) in <class:Numeric>'
/usr/local/bundle/gems/activesupport-4.2.6/lib/active_support/core_ext/numeric/conversions.rb:131:in `block (2 levels) in <class:Numeric>'
/usr/local/bundle/gems/activesupport-4.2.6/lib/active_support/core_ext/numeric/conversions.rb:131:in `block (2 levels) in <class:Numeric>'
/usr/local/bundle/gems/activesupport-4.2.6/lib/active_support/core_ext/numeric/conversions.rb:131:in `block (2 levels) in <class:Numeric>'
/usr/local/bundle/gems/activesupport-4.2.6/lib/active_support/core_ext/numeric/conversions.rb:131:in `block (2 levels) in <class:Numeric>'
/usr/local/bundle/gems/activesupport-4.2.6/lib/active_support/core_ext/numeric/conversions.rb:131:in `block (2 levels) in <class:Numeric>'
/usr/local/bundle/gems/activesupport-4.2.6/lib/active_support/core_ext/numeric/conversions.rb:131:in `block (2 levels) in <class:Numeric>'
/usr/local/bundle/gems/activesupport-4.2.6/lib/active_support/core_ext/numeric/conversions.rb:131:in `block (2 levels) in <class:Numeric>'
/usr/local/bundle/gems/activesupport-4.2.6/lib/active_support/core_ext/numeric/conversions.rb:131:in `block (2 levels) in <class:Numeric>'
/usr/local/bundle/gems/activesupport-4.2.6/lib/active_support/core_ext/numeric/conversions.rb:131:in `block (2 levels) in <class:Numeric>'
/usr/local/bundle/gems/activesupport-4.2.6/lib/active_support/core_ext/numeric/conversions.rb:131:in `block (2 levels) in <class:Numeric>'
/usr/local/bundle/gems/activesupport-4.2.6/lib/active_support/core_ext/numeric/conversions.rb:131:in `block (2 levels) in <class:Numeric>'
/usr/local/bundle/gems/activesupport-4.2.6/lib/active_support/core_ext/numeric/conversions.rb:131:in `block (2 levels) in <class:Numeric>'
/usr/local/bundle/gems/activesupport-4.2.6/lib/active_support/core_ext/numeric/conversions.rb:131:in `block (2 levels) in <class:Numeric>'
/usr/local/bundle/gems/activesupport-4.2.6/lib/active_support/core_ext/numeric/conversions.rb:131:in `block (2 levels) in <class:Numeric>'
/usr/local/bundle/gems/activesupport-4.2.6/lib/active_support/core_ext/numeric/conversions.rb:131:in `block (2 levels) in <class:Numeric>'
/usr/local/bundle/gems/activesupport-4.2.6/lib/active_support/core_ext/numeric/conversions.rb:131:in `block (2 levels) in <class:Numeric>'
/usr/local/bundle/gems/activesupport-4.2.6/lib/active_support/core_ext/numeric/conversions.rb:131:in `block (2 levels) in <class:Numeric>'
/usr/local/bundle/gems/activesupport-4.2.6/lib/active_support/core_ext/numeric/conversions.rb:131:in `block (2 levels) in <class:Numeric>'
/usr/local/bundle/gems/activesupport-4.2.6/lib/active_support/core_ext/numeric/conversions.rb:131:in `block (2 levels) in <class:Numeric>'
/usr/local/bundle/gems/activesupport-4.2.6/lib/active_support/core_ext/numeric/conversions.rb:131:in `block (2 levels) in <class:Numeric>'
/usr/local/bundle/gems/activesupport-4.2.6/lib/active_support/core_ext/numeric/conversions.rb:131:in `block (2 levels) in <class:Numeric>'
/usr/local/bundle/gems/activesupport-4.2.6/lib/active_support/core_ext/numeric/conversions.rb:131:in `block (2 levels) in <class:Numeric>'
/usr/local/bundle/gems/activesupport-4.2.6/lib/active_support/core_ext/numeric/conversions.rb:131:in `block (2 levels) in <class:Numeric>'
/usr/local/bundle/gems/activesupport-4.2.6/lib/active_support/core_ext/numeric/conversions.rb:131:in `block (2 levels) in <class:Numeric>'
/usr/local/bundle/gems/activesupport-4.2.6/lib/active_support/core_ext/numeric/conversions.rb:131:in `block (2 levels) in <class:Numeric>'
/usr/local/bundle/gems/activesupport-4.2.6/lib/active_support/core_ext/numeric/conversions.rb:131:in `block (2 levels) in <class:Numeric>'
/usr/local/bundle/gems/activesupport-4.2.6/lib/active_support/core_ext/numeric/conversions.rb:131:in `block (2 levels) in <class:Numeric>'
/usr/local/bundle/gems/activesupport-4.2.6/lib/active_support/core_ext/numeric/conversions.rb:131:in `block (2 levels) in <class:Numeric>'
/usr/local/bundle/gems/activesupport-4.2.6/lib/active_support/core_ext/numeric/conversions.rb:131:in `block (2 levels) in <class:Numeric>'
/usr/local/bundle/gems/activesupport-4.2.6/lib/active_support/core_ext/numeric/conversions.rb:131:in `block (2 levels) in <class:Numeric>'
/usr/local/bundle/gems/activesupport-4.2.6/lib/active_support/core_ext/numeric/conversions.rb:131:in `block (2 levels) in <class:Numeric>'
/usr/local/bundle/gems/activesupport-4.2.6/lib/active_support/core_ext/numeric/conversions.rb:131:in `block (2 levels) in <class:Numeric>'
/usr/local/bundle/gems/activesupport-4.2.6/lib/active_support/core_ext/numeric/conversions.rb:131:in `block (2 levels) in <class:Numeric>'
/usr/local/bundle/gems/activesupport-4.2.6/lib/active_support/core_ext/numeric/conversions.rb:131:in `block (2 levels) in <class:Numeric>'
/usr/local/bundle/gems/activesupport-4.2.6/lib/active_support/core_ext/numeric/conversions.rb:131:in `block (2 levels) in <class:Numeric>'
/usr/local/bundle/gems/activesupport-4.2.6/lib/active_support/core_ext/numeric/conversions.rb:131:in `block (2 levels) in <class:Numeric>'
/usr/local/bundle/gems/activesupport-4.2.6/lib/active_support/core_ext/numeric/conversions.rb:131:in `block (2 levels) in <class:Numeric>'
/usr/local/bundle/gems/activesupport-4.2.6/lib/active_support/core_ext/numeric/conversions.rb:131:in `block (2 levels) in <class:Numeric>'
/usr/local/bundle/gems/activesupport-4.2.6/lib/active_support/core_ext/numeric/conversions.rb:131:in `block (2 levels) in <class:Numeric>'
/usr/local/bundle/gems/activesupport-4.2.6/lib/active_support/core_ext/numeric/conversions.rb:131:in `block (2 levels) in <class:Numeric>'
/usr/local/bundle/gems/activesupport-4.2.6/lib/active_support/core_ext/numeric/conversions.rb:131:in `block (2 levels) in <class:Numeric>'
/usr/local/bundle/gems/activesupport-4.2.6/lib/active_support/core_ext/numeric/conversions.rb:131:in `block (2 levels) in <class:Numeric>'
/usr/local/bundle/gems/activesupport-4.2.6/lib/active_support/core_ext/numeric/conversions.rb:131:in `block (2 levels) in <class:Numeric>'
/usr/local/bundle/gems/activesupport-4.2.6/lib/active_support/core_ext/numeric/conversions.rb:131:in `block (2 levels) in <class:Numeric>'
/usr/local/bundle/gems/activesupport-4.2.6/lib/active_support/core_ext/numeric/conversions.rb:131:in `block (2 levels) in <class:Numeric>'
/usr/local/bundle/gems/activesupport-4.2.6/lib/active_support/core_ext/numeric/conversions.rb:131:in `block (2 levels) in <class:Numeric>'
/usr/local/bundle/gems/activesupport-4.2.6/lib/active_support/core_ext/numeric/conversions.rb:131:in `block (2 levels) in <class:Numeric>'
/usr/local/bundle/gems/activesupport-4.2.6/lib/active_support/core_ext/numeric/conversions.rb:131:in `block (2 levels) in <class:Numeric>'
/usr/local/bundle/gems/activesupport-4.2.6/lib/active_support/core_ext/numeric/conversions.rb:131:in `block (2 levels) in <class:Numeric>'
/usr/local/bundle/gems/activesupport-4.2.6/lib/active_support/core_ext/numeric/conversions.rb:131:in `block (2 levels) in <class:Numeric>'
/usr/local/bundle/gems/activesupport-4.2.6/lib/active_support/core_ext/numeric/conversions.rb:131:in `block (2 levels) in <class:Numeric>'
/usr/local/bundle/gems/activesupport-4.2.6/lib/active_support/core_ext/numeric/conversions.rb:131:in `block (2 levels) in <class:Numeric>'
/usr/local/bundle/gems/activesupport-4.2.6/lib/active_support/core_ext/numeric/conversions.rb:131:in `block (2 levels) in <class:Numeric>'
/usr/local/bundle/gems/activesupport-4.2.6/lib/active_support/core_ext/numeric/conversions.rb:131:in `block (2 levels) in <class:Numeric>'
/usr/local/bundle/gems/activesupport-4.2.6/lib/active_support/core_ext/numeric/conversions.rb:131:in `block (2 levels) in <class:Numeric>'
/usr/local/bundle/gems/activesupport-4.2.6/lib/active_support/core_ext/numeric/conversions.rb:131:in `block (2 levels) in <class:Numeric>'
/usr/local/bundle/gems/activesupport-4.2.6/lib/active_support/core_ext/numeric/conversions.rb:131:in `block (2 levels) in <class:Numeric>'
/usr/local/bundle/gems/activesupport-4.2.6/lib/active_support/core_ext/numeric/conversions.rb:131:in `block (2 levels) in <class:Numeric>'
/usr/local/bundle/gems/activesupport-4.2.6/lib/active_support/core_ext/numeric/conversions.rb:131:in `block (2 levels) in <class:Numeric>'
/usr/local/bundle/gems/activesupport-4.2.6/lib/active_support/core_ext/numeric/conversions.rb:131:in `block (2 levels) in <class:Numeric>'
/usr/local/bundle/gems/activesupport-4.2.6/lib/active_support/core_ext/numeric/conversions.rb:131:in `block (2 levels) in <class:Numeric>'
/usr/local/bundle/gems/activesupport-4.2.6/lib/active_support/core_ext/numeric/conversions.rb:131:in `block (2 levels) in <class:Numeric>'
/usr/local/bundle/gems/activesupport-4.2.6/lib/active_support/core_ext/numeric/conversions.rb:131:in `block (2 levels) in <class:Numeric>'
/usr/local/bundle/gems/activesupport-4.2.6/lib/active_support/core_ext/numeric/conversions.rb:131:in `block (2 levels) in <class:Numeric>'
/usr/local/bundle/gems/activesupport-4.2.6/lib/active_support/core_ext/numeric/conversions.rb:131:in `block (2 levels) in <class:Numeric>'
/usr/local/bundle/gems/activesupport-4.2.6/lib/active_support/core_ext/numeric/conversions.rb:131:in `block (2 levels) in <class:Numeric>'
/usr/local/bundle/gems/activesupport-4.2.6/lib/active_support/core_ext/numeric/conversions.rb:131:in `block (2 levels) in <class:Numeric>'
/usr/local/bundle/gems/activesupport-4.2.6/lib/active_support/core_ext/numeric/conversions.rb:131:in `block (2 levels) in <class:Numeric>'
/usr/local/bundle/gems/activesupport-4.2.6/lib/active_support/core_ext/numeric/conversions.rb:131:in `block (2 levels) in <class:Numeric>'
/usr/local/bundle/gems/activesupport-4.2.6/lib/active_support/core_ext/numeric/conversions.rb:131:in `block (2 levels) in <class:Numeric>'
/usr/local/bundle/gems/activesupport-4.2.6/lib/active_support/core_ext/numeric/conversions.rb:131:in `block (2 levels) in <class:Numeric>'
/usr/local/bundle/gems/activesupport-4.2.6/lib/active_support/core_ext/numeric/conversions.rb:131:in `block (2 levels) in <class:Numeric>'
/usr/local/bundle/gems/activesupport-4.2.6/lib/active_support/core_ext/numeric/conversions.rb:131:in `block (2 levels) in <class:Numeric>'
/usr/local/bundle/gems/activesupport-4.2.6/lib/active_support/core_ext/numeric/conversions.rb:131:in `block (2 levels) in <class:Numeric>'
/usr/local/bundle/gems/activesupport-4.2.6/lib/active_support/core_ext/numeric/conversions.rb:131:in `block (2 levels) in <class:Numeric>'
/usr/local/bundle/gems/activesupport-4.2.6/lib/active_support/core_ext/numeric/conversions.rb:131:in `block (2 levels) in <class:Numeric>'
/usr/local/bundle/gems/activesupport-4.2.6/lib/active_support/core_ext/numeric/conversions.rb:131:in `block (2 levels) in <class:Numeric>'
/usr/local/bundle/gems/activesupport-4.2.6/lib/active_support/core_ext/numeric/conversions.rb:131:in `block (2 levels) in <class:Numeric>'
/usr/local/bundle/gems/activesupport-4.2.6/lib/active_support/core_ext/numeric/conversions.rb:131:in `block (2 levels) in <class:Numeric>'
/usr/local/bundle/gems/activesupport-4.2.6/lib/active_support/core_ext/numeric/conversions.rb:131:in `block (2 levels) in <class:Numeric>'
/usr/local/bundle/gems/activesupport-4.2.6/lib/active_support/core_ext/numeric/conversions.rb:131:in `block (2 levels) in <class:Numeric>'
/usr/local/bundle/gems/activesupport-4.2.6/lib/active_support/core_ext/numeric/conversions.rb:131:in `block (2 levels) in <class:Numeric>'
/usr/local/bundle/gems/activesupport-4.2.6/lib/active_support/core_ext/numeric/conversions.rb:131:in `block (2 levels) in <class:Numeric>'
/usr/local/bundle/gems/activesupport-4.2.6/lib/active_support/core_ext/numeric/conversions.rb:131:in `block (2 levels) in <class:Numeric>'
/usr/local/bundle/gems/activesupport-4.2.6/lib/active_support/core_ext/numeric/conversions.rb:131:in `block (2 levels) in <class:Numeric>'
/usr/local/bundle/gems/activesupport-4.2.6/lib/active_support/core_ext/numeric/conversions.rb:131:in `block (2 levels) in <class:Numeric>'
/usr/local/bundle/gems/activesupport-4.2.6/lib/active_support/core_ext/numeric/conversions.rb:131:in `block (2 levels) in <class:Numeric>'
/usr/local/bundle/gems/activesupport-4.2.6/lib/active_support/core_ext/numeric/conversions.rb:131:in `block (2 levels) in <class:Numeric>'
/usr/local/bundle/gems/activesupport-4.2.6/lib/active_support/core_ext/numeric/conversions.rb:131:in `block (2 levels) in <class:Numeric>'
/usr/local/bundle/gems/activesupport-4.2.6/lib/active_support/core_ext/numeric/conversions.rb:131:in `block (2 levels) in <class:Numeric>'
/usr/local/bundle/gems/activesupport-4.2.6/lib/active_support/core_ext/numeric/conversions.rb:131:in `block (2 levels) in <class:Numeric>'
/usr/local/bundle/gems/activesupport-4.2.6/lib/active_support/core_ext/numeric/conversions.rb:131:in `block (2 levels) in <class:Numeric>'
/usr/local/bundle/gems/activesupport-4.2.6/lib/active_support/core_ext/numeric/conversions.rb:131:in `block (2 levels) in <class:Numeric>'
/usr/local/bundle/gems/activesupport-4.2.6/lib/active_support/core_ext/numeric/conversions.rb:131:in `block (2 levels) in <class:Numeric>'
/usr/local/bundle/gems/activesupport-4.2.6/lib/active_support/core_ext/numeric/conversions.rb:131:in `block (2 levels) in <class:Numeric>'
/usr/local/bundle/gems/activesupport-4.2.6/lib/active_support/core_ext/numeric/conversions.rb:131:in `block (2 levels) in <class:Numeric>'
/usr/local/bundle/gems/activesupport-4.2.6/lib/active_support/core_ext/numeric/conversions.rb:131:in `block (2 levels) in <class:Numeric>'
/usr/local/bundle/gems/activesupport-4.2.6/lib/active_support/core_ext/numeric/conversions.rb:131:in `block (2 levels) in <class:Numeric>'
/usr/local/bundle/gems/activesupport-4.2.6/lib/active_support/core_ext/numeric/conversions.rb:131:in `block (2 levels) in <class:Numeric>'
/usr/local/bundle/gems/activesupport-4.2.6/lib/active_support/core_ext/numeric/conversions.rb:131:in `block (2 levels) in <class:Numeric>'
/usr/local/bundle/gems/activesupport-4.2.6/lib/active_support/core_ext/numeric/conversions.rb:131:in `block (2 levels) in <class:Numeric>'
/usr/local/bundle/gems/activesupport-4.2.6/lib/active_support/core_ext/numeric/conversions.rb:131:in `block (2 levels) in <class:Numeric>'
/usr/local/bundle/gems/activesupport-4.2.6/lib/active_support/core_ext/numeric/conversions.rb:131:in `block (2 levels) in <class:Numeric>'
/usr/local/bundle/gems/activesupport-4.2.6/lib/active_support/core_ext/numeric/conversions.rb:131:in `block (2 levels) in <class:Numeric>'
/usr/local/bundle/gems/activesupport-4.2.6/lib/active_support/core_ext/numeric/conversions.rb:131:in `block (2 levels) in <class:Numeric>'
/usr/local/bundle/gems/activesupport-4.2.6/lib/active_support/core_ext/numeric/conversions.rb:131:in `block (2 levels) in <class:Numeric>'
/usr/local/bundle/gems/activesupport-4.2.6/lib/active_support/core_ext/numeric/conversions.rb:131:in `block (2 levels) in <class:Numeric>'
/usr/local/bundle/gems/activesupport-4.2.6/lib/active_support/core_ext/numeric/conversions.rb:131:in `block (2 levels) in <class:Numeric>'
/usr/local/bundle/gems/activesupport-4.2.6/lib/active_support/core_ext/numeric/conversions.rb:131:in `block (2 levels) in <class:Numeric>'
/usr/local/bundle/gems/activesupport-4.2.6/lib/active_support/core_ext/numeric/conversions.rb:131:in `block (2 levels) in <class:Numeric>'
/usr/local/bundle/gems/activesupport-4.2.6/lib/active_support/core_ext/numeric/conversions.rb:131:in `block (2 levels) in <class:Numeric>'
/usr/local/bundle/gems/activesupport-4.2.6/lib/active_support/core_ext/numeric/conversions.rb:131:in `block (2 levels) in <class:Numeric>'
/usr/local/bundle/gems/activesupport-4.2.6/lib/active_support/core_ext/numeric/conversions.rb:131:in `block (2 levels) in <class:Numeric>'
/usr/local/bundle/gems/activesupport-4.2.6/lib/active_support/core_ext/numeric/conversions.rb:131:in `block (2 levels) in <class:Numeric>'
/usr/local/bundle/gems/activesupport-4.2.6/lib/active_support/core_ext/numeric/conversions.rb:131:in `block (2 levels) in <class:Numeric>'
/usr/local/bundle/gems/activesupport-4.2.6/lib/active_support/core_ext/numeric/conversions.rb:131:in `block (2 levels) in <class:Numeric>'
/usr/local/bundle/gems/activesupport-4.2.6/lib/active_support/core_ext/numeric/conversions.rb:131:in `block (2 levels) in <class:Numeric>'
/usr/local/bundle/gems/activesupport-4.2.6/lib/active_support/core_ext/numeric/conversions.rb:131:in `block (2 levels) in <class:Numeric>'
/usr/local/bundle/gems/activesupport-4.2.6/lib/active_support/core_ext/numeric/conversions.rb:131:in `block (2 levels) in <class:Numeric>'
/usr/local/bundle/gems/activesupport-4.2.6/lib/active_support/core_ext/numeric/conversions.rb:131:in `block (2 levels) in <class:Numeric>'
/usr/local/bundle/gems/activesupport-4.2.6/lib/active_support/core_ext/numeric/conversions.rb:131:in `block (2 levels) in <class:Numeric>'
/usr/local/bundle/gems/activesupport-4.2.6/lib/active_support/core_ext/numeric/conversions.rb:131:in `block (2 levels) in <class:Numeric>'
/usr/local/bundle/gems/activesupport-4.2.6/lib/active_support/core_ext/numeric/conversions.rb:131:in `block (2 levels) in <class:Numeric>'
/usr/local/bundle/gems/activesupport-4.2.6/lib/active_support/core_ext/numeric/conversions.rb:131:in `block (2 levels) in <class:Numeric>'
/usr/local/bundle/gems/activesupport-4.2.6/lib/active_support/core_ext/numeric/conversions.rb:131:in `block (2 levels) in <class:Numeric>'
/usr/local/bundle/gems/activesupport-4.2.6/lib/active_support/core_ext/numeric/conversions.rb:131:in `block (2 levels) in <class:Numeric>'
/usr/local/bundle/gems/activesupport-4.2.6/lib/active_support/core_ext/numeric/conversions.rb:131:in `block (2 levels) in <class:Numeric>'
/usr/local/bundle/gems/activesupport-4.2.6/lib/active_support/core_ext/numeric/conversions.rb:131:in `block (2 levels) in <class:Numeric>'
/usr/local/bundle/gems/activesupport-4.2.6/lib/active_support/core_ext/numeric/conversions.rb:131:in `block (2 levels) in <class:Numeric>'
/usr/local/bundle/gems/activesupport-4.2.6/lib/active_support/core_ext/numeric/conversions.rb:131:in `block (2 levels) in <class:Numeric>'
/usr/local/bundle/gems/activesupport-4.2.6/lib/active_support/core_ext/numeric/conversions.rb:131:in `block (2 levels) in <class:Numeric>'
/usr/local/bundle/gems/activesupport-4.2.6/lib/active_support/core_ext/numeric/conversions.rb:131:in `block (2 levels) in <class:Numeric>'
/usr/local/bundle/gems/activesupport-4.2.6/lib/active_support/core_ext/numeric/conversions.rb:131:in `block (2 levels) in <class:Numeric>'
/usr/local/bundle/gems/activesupport-4.2.6/lib/active_support/core_ext/numeric/conversions.rb:131:in `block (2 levels) in <class:Numeric>'
/usr/local/bundle/gems/activesupport-4.2.6/lib/active_support/core_ext/numeric/conversions.rb:131:in `block (2 levels) in <class:Numeric>'
/usr/local/bundle/gems/activesupport-4.2.6/lib/active_support/core_ext/numeric/conversions.rb:131:in `block (2 levels) in <class:Numeric>'
/usr/local/bundle/gems/activesupport-4.2.6/lib/active_support/core_ext/numeric/conversions.rb:131:in `block (2 levels) in <class:Numeric>'
/usr/local/bundle/gems/activesupport-4.2.6/lib/active_support/core_ext/numeric/conversions.rb:131:in `block (2 levels) in <class:Numeric>'
/usr/local/bundle/gems/activesupport-4.2.6/lib/active_support/core_ext/numeric/conversions.rb:131:in `block (2 levels) in <class:Numeric>'
/usr/local/bundle/gems/activesupport-4.2.6/lib/active_support/core_ext/numeric/conversions.rb:131:in `block (2 levels) in <class:Numeric>'
/usr/local/bundle/gems/activesupport-4.2.6/lib/active_support/core_ext/numeric/conversions.rb:131:in `block (2 levels) in <class:Numeric>'
/usr/local/bundle/gems/activesupport-4.2.6/lib/active_support/core_ext/numeric/conversions.rb:131:in `block (2 levels) in <class:Numeric>'
/usr/local/bundle/gems/activesupport-4.2.6/lib/active_support/core_ext/numeric/conversions.rb:131:in `block (2 levels) in <class:Numeric>'
/usr/local/bundle/gems/activesupport-4.2.6/lib/active_support/core_ext/numeric/conversions.rb:131:in `block (2 levels) in <class:Numeric>'
/usr/local/bundle/gems/activesupport-4.2.6/lib/active_support/core_ext/numeric/conversions.rb:131:in `block (2 levels) in <class:Numeric>'
/usr/local/bundle/gems/activesupport-4.2.6/lib/active_support/core_ext/numeric/conversions.rb:131:in `block (2 levels) in <class:Numeric>'
/usr/local/bundle/gems/activesupport-4.2.6/lib/active_support/core_ext/numeric/conversions.rb:131:in `block (2 levels) in <class:Numeric>'
/usr/local/bundle/gems/activesupport-4.2.6/lib/active_support/core_ext/numeric/conversions.rb:131:in `block (2 levels) in <class:Numeric>'
/usr/local/bundle/gems/activesupport-4.2.6/lib/active_support/core_ext/numeric/conversions.rb:131:in `block (2 levels) in <class:Numeric>'
/usr/local/bundle/gems/activesupport-4.2.6/lib/active_support/core_ext/numeric/conversions.rb:131:in `block (2 levels) in <class:Numeric>'
/usr/local/bundle/gems/activesupport-4.2.6/lib/active_support/core_ext/numeric/conversions.rb:131:in `block (2 levels) in <class:Numeric>'
/usr/local/bundle/gems/activesupport-4.2.6/lib/active_support/core_ext/numeric/conversions.rb:131:in `block (2 levels) in <class:Numeric>'
/usr/local/bundle/gems/activesupport-4.2.6/lib/active_support/core_ext/numeric/conversions.rb:131:in `block (2 levels) in <class:Numeric>'
/usr/local/bundle/gems/activesupport-4.2.6/lib/active_support/core_ext/numeric/conversions.rb:131:in `block (2 levels) in <class:Numeric>'
/usr/local/bundle/gems/activesupport-4.2.6/lib/active_support/core_ext/numeric/conversions.rb:131:in `block (2 levels) in <class:Numeric>'
/usr/local/bundle/gems/activesupport-4.2.6/lib/active_support/core_ext/numeric/conversions.rb:131:in `block (2 levels) in <class:Numeric>'
/usr/local/bundle/gems/activesupport-4.2.6/lib/active_support/core_ext/numeric/conversions.rb:131:in `block (2 levels) in <class:Numeric>'
/usr/local/bundle/gems/activesupport-4.2.6/lib/active_support/core_ext/numeric/conversions.rb:131:in `block (2 levels) in <class:Numeric>'
/usr/local/bundle/gems/activesupport-4.2.6/lib/active_support/core_ext/numeric/conversions.rb:131:in `block (2 levels) in <class:Numeric>'
/usr/local/bundle/gems/activesupport-4.2.6/lib/active_support/core_ext/numeric/conversions.rb:131:in `block (2 levels) in <class:Numeric>'
/usr/local/bundle/gems/activesupport-4.2.6/lib/active_support/core_ext/numeric/conversions.rb:131:in `block (2 levels) in <class:Numeric>'
/usr/local/bundle/gems/activesupport-4.2.6/lib/active_support/core_ext/numeric/conversions.rb:131:in `block (2 levels) in <class:Numeric>'
/usr/local/bundle/gems/activesupport-4.2.6/lib/active_support/core_ext/numeric/conversions.rb:131:in `block (2 levels) in <class:Numeric>'
/usr/local/bundle/gems/activesupport-4.2.6/lib/active_support/core_ext/numeric/conversions.rb:131:in `block (2 levels) in <class:Numeric>'
/usr/local/bundle/gems/activesupport-4.2.6/lib/active_support/core_ext/numeric/conversions.rb:131:in `block (2 levels) in <class:Numeric>'
/usr/local/bundle/gems/activesupport-4.2.6/lib/active_support/core_ext/numeric/conversions.rb:131:in `block (2 levels) in <class:Numeric>'
/usr/local/bundle/gems/activesupport-4.2.6/lib/active_support/core_ext/numeric/conversions.rb:131:in `block (2 levels) in <class:Numeric>'
/usr/local/bundle/gems/activesupport-4.2.6/lib/active_support/core_ext/numeric/conversions.rb:131:in `block (2 levels) in <class:Numeric>'
/usr/local/bundle/gems/activesupport-4.2.6/lib/active_support/core_ext/numeric/conversions.rb:131:in `block (2 levels) in <class:Numeric>'
/usr/local/bundle/gems/activesupport-4.2.6/lib/active_support/core_ext/numeric/conversions.rb:131:in `block (2 levels) in <class:Numeric>'
/usr/local/bundle/gems/activesupport-4.2.6/lib/active_support/core_ext/numeric/conversions.rb:131:in `block (2 levels) in <class:Numeric>'
/usr/local/bundle/gems/activesupport-4.2.6/lib/active_support/core_ext/numeric/conversions.rb:131:in `block (2 levels) in <class:Numeric>'
/usr/local/bundle/gems/activesupport-4.2.6/lib/active_support/core_ext/numeric/conversions.rb:131:in `block (2 levels) in <class:Numeric>'
/usr/local/bundle/gems/activesupport-4.2.6/lib/active_support/core_ext/numeric/conversions.rb:131:in `block (2 levels) in <class:Numeric>'
/usr/local/bundle/gems/activesupport-4.2.6/lib/active_support/core_ext/numeric/conversions.rb:131:in `block (2 levels) in <class:Numeric>'
/usr/local/bundle/gems/activesupport-4.2.6/lib/active_support/core_ext/numeric/conversions.rb:131:in `block (2 levels) in <class:Numeric>'
/usr/local/bundle/gems/activesupport-4.2.6/lib/active_support/core_ext/numeric/conversions.rb:131:in `block (2 levels) in <class:Numeric>'
/usr/local/bundle/gems/activesupport-4.2.6/lib/active_support/core_ext/numeric/conversions.rb:131:in `block (2 levels) in <class:Numeric>'
/usr/local/bundle/gems/activesupport-4.2.6/lib/active_support/core_ext/numeric/conversions.rb:131:in `block (2 levels) in <class:Numeric>'
/usr/local/bundle/gems/activesupport-4.2.6/lib/active_support/core_ext/numeric/conversions.rb:131:in `block (2 levels) in <class:Numeric>'
/usr/local/bundle/gems/activesupport-4.2.6/lib/active_support/core_ext/numeric/conversions.rb:131:in `block (2 levels) in <class:Numeric>'
/usr/local/bundle/gems/activesupport-4.2.6/lib/active_support/core_ext/numeric/conversions.rb:131:in `block (2 levels) in <class:Numeric>'
/usr/local/bundle/gems/activesupport-4.2.6/lib/active_support/core_ext/numeric/conversions.rb:131:in `block (2 levels) in <class:Numeric>'
/usr/local/bundle/gems/activesupport-4.2.6/lib/active_support/core_ext/numeric/conversions.rb:131:in `block (2 levels) in <class:Numeric>'
/usr/local/bundle/gems/activesupport-4.2.6/lib/active_support/core_ext/numeric/conversions.rb:131:in `block (2 levels) in <class:Numeric>'
/usr/local/bundle/gems/activesupport-4.2.6/lib/active_support/core_ext/numeric/conversions.rb:131:in `block (2 levels) in <class:Numeric>'
/usr/local/bundle/gems/activesupport-4.2.6/lib/active_support/core_ext/numeric/conversions.rb:131:in `block (2 levels) in <class:Numeric>'
/usr/local/bundle/gems/activesupport-4.2.6/lib/active_support/core_ext/numeric/conversions.rb:131:in `block (2 levels) in <class:Numeric>'
/usr/local/bundle/gems/activesupport-4.2.6/lib/active_support/core_ext/numeric/conversions.rb:131:in `block (2 levels) in <class:Numeric>'
/usr/local/bundle/gems/activesupport-4.2.6/lib/active_support/core_ext/numeric/conversions.rb:131:in `block (2 levels) in <class:Numeric>'
/usr/local/bundle/gems/activesupport-4.2.6/lib/active_support/core_ext/numeric/conversions.rb:131:in `block (2 levels) in <class:Numeric>'
/usr/local/bundle/gems/activesupport-4.2.6/lib/active_support/core_ext/numeric/conversions.rb:131:in `block (2 levels) in <class:Numeric>'
/usr/local/bundle/gems/activesupport-4.2.6/lib/active_support/core_ext/numeric/conversions.rb:131:in `block (2 levels) in <class:Numeric>'
/usr/local/bundle/gems/activesupport-4.2.6/lib/active_support/core_ext/numeric/conversions.rb:131:in `block (2 levels) in <class:Numeric>'
/usr/local/bundle/gems/activesupport-4.2.6/lib/active_support/core_ext/numeric/conversions.rb:131:in `block (2 levels) in <class:Numeric>'
/usr/local/bundle/gems/activesupport-4.2.6/lib/active_support/core_ext/numeric/conversions.rb:131:in `block (2 levels) in <class:Numeric>'
/usr/local/bundle/gems/activesupport-4.2.6/lib/active_support/core_ext/numeric/conversions.rb:131:in `block (2 levels) in <class:Numeric>'
/usr/local/bundle/gems/activesupport-4.2.6/lib/active_support/core_ext/numeric/conversions.rb:131:in `block (2 levels) in <class:Numeric>'
/usr/local/bundle/gems/activesupport-4.2.6/lib/active_support/core_ext/numeric/conversions.rb:131:in `block (2 levels) in <class:Numeric>'
/usr/local/bundle/gems/activesupport-4.2.6/lib/active_support/core_ext/numeric/conversions.rb:131:in `block (2 levels) in <class:Numeric>'
/usr/local/bundle/gems/activesupport-4.2.6/lib/active_support/core_ext/numeric/conversions.rb:131:in `block (2 levels) in <class:Numeric>'
/usr/local/bundle/gems/activesupport-4.2.6/lib/active_support/core_ext/numeric/conversions.rb:131:in `block (2 levels) in <class:Numeric>'
/usr/local/bundle/gems/activesupport-4.2.6/lib/active_support/core_ext/numeric/conversions.rb:131:in `block (2 levels) in <class:Numeric>'
/usr/local/bundle/gems/activesupport-4.2.6/lib/active_support/core_ext/numeric/conversions.rb:131:in `block (2 levels) in <class:Numeric>'
/usr/local/bundle/gems/activesupport-4.2.6/lib/active_support/core_ext/numeric/conversions.rb:131:in `block (2 levels) in <class:Numeric>'
/usr/local/bundle/gems/activesupport-4.2.6/lib/active_support/core_ext/numeric/conversions.rb:131:in `block (2 levels) in <class:Numeric>'
/usr/local/bundle/gems/activesupport-4.2.6/lib/active_support/core_ext/numeric/conversions.rb:131:in `block (2 levels) in <class:Numeric>'
/usr/local/bundle/gems/activesupport-4.2.6/lib/active_support/core_ext/numeric/conversions.rb:131:in `block (2 levels) in <class:Numeric>'
/usr/local/bundle/gems/activesupport-4.2.6/lib/active_support/core_ext/numeric/conversions.rb:131:in `block (2 levels) in <class:Numeric>'
/usr/local/bundle/gems/activesupport-4.2.6/lib/active_support/core_ext/numeric/conversions.rb:131:in `block (2 levels) in <class:Numeric>'
/usr/local/bundle/gems/activesupport-4.2.6/lib/active_support/core_ext/numeric/conversions.rb:131:in `block (2 levels) in <class:Numeric>'
/usr/local/bundle/gems/activesupport-4.2.6/lib/active_support/core_ext/numeric/conversions.rb:131:in `block (2 levels) in <class:Numeric>'
/usr/local/bundle/gems/activesupport-4.2.6/lib/active_support/core_ext/numeric/conversions.rb:131:in `block (2 levels) in <class:Numeric>'
/usr/local/bundle/gems/activesupport-4.2.6/lib/active_support/core_ext/numeric/conversions.rb:131:in `block (2 levels) in <class:Numeric>'
/usr/local/bundle/gems/activesupport-4.2.6/lib/active_support/core_ext/numeric/conversions.rb:131:in `block (2 levels) in <class:Numeric>'
/usr/local/bundle/gems/activesupport-4.2.6/lib/active_support/core_ext/numeric/conversions.rb:131:in `block (2 levels) in <class:Numeric>'
/usr/local/bundle/gems/activesupport-4.2.6/lib/active_support/core_ext/numeric/conversions.rb:131:in `block (2 levels) in <class:Numeric>'
/usr/local/bundle/gems/activesupport-4.2.6/lib/active_support/core_ext/numeric/conversions.rb:131:in `block (2 levels) in <class:Numeric>'
/usr/local/bundle/gems/activesupport-4.2.6/lib/active_support/core_ext/numeric/conversions.rb:131:in `block (2 levels) in <class:Numeric>'
/usr/local/bundle/gems/activesupport-4.2.6/lib/active_support/core_ext/numeric/conversions.rb:131:in `block (2 levels) in <class:Numeric>'
/usr/local/bundle/gems/activesupport-4.2.6/lib/active_support/core_ext/numeric/conversions.rb:131:in `block (2 levels) in <class:Numeric>'
/usr/local/bundle/gems/activesupport-4.2.6/lib/active_support/core_ext/numeric/conversions.rb:131:in `block (2 levels) in <class:Numeric>'
/usr/local/bundle/gems/activesupport-4.2.6/lib/active_support/core_ext/numeric/conversions.rb:131:in `block (2 levels) in <class:Numeric>'
/usr/local/bundle/gems/activesupport-4.2.6/lib/active_support/core_ext/numeric/conversions.rb:131:in `block (2 levels) in <class:Numeric>'
/usr/local/bundle/gems/activesupport-4.2.6/lib/active_support/core_ext/numeric/conversions.rb:131:in `block (2 levels) in <class:Numeric>'
/usr/local/bundle/gems/activesupport-4.2.6/lib/active_support/core_ext/numeric/conversions.rb:131:in `block (2 levels) in <class:Numeric>'
/usr/local/bundle/gems/activesupport-4.2.6/lib/active_support/core_ext/numeric/conversions.rb:131:in `block (2 levels) in <class:Numeric>'
/usr/local/bundle/gems/activesupport-4.2.6/lib/active_support/core_ext/numeric/conversions.rb:131:in `block (2 levels) in <class:Numeric>'
/usr/local/bundle/gems/activesupport-4.2.6/lib/active_support/core_ext/numeric/conversions.rb:131:in `block (2 levels) in <class:Numeric>'
/usr/local/bundle/gems/activesupport-4.2.6/lib/active_support/core_ext/numeric/conversions.rb:131:in `block (2 levels) in <class:Numeric>'
/usr/local/bundle/gems/activesupport-4.2.6/lib/active_support/core_ext/numeric/conversions.rb:131:in `block (2 levels) in <class:Numeric>'
/usr/local/bundle/gems/activesupport-4.2.6/lib/active_support/core_ext/numeric/conversions.rb:131:in `block (2 levels) in <class:Numeric>'
/usr/local/bundle/gems/activesupport-4.2.6/lib/active_support/core_ext/numeric/conversions.rb:131:in `block (2 levels) in <class:Numeric>'
/usr/local/bundle/gems/activesupport-4.2.6/lib/active_support/core_ext/numeric/conversions.rb:131:in `block (2 levels) in <class:Numeric>'
/usr/local/bundle/gems/activesupport-4.2.6/lib/active_support/core_ext/numeric/conversions.rb:131:in `block (2 levels) in <class:Numeric>'
/usr/local/bundle/gems/activesupport-4.2.6/lib/active_support/core_ext/numeric/conversions.rb:131:in `block (2 levels) in <class:Numeric>'
/usr/local/bundle/gems/activesupport-4.2.6/lib/active_support/core_ext/numeric/conversions.rb:131:in `block (2 levels) in <class:Numeric>'
/usr/local/bundle/gems/activesupport-4.2.6/lib/active_support/core_ext/numeric/conversions.rb:131:in `block (2 levels) in <class:Numeric>'
/usr/local/bundle/gems/activesupport-4.2.6/lib/active_support/core_ext/numeric/conversions.rb:131:in `block (2 levels) in <class:Numeric>'
/usr/local/bundle/gems/activesupport-4.2.6/lib/active_support/core_ext/numeric/conversions.rb:131:in `block (2 levels) in <class:Numeric>'
/usr/local/bundle/gems/activesupport-4.2.6/lib/active_support/core_ext/numeric/conversions.rb:131:in `block (2 levels) in <class:Numeric>'
/usr/local/bundle/gems/activesupport-4.2.6/lib/active_support/core_ext/numeric/conversions.rb:131:in `block (2 levels) in <class:Numeric>'
/usr/local/bundle/gems/activesupport-4.2.6/lib/active_support/core_ext/numeric/conversions.rb:131:in `block (2 levels) in <class:Numeric>'
/usr/local/bundle/gems/activesupport-4.2.6/lib/active_support/core_ext/numeric/conversions.rb:131:in `block (2 levels) in <class:Numeric>'
/usr/local/bundle/gems/activesupport-4.2.6/lib/active_support/core_ext/numeric/conversions.rb:131:in `block (2 levels) in <class:Numeric>'
/usr/local/bundle/gems/activesupport-4.2.6/lib/active_support/core_ext/numeric/conversions.rb:131:in `block (2 levels) in <class:Numeric>'
/usr/local/bundle/gems/activesupport-4.2.6/lib/active_support/core_ext/numeric/conversions.rb:131:in `block (2 levels) in <class:Numeric>'
/usr/local/bundle/gems/activesupport-4.2.6/lib/active_support/core_ext/numeric/conversions.rb:131:in `block (2 levels) in <class:Numeric>'
/usr/local/bundle/gems/activesupport-4.2.6/lib/active_support/core_ext/numeric/conversions.rb:131:in `block (2 levels) in <class:Numeric>'
/usr/local/bundle/gems/activesupport-4.2.6/lib/active_support/core_ext/numeric/conversions.rb:131:in `block (2 levels) in <class:Numeric>'
/usr/local/bundle/gems/activesupport-4.2.6/lib/active_support/core_ext/numeric/conversions.rb:131:in `block (2 levels) in <class:Numeric>'
/usr/local/bundle/gems/activesupport-4.2.6/lib/active_support/core_ext/numeric/conversions.rb:131:in `block (2 levels) in <class:Numeric>'
/usr/local/bundle/gems/activesupport-4.2.6/lib/active_support/core_ext/numeric/conversions.rb:131:in `block (2 levels) in <class:Numeric>'
/usr/local/bundle/gems/activesupport-4.2.6/lib/active_support/core_ext/numeric/conversions.rb:131:in `block (2 levels) in <class:Numeric>'
/usr/local/bundle/gems/activesupport-4.2.6/lib/active_support/core_ext/numeric/conversions.rb:131:in `block (2 levels) in <class:Numeric>'
/usr/local/bundle/gems/activesupport-4.2.6/lib/active_support/core_ext/numeric/conversions.rb:131:in `block (2 levels) in <class:Numeric>'
/usr/local/bundle/gems/activesupport-4.2.6/lib/active_support/core_ext/numeric/conversions.rb:131:in `block (2 levels) in <class:Numeric>'
/usr/local/bundle/gems/activesupport-4.2.6/lib/active_support/core_ext/numeric/conversions.rb:131:in `block (2 levels) in <class:Numeric>'
/usr/local/bundle/gems/activesupport-4.2.6/lib/active_support/core_ext/numeric/conversions.rb:131:in `block (2 levels) in <class:Numeric>'
/usr/local/bundle/gems/activesupport-4.2.6/lib/active_support/core_ext/numeric/conversions.rb:131:in `block (2 levels) in <class:Numeric>'
/usr/local/bundle/gems/activesupport-4.2.6/lib/active_support/core_ext/numeric/conversions.rb:131:in `block (2 levels) in <class:Numeric>'
/usr/local/bundle/gems/activesupport-4.2.6/lib/active_support/core_ext/numeric/conversions.rb:131:in `block (2 levels) in <class:Numeric>'
/usr/local/bundle/gems/activesupport-4.2.6/lib/active_support/core_ext/numeric/conversions.rb:131:in `block (2 levels) in <class:Numeric>'
/usr/local/bundle/gems/activesupport-4.2.6/lib/active_support/core_ext/numeric/conversions.rb:131:in `block (2 levels) in <class:Numeric>'
/usr/local/bundle/gems/activesupport-4.2.6/lib/active_support/core_ext/numeric/conversions.rb:131:in `block (2 levels) in <class:Numeric>'
/usr/local/bundle/gems/activesupport-4.2.6/lib/active_support/core_ext/numeric/conversions.rb:131:in `block (2 levels) in <class:Numeric>'
/usr/local/bundle/gems/activesupport-4.2.6/lib/active_support/core_ext/numeric/conversions.rb:131:in `block (2 levels) in <class:Numeric>'
/usr/local/bundle/gems/activesupport-4.2.6/lib/active_support/core_ext/numeric/conversions.rb:131:in `block (2 levels) in <class:Numeric>'
/usr/local/bundle/gems/activesupport-4.2.6/lib/active_support/core_ext/numeric/conversions.rb:131:in `block (2 levels) in <class:Numeric>'
/usr/local/bundle/gems/activesupport-4.2.6/lib/active_support/core_ext/numeric/conversions.rb:131:in `block (2 levels) in <class:Numeric>'
/usr/local/bundle/gems/activesupport-4.2.6/lib/active_support/core_ext/numeric/conversions.rb:131:in `block (2 levels) in <class:Numeric>'
/usr/local/bundle/gems/activesupport-4.2.6/lib/active_support/core_ext/numeric/conversions.rb:131:in `block (2 levels) in <class:Numeric>'
/usr/local/bundle/gems/activesupport-4.2.6/lib/active_support/core_ext/numeric/conversions.rb:131:in `block (2 levels) in <class:Numeric>'
/usr/local/bundle/gems/activesupport-4.2.6/lib/active_support/core_ext/numeric/conversions.rb:131:in `block (2 levels) in <class:Numeric>'
/usr/local/bundle/gems/activesupport-4.2.6/lib/active_support/core_ext/numeric/conversions.rb:131:in `block (2 levels) in <class:Numeric>'
/usr/local/bundle/gems/activesupport-4.2.6/lib/active_support/core_ext/numeric/conversions.rb:131:in `block (2 levels) in <class:Numeric>'
/usr/local/bundle/gems/activesupport-4.2.6/lib/active_support/core_ext/numeric/conversions.rb:131:in `block (2 levels) in <class:Numeric>'
/usr/local/bundle/gems/activesupport-4.2.6/lib/active_support/core_ext/numeric/conversions.rb:131:in `block (2 levels) in <class:Numeric>'
/usr/local/bundle/gems/activesupport-4.2.6/lib/active_support/core_ext/numeric/conversions.rb:131:in `block (2 levels) in <class:Numeric>'
/usr/local/bundle/gems/activesupport-4.2.6/lib/active_support/core_ext/numeric/conversions.rb:131:in `block (2 levels) in <class:Numeric>'
/usr/local/bundle/gems/activesupport-4.2.6/lib/active_support/core_ext/numeric/conversions.rb:131:in `block (2 levels) in <class:Numeric>'
/usr/local/bundle/gems/activesupport-4.2.6/lib/active_support/core_ext/numeric/conversions.rb:131:in `block (2 levels) in <class:Numeric>'
/usr/local/bundle/gems/activesupport-4.2.6/lib/active_support/core_ext/numeric/conversions.rb:131:in `block (2 levels) in <class:Numeric>'
/usr/local/bundle/gems/activesupport-4.2.6/lib/active_support/core_ext/numeric/conversions.rb:131:in `block (2 levels) in <class:Numeric>'
/usr/local/bundle/gems/activesupport-4.2.6/lib/active_support/core_ext/numeric/conversions.rb:131:in `block (2 levels) in <class:Numeric>'
/usr/local/bundle/gems/activesupport-4.2.6/lib/active_support/core_ext/numeric/conversions.rb:131:in `block (2 levels) in <class:Numeric>'
/usr/local/bundle/gems/activesupport-4.2.6/lib/active_support/core_ext/numeric/conversions.rb:131:in `block (2 levels) in <class:Numeric>'
/usr/local/bundle/gems/activesupport-4.2.6/lib/active_support/core_ext/numeric/conversions.rb:131:in `block (2 levels) in <class:Numeric>'
/usr/local/bundle/gems/activesupport-4.2.6/lib/active_support/core_ext/numeric/conversions.rb:131:in `block (2 levels) in <class:Numeric>'
/usr/local/bundle/gems/activesupport-4.2.6/lib/active_support/core_ext/numeric/conversions.rb:131:in `block (2 levels) in <class:Numeric>'
/usr/local/bundle/gems/activesupport-4.2.6/lib/active_support/core_ext/numeric/conversions.rb:131:in `block (2 levels) in <class:Numeric>'
/usr/local/bundle/gems/activesupport-4.2.6/lib/active_support/core_ext/numeric/conversions.rb:131:in `block (2 levels) in <class:Numeric>'
/usr/local/bundle/gems/activesupport-4.2.6/lib/active_support/core_ext/numeric/conversions.rb:131:in `block (2 levels) in <class:Numeric>'
/usr/local/bundle/gems/activesupport-4.2.6/lib/active_support/core_ext/numeric/conversions.rb:131:in `block (2 levels) in <class:Numeric>'
/usr/local/bundle/gems/activesupport-4.2.6/lib/active_support/core_ext/numeric/conversions.rb:131:in `block (2 levels) in <class:Numeric>'
/usr/local/bundle/gems/activesupport-4.2.6/lib/active_support/core_ext/numeric/conversions.rb:131:in `block (2 levels) in <class:Numeric>'
/usr/local/bundle/gems/activesupport-4.2.6/lib/active_support/core_ext/numeric/conversions.rb:131:in `block (2 levels) in <class:Numeric>'
/usr/local/bundle/gems/activesupport-4.2.6/lib/active_support/core_ext/numeric/conversions.rb:131:in `block (2 levels) in <class:Numeric>'
/usr/local/bundle/gems/activesupport-4.2.6/lib/active_support/core_ext/numeric/conversions.rb:131:in `block (2 levels) in <class:Numeric>'
/usr/local/bundle/gems/activesupport-4.2.6/lib/active_support/core_ext/numeric/conversions.rb:131:in `block (2 levels) in <class:Numeric>'
/usr/local/bundle/gems/activesupport-4.2.6/lib/active_support/core_ext/numeric/conversions.rb:131:in `block (2 levels) in <class:Numeric>'
/usr/local/bundle/gems/activesupport-4.2.6/lib/active_support/core_ext/numeric/conversions.rb:131:in `block (2 levels) in <class:Numeric>'
/usr/local/bundle/gems/activesupport-4.2.6/lib/active_support/core_ext/numeric/conversions.rb:131:in `block (2 levels) in <class:Numeric>'
/usr/local/bundle/gems/activesupport-4.2.6/lib/active_support/core_ext/numeric/conversions.rb:131:in `block (2 levels) in <class:Numeric>'
/usr/local/bundle/gems/activesupport-4.2.6/lib/active_support/core_ext/numeric/conversions.rb:131:in `block (2 levels) in <class:Numeric>'
/usr/local/bundle/gems/activesupport-4.2.6/lib/active_support/core_ext/numeric/conversions.rb:131:in `block (2 levels) in <class:Numeric>'
/usr/local/bundle/gems/activesupport-4.2.6/lib/active_support/core_ext/numeric/conversions.rb:131:in `block (2 levels) in <class:Numeric>'
/usr/local/bundle/gems/activesupport-4.2.6/lib/active_support/core_ext/numeric/conversions.rb:131:in `block (2 levels) in <class:Numeric>'
/usr/local/bundle/gems/activesupport-4.2.6/lib/active_support/core_ext/numeric/conversions.rb:131:in `block (2 levels) in <class:Numeric>'
/usr/local/bundle/gems/activesupport-4.2.6/lib/active_support/core_ext/numeric/conversions.rb:131:in `block (2 levels) in <class:Numeric>'
/usr/local/bundle/gems/activesupport-4.2.6/lib/active_support/core_ext/numeric/conversions.rb:131:in `block (2 levels) in <class:Numeric>'
/usr/local/bundle/gems/activesupport-4.2.6/lib/active_support/core_ext/numeric/conversions.rb:131:in `block (2 levels) in <class:Numeric>'
/usr/local/bundle/gems/activesupport-4.2.6/lib/active_support/core_ext/numeric/conversions.rb:131:in `block (2 levels) in <class:Numeric>'
/usr/local/bundle/gems/activesupport-4.2.6/lib/active_support/core_ext/numeric/conversions.rb:131:in `block (2 levels) in <class:Numeric>'
/usr/local/bundle/gems/activesupport-4.2.6/lib/active_support/core_ext/numeric/conversions.rb:131:in `block (2 levels) in <class:Numeric>'
/usr/local/bundle/gems/activesupport-4.2.6/lib/active_support/core_ext/numeric/conversions.rb:131:in `block (2 levels) in <class:Numeric>'
/usr/local/bundle/gems/activesupport-4.2.6/lib/active_support/core_ext/numeric/conversions.rb:131:in `block (2 levels) in <class:Numeric>'
/usr/local/bundle/gems/activesupport-4.2.6/lib/active_support/core_ext/numeric/conversions.rb:131:in `block (2 levels) in <class:Numeric>'
/usr/local/bundle/gems/activesupport-4.2.6/lib/active_support/core_ext/numeric/conversions.rb:131:in `block (2 levels) in <class:Numeric>'
/usr/local/bundle/gems/activesupport-4.2.6/lib/active_support/core_ext/numeric/conversions.rb:131:in `block (2 levels) in <class:Numeric>'
/usr/local/bundle/gems/activesupport-4.2.6/lib/active_support/core_ext/numeric/conversions.rb:131:in `block (2 levels) in <class:Numeric>'
/usr/local/bundle/gems/activesupport-4.2.6/lib/active_support/core_ext/numeric/conversions.rb:131:in `block (2 levels) in <class:Numeric>'
/usr/local/bundle/gems/activesupport-4.2.6/lib/active_support/core_ext/numeric/conversions.rb:131:in `block (2 levels) in <class:Numeric>'
/usr/local/bundle/gems/activesupport-4.2.6/lib/active_support/core_ext/numeric/conversions.rb:131:in `block (2 levels) in <class:Numeric>'
/usr/local/bundle/gems/activesupport-4.2.6/lib/active_support/core_ext/numeric/conversions.rb:131:in `block (2 levels) in <class:Numeric>'
/usr/local/bundle/gems/activesupport-4.2.6/lib/active_support/core_ext/numeric/conversions.rb:131:in `block (2 levels) in <class:Numeric>'
/usr/local/bundle/gems/activesupport-4.2.6/lib/active_support/core_ext/numeric/conversions.rb:131:in `block (2 levels) in <class:Numeric>'
/usr/local/bundle/gems/activesupport-4.2.6/lib/active_support/core_ext/numeric/conversions.rb:131:in `block (2 levels) in <class:Numeric>'
/usr/local/bundle/gems/activesupport-4.2.6/lib/active_support/core_ext/numeric/conversions.rb:131:in `block (2 levels) in <class:Numeric>'
/usr/local/bundle/gems/activesupport-4.2.6/lib/active_support/core_ext/numeric/conversions.rb:131:in `block (2 levels) in <class:Numeric>'
/usr/local/bundle/gems/activesupport-4.2.6/lib/active_support/core_ext/numeric/conversions.rb:131:in `block (2 levels) in <class:Numeric>'
/usr/local/bundle/gems/activesupport-4.2.6/lib/active_support/core_ext/numeric/conversions.rb:131:in `block (2 levels) in <class:Numeric>'
/usr/local/bundle/gems/activesupport-4.2.6/lib/active_support/core_ext/numeric/conversions.rb:131:in `block (2 levels) in <class:Numeric>'
/usr/local/bundle/gems/activesupport-4.2.6/lib/active_support/core_ext/numeric/conversions.rb:131:in `block (2 levels) in <class:Numeric>'
/usr/local/bundle/gems/activesupport-4.2.6/lib/active_support/core_ext/numeric/conversions.rb:131:in `block (2 levels) in <class:Numeric>'
/usr/local/bundle/gems/activesupport-4.2.6/lib/active_support/core_ext/numeric/conversions.rb:131:in `block (2 levels) in <class:Numeric>'
/usr/local/bundle/gems/activesupport-4.2.6/lib/active_support/core_ext/numeric/conversions.rb:131:in `block (2 levels) in <class:Numeric>'
/usr/local/bundle/gems/activesupport-4.2.6/lib/active_support/core_ext/numeric/conversions.rb:131:in `block (2 levels) in <class:Numeric>'
/usr/local/bundle/gems/activesupport-4.2.6/lib/active_support/core_ext/numeric/conversions.rb:131:in `block (2 levels) in <class:Numeric>'
/usr/local/bundle/gems/activesupport-4.2.6/lib/active_support/core_ext/numeric/conversions.rb:131:in `block (2 levels) in <class:Numeric>'
/usr/local/bundle/gems/activesupport-4.2.6/lib/active_support/core_ext/numeric/conversions.rb:131:in `block (2 levels) in <class:Numeric>'
/usr/local/bundle/gems/activesupport-4.2.6/lib/active_support/core_ext/numeric/conversions.rb:131:in `block (2 levels) in <class:Numeric>'
/usr/local/bundle/gems/activesupport-4.2.6/lib/active_support/core_ext/numeric/conversions.rb:131:in `block (2 levels) in <class:Numeric>'
/usr/local/bundle/gems/activesupport-4.2.6/lib/active_support/core_ext/numeric/conversions.rb:131:in `block (2 levels) in <class:Numeric>'
/usr/local/bundle/gems/activesupport-4.2.6/lib/active_support/core_ext/numeric/conversions.rb:131:in `block (2 levels) in <class:Numeric>'
/usr/local/bundle/gems/activesupport-4.2.6/lib/active_support/core_ext/numeric/conversions.rb:131:in `block (2 levels) in <class:Numeric>'
/usr/local/bundle/gems/activesupport-4.2.6/lib/active_support/core_ext/numeric/conversions.rb:131:in `block (2 levels) in <class:Numeric>'
/usr/local/bundle/gems/activesupport-4.2.6/lib/active_support/core_ext/numeric/conversions.rb:131:in `block (2 levels) in <class:Numeric>'
/usr/local/bundle/gems/activesupport-4.2.6/lib/active_support/core_ext/numeric/conversions.rb:131:in `block (2 levels) in <class:Numeric>'
/usr/local/bundle/gems/activesupport-4.2.6/lib/active_support/core_ext/numeric/conversions.rb:131:in `block (2 levels) in <class:Numeric>'
/usr/local/bundle/gems/activesupport-4.2.6/lib/active_support/core_ext/numeric/conversions.rb:131:in `block (2 levels) in <class:Numeric>'
/usr/local/bundle/gems/activesupport-4.2.6/lib/active_support/core_ext/numeric/conversions.rb:131:in `block (2 levels) in <class:Numeric>'
/usr/local/bundle/gems/activesupport-4.2.6/lib/active_support/core_ext/numeric/conversions.rb:131:in `block (2 levels) in <class:Numeric>'
/usr/local/bundle/gems/activesupport-4.2.6/lib/active_support/core_ext/numeric/conversions.rb:131:in `block (2 levels) in <class:Numeric>'
/usr/local/bundle/gems/activesupport-4.2.6/lib/active_support/core_ext/numeric/conversions.rb:131:in `block (2 levels) in <class:Numeric>'
/usr/local/bundle/gems/activesupport-4.2.6/lib/active_support/core_ext/numeric/conversions.rb:131:in `block (2 levels) in <class:Numeric>'
/usr/local/bundle/gems/activesupport-4.2.6/lib/active_support/core_ext/numeric/conversions.rb:131:in `block (2 levels) in <class:Numeric>'
/usr/local/bundle/gems/activesupport-4.2.6/lib/active_support/core_ext/numeric/conversions.rb:131:in `block (2 levels) in <class:Numeric>'
/usr/local/bundle/gems/activesupport-4.2.6/lib/active_support/core_ext/numeric/conversions.rb:131:in `block (2 levels) in <class:Numeric>'
/usr/local/bundle/gems/activesupport-4.2.6/lib/active_support/core_ext/numeric/conversions.rb:131:in `block (2 levels) in <class:Numeric>'
/usr/local/bundle/gems/activesupport-4.2.6/lib/active_support/core_ext/numeric/conversions.rb:131:in `block (2 levels) in <class:Numeric>'
/usr/local/bundle/gems/activesupport-4.2.6/lib/active_support/core_ext/numeric/conversions.rb:131:in `block (2 levels) in <class:Numeric>'
/usr/local/bundle/gems/activesupport-4.2.6/lib/active_support/core_ext/numeric/conversions.rb:131:in `block (2 levels) in <class:Numeric>'
/usr/local/bundle/gems/activesupport-4.2.6/lib/active_support/core_ext/numeric/conversions.rb:131:in `block (2 levels) in <class:Numeric>'
/usr/local/bundle/gems/activesupport-4.2.6/lib/active_support/core_ext/numeric/conversions.rb:131:in `block (2 levels) in <class:Numeric>'
/usr/local/bundle/gems/activesupport-4.2.6/lib/active_support/core_ext/numeric/conversions.rb:131:in `block (2 levels) in <class:Numeric>'
/usr/local/bundle/gems/activesupport-4.2.6/lib/active_support/core_ext/numeric/conversions.rb:131:in `block (2 levels) in <class:Numeric>'
/usr/local/bundle/gems/activesupport-4.2.6/lib/active_support/core_ext/numeric/conversions.rb:131:in `block (2 levels) in <class:Numeric>'
/usr/local/bundle/gems/activesupport-4.2.6/lib/active_support/core_ext/numeric/conversions.rb:131:in `block (2 levels) in <class:Numeric>'
/usr/local/bundle/gems/activesupport-4.2.6/lib/active_support/core_ext/numeric/conversions.rb:131:in `block (2 levels) in <class:Numeric>'
/usr/local/bundle/gems/activesupport-4.2.6/lib/active_support/core_ext/numeric/conversions.rb:131:in `block (2 levels) in <class:Numeric>'
/usr/local/bundle/gems/activesupport-4.2.6/lib/active_support/core_ext/numeric/conversions.rb:131:in `block (2 levels) in <class:Numeric>'
/usr/local/bundle/gems/activesupport-4.2.6/lib/active_support/core_ext/numeric/conversions.rb:131:in `block (2 levels) in <class:Numeric>'
/usr/local/bundle/gems/activesupport-4.2.6/lib/active_support/core_ext/numeric/conversions.rb:131:in `block (2 levels) in <class:Numeric>'
/usr/local/bundle/gems/activesupport-4.2.6/lib/active_support/core_ext/numeric/conversions.rb:131:in `block (2 levels) in <class:Numeric>'
/usr/local/bundle/gems/activesupport-4.2.6/lib/active_support/core_ext/numeric/conversions.rb:131:in `block (2 levels) in <class:Numeric>'
/usr/local/bundle/gems/activesupport-4.2.6/lib/active_support/core_ext/numeric/conversions.rb:131:in `block (2 levels) in <class:Numeric>'
/usr/local/bundle/gems/activesupport-4.2.6/lib/active_support/core_ext/numeric/conversions.rb:131:in `block (2 levels) in <class:Numeric>'
/usr/local/bundle/gems/activesupport-4.2.6/lib/active_support/core_ext/numeric/conversions.rb:131:in `block (2 levels) in <class:Numeric>'
/usr/local/bundle/gems/activesupport-4.2.6/lib/active_support/core_ext/numeric/conversions.rb:131:in `block (2 levels) in <class:Numeric>'
/usr/local/bundle/gems/activesupport-4.2.6/lib/active_support/core_ext/numeric/conversions.rb:131:in `block (2 levels) in <class:Numeric>'
/usr/local/bundle/gems/activesupport-4.2.6/lib/active_support/core_ext/numeric/conversions.rb:131:in `block (2 levels) in <class:Numeric>'
/usr/local/bundle/gems/activesupport-4.2.6/lib/active_support/core_ext/numeric/conversions.rb:131:in `block (2 levels) in <class:Numeric>'
/usr/local/bundle/gems/activesupport-4.2.6/lib/active_support/core_ext/numeric/conversions.rb:131:in `block (2 levels) in <class:Numeric>'
/usr/local/bundle/gems/activesupport-4.2.6/lib/active_support/core_ext/numeric/conversions.rb:131:in `block (2 levels) in <class:Numeric>'
/usr/local/bundle/gems/activesupport-4.2.6/lib/active_support/core_ext/numeric/conversions.rb:131:in `block (2 levels) in <class:Numeric>'
/usr/local/bundle/gems/activesupport-4.2.6/lib/active_support/core_ext/numeric/conversions.rb:131:in `block (2 levels) in <class:Numeric>'
/usr/local/bundle/gems/activesupport-4.2.6/lib/active_support/core_ext/numeric/conversions.rb:131:in `block (2 levels) in <class:Numeric>'
/usr/local/bundle/gems/activesupport-4.2.6/lib/active_support/core_ext/numeric/conversions.rb:131:in `block (2 levels) in <class:Numeric>'
/usr/local/bundle/gems/activesupport-4.2.6/lib/active_support/core_ext/numeric/conversions.rb:131:in `block (2 levels) in <class:Numeric>'
/usr/local/bundle/gems/activesupport-4.2.6/lib/active_support/core_ext/numeric/conversions.rb:131:in `block (2 levels) in <class:Numeric>'
/usr/local/bundle/gems/activesupport-4.2.6/lib/active_support/core_ext/numeric/conversions.rb:131:in `block (2 levels) in <class:Numeric>'
/usr/local/bundle/gems/activesupport-4.2.6/lib/active_support/core_ext/numeric/conversions.rb:131:in `block (2 levels) in <class:Numeric>'
/usr/local/bundle/gems/activesupport-4.2.6/lib/active_support/core_ext/numeric/conversions.rb:131:in `block (2 levels) in <class:Numeric>'
/usr/local/bundle/gems/activesupport-4.2.6/lib/active_support/core_ext/numeric/conversions.rb:131:in `block (2 levels) in <class:Numeric>'
/usr/local/bundle/gems/activesupport-4.2.6/lib/active_support/core_ext/numeric/conversions.rb:131:in `block (2 levels) in <class:Numeric>'
/usr/local/bundle/gems/activesupport-4.2.6/lib/active_support/core_ext/numeric/conversions.rb:131:in `block (2 levels) in <class:Numeric>'
/usr/local/bundle/gems/activesupport-4.2.6/lib/active_support/core_ext/numeric/conversions.rb:131:in `block (2 levels) in <class:Numeric>'
/usr/local/bundle/gems/activesupport-4.2.6/lib/active_support/core_ext/numeric/conversions.rb:131:in `block (2 levels) in <class:Numeric>'
/usr/local/bundle/gems/activesupport-4.2.6/lib/active_support/core_ext/numeric/conversions.rb:131:in `block (2 levels) in <class:Numeric>'
/usr/local/bundle/gems/activesupport-4.2.6/lib/active_support/core_ext/numeric/conversions.rb:131:in `block (2 levels) in <class:Numeric>'
/usr/local/bundle/gems/activesupport-4.2.6/lib/active_support/core_ext/numeric/conversions.rb:131:in `block (2 levels) in <class:Numeric>'
/usr/local/bundle/gems/activesupport-4.2.6/lib/active_support/core_ext/numeric/conversions.rb:131:in `block (2 levels) in <class:Numeric>'
/usr/local/bundle/gems/activesupport-4.2.6/lib/active_support/core_ext/numeric/conversions.rb:131:in `block (2 levels) in <class:Numeric>'
/usr/local/bundle/gems/activesupport-4.2.6/lib/active_support/core_ext/numeric/conversions.rb:131:in `block (2 levels) in <class:Numeric>'
/usr/local/bundle/gems/activesupport-4.2.6/lib/active_support/core_ext/numeric/conversions.rb:131:in `block (2 levels) in <class:Numeric>'
/usr/local/bundle/gems/activesupport-4.2.6/lib/active_support/core_ext/numeric/conversions.rb:131:in `block (2 levels) in <class:Numeric>'
/usr/local/bundle/gems/activesupport-4.2.6/lib/active_support/core_ext/numeric/conversions.rb:131:in `block (2 levels) in <class:Numeric>'
/usr/local/bundle/gems/activesupport-4.2.6/lib/active_support/core_ext/numeric/conversions.rb:131:in `block (2 levels) in <class:Numeric>'
/usr/local/bundle/gems/activesupport-4.2.6/lib/active_support/core_ext/numeric/conversions.rb:131:in `block (2 levels) in <class:Numeric>'
/usr/local/bundle/gems/activesupport-4.2.6/lib/active_support/core_ext/numeric/conversions.rb:131:in `block (2 levels) in <class:Numeric>'
/usr/local/bundle/gems/activesupport-4.2.6/lib/active_support/core_ext/numeric/conversions.rb:131:in `block (2 levels) in <class:Numeric>'
/usr/local/bundle/gems/activesupport-4.2.6/lib/active_support/core_ext/numeric/conversions.rb:131:in `block (2 levels) in <class:Numeric>'
/usr/local/bundle/gems/activesupport-4.2.6/lib/active_support/core_ext/numeric/conversions.rb:131:in `block (2 levels) in <class:Numeric>'
/usr/local/bundle/gems/activesupport-4.2.6/lib/active_support/core_ext/numeric/conversions.rb:131:in `block (2 levels) in <class:Numeric>'
/usr/local/bundle/gems/activesupport-4.2.6/lib/active_support/core_ext/numeric/conversions.rb:131:in `block (2 levels) in <class:Numeric>'
/usr/local/bundle/gems/activesupport-4.2.6/lib/active_support/core_ext/numeric/conversions.rb:131:in `block (2 levels) in <class:Numeric>'
/usr/local/bundle/gems/activesupport-4.2.6/lib/active_support/core_ext/numeric/conversions.rb:131:in `block (2 levels) in <class:Numeric>'
/usr/local/bundle/gems/activesupport-4.2.6/lib/active_support/core_ext/numeric/conversions.rb:131:in `block (2 levels) in <class:Numeric>'
/usr/local/bundle/gems/activesupport-4.2.6/lib/active_support/core_ext/numeric/conversions.rb:131:in `block (2 levels) in <class:Numeric>'
/usr/local/bundle/gems/activesupport-4.2.6/lib/active_support/core_ext/numeric/conversions.rb:131:in `block (2 levels) in <class:Numeric>'
/usr/local/bundle/gems/activesupport-4.2.6/lib/active_support/core_ext/numeric/conversions.rb:131:in `block (2 levels) in <class:Numeric>'
/usr/local/bundle/gems/activesupport-4.2.6/lib/active_support/core_ext/numeric/conversions.rb:131:in `block (2 levels) in <class:Numeric>'
/usr/local/bundle/gems/activesupport-4.2.6/lib/active_support/core_ext/numeric/conversions.rb:131:in `block (2 levels) in <class:Numeric>'
/usr/local/bundle/gems/activesupport-4.2.6/lib/active_support/core_ext/numeric/conversions.rb:131:in `block (2 levels) in <class:Numeric>'
/usr/local/bundle/gems/activesupport-4.2.6/lib/active_support/core_ext/numeric/conversions.rb:131:in `block (2 levels) in <class:Numeric>'
/usr/local/bundle/gems/activesupport-4.2.6/lib/active_support/core_ext/numeric/conversions.rb:131:in `block (2 levels) in <class:Numeric>'
/usr/local/bundle/gems/activesupport-4.2.6/lib/active_support/core_ext/numeric/conversions.rb:131:in `block (2 levels) in <class:Numeric>'
/usr/local/bundle/gems/activesupport-4.2.6/lib/active_support/core_ext/numeric/conversions.rb:131:in `block (2 levels) in <class:Numeric>'
/usr/local/bundle/gems/activesupport-4.2.6/lib/active_support/core_ext/numeric/conversions.rb:131:in `block (2 levels) in <class:Numeric>'
/usr/local/bundle/gems/activesupport-4.2.6/lib/active_support/core_ext/numeric/conversions.rb:131:in `block (2 levels) in <class:Numeric>'
/usr/local/bundle/gems/activesupport-4.2.6/lib/active_support/core_ext/numeric/conversions.rb:131:in `block (2 levels) in <class:Numeric>'
/usr/local/bundle/gems/activesupport-4.2.6/lib/active_support/core_ext/numeric/conversions.rb:131:in `block (2 levels) in <class:Numeric>'
/usr/local/bundle/gems/activesupport-4.2.6/lib/active_support/core_ext/numeric/conversions.rb:131:in `block (2 levels) in <class:Numeric>'
/usr/local/bundle/gems/activesupport-4.2.6/lib/active_support/core_ext/numeric/conversions.rb:131:in `block (2 levels) in <class:Numeric>'
/usr/local/bundle/gems/activesupport-4.2.6/lib/active_support/core_ext/numeric/conversions.rb:131:in `block (2 levels) in <class:Numeric>'
/usr/local/bundle/gems/activesupport-4.2.6/lib/active_support/core_ext/numeric/conversions.rb:131:in `block (2 levels) in <class:Numeric>'
/usr/local/bundle/gems/activesupport-4.2.6/lib/active_support/core_ext/numeric/conversions.rb:131:in `block (2 levels) in <class:Numeric>'
/usr/local/bundle/gems/activesupport-4.2.6/lib/active_support/core_ext/numeric/conversions.rb:131:in `block (2 levels) in <class:Numeric>'
/usr/local/bundle/gems/activesupport-4.2.6/lib/active_support/core_ext/numeric/conversions.rb:131:in `block (2 levels) in <class:Numeric>'
/usr/local/bundle/gems/activesupport-4.2.6/lib/active_support/core_ext/numeric/conversions.rb:131:in `block (2 levels) in <class:Numeric>'
/usr/local/bundle/gems/activesupport-4.2.6/lib/active_support/core_ext/numeric/conversions.rb:131:in `block (2 levels) in <class:Numeric>'
/usr/local/bundle/gems/activesupport-4.2.6/lib/active_support/core_ext/numeric/conversions.rb:131:in `block (2 levels) in <class:Numeric>'
/usr/local/bundle/gems/activesupport-4.2.6/lib/active_support/core_ext/numeric/conversions.rb:131:in `block (2 levels) in <class:Numeric>'
/usr/local/bundle/gems/activesupport-4.2.6/lib/active_support/core_ext/numeric/conversions.rb:131:in `block (2 levels) in <class:Numeric>'
/usr/local/bundle/gems/activesupport-4.2.6/lib/active_support/core_ext/numeric/conversions.rb:131:in `block (2 levels) in <class:Numeric>'
/usr/local/bundle/gems/activesupport-4.2.6/lib/active_support/core_ext/numeric/conversions.rb:131:in `block (2 levels) in <class:Numeric>'
/usr/local/bundle/gems/activesupport-4.2.6/lib/active_support/core_ext/numeric/conversions.rb:131:in `block (2 levels) in <class:Numeric>'
/usr/local/bundle/gems/activesupport-4.2.6/lib/active_support/core_ext/numeric/conversions.rb:131:in `block (2 levels) in <class:Numeric>'
/usr/local/bundle/gems/activesupport-4.2.6/lib/active_support/core_ext/numeric/conversions.rb:131:in `block (2 levels) in <class:Numeric>'
/usr/local/bundle/gems/activesupport-4.2.6/lib/active_support/core_ext/numeric/conversions.rb:131:in `block (2 levels) in <class:Numeric>'
/usr/local/bundle/gems/activesupport-4.2.6/lib/active_support/core_ext/numeric/conversions.rb:131:in `block (2 levels) in <class:Numeric>'
/usr/local/bundle/gems/activesupport-4.2.6/lib/active_support/core_ext/numeric/conversions.rb:131:in `block (2 levels) in <class:Numeric>'
/usr/local/bundle/gems/activesupport-4.2.6/lib/active_support/core_ext/numeric/conversions.rb:131:in `block (2 levels) in <class:Numeric>'
/usr/local/bundle/gems/activesupport-4.2.6/lib/active_support/core_ext/numeric/conversions.rb:131:in `block (2 levels) in <class:Numeric>'
/usr/local/bundle/gems/activesupport-4.2.6/lib/active_support/core_ext/numeric/conversions.rb:131:in `block (2 levels) in <class:Numeric>'
/usr/local/bundle/gems/activesupport-4.2.6/lib/active_support/core_ext/numeric/conversions.rb:131:in `block (2 levels) in <class:Numeric>'
/usr/local/bundle/gems/activesupport-4.2.6/lib/active_support/core_ext/numeric/conversions.rb:131:in `block (2 levels) in <class:Numeric>'
/usr/local/bundle/gems/activesupport-4.2.6/lib/active_support/core_ext/numeric/conversions.rb:131:in `block (2 levels) in <class:Numeric>'
/usr/local/bundle/gems/activesupport-4.2.6/lib/active_support/core_ext/numeric/conversions.rb:131:in `block (2 levels) in <class:Numeric>'
/usr/local/bundle/gems/activesupport-4.2.6/lib/active_support/core_ext/numeric/conversions.rb:131:in `block (2 levels) in <class:Numeric>'
/usr/local/bundle/gems/activesupport-4.2.6/lib/active_support/core_ext/numeric/conversions.rb:131:in `block (2 levels) in <class:Numeric>'
/usr/local/bundle/gems/activesupport-4.2.6/lib/active_support/core_ext/numeric/conversions.rb:131:in `block (2 levels) in <class:Numeric>'
/usr/local/bundle/gems/activesupport-4.2.6/lib/active_support/core_ext/numeric/conversions.rb:131:in `block (2 levels) in <class:Numeric>'
/usr/local/bundle/gems/activesupport-4.2.6/lib/active_support/core_ext/numeric/conversions.rb:131:in `block (2 levels) in <class:Numeric>'
/usr/local/bundle/gems/activesupport-4.2.6/lib/active_support/core_ext/numeric/conversions.rb:131:in `block (2 levels) in <class:Numeric>'
/usr/local/bundle/gems/activesupport-4.2.6/lib/active_support/core_ext/numeric/conversions.rb:131:in `block (2 levels) in <class:Numeric>'
/usr/local/bundle/gems/activesupport-4.2.6/lib/active_support/core_ext/numeric/conversions.rb:131:in `block (2 levels) in <class:Numeric>'
/usr/local/bundle/gems/activesupport-4.2.6/lib/active_support/core_ext/numeric/conversions.rb:131:in `block (2 levels) in <class:Numeric>'
/usr/local/bundle/gems/activesupport-4.2.6/lib/active_support/core_ext/numeric/conversions.rb:131:in `block (2 levels) in <class:Numeric>'
/usr/local/bundle/gems/activesupport-4.2.6/lib/active_support/core_ext/numeric/conversions.rb:131:in `block (2 levels) in <class:Numeric>'
/usr/local/bundle/gems/activesupport-4.2.6/lib/active_support/core_ext/numeric/conversions.rb:131:in `block (2 levels) in <class:Numeric>'
/usr/local/bundle/gems/activesupport-4.2.6/lib/active_support/core_ext/numeric/conversions.rb:131:in `block (2 levels) in <class:Numeric>'
/usr/local/bundle/gems/activesupport-4.2.6/lib/active_support/core_ext/numeric/conversions.rb:131:in `block (2 levels) in <class:Numeric>'
/usr/local/bundle/gems/activesupport-4.2.6/lib/active_support/core_ext/numeric/conversions.rb:131:in `block (2 levels) in <class:Numeric>'
/usr/local/bundle/gems/activesupport-4.2.6/lib/active_support/core_ext/numeric/conversions.rb:131:in `block (2 levels) in <class:Numeric>'
/usr/local/bundle/gems/activesupport-4.2.6/lib/active_support/core_ext/numeric/conversions.rb:131:in `block (2 levels) in <class:Numeric>'
/usr/local/bundle/gems/activesupport-4.2.6/lib/active_support/core_ext/numeric/conversions.rb:131:in `block (2 levels) in <class:Numeric>'
/usr/local/bundle/gems/activesupport-4.2.6/lib/active_support/core_ext/numeric/conversions.rb:131:in `block (2 levels) in <class:Numeric>'
/usr/local/bundle/gems/activesupport-4.2.6/lib/active_support/core_ext/numeric/conversions.rb:131:in `block (2 levels) in <class:Numeric>'
/usr/local/bundle/gems/activesupport-4.2.6/lib/active_support/core_ext/numeric/conversions.rb:131:in `block (2 levels) in <class:Numeric>'
/usr/local/bundle/gems/activesupport-4.2.6/lib/active_support/core_ext/numeric/conversions.rb:131:in `block (2 levels) in <class:Numeric>'
/usr/local/bundle/gems/activesupport-4.2.6/lib/active_support/core_ext/numeric/conversions.rb:131:in `block (2 levels) in <class:Numeric>'
/usr/local/bundle/gems/activesupport-4.2.6/lib/active_support/core_ext/numeric/conversions.rb:131:in `block (2 levels) in <class:Numeric>'
/usr/local/bundle/gems/activesupport-4.2.6/lib/active_support/core_ext/numeric/conversions.rb:131:in `block (2 levels) in <class:Numeric>'
/usr/local/bundle/gems/activesupport-4.2.6/lib/active_support/core_ext/numeric/conversions.rb:131:in `block (2 levels) in <class:Numeric>'
/usr/local/bundle/gems/activesupport-4.2.6/lib/active_support/core_ext/numeric/conversions.rb:131:in `block (2 levels) in <class:Numeric>'
/usr/local/bundle/gems/activesupport-4.2.6/lib/active_support/core_ext/numeric/conversions.rb:131:in `block (2 levels) in <class:Numeric>'
/usr/local/bundle/gems/activesupport-4.2.6/lib/active_support/core_ext/numeric/conversions.rb:131:in `block (2 levels) in <class:Numeric>'
/usr/local/bundle/gems/activesupport-4.2.6/lib/active_support/core_ext/numeric/conversions.rb:131:in `block (2 levels) in <class:Numeric>'
/usr/local/bundle/gems/activesupport-4.2.6/lib/active_support/core_ext/numeric/conversions.rb:131:in `block (2 levels) in <class:Numeric>'
/usr/local/bundle/gems/activesupport-4.2.6/lib/active_support/core_ext/numeric/conversions.rb:131:in `block (2 levels) in <class:Numeric>'
/usr/local/bundle/gems/activesupport-4.2.6/lib/active_support/core_ext/numeric/conversions.rb:131:in `block (2 levels) in <class:Numeric>'
/usr/local/bundle/gems/activesupport-4.2.6/lib/active_support/core_ext/numeric/conversions.rb:131:in `block (2 levels) in <class:Numeric>'
/usr/local/bundle/gems/activesupport-4.2.6/lib/active_support/core_ext/numeric/conversions.rb:131:in `block (2 levels) in <class:Numeric>'
/usr/local/bundle/gems/activesupport-4.2.6/lib/active_support/core_ext/numeric/conversions.rb:131:in `block (2 levels) in <class:Numeric>'
/usr/local/bundle/gems/activesupport-4.2.6/lib/active_support/core_ext/numeric/conversions.rb:131:in `block (2 levels) in <class:Numeric>'
/usr/local/bundle/gems/activesupport-4.2.6/lib/active_support/core_ext/numeric/conversions.rb:131:in `block (2 levels) in <class:Numeric>'
/usr/local/bundle/gems/activesupport-4.2.6/lib/active_support/core_ext/numeric/conversions.rb:131:in `block (2 levels) in <class:Numeric>'
/usr/local/bundle/gems/activesupport-4.2.6/lib/active_support/core_ext/numeric/conversions.rb:131:in `block (2 levels) in <class:Numeric>'
/usr/local/bundle/gems/activesupport-4.2.6/lib/active_support/core_ext/numeric/conversions.rb:131:in `block (2 levels) in <class:Numeric>'
/usr/local/bundle/gems/activesupport-4.2.6/lib/active_support/core_ext/numeric/conversions.rb:131:in `block (2 levels) in <class:Numeric>'
/usr/local/bundle/gems/activesupport-4.2.6/lib/active_support/core_ext/numeric/conversions.rb:131:in `block (2 levels) in <class:Numeric>'
/usr/local/bundle/gems/activesupport-4.2.6/lib/active_support/core_ext/numeric/conversions.rb:131:in `block (2 levels) in <class:Numeric>'
/usr/local/bundle/gems/activesupport-4.2.6/lib/active_support/core_ext/numeric/conversions.rb:131:in `block (2 levels) in <class:Numeric>'
/usr/local/bundle/gems/activesupport-4.2.6/lib/active_support/core_ext/numeric/conversions.rb:131:in `block (2 levels) in <class:Numeric>'
/usr/local/bundle/gems/activesupport-4.2.6/lib/active_support/core_ext/numeric/conversions.rb:131:in `block (2 levels) in <class:Numeric>'
/usr/local/bundle/gems/activesupport-4.2.6/lib/active_support/core_ext/numeric/conversions.rb:131:in `block (2 levels) in <class:Numeric>'
/usr/local/bundle/gems/activesupport-4.2.6/lib/active_support/core_ext/numeric/conversions.rb:131:in `block (2 levels) in <class:Numeric>'
/usr/local/bundle/gems/activesupport-4.2.6/lib/active_support/core_ext/numeric/conversions.rb:131:in `block (2 levels) in <class:Numeric>'
/usr/local/bundle/gems/activesupport-4.2.6/lib/active_support/core_ext/numeric/conversions.rb:131:in `block (2 levels) in <class:Numeric>'
/usr/local/bundle/gems/activesupport-4.2.6/lib/active_support/core_ext/numeric/conversions.rb:131:in `block (2 levels) in <class:Numeric>'
/usr/local/bundle/gems/activesupport-4.2.6/lib/active_support/core_ext/numeric/conversions.rb:131:in `block (2 levels) in <class:Numeric>'
/usr/local/bundle/gems/activesupport-4.2.6/lib/active_support/core_ext/numeric/conversions.rb:131:in `block (2 levels) in <class:Numeric>'
/usr/local/bundle/gems/activesupport-4.2.6/lib/active_support/core_ext/numeric/conversions.rb:131:in `block (2 levels) in <class:Numeric>'
/usr/local/bundle/gems/activesupport-4.2.6/lib/active_support/core_ext/numeric/conversions.rb:131:in `block (2 levels) in <class:Numeric>'
/usr/local/bundle/gems/activesupport-4.2.6/lib/active_support/core_ext/numeric/conversions.rb:131:in `block (2 levels) in <class:Numeric>'
/usr/local/bundle/gems/activesupport-4.2.6/lib/active_support/core_ext/numeric/conversions.rb:131:in `block (2 levels) in <class:Numeric>'
/usr/local/bundle/gems/activesupport-4.2.6/lib/active_support/core_ext/numeric/conversions.rb:131:in `block (2 levels) in <class:Numeric>'
/usr/local/bundle/gems/activesupport-4.2.6/lib/active_support/core_ext/numeric/conversions.rb:131:in `block (2 levels) in <class:Numeric>'
/usr/local/bundle/gems/activesupport-4.2.6/lib/active_support/core_ext/numeric/conversions.rb:131:in `block (2 levels) in <class:Numeric>'
/usr/local/bundle/gems/activesupport-4.2.6/lib/active_support/core_ext/numeric/conversions.rb:131:in `block (2 levels) in <class:Numeric>'
/usr/local/bundle/gems/activesupport-4.2.6/lib/active_support/core_ext/numeric/conversions.rb:131:in `block (2 levels) in <class:Numeric>'
/usr/local/bundle/gems/activesupport-4.2.6/lib/active_support/core_ext/numeric/conversions.rb:131:in `block (2 levels) in <class:Numeric>'
/usr/local/bundle/gems/activesupport-4.2.6/lib/active_support/core_ext/numeric/conversions.rb:131:in `block (2 levels) in <class:Numeric>'
/usr/local/bundle/gems/activesupport-4.2.6/lib/active_support/core_ext/numeric/conversions.rb:131:in `block (2 levels) in <class:Numeric>'
/usr/local/bundle/gems/activesupport-4.2.6/lib/active_support/core_ext/numeric/conversions.rb:131:in `block (2 levels) in <class:Numeric>'
/usr/local/bundle/gems/activesupport-4.2.6/lib/active_support/core_ext/numeric/conversions.rb:131:in `block (2 levels) in <class:Numeric>'
/usr/local/bundle/gems/activesupport-4.2.6/lib/active_support/core_ext/numeric/conversions.rb:131:in `block (2 levels) in <class:Numeric>'
/usr/local/bundle/gems/activesupport-4.2.6/lib/active_support/core_ext/numeric/conversions.rb:131:in `block (2 levels) in <class:Numeric>'
/usr/local/bundle/gems/activesupport-4.2.6/lib/active_support/core_ext/numeric/conversions.rb:131:in `block (2 levels) in <class:Numeric>'
/usr/local/bundle/gems/activesupport-4.2.6/lib/active_support/core_ext/numeric/conversions.rb:131:in `block (2 levels) in <class:Numeric>'
/usr/local/bundle/gems/activesupport-4.2.6/lib/active_support/core_ext/numeric/conversions.rb:131:in `block (2 levels) in <class:Numeric>'
/usr/local/bundle/gems/activesupport-4.2.6/lib/active_support/core_ext/numeric/conversions.rb:131:in `block (2 levels) in <class:Numeric>'
/usr/local/bundle/gems/activesupport-4.2.6/lib/active_support/core_ext/numeric/conversions.rb:131:in `block (2 levels) in <class:Numeric>'
/usr/local/bundle/gems/activesupport-4.2.6/lib/active_support/core_ext/numeric/conversions.rb:131:in `block (2 levels) in <class:Numeric>'
/usr/local/bundle/gems/activesupport-4.2.6/lib/active_support/core_ext/numeric/conversions.rb:131:in `block (2 levels) in <class:Numeric>'
/usr/local/bundle/gems/activesupport-4.2.6/lib/active_support/core_ext/numeric/conversions.rb:131:in `block (2 levels) in <class:Numeric>'
/usr/local/bundle/gems/activesupport-4.2.6/lib/active_support/core_ext/numeric/conversions.rb:131:in `block (2 levels) in <class:Numeric>'
/usr/local/bundle/gems/activesupport-4.2.6/lib/active_support/core_ext/numeric/conversions.rb:131:in `block (2 levels) in <class:Numeric>'
/usr/local/bundle/gems/activesupport-4.2.6/lib/active_support/core_ext/numeric/conversions.rb:131:in `block (2 levels) in <class:Numeric>'
/usr/local/bundle/gems/activesupport-4.2.6/lib/active_support/core_ext/numeric/conversions.rb:131:in `block (2 levels) in <class:Numeric>'
/usr/local/bundle/gems/activesupport-4.2.6/lib/active_support/core_ext/numeric/conversions.rb:131:in `block (2 levels) in <class:Numeric>'
/usr/local/bundle/gems/activesupport-4.2.6/lib/active_support/core_ext/numeric/conversions.rb:131:in `block (2 levels) in <class:Numeric>'
/usr/local/bundle/gems/activesupport-4.2.6/lib/active_support/core_ext/numeric/conversions.rb:131:in `block (2 levels) in <class:Numeric>'
/usr/local/bundle/gems/activesupport-4.2.6/lib/active_support/core_ext/numeric/conversions.rb:131:in `block (2 levels) in <class:Numeric>'
/usr/local/bundle/gems/activesupport-4.2.6/lib/active_support/core_ext/numeric/conversions.rb:131:in `block (2 levels) in <class:Numeric>'
/usr/local/bundle/gems/activesupport-4.2.6/lib/active_support/core_ext/numeric/conversions.rb:131:in `block (2 levels) in <class:Numeric>'
/usr/local/bundle/gems/activesupport-4.2.6/lib/active_support/core_ext/numeric/conversions.rb:131:in `block (2 levels) in <class:Numeric>'
/usr/local/bundle/gems/activesupport-4.2.6/lib/active_support/core_ext/numeric/conversions.rb:131:in `block (2 levels) in <class:Numeric>'
/usr/local/bundle/gems/activesupport-4.2.6/lib/active_support/core_ext/numeric/conversions.rb:131:in `block (2 levels) in <class:Numeric>'
/usr/local/bundle/gems/activesupport-4.2.6/lib/active_support/core_ext/numeric/conversions.rb:131:in `block (2 levels) in <class:Numeric>'
/usr/local/bundle/gems/activesupport-4.2.6/lib/active_support/core_ext/numeric/conversions.rb:131:in `block (2 levels) in <class:Numeric>'
/usr/local/bundle/gems/activesupport-4.2.6/lib/active_support/core_ext/numeric/conversions.rb:131:in `block (2 levels) in <class:Numeric>'
/usr/local/bundle/gems/activesupport-4.2.6/lib/active_support/core_ext/numeric/conversions.rb:131:in `block (2 levels) in <class:Numeric>'
/usr/local/bundle/gems/activesupport-4.2.6/lib/active_support/core_ext/numeric/conversions.rb:131:in `block (2 levels) in <class:Numeric>'
/usr/local/bundle/gems/activesupport-4.2.6/lib/active_support/core_ext/numeric/conversions.rb:131:in `block (2 levels) in <class:Numeric>'
/usr/local/bundle/gems/activesupport-4.2.6/lib/active_support/core_ext/numeric/conversions.rb:131:in `block (2 levels) in <class:Numeric>'
/usr/local/bundle/gems/activesupport-4.2.6/lib/active_support/core_ext/numeric/conversions.rb:131:in `block (2 levels) in <class:Numeric>'
/usr/local/bundle/gems/activesupport-4.2.6/lib/active_support/core_ext/numeric/conversions.rb:131:in `block (2 levels) in <class:Numeric>'
/usr/local/bundle/gems/activesupport-4.2.6/lib/active_support/core_ext/numeric/conversions.rb:131:in `block (2 levels) in <class:Numeric>'
/usr/local/bundle/gems/activesupport-4.2.6/lib/active_support/core_ext/numeric/conversions.rb:131:in `block (2 levels) in <class:Numeric>'
/usr/local/bundle/gems/activesupport-4.2.6/lib/active_support/core_ext/numeric/conversions.rb:131:in `block (2 levels) in <class:Numeric>'
/usr/local/bundle/gems/activesupport-4.2.6/lib/active_support/core_ext/numeric/conversions.rb:131:in `block (2 levels) in <class:Numeric>'
/usr/local/bundle/gems/activesupport-4.2.6/lib/active_support/core_ext/numeric/conversions.rb:131:in `block (2 levels) in <class:Numeric>'
/usr/local/bundle/gems/activesupport-4.2.6/lib/active_support/core_ext/numeric/conversions.rb:131:in `block (2 levels) in <class:Numeric>'
/usr/local/bundle/gems/activesupport-4.2.6/lib/active_support/core_ext/numeric/conversions.rb:131:in `block (2 levels) in <class:Numeric>'
/usr/local/bundle/gems/activesupport-4.2.6/lib/active_support/core_ext/numeric/conversions.rb:131:in `block (2 levels) in <class:Numeric>'
/usr/local/bundle/gems/activesupport-4.2.6/lib/active_support/core_ext/numeric/conversions.rb:131:in `block (2 levels) in <class:Numeric>'
/usr/local/bundle/gems/activesupport-4.2.6/lib/active_support/core_ext/numeric/conversions.rb:131:in `block (2 levels) in <class:Numeric>'
/usr/local/bundle/gems/activesupport-4.2.6/lib/active_support/core_ext/numeric/conversions.rb:131:in `block (2 levels) in <class:Numeric>'
/usr/local/bundle/gems/activesupport-4.2.6/lib/active_support/core_ext/numeric/conversions.rb:131:in `block (2 levels) in <class:Numeric>'
/usr/local/bundle/gems/activesupport-4.2.6/lib/active_support/core_ext/numeric/conversions.rb:131:in `block (2 levels) in <class:Numeric>'
/usr/local/bundle/gems/activesupport-4.2.6/lib/active_support/core_ext/numeric/conversions.rb:131:in `block (2 levels) in <class:Numeric>'
/usr/local/bundle/gems/activesupport-4.2.6/lib/active_support/core_ext/numeric/conversions.rb:131:in `block (2 levels) in <class:Numeric>'
/usr/local/bundle/gems/activesupport-4.2.6/lib/active_support/core_ext/numeric/conversions.rb:131:in `block (2 levels) in <class:Numeric>'
/usr/local/bundle/gems/activesupport-4.2.6/lib/active_support/core_ext/numeric/conversions.rb:131:in `block (2 levels) in <class:Numeric>'
/usr/local/bundle/gems/activesupport-4.2.6/lib/active_support/core_ext/numeric/conversions.rb:131:in `block (2 levels) in <class:Numeric>'
/usr/local/bundle/gems/activesupport-4.2.6/lib/active_support/core_ext/numeric/conversions.rb:131:in `block (2 levels) in <class:Numeric>'
/usr/local/bundle/gems/activesupport-4.2.6/lib/active_support/core_ext/numeric/conversions.rb:131:in `block (2 levels) in <class:Numeric>'
/usr/local/bundle/gems/activesupport-4.2.6/lib/active_support/core_ext/numeric/conversions.rb:131:in `block (2 levels) in <class:Numeric>'
/usr/local/bundle/gems/activesupport-4.2.6/lib/active_support/core_ext/numeric/conversions.rb:131:in `block (2 levels) in <class:Numeric>'
/usr/local/bundle/gems/activesupport-4.2.6/lib/active_support/core_ext/numeric/conversions.rb:131:in `block (2 levels) in <class:Numeric>'
/usr/local/bundle/gems/activesupport-4.2.6/lib/active_support/core_ext/numeric/conversions.rb:131:in `block (2 levels) in <class:Numeric>'
/usr/local/bundle/gems/activesupport-4.2.6/lib/active_support/core_ext/numeric/conversions.rb:131:in `block (2 levels) in <class:Numeric>'
/usr/local/bundle/gems/activesupport-4.2.6/lib/active_support/core_ext/numeric/conversions.rb:131:in `block (2 levels) in <class:Numeric>'
/usr/local/bundle/gems/activesupport-4.2.6/lib/active_support/core_ext/numeric/conversions.rb:131:in `block (2 levels) in <class:Numeric>'
/usr/local/bundle/gems/activesupport-4.2.6/lib/active_support/core_ext/numeric/conversions.rb:131:in `block (2 levels) in <class:Numeric>'
/usr/local/bundle/gems/activesupport-4.2.6/lib/active_support/core_ext/numeric/conversions.rb:131:in `block (2 levels) in <class:Numeric>'
/usr/local/bundle/gems/activesupport-4.2.6/lib/active_support/core_ext/numeric/conversions.rb:131:in `block (2 levels) in <class:Numeric>'
/usr/local/bundle/gems/activesupport-4.2.6/lib/active_support/core_ext/numeric/conversions.rb:131:in `block (2 levels) in <class:Numeric>'
/usr/local/bundle/gems/activesupport-4.2.6/lib/active_support/core_ext/numeric/conversions.rb:131:in `block (2 levels) in <class:Numeric>'
/usr/local/bundle/gems/activesupport-4.2.6/lib/active_support/core_ext/numeric/conversions.rb:131:in `block (2 levels) in <class:Numeric>'
/usr/local/bundle/gems/activesupport-4.2.6/lib/active_support/core_ext/numeric/conversions.rb:131:in `block (2 levels) in <class:Numeric>'
/usr/local/bundle/gems/activesupport-4.2.6/lib/active_support/core_ext/numeric/conversions.rb:131:in `block (2 levels) in <class:Numeric>'
/usr/local/bundle/gems/activesupport-4.2.6/lib/active_support/core_ext/numeric/conversions.rb:131:in `block (2 levels) in <class:Numeric>'
/usr/local/bundle/gems/activesupport-4.2.6/lib/active_support/core_ext/numeric/conversions.rb:131:in `block (2 levels) in <class:Numeric>'
/usr/local/bundle/gems/activesupport-4.2.6/lib/active_support/core_ext/numeric/conversions.rb:131:in `block (2 levels) in <class:Numeric>'
/usr/local/bundle/gems/activesupport-4.2.6/lib/active_support/core_ext/numeric/conversions.rb:131:in `block (2 levels) in <class:Numeric>'
/usr/local/bundle/gems/activesupport-4.2.6/lib/active_support/core_ext/numeric/conversions.rb:131:in `block (2 levels) in <class:Numeric>'
/usr/local/bundle/gems/activesupport-4.2.6/lib/active_support/core_ext/numeric/conversions.rb:131:in `block (2 levels) in <class:Numeric>'
/usr/local/bundle/gems/activesupport-4.2.6/lib/active_support/core_ext/numeric/conversions.rb:131:in `block (2 levels) in <class:Numeric>'
/usr/local/bundle/gems/activesupport-4.2.6/lib/active_support/core_ext/numeric/conversions.rb:131:in `block (2 levels) in <class:Numeric>'
/usr/local/bundle/gems/activesupport-4.2.6/lib/active_support/core_ext/numeric/conversions.rb:131:in `block (2 levels) in <class:Numeric>'
/usr/local/bundle/gems/activesupport-4.2.6/lib/active_support/core_ext/numeric/conversions.rb:131:in `block (2 levels) in <class:Numeric>'
/usr/local/bundle/gems/activesupport-4.2.6/lib/active_support/core_ext/numeric/conversions.rb:131:in `block (2 levels) in <class:Numeric>'
/usr/local/bundle/gems/activesupport-4.2.6/lib/active_support/core_ext/numeric/conversions.rb:131:in `block (2 levels) in <class:Numeric>'
/usr/local/bundle/gems/activesupport-4.2.6/lib/active_support/core_ext/numeric/conversions.rb:131:in `block (2 levels) in <class:Numeric>'
/usr/local/bundle/gems/activesupport-4.2.6/lib/active_support/core_ext/numeric/conversions.rb:131:in `block (2 levels) in <class:Numeric>'
/usr/local/bundle/gems/activesupport-4.2.6/lib/active_support/core_ext/numeric/conversions.rb:131:in `block (2 levels) in <class:Numeric>'
/usr/local/bundle/gems/activesupport-4.2.6/lib/active_support/core_ext/numeric/conversions.rb:131:in `block (2 levels) in <class:Numeric>'
/usr/local/bundle/gems/activesupport-4.2.6/lib/active_support/core_ext/numeric/conversions.rb:131:in `block (2 levels) in <class:Numeric>'
/usr/local/bundle/gems/activesupport-4.2.6/lib/active_support/core_ext/numeric/conversions.rb:131:in `block (2 levels) in <class:Numeric>'
/usr/local/bundle/gems/activesupport-4.2.6/lib/active_support/core_ext/numeric/conversions.rb:131:in `block (2 levels) in <class:Numeric>'
/usr/local/bundle/gems/activesupport-4.2.6/lib/active_support/core_ext/numeric/conversions.rb:131:in `block (2 levels) in <class:Numeric>'
/usr/local/bundle/gems/activesupport-4.2.6/lib/active_support/core_ext/numeric/conversions.rb:131:in `block (2 levels) in <class:Numeric>'
/usr/local/bundle/gems/activesupport-4.2.6/lib/active_support/core_ext/numeric/conversions.rb:131:in `block (2 levels) in <class:Numeric>'
/usr/local/bundle/gems/activesupport-4.2.6/lib/active_support/core_ext/numeric/conversions.rb:131:in `block (2 levels) in <class:Numeric>'
/usr/local/bundle/gems/activesupport-4.2.6/lib/active_support/core_ext/numeric/conversions.rb:131:in `block (2 levels) in <class:Numeric>'
/usr/local/bundle/gems/activesupport-4.2.6/lib/active_support/core_ext/numeric/conversions.rb:131:in `block (2 levels) in <class:Numeric>'
/usr/local/bundle/gems/activesupport-4.2.6/lib/active_support/core_ext/numeric/conversions.rb:131:in `block (2 levels) in <class:Numeric>'
/usr/local/bundle/gems/activesupport-4.2.6/lib/active_support/core_ext/numeric/conversions.rb:131:in `block (2 levels) in <class:Numeric>'
/usr/local/bundle/gems/activesupport-4.2.6/lib/active_support/core_ext/numeric/conversions.rb:131:in `block (2 levels) in <class:Numeric>'
/usr/local/bundle/gems/activesupport-4.2.6/lib/active_support/core_ext/numeric/conversions.rb:131:in `block (2 levels) in <class:Numeric>'
/usr/local/bundle/gems/activesupport-4.2.6/lib/active_support/core_ext/numeric/conversions.rb:131:in `block (2 levels) in <class:Numeric>'
/usr/local/bundle/gems/activesupport-4.2.6/lib/active_support/core_ext/numeric/conversions.rb:131:in `block (2 levels) in <class:Numeric>'
/usr/local/bundle/gems/activesupport-4.2.6/lib/active_support/core_ext/numeric/conversions.rb:131:in `block (2 levels) in <class:Numeric>'
/usr/local/bundle/gems/activesupport-4.2.6/lib/active_support/core_ext/numeric/conversions.rb:131:in `block (2 levels) in <class:Numeric>'
/usr/local/bundle/gems/activesupport-4.2.6/lib/active_support/core_ext/numeric/conversions.rb:131:in `block (2 levels) in <class:Numeric>'
/usr/local/bundle/gems/activesupport-4.2.6/lib/active_support/core_ext/numeric/conversions.rb:131:in `block (2 levels) in <class:Numeric>'
/usr/local/bundle/gems/activesupport-4.2.6/lib/active_support/core_ext/numeric/conversions.rb:131:in `block (2 levels) in <class:Numeric>'
/usr/local/bundle/gems/activesupport-4.2.6/lib/active_support/core_ext/numeric/conversions.rb:131:in `block (2 levels) in <class:Numeric>'
/usr/local/bundle/gems/activesupport-4.2.6/lib/active_support/core_ext/numeric/conversions.rb:131:in `block (2 levels) in <class:Numeric>'
/usr/local/bundle/gems/activesupport-4.2.6/lib/active_support/core_ext/numeric/conversions.rb:131:in `block (2 levels) in <class:Numeric>'
/usr/local/bundle/gems/activesupport-4.2.6/lib/active_support/core_ext/numeric/conversions.rb:131:in `block (2 levels) in <class:Numeric>'
/usr/local/bundle/gems/activesupport-4.2.6/lib/active_support/core_ext/numeric/conversions.rb:131:in `block (2 levels) in <class:Numeric>'
/usr/local/bundle/gems/activesupport-4.2.6/lib/active_support/core_ext/numeric/conversions.rb:131:in `block (2 levels) in <class:Numeric>'
/usr/local/bundle/gems/activesupport-4.2.6/lib/active_support/core_ext/numeric/conversions.rb:131:in `block (2 levels) in <class:Numeric>'
/usr/local/bundle/gems/activesupport-4.2.6/lib/active_support/core_ext/numeric/conversions.rb:131:in `block (2 levels) in <class:Numeric>'
/usr/local/bundle/gems/activesupport-4.2.6/lib/active_support/core_ext/numeric/conversions.rb:131:in `block (2 levels) in <class:Numeric>'
/usr/local/bundle/gems/activesupport-4.2.6/lib/active_support/core_ext/numeric/conversions.rb:131:in `block (2 levels) in <class:Numeric>'
/usr/local/bundle/gems/activesupport-4.2.6/lib/active_support/core_ext/numeric/conversions.rb:131:in `block (2 levels) in <class:Numeric>'
/usr/local/bundle/gems/activesupport-4.2.6/lib/active_support/core_ext/numeric/conversions.rb:131:in `block (2 levels) in <class:Numeric>'
/usr/local/bundle/gems/activesupport-4.2.6/lib/active_support/core_ext/numeric/conversions.rb:131:in `block (2 levels) in <class:Numeric>'
/usr/local/bundle/gems/activesupport-4.2.6/lib/active_support/core_ext/numeric/conversions.rb:131:in `block (2 levels) in <class:Numeric>'
/usr/local/bundle/gems/activesupport-4.2.6/lib/active_support/core_ext/numeric/conversions.rb:131:in `block (2 levels) in <class:Numeric>'
/usr/local/bundle/gems/activesupport-4.2.6/lib/active_support/core_ext/numeric/conversions.rb:131:in `block (2 levels) in <class:Numeric>'
/usr/local/bundle/gems/activesupport-4.2.6/lib/active_support/core_ext/numeric/conversions.rb:131:in `block (2 levels) in <class:Numeric>'
/usr/local/bundle/gems/activesupport-4.2.6/lib/active_support/core_ext/numeric/conversions.rb:131:in `block (2 levels) in <class:Numeric>'
/usr/local/bundle/gems/activesupport-4.2.6/lib/active_support/core_ext/numeric/conversions.rb:131:in `block (2 levels) in <class:Numeric>'
/usr/local/bundle/gems/activesupport-4.2.6/lib/active_support/core_ext/numeric/conversions.rb:131:in `block (2 levels) in <class:Numeric>'
/usr/local/bundle/gems/activesupport-4.2.6/lib/active_support/core_ext/numeric/conversions.rb:131:in `block (2 levels) in <class:Numeric>'
/usr/local/bundle/gems/activesupport-4.2.6/lib/active_support/core_ext/numeric/conversions.rb:131:in `block (2 levels) in <class:Numeric>'
/usr/local/bundle/gems/activesupport-4.2.6/lib/active_support/core_ext/numeric/conversions.rb:131:in `block (2 levels) in <class:Numeric>'
/usr/local/bundle/gems/activesupport-4.2.6/lib/active_support/core_ext/numeric/conversions.rb:131:in `block (2 levels) in <class:Numeric>'
/usr/local/bundle/gems/activesupport-4.2.6/lib/active_support/core_ext/numeric/conversions.rb:131:in `block (2 levels) in <class:Numeric>'
/usr/local/bundle/gems/activesupport-4.2.6/lib/active_support/core_ext/numeric/conversions.rb:131:in `block (2 levels) in <class:Numeric>'
/usr/local/bundle/gems/activesupport-4.2.6/lib/active_support/core_ext/numeric/conversions.rb:131:in `block (2 levels) in <class:Numeric>'
/usr/local/bundle/gems/activesupport-4.2.6/lib/active_support/core_ext/numeric/conversions.rb:131:in `block (2 levels) in <class:Numeric>'
/usr/local/bundle/gems/activesupport-4.2.6/lib/active_support/core_ext/numeric/conversions.rb:131:in `block (2 levels) in <class:Numeric>'
/usr/local/bundle/gems/activesupport-4.2.6/lib/active_support/core_ext/numeric/conversions.rb:131:in `block (2 levels) in <class:Numeric>'
/usr/local/bundle/gems/activesupport-4.2.6/lib/active_support/core_ext/numeric/conversions.rb:131:in `block (2 levels) in <class:Numeric>'
/usr/local/bundle/gems/activesupport-4.2.6/lib/active_support/core_ext/numeric/conversions.rb:131:in `block (2 levels) in <class:Numeric>'
/usr/local/bundle/gems/activesupport-4.2.6/lib/active_support/core_ext/numeric/conversions.rb:131:in `block (2 levels) in <class:Numeric>'
/usr/local/bundle/gems/activesupport-4.2.6/lib/active_support/core_ext/numeric/conversions.rb:131:in `block (2 levels) in <class:Numeric>'
/usr/local/bundle/gems/activesupport-4.2.6/lib/active_support/core_ext/numeric/conversions.rb:131:in `block (2 levels) in <class:Numeric>'
/usr/local/bundle/gems/activesupport-4.2.6/lib/active_support/core_ext/numeric/conversions.rb:131:in `block (2 levels) in <class:Numeric>'
/usr/local/bundle/gems/activesupport-4.2.6/lib/active_support/core_ext/numeric/conversions.rb:131:in `block (2 levels) in <class:Numeric>'
/usr/local/bundle/gems/activesupport-4.2.6/lib/active_support/core_ext/numeric/conversions.rb:131:in `block (2 levels) in <class:Numeric>'
/usr/local/bundle/gems/activesupport-4.2.6/lib/active_support/core_ext/numeric/conversions.rb:131:in `block (2 levels) in <class:Numeric>'
/usr/local/bundle/gems/activesupport-4.2.6/lib/active_support/core_ext/numeric/conversions.rb:131:in `block (2 levels) in <class:Numeric>'
/usr/local/bundle/gems/activesupport-4.2.6/lib/active_support/core_ext/numeric/conversions.rb:131:in `block (2 levels) in <class:Numeric>'
/usr/local/bundle/gems/activesupport-4.2.6/lib/active_support/core_ext/numeric/conversions.rb:131:in `block (2 levels) in <class:Numeric>'
/usr/local/bundle/gems/activesupport-4.2.6/lib/active_support/core_ext/numeric/conversions.rb:131:in `block (2 levels) in <class:Numeric>'
/usr/local/bundle/gems/activesupport-4.2.6/lib/active_support/core_ext/numeric/conversions.rb:131:in `block (2 levels) in <class:Numeric>'
/usr/local/bundle/gems/activesupport-4.2.6/lib/active_support/core_ext/numeric/conversions.rb:131:in `block (2 levels) in <class:Numeric>'
/usr/local/bundle/gems/activesupport-4.2.6/lib/active_support/core_ext/numeric/conversions.rb:131:in `block (2 levels) in <class:Numeric>'
/usr/local/bundle/gems/activesupport-4.2.6/lib/active_support/core_ext/numeric/conversions.rb:131:in `block (2 levels) in <class:Numeric>'
/usr/local/bundle/gems/activesupport-4.2.6/lib/active_support/core_ext/numeric/conversions.rb:131:in `block (2 levels) in <class:Numeric>'
/usr/local/bundle/gems/activesupport-4.2.6/lib/active_support/core_ext/numeric/conversions.rb:131:in `block (2 levels) in <class:Numeric>'
/usr/local/bundle/gems/activesupport-4.2.6/lib/active_support/core_ext/numeric/conversions.rb:131:in `block (2 levels) in <class:Numeric>'
/usr/local/bundle/gems/activesupport-4.2.6/lib/active_support/core_ext/numeric/conversions.rb:131:in `block (2 levels) in <class:Numeric>'
/usr/local/bundle/gems/activesupport-4.2.6/lib/active_support/core_ext/numeric/conversions.rb:131:in `block (2 levels) in <class:Numeric>'
/usr/local/bundle/gems/activesupport-4.2.6/lib/active_support/core_ext/numeric/conversions.rb:131:in `block (2 levels) in <class:Numeric>'
/usr/local/bundle/gems/activesupport-4.2.6/lib/active_support/core_ext/numeric/conversions.rb:131:in `block (2 levels) in <class:Numeric>'
/usr/local/bundle/gems/activesupport-4.2.6/lib/active_support/core_ext/numeric/conversions.rb:131:in `block (2 levels) in <class:Numeric>'
/usr/local/bundle/gems/activesupport-4.2.6/lib/active_support/core_ext/numeric/conversions.rb:131:in `block (2 levels) in <class:Numeric>'
/usr/local/bundle/gems/activesupport-4.2.6/lib/active_support/core_ext/numeric/conversions.rb:131:in `block (2 levels) in <class:Numeric>'
/usr/local/bundle/gems/activesupport-4.2.6/lib/active_support/core_ext/numeric/conversions.rb:131:in `block (2 levels) in <class:Numeric>'
/usr/local/bundle/gems/activesupport-4.2.6/lib/active_support/core_ext/numeric/conversions.rb:131:in `block (2 levels) in <class:Numeric>'
/usr/local/bundle/gems/activesupport-4.2.6/lib/active_support/core_ext/numeric/conversions.rb:131:in `block (2 levels) in <class:Numeric>'
/usr/local/bundle/gems/activesupport-4.2.6/lib/active_support/core_ext/numeric/conversions.rb:131:in `block (2 levels) in <class:Numeric>'
/usr/local/bundle/gems/activesupport-4.2.6/lib/active_support/core_ext/numeric/conversions.rb:131:in `block (2 levels) in <class:Numeric>'
/usr/local/bundle/gems/activesupport-4.2.6/lib/active_support/core_ext/numeric/conversions.rb:131:in `block (2 levels) in <class:Numeric>'
/usr/local/bundle/gems/activesupport-4.2.6/lib/active_support/core_ext/numeric/conversions.rb:131:in `block (2 levels) in <class:Numeric>'
/usr/local/bundle/gems/activesupport-4.2.6/lib/active_support/core_ext/numeric/conversions.rb:131:in `block (2 levels) in <class:Numeric>'
/usr/local/bundle/gems/activesupport-4.2.6/lib/active_support/core_ext/numeric/conversions.rb:131:in `block (2 levels) in <class:Numeric>'
/usr/local/bundle/gems/activesupport-4.2.6/lib/active_support/core_ext/numeric/conversions.rb:131:in `block (2 levels) in <class:Numeric>'
/usr/local/bundle/gems/activesupport-4.2.6/lib/active_support/core_ext/numeric/conversions.rb:131:in `block (2 levels) in <class:Numeric>'
/usr/local/bundle/gems/activesupport-4.2.6/lib/active_support/core_ext/numeric/conversions.rb:131:in `block (2 levels) in <class:Numeric>'
/usr/local/bundle/gems/activesupport-4.2.6/lib/active_support/core_ext/numeric/conversions.rb:131:in `block (2 levels) in <class:Numeric>'
/usr/local/bundle/gems/activesupport-4.2.6/lib/active_support/core_ext/numeric/conversions.rb:131:in `block (2 levels) in <class:Numeric>'
/usr/local/bundle/gems/activesupport-4.2.6/lib/active_support/core_ext/numeric/conversions.rb:131:in `block (2 levels) in <class:Numeric>'
/usr/local/bundle/gems/activesupport-4.2.6/lib/active_support/core_ext/numeric/conversions.rb:131:in `block (2 levels) in <class:Numeric>'
/usr/local/bundle/gems/activesupport-4.2.6/lib/active_support/core_ext/numeric/conversions.rb:131:in `block (2 levels) in <class:Numeric>'
/usr/local/bundle/gems/activesupport-4.2.6/lib/active_support/core_ext/numeric/conversions.rb:131:in `block (2 levels) in <class:Numeric>'
/usr/local/bundle/gems/activesupport-4.2.6/lib/active_support/core_ext/numeric/conversions.rb:131:in `block (2 levels) in <class:Numeric>'
/usr/local/bundle/gems/activesupport-4.2.6/lib/active_support/core_ext/numeric/conversions.rb:131:in `block (2 levels) in <class:Numeric>'
/usr/local/bundle/gems/activesupport-4.2.6/lib/active_support/core_ext/numeric/conversions.rb:131:in `block (2 levels) in <class:Numeric>'
/usr/local/bundle/gems/activesupport-4.2.6/lib/active_support/core_ext/numeric/conversions.rb:131:in `block (2 levels) in <class:Numeric>'
/usr/local/bundle/gems/activesupport-4.2.6/lib/active_support/core_ext/numeric/conversions.rb:131:in `block (2 levels) in <class:Numeric>'
/usr/local/bundle/gems/activesupport-4.2.6/lib/active_support/core_ext/numeric/conversions.rb:131:in `block (2 levels) in <class:Numeric>'
/usr/local/bundle/gems/activesupport-4.2.6/lib/active_support/core_ext/numeric/conversions.rb:131:in `block (2 levels) in <class:Numeric>'
/usr/local/bundle/gems/activesupport-4.2.6/lib/active_support/core_ext/numeric/conversions.rb:131:in `block (2 levels) in <class:Numeric>'
/usr/local/bundle/gems/activesupport-4.2.6/lib/active_support/core_ext/numeric/conversions.rb:131:in `block (2 levels) in <class:Numeric>'
/usr/local/bundle/gems/activesupport-4.2.6/lib/active_support/core_ext/numeric/conversions.rb:131:in `block (2 levels) in <class:Numeric>'
/usr/local/bundle/gems/activesupport-4.2.6/lib/active_support/core_ext/numeric/conversions.rb:131:in `block (2 levels) in <class:Numeric>'
/usr/local/bundle/gems/activesupport-4.2.6/lib/active_support/core_ext/numeric/conversions.rb:131:in `block (2 levels) in <class:Numeric>'
/usr/local/bundle/gems/activesupport-4.2.6/lib/active_support/core_ext/numeric/conversions.rb:131:in `block (2 levels) in <class:Numeric>'
/usr/local/bundle/gems/activesupport-4.2.6/lib/active_support/core_ext/numeric/conversions.rb:131:in `block (2 levels) in <class:Numeric>'
/usr/local/bundle/gems/activesupport-4.2.6/lib/active_support/core_ext/numeric/conversions.rb:131:in `block (2 levels) in <class:Numeric>'
/usr/local/bundle/gems/activesupport-4.2.6/lib/active_support/core_ext/numeric/conversions.rb:131:in `block (2 levels) in <class:Numeric>'
/usr/local/bundle/gems/activesupport-4.2.6/lib/active_support/core_ext/numeric/conversions.rb:131:in `block (2 levels) in <class:Numeric>'
/usr/local/bundle/gems/activesupport-4.2.6/lib/active_support/core_ext/numeric/conversions.rb:131:in `block (2 levels) in <class:Numeric>'
/usr/local/bundle/gems/activesupport-4.2.6/lib/active_support/core_ext/numeric/conversions.rb:131:in `block (2 levels) in <class:Numeric>'
/usr/local/bundle/gems/activesupport-4.2.6/lib/active_support/core_ext/numeric/conversions.rb:131:in `block (2 levels) in <class:Numeric>'
/usr/local/bundle/gems/activesupport-4.2.6/lib/active_support/core_ext/numeric/conversions.rb:131:in `block (2 levels) in <class:Numeric>'
/usr/local/bundle/gems/activesupport-4.2.6/lib/active_support/core_ext/numeric/conversions.rb:131:in `block (2 levels) in <class:Numeric>'
/usr/local/bundle/gems/activesupport-4.2.6/lib/active_support/core_ext/numeric/conversions.rb:131:in `block (2 levels) in <class:Numeric>'
/usr/local/bundle/gems/activesupport-4.2.6/lib/active_support/core_ext/numeric/conversions.rb:131:in `block (2 levels) in <class:Numeric>'
/usr/local/bundle/gems/activesupport-4.2.6/lib/active_support/core_ext/numeric/conversions.rb:131:in `block (2 levels) in <class:Numeric>'
/usr/local/bundle/gems/activesupport-4.2.6/lib/active_support/core_ext/numeric/conversions.rb:131:in `block (2 levels) in <class:Numeric>'
/usr/local/bundle/gems/activesupport-4.2.6/lib/active_support/core_ext/numeric/conversions.rb:131:in `block (2 levels) in <class:Numeric>'
/usr/local/bundle/gems/activesupport-4.2.6/lib/active_support/core_ext/numeric/conversions.rb:131:in `block (2 levels) in <class:Numeric>'
/usr/local/bundle/gems/activesupport-4.2.6/lib/active_support/core_ext/numeric/conversions.rb:131:in `block (2 levels) in <class:Numeric>'
/usr/local/bundle/gems/activesupport-4.2.6/lib/active_support/core_ext/numeric/conversions.rb:131:in `block (2 levels) in <class:Numeric>'
/usr/local/bundle/gems/activesupport-4.2.6/lib/active_support/core_ext/numeric/conversions.rb:131:in `block (2 levels) in <class:Numeric>'
/usr/local/bundle/gems/activesupport-4.2.6/lib/active_support/core_ext/numeric/conversions.rb:131:in `block (2 levels) in <class:Numeric>'
/usr/local/bundle/gems/activesupport-4.2.6/lib/active_support/core_ext/numeric/conversions.rb:131:in `block (2 levels) in <class:Numeric>'
/usr/local/bundle/gems/activesupport-4.2.6/lib/active_support/core_ext/numeric/conversions.rb:131:in `block (2 levels) in <class:Numeric>'
/usr/local/bundle/gems/activesupport-4.2.6/lib/active_support/core_ext/numeric/conversions.rb:131:in `block (2 levels) in <class:Numeric>'
/usr/local/bundle/gems/activesupport-4.2.6/lib/active_support/core_ext/numeric/conversions.rb:131:in `block (2 levels) in <class:Numeric>'
/usr/local/bundle/gems/activesupport-4.2.6/lib/active_support/core_ext/numeric/conversions.rb:131:in `block (2 levels) in <class:Numeric>'
/usr/local/bundle/gems/activesupport-4.2.6/lib/active_support/core_ext/numeric/conversions.rb:131:in `block (2 levels) in <class:Numeric>'
/usr/local/bundle/gems/activesupport-4.2.6/lib/active_support/core_ext/numeric/conversions.rb:131:in `block (2 levels) in <class:Numeric>'
/usr/local/bundle/gems/activesupport-4.2.6/lib/active_support/core_ext/numeric/conversions.rb:131:in `block (2 levels) in <class:Numeric>'
/usr/local/bundle/gems/activesupport-4.2.6/lib/active_support/core_ext/numeric/conversions.rb:131:in `block (2 levels) in <class:Numeric>'
/usr/local/bundle/gems/activesupport-4.2.6/lib/active_support/core_ext/numeric/conversions.rb:131:in `block (2 levels) in <class:Numeric>'
/usr/local/bundle/gems/activesupport-4.2.6/lib/active_support/core_ext/numeric/conversions.rb:131:in `block (2 levels) in <class:Numeric>'
/usr/local/bundle/gems/activesupport-4.2.6/lib/active_support/core_ext/numeric/conversions.rb:131:in `block (2 levels) in <class:Numeric>'
/usr/local/bundle/gems/activesupport-4.2.6/lib/active_support/core_ext/numeric/conversions.rb:131:in `block (2 levels) in <class:Numeric>'
/usr/local/bundle/gems/activesupport-4.2.6/lib/active_support/core_ext/numeric/conversions.rb:131:in `block (2 levels) in <class:Numeric>'
/usr/local/bundle/gems/activesupport-4.2.6/lib/active_support/core_ext/numeric/conversions.rb:131:in `block (2 levels) in <class:Numeric>'
/usr/local/bundle/gems/activesupport-4.2.6/lib/active_support/core_ext/numeric/conversions.rb:131:in `block (2 levels) in <class:Numeric>'
/usr/local/bundle/gems/activesupport-4.2.6/lib/active_support/core_ext/numeric/conversions.rb:131:in `block (2 levels) in <class:Numeric>'
/usr/local/bundle/gems/activesupport-4.2.6/lib/active_support/core_ext/numeric/conversions.rb:131:in `block (2 levels) in <class:Numeric>'
/usr/local/bundle/gems/activesupport-4.2.6/lib/active_support/core_ext/numeric/conversions.rb:131:in `block (2 levels) in <class:Numeric>'
/usr/local/bundle/gems/activesupport-4.2.6/lib/active_support/core_ext/numeric/conversions.rb:131:in `block (2 levels) in <class:Numeric>'
/usr/local/bundle/gems/activesupport-4.2.6/lib/active_support/core_ext/numeric/conversions.rb:131:in `block (2 levels) in <class:Numeric>'
/usr/local/bundle/gems/activesupport-4.2.6/lib/active_support/core_ext/numeric/conversions.rb:131:in `block (2 levels) in <class:Numeric>'
/usr/local/bundle/gems/activesupport-4.2.6/lib/active_support/core_ext/numeric/conversions.rb:131:in `block (2 levels) in <class:Numeric>'
/usr/local/bundle/gems/activesupport-4.2.6/lib/active_support/core_ext/numeric/conversions.rb:131:in `block (2 levels) in <class:Numeric>'
/usr/local/bundle/gems/activesupport-4.2.6/lib/active_support/core_ext/numeric/conversions.rb:131:in `block (2 levels) in <class:Numeric>'
/usr/local/bundle/gems/activesupport-4.2.6/lib/active_support/core_ext/numeric/conversions.rb:131:in `block (2 levels) in <class:Numeric>'
/usr/local/bundle/gems/activesupport-4.2.6/lib/active_support/core_ext/numeric/conversions.rb:131:in `block (2 levels) in <class:Numeric>'
/usr/local/bundle/gems/activesupport-4.2.6/lib/active_support/core_ext/numeric/conversions.rb:131:in `block (2 levels) in <class:Numeric>'
/usr/local/bundle/gems/activesupport-4.2.6/lib/active_support/core_ext/numeric/conversions.rb:131:in `block (2 levels) in <class:Numeric>'
/usr/local/bundle/gems/activesupport-4.2.6/lib/active_support/core_ext/numeric/conversions.rb:131:in `block (2 levels) in <class:Numeric>'
/usr/local/bundle/gems/activesupport-4.2.6/lib/active_support/core_ext/numeric/conversions.rb:131:in `block (2 levels) in <class:Numeric>'
/usr/local/bundle/gems/activesupport-4.2.6/lib/active_support/core_ext/numeric/conversions.rb:131:in `block (2 levels) in <class:Numeric>'
/usr/local/bundle/gems/activesupport-4.2.6/lib/active_support/core_ext/numeric/conversions.rb:131:in `block (2 levels) in <class:Numeric>'
/usr/local/bundle/gems/activesupport-4.2.6/lib/active_support/core_ext/numeric/conversions.rb:131:in `block (2 levels) in <class:Numeric>'
/usr/local/bundle/gems/activesupport-4.2.6/lib/active_support/core_ext/numeric/conversions.rb:131:in `block (2 levels) in <class:Numeric>'
/usr/local/bundle/gems/activesupport-4.2.6/lib/active_support/core_ext/numeric/conversions.rb:131:in `block (2 levels) in <class:Numeric>'
/usr/local/bundle/gems/activesupport-4.2.6/lib/active_support/core_ext/numeric/conversions.rb:131:in `block (2 levels) in <class:Numeric>'
/usr/local/bundle/gems/activesupport-4.2.6/lib/active_support/core_ext/numeric/conversions.rb:131:in `block (2 levels) in <class:Numeric>'
/usr/local/bundle/gems/activesupport-4.2.6/lib/active_support/core_ext/numeric/conversions.rb:131:in `block (2 levels) in <class:Numeric>'
/usr/local/bundle/gems/activesupport-4.2.6/lib/active_support/core_ext/numeric/conversions.rb:131:in `block (2 levels) in <class:Numeric>'
/usr/local/bundle/gems/activesupport-4.2.6/lib/active_support/core_ext/numeric/conversions.rb:131:in `block (2 levels) in <class:Numeric>'
/usr/local/bundle/gems/activesupport-4.2.6/lib/active_support/core_ext/numeric/conversions.rb:131:in `block (2 levels) in <class:Numeric>'
/usr/local/bundle/gems/activesupport-4.2.6/lib/active_support/core_ext/numeric/conversions.rb:131:in `block (2 levels) in <class:Numeric>'
/usr/local/bundle/gems/activesupport-4.2.6/lib/active_support/core_ext/numeric/conversions.rb:131:in `block (2 levels) in <class:Numeric>'
/usr/local/bundle/gems/activesupport-4.2.6/lib/active_support/core_ext/numeric/conversions.rb:131:in `block (2 levels) in <class:Numeric>'
/usr/local/bundle/gems/activesupport-4.2.6/lib/active_support/core_ext/numeric/conversions.rb:131:in `block (2 levels) in <class:Numeric>'
/usr/local/bundle/gems/activesupport-4.2.6/lib/active_support/core_ext/numeric/conversions.rb:131:in `block (2 levels) in <class:Numeric>'
/usr/local/bundle/gems/activesupport-4.2.6/lib/active_support/core_ext/numeric/conversions.rb:131:in `block (2 levels) in <class:Numeric>'
/usr/local/bundle/gems/activesupport-4.2.6/lib/active_support/core_ext/numeric/conversions.rb:131:in `block (2 levels) in <class:Numeric>'
/usr/local/bundle/gems/activesupport-4.2.6/lib/active_support/core_ext/numeric/conversions.rb:131:in `block (2 levels) in <class:Numeric>'
/usr/local/bundle/gems/activesupport-4.2.6/lib/active_support/core_ext/numeric/conversions.rb:131:in `block (2 levels) in <class:Numeric>'
/usr/local/bundle/gems/activesupport-4.2.6/lib/active_support/core_ext/numeric/conversions.rb:131:in `block (2 levels) in <class:Numeric>'
/usr/local/bundle/gems/activesupport-4.2.6/lib/active_support/core_ext/numeric/conversions.rb:131:in `block (2 levels) in <class:Numeric>'
/usr/local/bundle/gems/activesupport-4.2.6/lib/active_support/core_ext/numeric/conversions.rb:131:in `block (2 levels) in <class:Numeric>'
/usr/local/bundle/gems/activesupport-4.2.6/lib/active_support/core_ext/numeric/conversions.rb:131:in `block (2 levels) in <class:Numeric>'
/usr/local/bundle/gems/activesupport-4.2.6/lib/active_support/core_ext/numeric/conversions.rb:131:in `block (2 levels) in <class:Numeric>'
/usr/local/bundle/gems/activesupport-4.2.6/lib/active_support/core_ext/numeric/conversions.rb:131:in `block (2 levels) in <class:Numeric>'
/usr/local/bundle/gems/activesupport-4.2.6/lib/active_support/core_ext/numeric/conversions.rb:131:in `block (2 levels) in <class:Numeric>'
/usr/local/bundle/gems/activesupport-4.2.6/lib/active_support/core_ext/numeric/conversions.rb:131:in `block (2 levels) in <class:Numeric>'
/usr/local/bundle/gems/activesupport-4.2.6/lib/active_support/core_ext/numeric/conversions.rb:131:in `block (2 levels) in <class:Numeric>'
/usr/local/bundle/gems/activesupport-4.2.6/lib/active_support/core_ext/numeric/conversions.rb:131:in `block (2 levels) in <class:Numeric>'
/usr/local/bundle/gems/activesupport-4.2.6/lib/active_support/core_ext/numeric/conversions.rb:131:in `block (2 levels) in <class:Numeric>'
/usr/local/bundle/gems/activesupport-4.2.6/lib/active_support/core_ext/numeric/conversions.rb:131:in `block (2 levels) in <class:Numeric>'
/usr/local/bundle/gems/activesupport-4.2.6/lib/active_support/core_ext/numeric/conversions.rb:131:in `block (2 levels) in <class:Numeric>'
/usr/local/bundle/gems/activesupport-4.2.6/lib/active_support/core_ext/numeric/conversions.rb:131:in `block (2 levels) in <class:Numeric>'
/usr/local/bundle/gems/activesupport-4.2.6/lib/active_support/core_ext/numeric/conversions.rb:131:in `block (2 levels) in <class:Numeric>'
/usr/local/bundle/gems/activesupport-4.2.6/lib/active_support/core_ext/numeric/conversions.rb:131:in `block (2 levels) in <class:Numeric>'
/usr/local/bundle/gems/activesupport-4.2.6/lib/active_support/core_ext/numeric/conversions.rb:131:in `block (2 levels) in <class:Numeric>'
/usr/local/bundle/gems/activesupport-4.2.6/lib/active_support/core_ext/numeric/conversions.rb:131:in `block (2 levels) in <class:Numeric>'
/usr/local/bundle/gems/activesupport-4.2.6/lib/active_support/core_ext/numeric/conversions.rb:131:in `block (2 levels) in <class:Numeric>'
/usr/local/bundle/gems/activesupport-4.2.6/lib/active_support/core_ext/numeric/conversions.rb:131:in `block (2 levels) in <class:Numeric>'
/usr/local/bundle/gems/activesupport-4.2.6/lib/active_support/core_ext/numeric/conversions.rb:131:in `block (2 levels) in <class:Numeric>'
/usr/local/bundle/gems/activesupport-4.2.6/lib/active_support/core_ext/numeric/conversions.rb:131:in `block (2 levels) in <class:Numeric>'
/usr/local/bundle/gems/activesupport-4.2.6/lib/active_support/core_ext/numeric/conversions.rb:131:in `block (2 levels) in <class:Numeric>'
/usr/local/bundle/gems/activesupport-4.2.6/lib/active_support/core_ext/numeric/conversions.rb:131:in `block (2 levels) in <class:Numeric>'
/usr/local/bundle/gems/activesupport-4.2.6/lib/active_support/core_ext/numeric/conversions.rb:131:in `block (2 levels) in <class:Numeric>'
/usr/local/bundle/gems/activesupport-4.2.6/lib/active_support/core_ext/numeric/conversions.rb:131:in `block (2 levels) in <class:Numeric>'
/usr/local/bundle/gems/activesupport-4.2.6/lib/active_support/core_ext/numeric/conversions.rb:131:in `block (2 levels) in <class:Numeric>'
/usr/local/bundle/gems/activesupport-4.2.6/lib/active_support/core_ext/numeric/conversions.rb:131:in `block (2 levels) in <class:Numeric>'
/usr/local/bundle/gems/activesupport-4.2.6/lib/active_support/core_ext/numeric/conversions.rb:131:in `block (2 levels) in <class:Numeric>'
/usr/local/bundle/gems/activesupport-4.2.6/lib/active_support/core_ext/numeric/conversions.rb:131:in `block (2 levels) in <class:Numeric>'
/usr/local/bundle/gems/activesupport-4.2.6/lib/active_support/core_ext/numeric/conversions.rb:131:in `block (2 levels) in <class:Numeric>'
/usr/local/bundle/gems/activesupport-4.2.6/lib/active_support/core_ext/numeric/conversions.rb:131:in `block (2 levels) in <class:Numeric>'
/usr/local/bundle/gems/activesupport-4.2.6/lib/active_support/core_ext/numeric/conversions.rb:131:in `block (2 levels) in <class:Numeric>'
/usr/local/bundle/gems/activesupport-4.2.6/lib/active_support/core_ext/numeric/conversions.rb:131:in `block (2 levels) in <class:Numeric>'
/usr/local/bundle/gems/activesupport-4.2.6/lib/active_support/core_ext/numeric/conversions.rb:131:in `block (2 levels) in <class:Numeric>'
/usr/local/bundle/gems/activesupport-4.2.6/lib/active_support/core_ext/numeric/conversions.rb:131:in `block (2 levels) in <class:Numeric>'
/usr/local/bundle/gems/activesupport-4.2.6/lib/active_support/core_ext/numeric/conversions.rb:131:in `block (2 levels) in <class:Numeric>'
/usr/local/bundle/gems/activesupport-4.2.6/lib/active_support/core_ext/numeric/conversions.rb:131:in `block (2 levels) in <class:Numeric>'
/usr/local/bundle/gems/activesupport-4.2.6/lib/active_support/core_ext/numeric/conversions.rb:131:in `block (2 levels) in <class:Numeric>'
/usr/local/bundle/gems/activesupport-4.2.6/lib/active_support/core_ext/numeric/conversions.rb:131:in `block (2 levels) in <class:Numeric>'
/usr/local/bundle/gems/activesupport-4.2.6/lib/active_support/core_ext/numeric/conversions.rb:131:in `block (2 levels) in <class:Numeric>'
/usr/local/bundle/gems/activesupport-4.2.6/lib/active_support/core_ext/numeric/conversions.rb:131:in `block (2 levels) in <class:Numeric>'
/usr/local/bundle/gems/activesupport-4.2.6/lib/active_support/core_ext/numeric/conversions.rb:131:in `block (2 levels) in <class:Numeric>'
/usr/local/bundle/gems/activesupport-4.2.6/lib/active_support/core_ext/numeric/conversions.rb:131:in `block (2 levels) in <class:Numeric>'
/usr/local/bundle/gems/activesupport-4.2.6/lib/active_support/core_ext/numeric/conversions.rb:131:in `block (2 levels) in <class:Numeric>'
/usr/local/bundle/gems/activesupport-4.2.6/lib/active_support/core_ext/numeric/conversions.rb:131:in `block (2 levels) in <class:Numeric>'
/usr/local/bundle/gems/activesupport-4.2.6/lib/active_support/core_ext/numeric/conversions.rb:131:in `block (2 levels) in <class:Numeric>'
/usr/local/bundle/gems/activesupport-4.2.6/lib/active_support/core_ext/numeric/conversions.rb:131:in `block (2 levels) in <class:Numeric>'
/usr/local/bundle/gems/activesupport-4.2.6/lib/active_support/core_ext/numeric/conversions.rb:131:in `block (2 levels) in <class:Numeric>'
/usr/local/bundle/gems/activesupport-4.2.6/lib/active_support/core_ext/numeric/conversions.rb:131:in `block (2 levels) in <class:Numeric>'
/usr/local/bundle/gems/activesupport-4.2.6/lib/active_support/core_ext/numeric/conversions.rb:131:in `block (2 levels) in <class:Numeric>'
/usr/local/bundle/gems/activesupport-4.2.6/lib/active_support/core_ext/numeric/conversions.rb:131:in `block (2 levels) in <class:Numeric>'
/usr/local/bundle/gems/activesupport-4.2.6/lib/active_support/core_ext/numeric/conversions.rb:131:in `block (2 levels) in <class:Numeric>'
/usr/local/bundle/gems/activesupport-4.2.6/lib/active_support/core_ext/numeric/conversions.rb:131:in `block (2 levels) in <class:Numeric>'
/usr/local/bundle/gems/activesupport-4.2.6/lib/active_support/core_ext/numeric/conversions.rb:131:in `block (2 levels) in <class:Numeric>'
/usr/local/bundle/gems/activesupport-4.2.6/lib/active_support/core_ext/numeric/conversions.rb:131:in `block (2 levels) in <class:Numeric>'
/usr/local/bundle/gems/activesupport-4.2.6/lib/active_support/core_ext/numeric/conversions.rb:131:in `block (2 levels) in <class:Numeric>'
/usr/local/bundle/gems/activesupport-4.2.6/lib/active_support/core_ext/numeric/conversions.rb:131:in `block (2 levels) in <class:Numeric>'
/usr/local/bundle/gems/activesupport-4.2.6/lib/active_support/core_ext/numeric/conversions.rb:131:in `block (2 levels) in <class:Numeric>'
/usr/local/bundle/gems/activesupport-4.2.6/lib/active_support/core_ext/numeric/conversions.rb:131:in `block (2 levels) in <class:Numeric>'
/usr/local/bundle/gems/activesupport-4.2.6/lib/active_support/core_ext/numeric/conversions.rb:131:in `block (2 levels) in <class:Numeric>'
/usr/local/bundle/gems/activesupport-4.2.6/lib/active_support/core_ext/numeric/conversions.rb:131:in `block (2 levels) in <class:Numeric>'
/usr/local/bundle/gems/activesupport-4.2.6/lib/active_support/core_ext/numeric/conversions.rb:131:in `block (2 levels) in <class:Numeric>'
/usr/local/bundle/gems/activesupport-4.2.6/lib/active_support/core_ext/numeric/conversions.rb:131:in `block (2 levels) in <class:Numeric>'
/usr/local/bundle/gems/activesupport-4.2.6/lib/active_support/core_ext/numeric/conversions.rb:131:in `block (2 levels) in <class:Numeric>'
/usr/local/bundle/gems/activesupport-4.2.6/lib/active_support/core_ext/numeric/conversions.rb:131:in `block (2 levels) in <class:Numeric>'
/usr/local/bundle/gems/activesupport-4.2.6/lib/active_support/core_ext/numeric/conversions.rb:131:in `block (2 levels) in <class:Numeric>'
/usr/local/bundle/gems/activesupport-4.2.6/lib/active_support/core_ext/numeric/conversions.rb:131:in `block (2 levels) in <class:Numeric>'
/usr/local/bundle/gems/activesupport-4.2.6/lib/active_support/core_ext/numeric/conversions.rb:131:in `block (2 levels) in <class:Numeric>'
/usr/local/bundle/gems/activesupport-4.2.6/lib/active_support/core_ext/numeric/conversions.rb:131:in `block (2 levels) in <class:Numeric>'
/usr/local/bundle/gems/activesupport-4.2.6/lib/active_support/core_ext/numeric/conversions.rb:131:in `block (2 levels) in <class:Numeric>'
/usr/local/bundle/gems/activesupport-4.2.6/lib/active_support/core_ext/numeric/conversions.rb:131:in `block (2 levels) in <class:Numeric>'
/usr/local/bundle/gems/activesupport-4.2.6/lib/active_support/core_ext/numeric/conversions.rb:131:in `block (2 levels) in <class:Numeric>'
/usr/local/bundle/gems/activesupport-4.2.6/lib/active_support/core_ext/numeric/conversions.rb:131:in `block (2 levels) in <class:Numeric>'
/usr/local/bundle/gems/activesupport-4.2.6/lib/active_support/core_ext/numeric/conversions.rb:131:in `block (2 levels) in <class:Numeric>'
/usr/local/bundle/gems/activesupport-4.2.6/lib/active_support/core_ext/numeric/conversions.rb:131:in `block (2 levels) in <class:Numeric>'
/usr/local/bundle/gems/activesupport-4.2.6/lib/active_support/core_ext/numeric/conversions.rb:131:in `block (2 levels) in <class:Numeric>'
/usr/local/bundle/gems/activesupport-4.2.6/lib/active_support/core_ext/numeric/conversions.rb:131:in `block (2 levels) in <class:Numeric>'
/usr/local/bundle/gems/activesupport-4.2.6/lib/active_support/core_ext/numeric/conversions.rb:131:in `block (2 levels) in <class:Numeric>'
/usr/local/bundle/gems/activesupport-4.2.6/lib/active_support/core_ext/numeric/conversions.rb:131:in `block (2 levels) in <class:Numeric>'
/usr/local/bundle/gems/activesupport-4.2.6/lib/active_support/core_ext/numeric/conversions.rb:131:in `block (2 levels) in <class:Numeric>'
/usr/local/bundle/gems/activesupport-4.2.6/lib/active_support/core_ext/numeric/conversions.rb:131:in `block (2 levels) in <class:Numeric>'
/usr/local/bundle/gems/activesupport-4.2.6/lib/active_support/core_ext/numeric/conversions.rb:131:in `block (2 levels) in <class:Numeric>'
/usr/local/bundle/gems/activesupport-4.2.6/lib/active_support/core_ext/numeric/conversions.rb:131:in `block (2 levels) in <class:Numeric>'
/usr/local/bundle/gems/activesupport-4.2.6/lib/active_support/core_ext/numeric/conversions.rb:131:in `block (2 levels) in <class:Numeric>'
/usr/local/bundle/gems/activesupport-4.2.6/lib/active_support/core_ext/numeric/conversions.rb:131:in `block (2 levels) in <class:Numeric>'
/usr/local/bundle/gems/activesupport-4.2.6/lib/active_support/core_ext/numeric/conversions.rb:131:in `block (2 levels) in <class:Numeric>'
/usr/local/bundle/gems/activesupport-4.2.6/lib/active_support/core_ext/numeric/conversions.rb:131:in `block (2 levels) in <class:Numeric>'
/usr/local/bundle/gems/activesupport-4.2.6/lib/active_support/core_ext/numeric/conversions.rb:131:in `block (2 levels) in <class:Numeric>'
/usr/local/bundle/gems/activesupport-4.2.6/lib/active_support/core_ext/numeric/conversions.rb:131:in `block (2 levels) in <class:Numeric>'
/usr/local/bundle/gems/activesupport-4.2.6/lib/active_support/core_ext/numeric/conversions.rb:131:in `block (2 levels) in <class:Numeric>'
/usr/local/bundle/gems/activesupport-4.2.6/lib/active_support/core_ext/numeric/conversions.rb:131:in `block (2 levels) in <class:Numeric>'
/usr/local/bundle/gems/activesupport-4.2.6/lib/active_support/core_ext/numeric/conversions.rb:131:in `block (2 levels) in <class:Numeric>'
/usr/local/bundle/gems/activesupport-4.2.6/lib/active_support/core_ext/numeric/conversions.rb:131:in `block (2 levels) in <class:Numeric>'
/usr/local/bundle/gems/activesupport-4.2.6/lib/active_support/core_ext/numeric/conversions.rb:131:in `block (2 levels) in <class:Numeric>'
/usr/local/bundle/gems/activesupport-4.2.6/lib/active_support/core_ext/numeric/conversions.rb:131:in `block (2 levels) in <class:Numeric>'
/usr/local/bundle/gems/activesupport-4.2.6/lib/active_support/core_ext/numeric/conversions.rb:131:in `block (2 levels) in <class:Numeric>'
/usr/local/bundle/gems/activesupport-4.2.6/lib/active_support/core_ext/numeric/conversions.rb:131:in `block (2 levels) in <class:Numeric>'
/usr/local/bundle/gems/activesupport-4.2.6/lib/active_support/core_ext/numeric/conversions.rb:131:in `block (2 levels) in <class:Numeric>'
/usr/local/bundle/gems/activesupport-4.2.6/lib/active_support/core_ext/numeric/conversions.rb:131:in `block (2 levels) in <class:Numeric>'
/usr/local/bundle/gems/activesupport-4.2.6/lib/active_support/core_ext/numeric/conversions.rb:131:in `block (2 levels) in <class:Numeric>'
/usr/local/bundle/gems/activesupport-4.2.6/lib/active_support/core_ext/numeric/conversions.rb:131:in `block (2 levels) in <class:Numeric>'
/usr/local/bundle/gems/activesupport-4.2.6/lib/active_support/core_ext/numeric/conversions.rb:131:in `block (2 levels) in <class:Numeric>'
/usr/local/bundle/gems/activesupport-4.2.6/lib/active_support/core_ext/numeric/conversions.rb:131:in `block (2 levels) in <class:Numeric>'
/usr/local/bundle/gems/activesupport-4.2.6/lib/active_support/core_ext/numeric/conversions.rb:131:in `block (2 levels) in <class:Numeric>'
/usr/local/bundle/gems/activesupport-4.2.6/lib/active_support/core_ext/numeric/conversions.rb:131:in `block (2 levels) in <class:Numeric>'
/usr/local/bundle/gems/activesupport-4.2.6/lib/active_support/core_ext/numeric/conversions.rb:131:in `block (2 levels) in <class:Numeric>'
/usr/local/bundle/gems/activesupport-4.2.6/lib/active_support/core_ext/numeric/conversions.rb:131:in `block (2 levels) in <class:Numeric>'
/usr/local/bundle/gems/activesupport-4.2.6/lib/active_support/core_ext/numeric/conversions.rb:131:in `block (2 levels) in <class:Numeric>'
/usr/local/bundle/gems/activesupport-4.2.6/lib/active_support/core_ext/numeric/conversions.rb:131:in `block (2 levels) in <class:Numeric>'
/usr/local/bundle/gems/activesupport-4.2.6/lib/active_support/core_ext/numeric/conversions.rb:131:in `block (2 levels) in <class:Numeric>'
/usr/local/bundle/gems/activesupport-4.2.6/lib/active_support/core_ext/numeric/conversions.rb:131:in `block (2 levels) in <class:Numeric>'
/usr/local/bundle/gems/activesupport-4.2.6/lib/active_support/core_ext/numeric/conversions.rb:131:in `block (2 levels) in <class:Numeric>'
/usr/local/bundle/gems/activesupport-4.2.6/lib/active_support/core_ext/numeric/conversions.rb:131:in `block (2 levels) in <class:Numeric>'
/usr/local/bundle/gems/activesupport-4.2.6/lib/active_support/core_ext/numeric/conversions.rb:131:in `block (2 levels) in <class:Numeric>'
/usr/local/bundle/gems/activesupport-4.2.6/lib/active_support/core_ext/numeric/conversions.rb:131:in `block (2 levels) in <class:Numeric>'
/usr/local/bundle/gems/activesupport-4.2.6/lib/active_support/core_ext/numeric/conversions.rb:131:in `block (2 levels) in <class:Numeric>'
/usr/local/bundle/gems/activesupport-4.2.6/lib/active_support/core_ext/numeric/conversions.rb:131:in `block (2 levels) in <class:Numeric>'
/usr/local/bundle/gems/activesupport-4.2.6/lib/active_support/core_ext/numeric/conversions.rb:131:in `block (2 levels) in <class:Numeric>'
/usr/local/bundle/gems/activesupport-4.2.6/lib/active_support/core_ext/numeric/conversions.rb:131:in `block (2 levels) in <class:Numeric>'
/usr/local/bundle/gems/activesupport-4.2.6/lib/active_support/core_ext/numeric/conversions.rb:131:in `block (2 levels) in <class:Numeric>'
/usr/local/bundle/gems/activesupport-4.2.6/lib/active_support/core_ext/numeric/conversions.rb:131:in `block (2 levels) in <class:Numeric>'
/usr/local/bundle/gems/activesupport-4.2.6/lib/active_support/core_ext/numeric/conversions.rb:131:in `block (2 levels) in <class:Numeric>'
/usr/local/bundle/gems/activesupport-4.2.6/lib/active_support/core_ext/numeric/conversions.rb:131:in `block (2 levels) in <class:Numeric>'
/usr/local/bundle/gems/activesupport-4.2.6/lib/active_support/core_ext/numeric/conversions.rb:131:in `block (2 levels) in <class:Numeric>'
/usr/local/bundle/gems/activesupport-4.2.6/lib/active_support/core_ext/numeric/conversions.rb:131:in `block (2 levels) in <class:Numeric>'
/usr/local/bundle/gems/activesupport-4.2.6/lib/active_support/core_ext/numeric/conversions.rb:131:in `block (2 levels) in <class:Numeric>'
/usr/local/bundle/gems/activesupport-4.2.6/lib/active_support/core_ext/numeric/conversions.rb:131:in `block (2 levels) in <class:Numeric>'
/usr/local/bundle/gems/activesupport-4.2.6/lib/active_support/core_ext/numeric/conversions.rb:131:in `block (2 levels) in <class:Numeric>'
/usr/local/bundle/gems/activesupport-4.2.6/lib/active_support/core_ext/numeric/conversions.rb:131:in `block (2 levels) in <class:Numeric>'
/usr/local/bundle/gems/activesupport-4.2.6/lib/active_support/core_ext/numeric/conversions.rb:131:in `block (2 levels) in <class:Numeric>'
/usr/local/bundle/gems/activesupport-4.2.6/lib/active_support/core_ext/numeric/conversions.rb:131:in `block (2 levels) in <class:Numeric>'
/usr/local/bundle/gems/activesupport-4.2.6/lib/active_support/core_ext/numeric/conversions.rb:131:in `block (2 levels) in <class:Numeric>'
/usr/local/bundle/gems/activesupport-4.2.6/lib/active_support/core_ext/numeric/conversions.rb:131:in `block (2 levels) in <class:Numeric>'
/usr/local/bundle/gems/activesupport-4.2.6/lib/active_support/core_ext/numeric/conversions.rb:131:in `block (2 levels) in <class:Numeric>'
/usr/local/bundle/gems/activesupport-4.2.6/lib/active_support/core_ext/numeric/conversions.rb:131:in `block (2 levels) in <class:Numeric>'
/usr/local/bundle/gems/activesupport-4.2.6/lib/active_support/core_ext/numeric/conversions.rb:131:in `block (2 levels) in <class:Numeric>'
/usr/local/bundle/gems/activesupport-4.2.6/lib/active_support/core_ext/numeric/conversions.rb:131:in `block (2 levels) in <class:Numeric>'
/usr/local/bundle/gems/activesupport-4.2.6/lib/active_support/core_ext/numeric/conversions.rb:131:in `block (2 levels) in <class:Numeric>'
/usr/local/bundle/gems/activesupport-4.2.6/lib/active_support/core_ext/numeric/conversions.rb:131:in `block (2 levels) in <class:Numeric>'
/usr/local/bundle/gems/activesupport-4.2.6/lib/active_support/core_ext/numeric/conversions.rb:131:in `block (2 levels) in <class:Numeric>'
/usr/local/bundle/gems/activesupport-4.2.6/lib/active_support/core_ext/numeric/conversions.rb:131:in `block (2 levels) in <class:Numeric>'
/usr/local/bundle/gems/activesupport-4.2.6/lib/active_support/core_ext/numeric/conversions.rb:131:in `block (2 levels) in <class:Numeric>'
/usr/local/bundle/gems/activesupport-4.2.6/lib/active_support/core_ext/numeric/conversions.rb:131:in `block (2 levels) in <class:Numeric>'
/usr/local/bundle/gems/activesupport-4.2.6/lib/active_support/core_ext/numeric/conversions.rb:131:in `block (2 levels) in <class:Numeric>'
/usr/local/bundle/gems/activesupport-4.2.6/lib/active_support/core_ext/numeric/conversions.rb:131:in `block (2 levels) in <class:Numeric>'
/usr/local/bundle/gems/activesupport-4.2.6/lib/active_support/core_ext/numeric/conversions.rb:131:in `block (2 levels) in <class:Numeric>'
/usr/local/bundle/gems/activesupport-4.2.6/lib/active_support/core_ext/numeric/conversions.rb:131:in `block (2 levels) in <class:Numeric>'
/usr/local/bundle/gems/activesupport-4.2.6/lib/active_support/core_ext/numeric/conversions.rb:131:in `block (2 levels) in <class:Numeric>'
/usr/local/bundle/gems/activesupport-4.2.6/lib/active_support/core_ext/numeric/conversions.rb:131:in `block (2 levels) in <class:Numeric>'
/usr/local/bundle/gems/activesupport-4.2.6/lib/active_support/core_ext/numeric/conversions.rb:131:in `block (2 levels) in <class:Numeric>'
/usr/local/bundle/gems/activesupport-4.2.6/lib/active_support/core_ext/numeric/conversions.rb:131:in `block (2 levels) in <class:Numeric>'
/usr/local/bundle/gems/activesupport-4.2.6/lib/active_support/core_ext/numeric/conversions.rb:131:in `block (2 levels) in <class:Numeric>'
/usr/local/bundle/gems/activesupport-4.2.6/lib/active_support/core_ext/numeric/conversions.rb:131:in `block (2 levels) in <class:Numeric>'
/usr/local/bundle/gems/activesupport-4.2.6/lib/active_support/core_ext/numeric/conversions.rb:131:in `block (2 levels) in <class:Numeric>'
/usr/local/bundle/gems/activesupport-4.2.6/lib/active_support/core_ext/numeric/conversions.rb:131:in `block (2 levels) in <class:Numeric>'
/usr/local/bundle/gems/activesupport-4.2.6/lib/active_support/core_ext/numeric/conversions.rb:131:in `block (2 levels) in <class:Numeric>'
/usr/local/bundle/gems/activesupport-4.2.6/lib/active_support/core_ext/numeric/conversions.rb:131:in `block (2 levels) in <class:Numeric>'
/usr/local/bundle/gems/activesupport-4.2.6/lib/active_support/core_ext/numeric/conversions.rb:131:in `block (2 levels) in <class:Numeric>'
/usr/local/bundle/gems/activesupport-4.2.6/lib/active_support/core_ext/numeric/conversions.rb:131:in `block (2 levels) in <class:Numeric>'
/usr/local/bundle/gems/activesupport-4.2.6/lib/active_support/core_ext/numeric/conversions.rb:131:in `block (2 levels) in <class:Numeric>'
/usr/local/bundle/gems/activesupport-4.2.6/lib/active_support/core_ext/numeric/conversions.rb:131:in `block (2 levels) in <class:Numeric>'
/usr/local/bundle/gems/activesupport-4.2.6/lib/active_support/core_ext/numeric/conversions.rb:131:in `block (2 levels) in <class:Numeric>'
/usr/local/bundle/gems/activesupport-4.2.6/lib/active_support/core_ext/numeric/conversions.rb:131:in `block (2 levels) in <class:Numeric>'
/usr/local/bundle/gems/activesupport-4.2.6/lib/active_support/core_ext/numeric/conversions.rb:131:in `block (2 levels) in <class:Numeric>'
/usr/local/bundle/gems/activesupport-4.2.6/lib/active_support/core_ext/numeric/conversions.rb:131:in `block (2 levels) in <class:Numeric>'
/usr/local/bundle/gems/activesupport-4.2.6/lib/active_support/core_ext/numeric/conversions.rb:131:in `block (2 levels) in <class:Numeric>'
/usr/local/bundle/gems/activesupport-4.2.6/lib/active_support/core_ext/numeric/conversions.rb:131:in `block (2 levels) in <class:Numeric>'
/usr/local/bundle/gems/activesupport-4.2.6/lib/active_support/core_ext/numeric/conversions.rb:131:in `block (2 levels) in <class:Numeric>'
/usr/local/bundle/gems/activesupport-4.2.6/lib/active_support/core_ext/numeric/conversions.rb:131:in `block (2 levels) in <class:Numeric>'
/usr/local/bundle/gems/activesupport-4.2.6/lib/active_support/core_ext/numeric/conversions.rb:131:in `block (2 levels) in <class:Numeric>'
/usr/local/bundle/gems/activesupport-4.2.6/lib/active_support/core_ext/numeric/conversions.rb:131:in `block (2 levels) in <class:Numeric>'
/usr/local/bundle/gems/activesupport-4.2.6/lib/active_support/core_ext/numeric/conversions.rb:131:in `block (2 levels) in <class:Numeric>'
/usr/local/bundle/gems/activesupport-4.2.6/lib/active_support/core_ext/numeric/conversions.rb:131:in `block (2 levels) in <class:Numeric>'
/usr/local/bundle/gems/activesupport-4.2.6/lib/active_support/core_ext/numeric/conversions.rb:131:in `block (2 levels) in <class:Numeric>'
/usr/local/bundle/gems/activesupport-4.2.6/lib/active_support/core_ext/numeric/conversions.rb:131:in `block (2 levels) in <class:Numeric>'
/usr/local/bundle/gems/activesupport-4.2.6/lib/active_support/core_ext/numeric/conversions.rb:131:in `block (2 levels) in <class:Numeric>'
/usr/local/bundle/gems/activesupport-4.2.6/lib/active_support/core_ext/numeric/conversions.rb:131:in `block (2 levels) in <class:Numeric>'
/usr/local/bundle/gems/activesupport-4.2.6/lib/active_support/core_ext/numeric/conversions.rb:131:in `block (2 levels) in <class:Numeric>'
/usr/local/bundle/gems/activesupport-4.2.6/lib/active_support/core_ext/numeric/conversions.rb:131:in `block (2 levels) in <class:Numeric>'
/usr/local/bundle/gems/activesupport-4.2.6/lib/active_support/core_ext/numeric/conversions.rb:131:in `block (2 levels) in <class:Numeric>'
/usr/local/bundle/gems/activesupport-4.2.6/lib/active_support/core_ext/numeric/conversions.rb:131:in `block (2 levels) in <class:Numeric>'
/usr/local/bundle/gems/activesupport-4.2.6/lib/active_support/core_ext/numeric/conversions.rb:131:in `block (2 levels) in <class:Numeric>'
/usr/local/bundle/gems/activesupport-4.2.6/lib/active_support/core_ext/numeric/conversions.rb:131:in `block (2 levels) in <class:Numeric>'
/usr/local/bundle/gems/activesupport-4.2.6/lib/active_support/core_ext/numeric/conversions.rb:131:in `block (2 levels) in <class:Numeric>'
/usr/local/bundle/gems/activesupport-4.2.6/lib/active_support/core_ext/numeric/conversions.rb:131:in `block (2 levels) in <class:Numeric>'
/usr/local/bundle/gems/activesupport-4.2.6/lib/active_support/core_ext/numeric/conversions.rb:131:in `block (2 levels) in <class:Numeric>'
/usr/local/bundle/gems/activesupport-4.2.6/lib/active_support/core_ext/numeric/conversions.rb:131:in `block (2 levels) in <class:Numeric>'
/usr/local/bundle/gems/activesupport-4.2.6/lib/active_support/core_ext/numeric/conversions.rb:131:in `block (2 levels) in <class:Numeric>'
/usr/local/bundle/gems/activesupport-4.2.6/lib/active_support/core_ext/numeric/conversions.rb:131:in `block (2 levels) in <class:Numeric>'
/usr/local/bundle/gems/activesupport-4.2.6/lib/active_support/core_ext/numeric/conversions.rb:131:in `block (2 levels) in <class:Numeric>'
/usr/local/bundle/gems/activesupport-4.2.6/lib/active_support/core_ext/numeric/conversions.rb:131:in `block (2 levels) in <class:Numeric>'
/usr/local/bundle/gems/activesupport-4.2.6/lib/active_support/core_ext/numeric/conversions.rb:131:in `block (2 levels) in <class:Numeric>'
/usr/local/bundle/gems/activesupport-4.2.6/lib/active_support/core_ext/numeric/conversions.rb:131:in `block (2 levels) in <class:Numeric>'
/usr/local/bundle/gems/activesupport-4.2.6/lib/active_support/core_ext/numeric/conversions.rb:131:in `block (2 levels) in <class:Numeric>'
/usr/local/bundle/gems/activesupport-4.2.6/lib/active_support/core_ext/numeric/conversions.rb:131:in `block (2 levels) in <class:Numeric>'
/usr/local/bundle/gems/activesupport-4.2.6/lib/active_support/core_ext/numeric/conversions.rb:131:in `block (2 levels) in <class:Numeric>'
/usr/local/bundle/gems/activesupport-4.2.6/lib/active_support/core_ext/numeric/conversions.rb:131:in `block (2 levels) in <class:Numeric>'
/usr/local/bundle/gems/activesupport-4.2.6/lib/active_support/core_ext/numeric/conversions.rb:131:in `block (2 levels) in <class:Numeric>'
/usr/local/bundle/gems/activesupport-4.2.6/lib/active_support/core_ext/numeric/conversions.rb:131:in `block (2 levels) in <class:Numeric>'
/usr/local/bundle/gems/activesupport-4.2.6/lib/active_support/core_ext/numeric/conversions.rb:131:in `block (2 levels) in <class:Numeric>'
/usr/local/bundle/gems/activesupport-4.2.6/lib/active_support/core_ext/numeric/conversions.rb:131:in `block (2 levels) in <class:Numeric>'
/usr/local/bundle/gems/activesupport-4.2.6/lib/active_support/core_ext/numeric/conversions.rb:131:in `block (2 levels) in <class:Numeric>'
/usr/local/bundle/gems/activesupport-4.2.6/lib/active_support/core_ext/numeric/conversions.rb:131:in `block (2 levels) in <class:Numeric>'
/usr/local/bundle/gems/activesupport-4.2.6/lib/active_support/core_ext/numeric/conversions.rb:131:in `block (2 levels) in <class:Numeric>'
/usr/local/bundle/gems/activesupport-4.2.6/lib/active_support/core_ext/numeric/conversions.rb:131:in `block (2 levels) in <class:Numeric>'
/usr/local/bundle/gems/activesupport-4.2.6/lib/active_support/core_ext/numeric/conversions.rb:131:in `block (2 levels) in <class:Numeric>'
/usr/local/bundle/gems/activesupport-4.2.6/lib/active_support/core_ext/numeric/conversions.rb:131:in `block (2 levels) in <class:Numeric>'
/usr/local/bundle/gems/activesupport-4.2.6/lib/active_support/core_ext/numeric/conversions.rb:131:in `block (2 levels) in <class:Numeric>'
/usr/local/bundle/gems/activesupport-4.2.6/lib/active_support/core_ext/numeric/conversions.rb:131:in `block (2 levels) in <class:Numeric>'
/usr/local/bundle/gems/activesupport-4.2.6/lib/active_support/core_ext/numeric/conversions.rb:131:in `block (2 levels) in <class:Numeric>'
/usr/local/bundle/gems/activesupport-4.2.6/lib/active_support/core_ext/numeric/conversions.rb:131:in `block (2 levels) in <class:Numeric>'
/usr/local/bundle/gems/activesupport-4.2.6/lib/active_support/core_ext/numeric/conversions.rb:131:in `block (2 levels) in <class:Numeric>'
/usr/local/bundle/gems/activesupport-4.2.6/lib/active_support/core_ext/numeric/conversions.rb:131:in `block (2 levels) in <class:Numeric>'
/usr/local/bundle/gems/activesupport-4.2.6/lib/active_support/core_ext/numeric/conversions.rb:131:in `block (2 levels) in <class:Numeric>'
/usr/local/bundle/gems/activesupport-4.2.6/lib/active_support/core_ext/numeric/conversions.rb:131:in `block (2 levels) in <class:Numeric>'
/usr/local/bundle/gems/activesupport-4.2.6/lib/active_support/core_ext/numeric/conversions.rb:131:in `block (2 levels) in <class:Numeric>'
/usr/local/bundle/gems/activesupport-4.2.6/lib/active_support/core_ext/numeric/conversions.rb:131:in `block (2 levels) in <class:Numeric>'
/usr/local/bundle/gems/activesupport-4.2.6/lib/active_support/core_ext/numeric/conversions.rb:131:in `block (2 levels) in <class:Numeric>'
/usr/local/bundle/gems/activesupport-4.2.6/lib/active_support/core_ext/numeric/conversions.rb:131:in `block (2 levels) in <class:Numeric>'
/usr/local/bundle/gems/activesupport-4.2.6/lib/active_support/core_ext/numeric/conversions.rb:131:in `block (2 levels) in <class:Numeric>'
/usr/local/bundle/gems/activesupport-4.2.6/lib/active_support/core_ext/numeric/conversions.rb:131:in `block (2 levels) in <class:Numeric>'
/usr/local/bundle/gems/activesupport-4.2.6/lib/active_support/core_ext/numeric/conversions.rb:131:in `block (2 levels) in <class:Numeric>'
/usr/local/bundle/gems/activesupport-4.2.6/lib/active_support/core_ext/numeric/conversions.rb:131:in `block (2 levels) in <class:Numeric>'
/usr/local/bundle/gems/activesupport-4.2.6/lib/active_support/core_ext/numeric/conversions.rb:131:in `block (2 levels) in <class:Numeric>'
/usr/local/bundle/gems/activesupport-4.2.6/lib/active_support/core_ext/numeric/conversions.rb:131:in `block (2 levels) in <class:Numeric>'
/usr/local/bundle/gems/activesupport-4.2.6/lib/active_support/core_ext/numeric/conversions.rb:131:in `block (2 levels) in <class:Numeric>'
/usr/local/bundle/gems/activesupport-4.2.6/lib/active_support/core_ext/numeric/conversions.rb:131:in `block (2 levels) in <class:Numeric>'
/usr/local/bundle/gems/activesupport-4.2.6/lib/active_support/core_ext/numeric/conversions.rb:131:in `block (2 levels) in <class:Numeric>'
/usr/local/bundle/gems/activesupport-4.2.6/lib/active_support/core_ext/numeric/conversions.rb:131:in `block (2 levels) in <class:Numeric>'
/usr/local/bundle/gems/activesupport-4.2.6/lib/active_support/core_ext/numeric/conversions.rb:131:in `block (2 levels) in <class:Numeric>'
/usr/local/bundle/gems/activesupport-4.2.6/lib/active_support/core_ext/numeric/conversions.rb:131:in `block (2 levels) in <class:Numeric>'
/usr/local/bundle/gems/activesupport-4.2.6/lib/active_support/core_ext/numeric/conversions.rb:131:in `block (2 levels) in <class:Numeric>'
/usr/local/bundle/gems/activesupport-4.2.6/lib/active_support/core_ext/numeric/conversions.rb:131:in `block (2 levels) in <class:Numeric>'
/usr/local/bundle/gems/activesupport-4.2.6/lib/active_support/core_ext/numeric/conversions.rb:131:in `block (2 levels) in <class:Numeric>'
/usr/local/bundle/gems/activesupport-4.2.6/lib/active_support/core_ext/numeric/conversions.rb:131:in `block (2 levels) in <class:Numeric>'
/usr/local/bundle/gems/activesupport-4.2.6/lib/active_support/core_ext/numeric/conversions.rb:131:in `block (2 levels) in <class:Numeric>'
/usr/local/bundle/gems/activesupport-4.2.6/lib/active_support/core_ext/numeric/conversions.rb:131:in `block (2 levels) in <class:Numeric>'
/usr/local/bundle/gems/activesupport-4.2.6/lib/active_support/core_ext/numeric/conversions.rb:131:in `block (2 levels) in <class:Numeric>'
/usr/local/bundle/gems/activesupport-4.2.6/lib/active_support/core_ext/numeric/conversions.rb:131:in `block (2 levels) in <class:Numeric>'
/usr/local/bundle/gems/activesupport-4.2.6/lib/active_support/core_ext/numeric/conversions.rb:131:in `block (2 levels) in <class:Numeric>'
/usr/local/bundle/gems/activesupport-4.2.6/lib/active_support/core_ext/numeric/conversions.rb:131:in `block (2 levels) in <class:Numeric>'
/usr/local/bundle/gems/activesupport-4.2.6/lib/active_support/core_ext/numeric/conversions.rb:131:in `block (2 levels) in <class:Numeric>'
/usr/local/bundle/gems/activesupport-4.2.6/lib/active_support/core_ext/numeric/conversions.rb:131:in `block (2 levels) in <class:Numeric>'
/usr/local/bundle/gems/activesupport-4.2.6/lib/active_support/core_ext/numeric/conversions.rb:131:in `block (2 levels) in <class:Numeric>'
/usr/local/bundle/gems/activesupport-4.2.6/lib/active_support/core_ext/numeric/conversions.rb:131:in `block (2 levels) in <class:Numeric>'
/usr/local/bundle/gems/activesupport-4.2.6/lib/active_support/core_ext/numeric/conversions.rb:131:in `block (2 levels) in <class:Numeric>'
/usr/local/bundle/gems/activesupport-4.2.6/lib/active_support/core_ext/numeric/conversions.rb:131:in `block (2 levels) in <class:Numeric>'
/usr/local/bundle/gems/activesupport-4.2.6/lib/active_support/core_ext/numeric/conversions.rb:131:in `block (2 levels) in <class:Numeric>'
/usr/local/bundle/gems/activesupport-4.2.6/lib/active_support/core_ext/numeric/conversions.rb:131:in `block (2 levels) in <class:Numeric>'
/usr/local/bundle/gems/activesupport-4.2.6/lib/active_support/core_ext/numeric/conversions.rb:131:in `block (2 levels) in <class:Numeric>'
/usr/local/bundle/gems/activesupport-4.2.6/lib/active_support/core_ext/numeric/conversions.rb:131:in `block (2 levels) in <class:Numeric>'
/usr/local/bundle/gems/activesupport-4.2.6/lib/active_support/core_ext/numeric/conversions.rb:131:in `block (2 levels) in <class:Numeric>'
/usr/local/bundle/gems/activesupport-4.2.6/lib/active_support/core_ext/numeric/conversions.rb:131:in `block (2 levels) in <class:Numeric>'
/usr/local/bundle/gems/activesupport-4.2.6/lib/active_support/core_ext/numeric/conversions.rb:131:in `block (2 levels) in <class:Numeric>'
/usr/local/bundle/gems/activesupport-4.2.6/lib/active_support/core_ext/numeric/conversions.rb:131:in `block (2 levels) in <class:Numeric>'
/usr/local/bundle/gems/activesupport-4.2.6/lib/active_support/core_ext/numeric/conversions.rb:131:in `block (2 levels) in <class:Numeric>'
/usr/local/bundle/gems/activesupport-4.2.6/lib/active_support/core_ext/numeric/conversions.rb:131:in `block (2 levels) in <class:Numeric>'
/usr/local/bundle/gems/activesupport-4.2.6/lib/active_support/core_ext/numeric/conversions.rb:131:in `block (2 levels) in <class:Numeric>'
/usr/local/bundle/gems/activesupport-4.2.6/lib/active_support/core_ext/numeric/conversions.rb:131:in `block (2 levels) in <class:Numeric>'
/usr/local/bundle/gems/activesupport-4.2.6/lib/active_support/core_ext/numeric/conversions.rb:131:in `block (2 levels) in <class:Numeric>'
/usr/local/bundle/gems/activesupport-4.2.6/lib/active_support/core_ext/numeric/conversions.rb:131:in `block (2 levels) in <class:Numeric>'
/usr/local/bundle/gems/activesupport-4.2.6/lib/active_support/core_ext/numeric/conversions.rb:131:in `block (2 levels) in <class:Numeric>'
/usr/local/bundle/gems/activesupport-4.2.6/lib/active_support/core_ext/numeric/conversions.rb:131:in `block (2 levels) in <class:Numeric>'
/usr/local/bundle/gems/activesupport-4.2.6/lib/active_support/core_ext/numeric/conversions.rb:131:in `block (2 levels) in <class:Numeric>'
/usr/local/bundle/gems/activesupport-4.2.6/lib/active_support/core_ext/numeric/conversions.rb:131:in `block (2 levels) in <class:Numeric>'
/usr/local/bundle/gems/activesupport-4.2.6/lib/active_support/core_ext/numeric/conversions.rb:131:in `block (2 levels) in <class:Numeric>'
/usr/local/bundle/gems/activesupport-4.2.6/lib/active_support/core_ext/numeric/conversions.rb:131:in `block (2 levels) in <class:Numeric>'
/usr/local/bundle/gems/activesupport-4.2.6/lib/active_support/core_ext/numeric/conversions.rb:131:in `block (2 levels) in <class:Numeric>'
/usr/local/bundle/gems/activesupport-4.2.6/lib/active_support/core_ext/numeric/conversions.rb:131:in `block (2 levels) in <class:Numeric>'
/usr/local/bundle/gems/activesupport-4.2.6/lib/active_support/core_ext/numeric/conversions.rb:131:in `block (2 levels) in <class:Numeric>'
/usr/local/bundle/gems/activesupport-4.2.6/lib/active_support/core_ext/numeric/conversions.rb:131:in `block (2 levels) in <class:Numeric>'
/usr/local/bundle/gems/activesupport-4.2.6/lib/active_support/core_ext/numeric/conversions.rb:131:in `block (2 levels) in <class:Numeric>'
/usr/local/bundle/gems/activesupport-4.2.6/lib/active_support/core_ext/numeric/conversions.rb:131:in `block (2 levels) in <class:Numeric>'
/usr/local/bundle/gems/activesupport-4.2.6/lib/active_support/core_ext/numeric/conversions.rb:131:in `block (2 levels) in <class:Numeric>'
/usr/local/bundle/gems/activesupport-4.2.6/lib/active_support/core_ext/numeric/conversions.rb:131:in `block (2 levels) in <class:Numeric>'
/usr/local/bundle/gems/activesupport-4.2.6/lib/active_support/core_ext/numeric/conversions.rb:131:in `block (2 levels) in <class:Numeric>'
/usr/local/bundle/gems/activesupport-4.2.6/lib/active_support/core_ext/numeric/conversions.rb:131:in `block (2 levels) in <class:Numeric>'
/usr/local/bundle/gems/activesupport-4.2.6/lib/active_support/core_ext/numeric/conversions.rb:131:in `block (2 levels) in <class:Numeric>'
/usr/local/bundle/gems/activesupport-4.2.6/lib/active_support/core_ext/numeric/conversions.rb:131:in `block (2 levels) in <class:Numeric>'
/usr/local/bundle/gems/activesupport-4.2.6/lib/active_support/core_ext/numeric/conversions.rb:131:in `block (2 levels) in <class:Numeric>'
/usr/local/bundle/gems/activesupport-4.2.6/lib/active_support/core_ext/numeric/conversions.rb:131:in `block (2 levels) in <class:Numeric>'
/usr/local/bundle/gems/activesupport-4.2.6/lib/active_support/core_ext/numeric/conversions.rb:131:in `block (2 levels) in <class:Numeric>'
/usr/local/bundle/gems/activesupport-4.2.6/lib/active_support/core_ext/numeric/conversions.rb:131:in `block (2 levels) in <class:Numeric>'
/usr/local/bundle/gems/activesupport-4.2.6/lib/active_support/core_ext/numeric/conversions.rb:131:in `block (2 levels) in <class:Numeric>'
/usr/local/bundle/gems/activesupport-4.2.6/lib/active_support/core_ext/numeric/conversions.rb:131:in `block (2 levels) in <class:Numeric>'
/usr/local/bundle/gems/activesupport-4.2.6/lib/active_support/core_ext/numeric/conversions.rb:131:in `block (2 levels) in <class:Numeric>'
/usr/local/bundle/gems/activesupport-4.2.6/lib/active_support/core_ext/numeric/conversions.rb:131:in `block (2 levels) in <class:Numeric>'
/usr/local/bundle/gems/activesupport-4.2.6/lib/active_support/core_ext/numeric/conversions.rb:131:in `block (2 levels) in <class:Numeric>'
/usr/local/bundle/gems/activesupport-4.2.6/lib/active_support/core_ext/numeric/conversions.rb:131:in `block (2 levels) in <class:Numeric>'
/usr/local/bundle/gems/activesupport-4.2.6/lib/active_support/core_ext/numeric/conversions.rb:131:in `block (2 levels) in <class:Numeric>'
/usr/local/bundle/gems/activesupport-4.2.6/lib/active_support/core_ext/numeric/conversions.rb:131:in `block (2 levels) in <class:Numeric>'
/usr/local/bundle/gems/activesupport-4.2.6/lib/active_support/core_ext/numeric/conversions.rb:131:in `block (2 levels) in <class:Numeric>'
/usr/local/bundle/gems/activesupport-4.2.6/lib/active_support/core_ext/numeric/conversions.rb:131:in `block (2 levels) in <class:Numeric>'
/usr/local/bundle/gems/activesupport-4.2.6/lib/active_support/core_ext/numeric/conversions.rb:131:in `block (2 levels) in <class:Numeric>'
/usr/local/bundle/gems/activesupport-4.2.6/lib/active_support/core_ext/numeric/conversions.rb:131:in `block (2 levels) in <class:Numeric>'
/usr/local/bundle/gems/activesupport-4.2.6/lib/active_support/core_ext/numeric/conversions.rb:131:in `block (2 levels) in <class:Numeric>'
/usr/local/bundle/gems/activesupport-4.2.6/lib/active_support/core_ext/numeric/conversions.rb:131:in `block (2 levels) in <class:Numeric>'
/usr/local/bundle/gems/activesupport-4.2.6/lib/active_support/core_ext/numeric/conversions.rb:131:in `block (2 levels) in <class:Numeric>'
/usr/local/bundle/gems/activesupport-4.2.6/lib/active_support/core_ext/numeric/conversions.rb:131:in `block (2 levels) in <class:Numeric>'
/usr/local/bundle/gems/activesupport-4.2.6/lib/active_support/core_ext/numeric/conversions.rb:131:in `block (2 levels) in <class:Numeric>'
/usr/local/bundle/gems/activesupport-4.2.6/lib/active_support/core_ext/numeric/conversions.rb:131:in `block (2 levels) in <class:Numeric>'
/usr/local/bundle/gems/activesupport-4.2.6/lib/active_support/core_ext/numeric/conversions.rb:131:in `block (2 levels) in <class:Numeric>'
/usr/local/bundle/gems/activesupport-4.2.6/lib/active_support/core_ext/numeric/conversions.rb:131:in `block (2 levels) in <class:Numeric>'
/usr/local/bundle/gems/activesupport-4.2.6/lib/active_support/core_ext/numeric/conversions.rb:131:in `block (2 levels) in <class:Numeric>'
/usr/local/bundle/gems/activesupport-4.2.6/lib/active_support/core_ext/numeric/conversions.rb:131:in `block (2 levels) in <class:Numeric>'
/usr/local/bundle/gems/activesupport-4.2.6/lib/active_support/core_ext/numeric/conversions.rb:131:in `block (2 levels) in <class:Numeric>'
/usr/local/bundle/gems/activesupport-4.2.6/lib/active_support/core_ext/numeric/conversions.rb:131:in `block (2 levels) in <class:Numeric>'
/usr/local/bundle/gems/activesupport-4.2.6/lib/active_support/core_ext/numeric/conversions.rb:131:in `block (2 levels) in <class:Numeric>'
/usr/local/bundle/gems/activesupport-4.2.6/lib/active_support/core_ext/numeric/conversions.rb:131:in `block (2 levels) in <class:Numeric>'
/usr/local/bundle/gems/activesupport-4.2.6/lib/active_support/core_ext/numeric/conversions.rb:131:in `block (2 levels) in <class:Numeric>'
/usr/local/bundle/gems/activesupport-4.2.6/lib/active_support/core_ext/numeric/conversions.rb:131:in `block (2 levels) in <class:Numeric>'
/usr/local/bundle/gems/activesupport-4.2.6/lib/active_support/core_ext/numeric/conversions.rb:131:in `block (2 levels) in <class:Numeric>'
/usr/local/bundle/gems/activesupport-4.2.6/lib/active_support/core_ext/numeric/conversions.rb:131:in `block (2 levels) in <class:Numeric>'
/usr/local/bundle/gems/activesupport-4.2.6/lib/active_support/core_ext/numeric/conversions.rb:131:in `block (2 levels) in <class:Numeric>'
/usr/local/bundle/gems/activesupport-4.2.6/lib/active_support/core_ext/numeric/conversions.rb:131:in `block (2 levels) in <class:Numeric>'
/usr/local/bundle/gems/activesupport-4.2.6/lib/active_support/core_ext/numeric/conversions.rb:131:in `block (2 levels) in <class:Numeric>'
/usr/local/bundle/gems/activesupport-4.2.6/lib/active_support/core_ext/numeric/conversions.rb:131:in `block (2 levels) in <class:Numeric>'
/usr/local/bundle/gems/activesupport-4.2.6/lib/active_support/core_ext/numeric/conversions.rb:131:in `block (2 levels) in <class:Numeric>'
/usr/local/bundle/gems/activesupport-4.2.6/lib/active_support/core_ext/numeric/conversions.rb:131:in `block (2 levels) in <class:Numeric>'
/usr/local/bundle/gems/activesupport-4.2.6/lib/active_support/core_ext/numeric/conversions.rb:131:in `block (2 levels) in <class:Numeric>'
/usr/local/bundle/gems/activesupport-4.2.6/lib/active_support/core_ext/numeric/conversions.rb:131:in `block (2 levels) in <class:Numeric>'
/usr/local/bundle/gems/activesupport-4.2.6/lib/active_support/core_ext/numeric/conversions.rb:131:in `block (2 levels) in <class:Numeric>'
/usr/local/bundle/gems/activesupport-4.2.6/lib/active_support/core_ext/numeric/conversions.rb:131:in `block (2 levels) in <class:Numeric>'
/usr/local/bundle/gems/activesupport-4.2.6/lib/active_support/core_ext/numeric/conversions.rb:131:in `block (2 levels) in <class:Numeric>'
/usr/local/bundle/gems/activesupport-4.2.6/lib/active_support/core_ext/numeric/conversions.rb:131:in `block (2 levels) in <class:Numeric>'
/usr/local/bundle/gems/activesupport-4.2.6/lib/active_support/core_ext/numeric/conversions.rb:131:in `block (2 levels) in <class:Numeric>'
/usr/local/bundle/gems/activesupport-4.2.6/lib/active_support/core_ext/numeric/conversions.rb:131:in `block (2 levels) in <class:Numeric>'
/usr/local/bundle/gems/activesupport-4.2.6/lib/active_support/core_ext/numeric/conversions.rb:131:in `block (2 levels) in <class:Numeric>'
/usr/local/bundle/gems/activesupport-4.2.6/lib/active_support/core_ext/numeric/conversions.rb:131:in `block (2 levels) in <class:Numeric>'
/usr/local/bundle/gems/activesupport-4.2.6/lib/active_support/core_ext/numeric/conversions.rb:131:in `block (2 levels) in <class:Numeric>'
/usr/local/bundle/gems/activesupport-4.2.6/lib/active_support/core_ext/numeric/conversions.rb:131:in `block (2 levels) in <class:Numeric>'
/usr/local/bundle/gems/activesupport-4.2.6/lib/active_support/core_ext/numeric/conversions.rb:131:in `block (2 levels) in <class:Numeric>'
/usr/local/bundle/gems/activesupport-4.2.6/lib/active_support/core_ext/numeric/conversions.rb:131:in `block (2 levels) in <class:Numeric>'
/usr/local/bundle/gems/activesupport-4.2.6/lib/active_support/core_ext/numeric/conversions.rb:131:in `block (2 levels) in <class:Numeric>'
/usr/local/bundle/gems/activesupport-4.2.6/lib/active_support/core_ext/numeric/conversions.rb:131:in `block (2 levels) in <class:Numeric>'
/usr/local/bundle/gems/activesupport-4.2.6/lib/active_support/core_ext/numeric/conversions.rb:131:in `block (2 levels) in <class:Numeric>'
/usr/local/bundle/gems/activesupport-4.2.6/lib/active_support/core_ext/numeric/conversions.rb:131:in `block (2 levels) in <class:Numeric>'
/usr/local/bundle/gems/activesupport-4.2.6/lib/active_support/core_ext/numeric/conversions.rb:131:in `block (2 levels) in <class:Numeric>'
/usr/local/bundle/gems/activesupport-4.2.6/lib/active_support/core_ext/numeric/conversions.rb:131:in `block (2 levels) in <class:Numeric>'
/usr/local/bundle/gems/activesupport-4.2.6/lib/active_support/core_ext/numeric/conversions.rb:131:in `block (2 levels) in <class:Numeric>'
/usr/local/bundle/gems/activesupport-4.2.6/lib/active_support/core_ext/numeric/conversions.rb:131:in `block (2 levels) in <class:Numeric>'
/usr/local/bundle/gems/activesupport-4.2.6/lib/active_support/core_ext/numeric/conversions.rb:131:in `block (2 levels) in <class:Numeric>'
/usr/local/bundle/gems/activesupport-4.2.6/lib/active_support/core_ext/numeric/conversions.rb:131:in `block (2 levels) in <class:Numeric>'
/usr/local/bundle/gems/activesupport-4.2.6/lib/active_support/core_ext/numeric/conversions.rb:131:in `block (2 levels) in <class:Numeric>'
/usr/local/bundle/gems/activesupport-4.2.6/lib/active_support/core_ext/numeric/conversions.rb:131:in `block (2 levels) in <class:Numeric>'
/usr/local/bundle/gems/activesupport-4.2.6/lib/active_support/core_ext/numeric/conversions.rb:131:in `block (2 levels) in <class:Numeric>'
/usr/local/bundle/gems/activesupport-4.2.6/lib/active_support/core_ext/numeric/conversions.rb:131:in `block (2 levels) in <class:Numeric>'
/usr/local/bundle/gems/activesupport-4.2.6/lib/active_support/core_ext/numeric/conversions.rb:131:in `block (2 levels) in <class:Numeric>'
/usr/local/bundle/gems/activesupport-4.2.6/lib/active_support/core_ext/numeric/conversions.rb:131:in `block (2 levels) in <class:Numeric>'
/usr/local/bundle/gems/activesupport-4.2.6/lib/active_support/core_ext/numeric/conversions.rb:131:in `block (2 levels) in <class:Numeric>'
/usr/local/bundle/gems/activesupport-4.2.6/lib/active_support/core_ext/numeric/conversions.rb:131:in `block (2 levels) in <class:Numeric>'
/usr/local/bundle/gems/activesupport-4.2.6/lib/active_support/core_ext/numeric/conversions.rb:131:in `block (2 levels) in <class:Numeric>'
/usr/local/bundle/gems/activesupport-4.2.6/lib/active_support/core_ext/numeric/conversions.rb:131:in `block (2 levels) in <class:Numeric>'
/usr/local/bundle/gems/activesupport-4.2.6/lib/active_support/core_ext/numeric/conversions.rb:131:in `block (2 levels) in <class:Numeric>'
/usr/local/bundle/gems/activesupport-4.2.6/lib/active_support/core_ext/numeric/conversions.rb:131:in `block (2 levels) in <class:Numeric>'
/usr/local/bundle/gems/activesupport-4.2.6/lib/active_support/core_ext/numeric/conversions.rb:131:in `block (2 levels) in <class:Numeric>'
/usr/local/bundle/gems/activesupport-4.2.6/lib/active_support/core_ext/numeric/conversions.rb:131:in `block (2 levels) in <class:Numeric>'
/usr/local/bundle/gems/activesupport-4.2.6/lib/active_support/core_ext/numeric/conversions.rb:131:in `block (2 levels) in <class:Numeric>'
/usr/local/bundle/gems/activesupport-4.2.6/lib/active_support/core_ext/numeric/conversions.rb:131:in `block (2 levels) in <class:Numeric>'
/usr/local/bundle/gems/activesupport-4.2.6/lib/active_support/core_ext/numeric/conversions.rb:131:in `block (2 levels) in <class:Numeric>'
/usr/local/bundle/gems/activesupport-4.2.6/lib/active_support/core_ext/numeric/conversions.rb:131:in `block (2 levels) in <class:Numeric>'
/usr/local/bundle/gems/activesupport-4.2.6/lib/active_support/core_ext/numeric/conversions.rb:131:in `block (2 levels) in <class:Numeric>'
/usr/local/bundle/gems/activesupport-4.2.6/lib/active_support/core_ext/numeric/conversions.rb:131:in `block (2 levels) in <class:Numeric>'
/usr/local/bundle/gems/activesupport-4.2.6/lib/active_support/core_ext/numeric/conversions.rb:131:in `block (2 levels) in <class:Numeric>'
/usr/local/bundle/gems/activesupport-4.2.6/lib/active_support/core_ext/numeric/conversions.rb:131:in `block (2 levels) in <class:Numeric>'
/usr/local/bundle/gems/activesupport-4.2.6/lib/active_support/core_ext/numeric/conversions.rb:131:in `block (2 levels) in <class:Numeric>'
/usr/local/bundle/gems/activesupport-4.2.6/lib/active_support/core_ext/numeric/conversions.rb:131:in `block (2 levels) in <class:Numeric>'
/usr/local/bundle/gems/activesupport-4.2.6/lib/active_support/core_ext/numeric/conversions.rb:131:in `block (2 levels) in <class:Numeric>'
/usr/local/bundle/gems/activesupport-4.2.6/lib/active_support/core_ext/numeric/conversions.rb:131:in `block (2 levels) in <class:Numeric>'
/usr/local/bundle/gems/activesupport-4.2.6/lib/active_support/core_ext/numeric/conversions.rb:131:in `block (2 levels) in <class:Numeric>'
/usr/local/bundle/gems/activesupport-4.2.6/lib/active_support/core_ext/numeric/conversions.rb:131:in `block (2 levels) in <class:Numeric>'
/usr/local/bundle/gems/activesupport-4.2.6/lib/active_support/core_ext/numeric/conversions.rb:131:in `block (2 levels) in <class:Numeric>'
/usr/local/bundle/gems/activesupport-4.2.6/lib/active_support/core_ext/numeric/conversions.rb:131:in `block (2 levels) in <class:Numeric>'
/usr/local/bundle/gems/activesupport-4.2.6/lib/active_support/core_ext/numeric/conversions.rb:131:in `block (2 levels) in <class:Numeric>'
/usr/local/bundle/gems/activesupport-4.2.6/lib/active_support/core_ext/numeric/conversions.rb:131:in `block (2 levels) in <class:Numeric>'
/usr/local/bundle/gems/activesupport-4.2.6/lib/active_support/core_ext/numeric/conversions.rb:131:in `block (2 levels) in <class:Numeric>'
/usr/local/bundle/gems/activesupport-4.2.6/lib/active_support/core_ext/numeric/conversions.rb:131:in `block (2 levels) in <class:Numeric>'
/usr/local/bundle/gems/activesupport-4.2.6/lib/active_support/core_ext/numeric/conversions.rb:131:in `block (2 levels) in <class:Numeric>'
/usr/local/bundle/gems/activesupport-4.2.6/lib/active_support/core_ext/numeric/conversions.rb:131:in `block (2 levels) in <class:Numeric>'
/usr/local/bundle/gems/activesupport-4.2.6/lib/active_support/core_ext/numeric/conversions.rb:131:in `block (2 levels) in <class:Numeric>'
/usr/local/bundle/gems/activesupport-4.2.6/lib/active_support/core_ext/numeric/conversions.rb:131:in `block (2 levels) in <class:Numeric>'
/usr/local/bundle/gems/activesupport-4.2.6/lib/active_support/core_ext/numeric/conversions.rb:131:in `block (2 levels) in <class:Numeric>'
/usr/local/bundle/gems/activesupport-4.2.6/lib/active_support/core_ext/numeric/conversions.rb:131:in `block (2 levels) in <class:Numeric>'
/usr/local/bundle/gems/activesupport-4.2.6/lib/active_support/core_ext/numeric/conversions.rb:131:in `block (2 levels) in <class:Numeric>'
/usr/local/bundle/gems/activesupport-4.2.6/lib/active_support/core_ext/numeric/conversions.rb:131:in `block (2 levels) in <class:Numeric>'
/usr/local/bundle/gems/activesupport-4.2.6/lib/active_support/core_ext/numeric/conversions.rb:131:in `block (2 levels) in <class:Numeric>'
/usr/local/bundle/gems/activesupport-4.2.6/lib/active_support/core_ext/numeric/conversions.rb:131:in `block (2 levels) in <class:Numeric>'
/usr/local/bundle/gems/activesupport-4.2.6/lib/active_support/core_ext/numeric/conversions.rb:131:in `block (2 levels) in <class:Numeric>'
/usr/local/bundle/gems/activesupport-4.2.6/lib/active_support/core_ext/numeric/conversions.rb:131:in `block (2 levels) in <class:Numeric>'
/usr/local/bundle/gems/activesupport-4.2.6/lib/active_support/core_ext/numeric/conversions.rb:131:in `block (2 levels) in <class:Numeric>'
/usr/local/bundle/gems/activesupport-4.2.6/lib/active_support/core_ext/numeric/conversions.rb:131:in `block (2 levels) in <class:Numeric>'
/usr/local/bundle/gems/activesupport-4.2.6/lib/active_support/core_ext/numeric/conversions.rb:131:in `block (2 levels) in <class:Numeric>'
/usr/local/bundle/gems/activesupport-4.2.6/lib/active_support/core_ext/numeric/conversions.rb:131:in `block (2 levels) in <class:Numeric>'
/usr/local/bundle/gems/activesupport-4.2.6/lib/active_support/core_ext/numeric/conversions.rb:131:in `block (2 levels) in <class:Numeric>'
/usr/local/bundle/gems/activesupport-4.2.6/lib/active_support/core_ext/numeric/conversions.rb:131:in `block (2 levels) in <class:Numeric>'
/usr/local/bundle/gems/activesupport-4.2.6/lib/active_support/core_ext/numeric/conversions.rb:131:in `block (2 levels) in <class:Numeric>'
/usr/local/bundle/gems/activesupport-4.2.6/lib/active_support/core_ext/numeric/conversions.rb:131:in `block (2 levels) in <class:Numeric>'
/usr/local/bundle/gems/activesupport-4.2.6/lib/active_support/core_ext/numeric/conversions.rb:131:in `block (2 levels) in <class:Numeric>'
/usr/local/bundle/gems/activesupport-4.2.6/lib/active_support/core_ext/numeric/conversions.rb:131:in `block (2 levels) in <class:Numeric>'
/usr/local/bundle/gems/activesupport-4.2.6/lib/active_support/core_ext/numeric/conversions.rb:131:in `block (2 levels) in <class:Numeric>'
/usr/local/bundle/gems/activesupport-4.2.6/lib/active_support/core_ext/numeric/conversions.rb:131:in `block (2 levels) in <class:Numeric>'
/usr/local/bundle/gems/activesupport-4.2.6/lib/active_support/core_ext/numeric/conversions.rb:131:in `block (2 levels) in <class:Numeric>'
/usr/local/bundle/gems/activesupport-4.2.6/lib/active_support/core_ext/numeric/conversions.rb:131:in `block (2 levels) in <class:Numeric>'
/usr/local/bundle/gems/activesupport-4.2.6/lib/active_support/core_ext/numeric/conversions.rb:131:in `block (2 levels) in <class:Numeric>'
/usr/local/bundle/gems/activesupport-4.2.6/lib/active_support/core_ext/numeric/conversions.rb:131:in `block (2 levels) in <class:Numeric>'
/usr/local/bundle/gems/activesupport-4.2.6/lib/active_support/core_ext/numeric/conversions.rb:131:in `block (2 levels) in <class:Numeric>'
/usr/local/bundle/gems/activesupport-4.2.6/lib/active_support/core_ext/numeric/conversions.rb:131:in `block (2 levels) in <class:Numeric>'
/usr/local/bundle/gems/activesupport-4.2.6/lib/active_support/core_ext/numeric/conversions.rb:131:in `block (2 levels) in <class:Numeric>'
/usr/local/bundle/gems/activesupport-4.2.6/lib/active_support/core_ext/numeric/conversions.rb:131:in `block (2 levels) in <class:Numeric>'
/usr/local/bundle/gems/activesupport-4.2.6/lib/active_support/core_ext/numeric/conversions.rb:131:in `block (2 levels) in <class:Numeric>'
/usr/local/bundle/gems/activesupport-4.2.6/lib/active_support/core_ext/numeric/conversions.rb:131:in `block (2 levels) in <class:Numeric>'
/usr/local/bundle/gems/activesupport-4.2.6/lib/active_support/core_ext/numeric/conversions.rb:131:in `block (2 levels) in <class:Numeric>'
/usr/local/bundle/gems/activesupport-4.2.6/lib/active_support/core_ext/numeric/conversions.rb:131:in `block (2 levels) in <class:Numeric>'
/usr/local/bundle/gems/activesupport-4.2.6/lib/active_support/core_ext/numeric/conversions.rb:131:in `block (2 levels) in <class:Numeric>'
/usr/local/bundle/gems/activesupport-4.2.6/lib/active_support/core_ext/numeric/conversions.rb:131:in `block (2 levels) in <class:Numeric>'
/usr/local/bundle/gems/activesupport-4.2.6/lib/active_support/core_ext/numeric/conversions.rb:131:in `block (2 levels) in <class:Numeric>'
/usr/local/bundle/gems/activesupport-4.2.6/lib/active_support/core_ext/numeric/conversions.rb:131:in `block (2 levels) in <class:Numeric>'
/usr/local/bundle/gems/activesupport-4.2.6/lib/active_support/core_ext/numeric/conversions.rb:131:in `block (2 levels) in <class:Numeric>'
/usr/local/bundle/gems/activesupport-4.2.6/lib/active_support/core_ext/numeric/conversions.rb:131:in `block (2 levels) in <class:Numeric>'
/usr/local/bundle/gems/activesupport-4.2.6/lib/active_support/core_ext/numeric/conversions.rb:131:in `block (2 levels) in <class:Numeric>'
/usr/local/bundle/gems/activesupport-4.2.6/lib/active_support/core_ext/numeric/conversions.rb:131:in `block (2 levels) in <class:Numeric>'
/usr/local/bundle/gems/activesupport-4.2.6/lib/active_support/core_ext/numeric/conversions.rb:131:in `block (2 levels) in <class:Numeric>'
/usr/local/bundle/gems/activesupport-4.2.6/lib/active_support/core_ext/numeric/conversions.rb:131:in `block (2 levels) in <class:Numeric>'
/usr/local/bundle/gems/activesupport-4.2.6/lib/active_support/core_ext/numeric/conversions.rb:131:in `block (2 levels) in <class:Numeric>'
/usr/local/bundle/gems/activesupport-4.2.6/lib/active_support/core_ext/numeric/conversions.rb:131:in `block (2 levels) in <class:Numeric>'
/usr/local/bundle/gems/activesupport-4.2.6/lib/active_support/core_ext/numeric/conversions.rb:131:in `block (2 levels) in <class:Numeric>'
/usr/local/bundle/gems/activesupport-4.2.6/lib/active_support/core_ext/numeric/conversions.rb:131:in `block (2 levels) in <class:Numeric>'
/usr/local/bundle/gems/activesupport-4.2.6/lib/active_support/core_ext/numeric/conversions.rb:131:in `block (2 levels) in <class:Numeric>'
/usr/local/bundle/gems/activesupport-4.2.6/lib/active_support/core_ext/numeric/conversions.rb:131:in `block (2 levels) in <class:Numeric>'
/usr/local/bundle/gems/activesupport-4.2.6/lib/active_support/core_ext/numeric/conversions.rb:131:in `block (2 levels) in <class:Numeric>'
/usr/local/bundle/gems/activesupport-4.2.6/lib/active_support/core_ext/numeric/conversions.rb:131:in `block (2 levels) in <class:Numeric>'
/usr/local/bundle/gems/activesupport-4.2.6/lib/active_support/core_ext/numeric/conversions.rb:131:in `block (2 levels) in <class:Numeric>'
/usr/local/bundle/gems/activesupport-4.2.6/lib/active_support/core_ext/numeric/conversions.rb:131:in `block (2 levels) in <class:Numeric>'
/usr/local/bundle/gems/activesupport-4.2.6/lib/active_support/core_ext/numeric/conversions.rb:131:in `block (2 levels) in <class:Numeric>'
/usr/local/bundle/gems/activesupport-4.2.6/lib/active_support/core_ext/numeric/conversions.rb:131:in `block (2 levels) in <class:Numeric>'
/usr/local/bundle/gems/activesupport-4.2.6/lib/active_support/core_ext/numeric/conversions.rb:131:in `block (2 levels) in <class:Numeric>'
/usr/local/bundle/gems/activesupport-4.2.6/lib/active_support/core_ext/numeric/conversions.rb:131:in `block (2 levels) in <class:Numeric>'
/usr/local/bundle/gems/activesupport-4.2.6/lib/active_support/core_ext/numeric/conversions.rb:131:in `block (2 levels) in <class:Numeric>'
/usr/local/bundle/gems/activesupport-4.2.6/lib/active_support/core_ext/numeric/conversions.rb:131:in `block (2 levels) in <class:Numeric>'
/usr/local/bundle/gems/activesupport-4.2.6/lib/active_support/core_ext/numeric/conversions.rb:131:in `block (2 levels) in <class:Numeric>'
/usr/local/bundle/gems/activesupport-4.2.6/lib/active_support/core_ext/numeric/conversions.rb:131:in `block (2 levels) in <class:Numeric>'
/usr/local/bundle/gems/activesupport-4.2.6/lib/active_support/core_ext/numeric/conversions.rb:131:in `block (2 levels) in <class:Numeric>'
/usr/local/bundle/gems/activesupport-4.2.6/lib/active_support/core_ext/numeric/conversions.rb:131:in `block (2 levels) in <class:Numeric>'
/usr/local/bundle/gems/activesupport-4.2.6/lib/active_support/core_ext/numeric/conversions.rb:131:in `block (2 levels) in <class:Numeric>'
/usr/local/bundle/gems/activesupport-4.2.6/lib/active_support/core_ext/numeric/conversions.rb:131:in `block (2 levels) in <class:Numeric>'
/usr/local/bundle/gems/activesupport-4.2.6/lib/active_support/core_ext/numeric/conversions.rb:131:in `block (2 levels) in <class:Numeric>'
/usr/local/bundle/gems/activesupport-4.2.6/lib/active_support/core_ext/numeric/conversions.rb:131:in `block (2 levels) in <class:Numeric>'
/usr/local/bundle/gems/activesupport-4.2.6/lib/active_support/core_ext/numeric/conversions.rb:131:in `block (2 levels) in <class:Numeric>'
/usr/local/bundle/gems/activesupport-4.2.6/lib/active_support/core_ext/numeric/conversions.rb:131:in `block (2 levels) in <class:Numeric>'
/usr/local/bundle/gems/activesupport-4.2.6/lib/active_support/core_ext/numeric/conversions.rb:131:in `block (2 levels) in <class:Numeric>'
/usr/local/bundle/gems/activesupport-4.2.6/lib/active_support/core_ext/numeric/conversions.rb:131:in `block (2 levels) in <class:Numeric>'
/usr/local/bundle/gems/activesupport-4.2.6/lib/active_support/core_ext/numeric/conversions.rb:131:in `block (2 levels) in <class:Numeric>'
/usr/local/bundle/gems/activesupport-4.2.6/lib/active_support/core_ext/numeric/conversions.rb:131:in `block (2 levels) in <class:Numeric>'
/usr/local/bundle/gems/activesupport-4.2.6/lib/active_support/core_ext/numeric/conversions.rb:131:in `block (2 levels) in <class:Numeric>'
/usr/local/bundle/gems/activesupport-4.2.6/lib/active_support/core_ext/numeric/conversions.rb:131:in `block (2 levels) in <class:Numeric>'
/usr/local/bundle/gems/activesupport-4.2.6/lib/active_support/core_ext/numeric/conversions.rb:131:in `block (2 levels) in <class:Numeric>'
/usr/local/bundle/gems/activesupport-4.2.6/lib/active_support/core_ext/numeric/conversions.rb:131:in `block (2 levels) in <class:Numeric>'
/usr/local/bundle/gems/activesupport-4.2.6/lib/active_support/core_ext/numeric/conversions.rb:131:in `block (2 levels) in <class:Numeric>'
/usr/local/bundle/gems/activesupport-4.2.6/lib/active_support/core_ext/numeric/conversions.rb:131:in `block (2 levels) in <class:Numeric>'
/usr/local/bundle/gems/activesupport-4.2.6/lib/active_support/core_ext/numeric/conversions.rb:131:in `block (2 levels) in <class:Numeric>'
/usr/local/bundle/gems/activesupport-4.2.6/lib/active_support/core_ext/numeric/conversions.rb:131:in `block (2 levels) in <class:Numeric>'
/usr/local/bundle/gems/activesupport-4.2.6/lib/active_support/core_ext/numeric/conversions.rb:131:in `block (2 levels) in <class:Numeric>'
/usr/local/bundle/gems/activesupport-4.2.6/lib/active_support/core_ext/numeric/conversions.rb:131:in `block (2 levels) in <class:Numeric>'
/usr/local/bundle/gems/activesupport-4.2.6/lib/active_support/core_ext/numeric/conversions.rb:131:in `block (2 levels) in <class:Numeric>'
/usr/local/bundle/gems/activesupport-4.2.6/lib/active_support/core_ext/numeric/conversions.rb:131:in `block (2 levels) in <class:Numeric>'
/usr/local/bundle/gems/activesupport-4.2.6/lib/active_support/core_ext/numeric/conversions.rb:131:in `block (2 levels) in <class:Numeric>'
/usr/local/bundle/gems/activesupport-4.2.6/lib/active_support/core_ext/numeric/conversions.rb:131:in `block (2 levels) in <class:Numeric>'
/usr/local/bundle/gems/activesupport-4.2.6/lib/active_support/core_ext/numeric/conversions.rb:131:in `block (2 levels) in <class:Numeric>'
/usr/local/bundle/gems/activesupport-4.2.6/lib/active_support/core_ext/numeric/conversions.rb:131:in `block (2 levels) in <class:Numeric>'
/usr/local/bundle/gems/activesupport-4.2.6/lib/active_support/core_ext/numeric/conversions.rb:131:in `block (2 levels) in <class:Numeric>'
/usr/local/bundle/gems/activesupport-4.2.6/lib/active_support/core_ext/numeric/conversions.rb:131:in `block (2 levels) in <class:Numeric>'
/usr/local/bundle/gems/activesupport-4.2.6/lib/active_support/core_ext/numeric/conversions.rb:131:in `block (2 levels) in <class:Numeric>'
/usr/local/bundle/gems/activesupport-4.2.6/lib/active_support/core_ext/numeric/conversions.rb:131:in `block (2 levels) in <class:Numeric>'
/usr/local/bundle/gems/activesupport-4.2.6/lib/active_support/core_ext/numeric/conversions.rb:131:in `block (2 levels) in <class:Numeric>'
/usr/local/bundle/gems/activesupport-4.2.6/lib/active_support/core_ext/numeric/conversions.rb:131:in `block (2 levels) in <class:Numeric>'
/usr/local/bundle/gems/activesupport-4.2.6/lib/active_support/core_ext/numeric/conversions.rb:131:in `block (2 levels) in <class:Numeric>'
/usr/local/bundle/gems/activesupport-4.2.6/lib/active_support/core_ext/numeric/conversions.rb:131:in `block (2 levels) in <class:Numeric>'
/usr/local/bundle/gems/activesupport-4.2.6/lib/active_support/core_ext/numeric/conversions.rb:131:in `block (2 levels) in <class:Numeric>'
/usr/local/bundle/gems/activesupport-4.2.6/lib/active_support/core_ext/numeric/conversions.rb:131:in `block (2 levels) in <class:Numeric>'
/usr/local/bundle/gems/activesupport-4.2.6/lib/active_support/core_ext/numeric/conversions.rb:131:in `block (2 levels) in <class:Numeric>'
/usr/local/bundle/gems/activesupport-4.2.6/lib/active_support/core_ext/numeric/conversions.rb:131:in `block (2 levels) in <class:Numeric>'
/usr/local/bundle/gems/activesupport-4.2.6/lib/active_support/core_ext/numeric/conversions.rb:131:in `block (2 levels) in <class:Numeric>'
/usr/local/bundle/gems/activesupport-4.2.6/lib/active_support/core_ext/numeric/conversions.rb:131:in `block (2 levels) in <class:Numeric>'
/usr/local/bundle/gems/activesupport-4.2.6/lib/active_support/core_ext/numeric/conversions.rb:131:in `block (2 levels) in <class:Numeric>'
/usr/local/bundle/gems/activesupport-4.2.6/lib/active_support/core_ext/numeric/conversions.rb:131:in `block (2 levels) in <class:Numeric>'
/usr/local/bundle/gems/activesupport-4.2.6/lib/active_support/core_ext/numeric/conversions.rb:131:in `block (2 levels) in <class:Numeric>'
/usr/local/bundle/gems/activesupport-4.2.6/lib/active_support/core_ext/numeric/conversions.rb:131:in `block (2 levels) in <class:Numeric>'
/usr/local/bundle/gems/activesupport-4.2.6/lib/active_support/core_ext/numeric/conversions.rb:131:in `block (2 levels) in <class:Numeric>'
/usr/local/bundle/gems/activesupport-4.2.6/lib/active_support/core_ext/numeric/conversions.rb:131:in `block (2 levels) in <class:Numeric>'
/usr/local/bundle/gems/activesupport-4.2.6/lib/active_support/core_ext/numeric/conversions.rb:131:in `block (2 levels) in <class:Numeric>'
/usr/local/bundle/gems/activesupport-4.2.6/lib/active_support/core_ext/numeric/conversions.rb:131:in `block (2 levels) in <class:Numeric>'
/usr/local/bundle/gems/activesupport-4.2.6/lib/active_support/core_ext/numeric/conversions.rb:131:in `block (2 levels) in <class:Numeric>'
/usr/local/bundle/gems/activesupport-4.2.6/lib/active_support/core_ext/numeric/conversions.rb:131:in `block (2 levels) in <class:Numeric>'
/usr/local/bundle/gems/activesupport-4.2.6/lib/active_support/core_ext/numeric/conversions.rb:131:in `block (2 levels) in <class:Numeric>'
/usr/local/bundle/gems/activesupport-4.2.6/lib/active_support/core_ext/numeric/conversions.rb:131:in `block (2 levels) in <class:Numeric>'
/usr/local/bundle/gems/activesupport-4.2.6/lib/active_support/core_ext/numeric/conversions.rb:131:in `block (2 levels) in <class:Numeric>'
/usr/local/bundle/gems/activesupport-4.2.6/lib/active_support/core_ext/numeric/conversions.rb:131:in `block (2 levels) in <class:Numeric>'
/usr/local/bundle/gems/activesupport-4.2.6/lib/active_support/core_ext/numeric/conversions.rb:131:in `block (2 levels) in <class:Numeric>'
/usr/local/bundle/gems/activesupport-4.2.6/lib/active_support/core_ext/numeric/conversions.rb:131:in `block (2 levels) in <class:Numeric>'
/usr/local/bundle/gems/activesupport-4.2.6/lib/active_support/core_ext/numeric/conversions.rb:131:in `block (2 levels) in <class:Numeric>'
/usr/local/bundle/gems/activesupport-4.2.6/lib/active_support/core_ext/numeric/conversions.rb:131:in `block (2 levels) in <class:Numeric>'
/usr/local/bundle/gems/activesupport-4.2.6/lib/active_support/core_ext/numeric/conversions.rb:131:in `block (2 levels) in <class:Numeric>'
/usr/local/bundle/gems/activesupport-4.2.6/lib/active_support/core_ext/numeric/conversions.rb:131:in `block (2 levels) in <class:Numeric>'
/usr/local/bundle/gems/activesupport-4.2.6/lib/active_support/core_ext/numeric/conversions.rb:131:in `block (2 levels) in <class:Numeric>'
/usr/local/bundle/gems/activesupport-4.2.6/lib/active_support/core_ext/numeric/conversions.rb:131:in `block (2 levels) in <class:Numeric>'
/usr/local/bundle/gems/activesupport-4.2.6/lib/active_support/core_ext/numeric/conversions.rb:131:in `block (2 levels) in <class:Numeric>'
/usr/local/bundle/gems/activesupport-4.2.6/lib/active_support/core_ext/numeric/conversions.rb:131:in `block (2 levels) in <class:Numeric>'
/usr/local/bundle/gems/activesupport-4.2.6/lib/active_support/core_ext/numeric/conversions.rb:131:in `block (2 levels) in <class:Numeric>'
/usr/local/bundle/gems/activesupport-4.2.6/lib/active_support/core_ext/numeric/conversions.rb:131:in `block (2 levels) in <class:Numeric>'
/usr/local/bundle/gems/activesupport-4.2.6/lib/active_support/core_ext/numeric/conversions.rb:131:in `block (2 levels) in <class:Numeric>'
/usr/local/bundle/gems/activesupport-4.2.6/lib/active_support/core_ext/numeric/conversions.rb:131:in `block (2 levels) in <class:Numeric>'
/usr/local/bundle/gems/activesupport-4.2.6/lib/active_support/core_ext/numeric/conversions.rb:131:in `block (2 levels) in <class:Numeric>'
/usr/local/bundle/gems/activesupport-4.2.6/lib/active_support/core_ext/numeric/conversions.rb:131:in `block (2 levels) in <class:Numeric>'
/usr/local/bundle/gems/activesupport-4.2.6/lib/active_support/core_ext/numeric/conversions.rb:131:in `block (2 levels) in <class:Numeric>'
/usr/local/bundle/gems/activesupport-4.2.6/lib/active_support/core_ext/numeric/conversions.rb:131:in `block (2 levels) in <class:Numeric>'
/usr/local/bundle/gems/activesupport-4.2.6/lib/active_support/core_ext/numeric/conversions.rb:131:in `block (2 levels) in <class:Numeric>'
/usr/local/bundle/gems/activesupport-4.2.6/lib/active_support/core_ext/numeric/conversions.rb:131:in `block (2 levels) in <class:Numeric>'
/usr/local/bundle/gems/activesupport-4.2.6/lib/active_support/core_ext/numeric/conversions.rb:131:in `block (2 levels) in <class:Numeric>'
/usr/local/bundle/gems/activesupport-4.2.6/lib/active_support/core_ext/numeric/conversions.rb:131:in `block (2 levels) in <class:Numeric>'
/usr/local/bundle/gems/activesupport-4.2.6/lib/active_support/core_ext/numeric/conversions.rb:131:in `block (2 levels) in <class:Numeric>'
/usr/local/bundle/gems/activesupport-4.2.6/lib/active_support/core_ext/numeric/conversions.rb:131:in `block (2 levels) in <class:Numeric>'
/usr/local/bundle/gems/activesupport-4.2.6/lib/active_support/core_ext/numeric/conversions.rb:131:in `block (2 levels) in <class:Numeric>'
/usr/local/bundle/gems/activesupport-4.2.6/lib/active_support/core_ext/numeric/conversions.rb:131:in `block (2 levels) in <class:Numeric>'
/usr/local/bundle/gems/activesupport-4.2.6/lib/active_support/core_ext/numeric/conversions.rb:131:in `block (2 levels) in <class:Numeric>'
/usr/local/bundle/gems/activesupport-4.2.6/lib/active_support/core_ext/numeric/conversions.rb:131:in `block (2 levels) in <class:Numeric>'
/usr/local/bundle/gems/activesupport-4.2.6/lib/active_support/core_ext/numeric/conversions.rb:131:in `block (2 levels) in <class:Numeric>'
/usr/local/bundle/gems/activesupport-4.2.6/lib/active_support/core_ext/numeric/conversions.rb:131:in `block (2 levels) in <class:Numeric>'
/usr/local/bundle/gems/activesupport-4.2.6/lib/active_support/core_ext/numeric/conversions.rb:131:in `block (2 levels) in <class:Numeric>'
/usr/local/bundle/gems/activesupport-4.2.6/lib/active_support/core_ext/numeric/conversions.rb:131:in `block (2 levels) in <class:Numeric>'
/usr/local/bundle/gems/activesupport-4.2.6/lib/active_support/core_ext/numeric/conversions.rb:131:in `block (2 levels) in <class:Numeric>'
/usr/local/bundle/gems/activesupport-4.2.6/lib/active_support/core_ext/numeric/conversions.rb:131:in `block (2 levels) in <class:Numeric>'
/usr/local/bundle/gems/activesupport-4.2.6/lib/active_support/core_ext/numeric/conversions.rb:131:in `block (2 levels) in <class:Numeric>'
/usr/local/bundle/gems/activesupport-4.2.6/lib/active_support/core_ext/numeric/conversions.rb:131:in `block (2 levels) in <class:Numeric>'
/usr/local/bundle/gems/activesupport-4.2.6/lib/active_support/core_ext/numeric/conversions.rb:131:in `block (2 levels) in <class:Numeric>'
/usr/local/bundle/gems/activesupport-4.2.6/lib/active_support/core_ext/numeric/conversions.rb:131:in `block (2 levels) in <class:Numeric>'
/usr/local/bundle/gems/activesupport-4.2.6/lib/active_support/core_ext/numeric/conversions.rb:131:in `block (2 levels) in <class:Numeric>'
/usr/local/bundle/gems/activesupport-4.2.6/lib/active_support/core_ext/numeric/conversions.rb:131:in `block (2 levels) in <class:Numeric>'
/usr/local/bundle/gems/activesupport-4.2.6/lib/active_support/core_ext/numeric/conversions.rb:131:in `block (2 levels) in <class:Numeric>'
/usr/local/bundle/gems/activesupport-4.2.6/lib/active_support/core_ext/numeric/conversions.rb:131:in `block (2 levels) in <class:Numeric>'
/usr/local/bundle/gems/activesupport-4.2.6/lib/active_support/core_ext/numeric/conversions.rb:131:in `block (2 levels) in <class:Numeric>'
/usr/local/bundle/gems/activesupport-4.2.6/lib/active_support/core_ext/numeric/conversions.rb:131:in `block (2 levels) in <class:Numeric>'
/usr/local/bundle/gems/activesupport-4.2.6/lib/active_support/core_ext/numeric/conversions.rb:131:in `block (2 levels) in <class:Numeric>'
/usr/local/bundle/gems/activesupport-4.2.6/lib/active_support/core_ext/numeric/conversions.rb:131:in `block (2 levels) in <class:Numeric>'
/usr/local/bundle/gems/activesupport-4.2.6/lib/active_support/core_ext/numeric/conversions.rb:131:in `block (2 levels) in <class:Numeric>'
/usr/local/bundle/gems/activesupport-4.2.6/lib/active_support/core_ext/numeric/conversions.rb:131:in `block (2 levels) in <class:Numeric>'
/usr/local/bundle/gems/activesupport-4.2.6/lib/active_support/core_ext/numeric/conversions.rb:131:in `block (2 levels) in <class:Numeric>'
/usr/local/bundle/gems/activesupport-4.2.6/lib/active_support/core_ext/numeric/conversions.rb:131:in `block (2 levels) in <class:Numeric>'
/usr/local/bundle/gems/activesupport-4.2.6/lib/active_support/core_ext/numeric/conversions.rb:131:in `block (2 levels) in <class:Numeric>'
/usr/local/bundle/gems/activesupport-4.2.6/lib/active_support/core_ext/numeric/conversions.rb:131:in `block (2 levels) in <class:Numeric>'
/usr/local/bundle/gems/activesupport-4.2.6/lib/active_support/core_ext/numeric/conversions.rb:131:in `block (2 levels) in <class:Numeric>'
/usr/local/bundle/gems/activesupport-4.2.6/lib/active_support/core_ext/numeric/conversions.rb:131:in `block (2 levels) in <class:Numeric>'
/usr/local/bundle/gems/activesupport-4.2.6/lib/active_support/core_ext/numeric/conversions.rb:131:in `block (2 levels) in <class:Numeric>'
/usr/local/bundle/gems/activesupport-4.2.6/lib/active_support/core_ext/numeric/conversions.rb:131:in `block (2 levels) in <class:Numeric>'
/usr/local/bundle/gems/activesupport-4.2.6/lib/active_support/core_ext/numeric/conversions.rb:131:in `block (2 levels) in <class:Numeric>'
/usr/local/bundle/gems/activesupport-4.2.6/lib/active_support/core_ext/numeric/conversions.rb:131:in `block (2 levels) in <class:Numeric>'
/usr/local/bundle/gems/activesupport-4.2.6/lib/active_support/core_ext/numeric/conversions.rb:131:in `block (2 levels) in <class:Numeric>'
/usr/local/bundle/gems/activesupport-4.2.6/lib/active_support/core_ext/numeric/conversions.rb:131:in `block (2 levels) in <class:Numeric>'
/usr/local/bundle/gems/activesupport-4.2.6/lib/active_support/core_ext/numeric/conversions.rb:131:in `block (2 levels) in <class:Numeric>'
/usr/local/bundle/gems/activesupport-4.2.6/lib/active_support/core_ext/numeric/conversions.rb:131:in `block (2 levels) in <class:Numeric>'
/usr/local/bundle/gems/activesupport-4.2.6/lib/active_support/core_ext/numeric/conversions.rb:131:in `block (2 levels) in <class:Numeric>'
/usr/local/bundle/gems/activesupport-4.2.6/lib/active_support/core_ext/numeric/conversions.rb:131:in `block (2 levels) in <class:Numeric>'
/usr/local/bundle/gems/activesupport-4.2.6/lib/active_support/core_ext/numeric/conversions.rb:131:in `block (2 levels) in <class:Numeric>'
/usr/local/bundle/gems/activesupport-4.2.6/lib/active_support/core_ext/numeric/conversions.rb:131:in `block (2 levels) in <class:Numeric>'
/usr/local/bundle/gems/activesupport-4.2.6/lib/active_support/core_ext/numeric/conversions.rb:131:in `block (2 levels) in <class:Numeric>'
/usr/local/bundle/gems/activesupport-4.2.6/lib/active_support/core_ext/numeric/conversions.rb:131:in `block (2 levels) in <class:Numeric>'
/usr/local/bundle/gems/activesupport-4.2.6/lib/active_support/core_ext/numeric/conversions.rb:131:in `block (2 levels) in <class:Numeric>'
/usr/local/bundle/gems/activesupport-4.2.6/lib/active_support/core_ext/numeric/conversions.rb:131:in `block (2 levels) in <class:Numeric>'
/usr/local/bundle/gems/activesupport-4.2.6/lib/active_support/core_ext/numeric/conversions.rb:131:in `block (2 levels) in <class:Numeric>'
/usr/local/bundle/gems/activesupport-4.2.6/lib/active_support/core_ext/numeric/conversions.rb:131:in `block (2 levels) in <class:Numeric>'
/usr/local/bundle/gems/activesupport-4.2.6/lib/active_support/core_ext/numeric/conversions.rb:131:in `block (2 levels) in <class:Numeric>'
/usr/local/bundle/gems/activesupport-4.2.6/lib/active_support/core_ext/numeric/conversions.rb:131:in `block (2 levels) in <class:Numeric>'
/usr/local/bundle/gems/activesupport-4.2.6/lib/active_support/core_ext/numeric/conversions.rb:131:in `block (2 levels) in <class:Numeric>'
/usr/local/bundle/gems/activesupport-4.2.6/lib/active_support/core_ext/numeric/conversions.rb:131:in `block (2 levels) in <class:Numeric>'
/usr/local/bundle/gems/activesupport-4.2.6/lib/active_support/core_ext/numeric/conversions.rb:131:in `block (2 levels) in <class:Numeric>'
/usr/local/bundle/gems/activesupport-4.2.6/lib/active_support/core_ext/numeric/conversions.rb:131:in `block (2 levels) in <class:Numeric>'
/usr/local/bundle/gems/activesupport-4.2.6/lib/active_support/core_ext/numeric/conversions.rb:131:in `block (2 levels) in <class:Numeric>'
/usr/local/bundle/gems/activesupport-4.2.6/lib/active_support/core_ext/numeric/conversions.rb:131:in `block (2 levels) in <class:Numeric>'
/usr/local/bundle/gems/activesupport-4.2.6/lib/active_support/core_ext/numeric/conversions.rb:131:in `block (2 levels) in <class:Numeric>'
/usr/local/bundle/gems/activesupport-4.2.6/lib/active_support/core_ext/numeric/conversions.rb:131:in `block (2 levels) in <class:Numeric>'
/usr/local/bundle/gems/activesupport-4.2.6/lib/active_support/core_ext/numeric/conversions.rb:131:in `block (2 levels) in <class:Numeric>'
/usr/local/bundle/gems/activesupport-4.2.6/lib/active_support/core_ext/numeric/conversions.rb:131:in `block (2 levels) in <class:Numeric>'
/usr/local/bundle/gems/activesupport-4.2.6/lib/active_support/core_ext/numeric/conversions.rb:131:in `block (2 levels) in <class:Numeric>'
/usr/local/bundle/gems/activesupport-4.2.6/lib/active_support/core_ext/numeric/conversions.rb:131:in `block (2 levels) in <class:Numeric>'
/usr/local/bundle/gems/activesupport-4.2.6/lib/active_support/core_ext/numeric/conversions.rb:131:in `block (2 levels) in <class:Numeric>'
/usr/local/bundle/gems/activesupport-4.2.6/lib/active_support/core_ext/numeric/conversions.rb:131:in `block (2 levels) in <class:Numeric>'
/usr/local/bundle/gems/activesupport-4.2.6/lib/active_support/core_ext/numeric/conversions.rb:131:in `block (2 levels) in <class:Numeric>'
/usr/local/bundle/gems/activesupport-4.2.6/lib/active_support/core_ext/numeric/conversions.rb:131:in `block (2 levels) in <class:Numeric>'
/usr/local/bundle/gems/activesupport-4.2.6/lib/active_support/core_ext/numeric/conversions.rb:131:in `block (2 levels) in <class:Numeric>'
/usr/local/bundle/gems/activesupport-4.2.6/lib/active_support/core_ext/numeric/conversions.rb:131:in `block (2 levels) in <class:Numeric>'
/usr/local/bundle/gems/activesupport-4.2.6/lib/active_support/core_ext/numeric/conversions.rb:131:in `block (2 levels) in <class:Numeric>'
/usr/local/bundle/gems/activesupport-4.2.6/lib/active_support/core_ext/numeric/conversions.rb:131:in `block (2 levels) in <class:Numeric>'
/usr/local/bundle/gems/activesupport-4.2.6/lib/active_support/core_ext/numeric/conversions.rb:131:in `block (2 levels) in <class:Numeric>'
/usr/local/bundle/gems/activesupport-4.2.6/lib/active_support/core_ext/numeric/conversions.rb:131:in `block (2 levels) in <class:Numeric>'
/usr/local/bundle/gems/activesupport-4.2.6/lib/active_support/core_ext/numeric/conversions.rb:131:in `block (2 levels) in <class:Numeric>'
/usr/local/bundle/gems/activesupport-4.2.6/lib/active_support/core_ext/numeric/conversions.rb:131:in `block (2 levels) in <class:Numeric>'
/usr/local/bundle/gems/activesupport-4.2.6/lib/active_support/core_ext/numeric/conversions.rb:131:in `block (2 levels) in <class:Numeric>'
/usr/local/bundle/gems/activesupport-4.2.6/lib/active_support/core_ext/numeric/conversions.rb:131:in `block (2 levels) in <class:Numeric>'
/usr/local/bundle/gems/activesupport-4.2.6/lib/active_support/core_ext/numeric/conversions.rb:131:in `block (2 levels) in <class:Numeric>'
/usr/local/bundle/gems/activesupport-4.2.6/lib/active_support/core_ext/numeric/conversions.rb:131:in `block (2 levels) in <class:Numeric>'
/usr/local/bundle/gems/activesupport-4.2.6/lib/active_support/core_ext/numeric/conversions.rb:131:in `block (2 levels) in <class:Numeric>'
/usr/local/bundle/gems/activesupport-4.2.6/lib/active_support/core_ext/numeric/conversions.rb:131:in `block (2 levels) in <class:Numeric>'
/usr/local/bundle/gems/activesupport-4.2.6/lib/active_support/core_ext/numeric/conversions.rb:131:in `block (2 levels) in <class:Numeric>'
/usr/local/bundle/gems/activesupport-4.2.6/lib/active_support/core_ext/numeric/conversions.rb:131:in `block (2 levels) in <class:Numeric>'
/usr/local/bundle/gems/activesupport-4.2.6/lib/active_support/core_ext/numeric/conversions.rb:131:in `block (2 levels) in <class:Numeric>'
/usr/local/bundle/gems/activesupport-4.2.6/lib/active_support/core_ext/numeric/conversions.rb:131:in `block (2 levels) in <class:Numeric>'
/usr/local/bundle/gems/activesupport-4.2.6/lib/active_support/core_ext/numeric/conversions.rb:131:in `block (2 levels) in <class:Numeric>'
/usr/local/bundle/gems/activesupport-4.2.6/lib/active_support/core_ext/numeric/conversions.rb:131:in `block (2 levels) in <class:Numeric>'
/usr/local/bundle/gems/activesupport-4.2.6/lib/active_support/core_ext/numeric/conversions.rb:131:in `block (2 levels) in <class:Numeric>'
/usr/local/bundle/gems/activesupport-4.2.6/lib/active_support/core_ext/numeric/conversions.rb:131:in `block (2 levels) in <class:Numeric>'
/usr/local/bundle/gems/activesupport-4.2.6/lib/active_support/core_ext/numeric/conversions.rb:131:in `block (2 levels) in <class:Numeric>'
/usr/local/bundle/gems/activesupport-4.2.6/lib/active_support/core_ext/numeric/conversions.rb:131:in `block (2 levels) in <class:Numeric>'
/usr/local/bundle/gems/activesupport-4.2.6/lib/active_support/core_ext/numeric/conversions.rb:131:in `block (2 levels) in <class:Numeric>'
/usr/local/bundle/gems/activesupport-4.2.6/lib/active_support/core_ext/numeric/conversions.rb:131:in `block (2 levels) in <class:Numeric>'
/usr/local/bundle/gems/activesupport-4.2.6/lib/active_support/core_ext/numeric/conversions.rb:131:in `block (2 levels) in <class:Numeric>'
/usr/local/bundle/gems/activesupport-4.2.6/lib/active_support/core_ext/numeric/conversions.rb:131:in `block (2 levels) in <class:Numeric>'
/usr/local/bundle/gems/activesupport-4.2.6/lib/active_support/core_ext/numeric/conversions.rb:131:in `block (2 levels) in <class:Numeric>'
/usr/local/bundle/gems/activesupport-4.2.6/lib/active_support/core_ext/numeric/conversions.rb:131:in `block (2 levels) in <class:Numeric>'
/usr/local/bundle/gems/activesupport-4.2.6/lib/active_support/core_ext/numeric/conversions.rb:131:in `block (2 levels) in <class:Numeric>'
/usr/local/bundle/gems/activesupport-4.2.6/lib/active_support/core_ext/numeric/conversions.rb:131:in `block (2 levels) in <class:Numeric>'
/usr/local/bundle/gems/activesupport-4.2.6/lib/active_support/core_ext/numeric/conversions.rb:131:in `block (2 levels) in <class:Numeric>'
/usr/local/bundle/gems/activesupport-4.2.6/lib/active_support/core_ext/numeric/conversions.rb:131:in `block (2 levels) in <class:Numeric>'
/usr/local/bundle/gems/activesupport-4.2.6/lib/active_support/core_ext/numeric/conversions.rb:131:in `block (2 levels) in <class:Numeric>'
/usr/local/bundle/gems/activesupport-4.2.6/lib/active_support/core_ext/numeric/conversions.rb:131:in `block (2 levels) in <class:Numeric>'
/usr/local/bundle/gems/activesupport-4.2.6/lib/active_support/core_ext/numeric/conversions.rb:131:in `block (2 levels) in <class:Numeric>'
/usr/local/bundle/gems/activesupport-4.2.6/lib/active_support/core_ext/numeric/conversions.rb:131:in `block (2 levels) in <class:Numeric>'
/usr/local/bundle/gems/activesupport-4.2.6/lib/active_support/core_ext/numeric/conversions.rb:131:in `block (2 levels) in <class:Numeric>'
/usr/local/bundle/gems/activesupport-4.2.6/lib/active_support/core_ext/numeric/conversions.rb:131:in `block (2 levels) in <class:Numeric>'
/usr/local/bundle/gems/activesupport-4.2.6/lib/active_support/core_ext/numeric/conversions.rb:131:in `block (2 levels) in <class:Numeric>'
/usr/local/bundle/gems/activesupport-4.2.6/lib/active_support/core_ext/numeric/conversions.rb:131:in `block (2 levels) in <class:Numeric>'
/usr/local/bundle/gems/activesupport-4.2.6/lib/active_support/core_ext/numeric/conversions.rb:131:in `block (2 levels) in <class:Numeric>'
/usr/local/bundle/gems/activesupport-4.2.6/lib/active_support/core_ext/numeric/conversions.rb:131:in `block (2 levels) in <class:Numeric>'
/usr/local/bundle/gems/activesupport-4.2.6/lib/active_support/core_ext/numeric/conversions.rb:131:in `block (2 levels) in <class:Numeric>'
/usr/local/bundle/gems/activesupport-4.2.6/lib/active_support/core_ext/numeric/conversions.rb:131:in `block (2 levels) in <class:Numeric>'
/usr/local/bundle/gems/activesupport-4.2.6/lib/active_support/core_ext/numeric/conversions.rb:131:in `block (2 levels) in <class:Numeric>'
/usr/local/bundle/gems/activesupport-4.2.6/lib/active_support/core_ext/numeric/conversions.rb:131:in `block (2 levels) in <class:Numeric>'
/usr/local/bundle/gems/activesupport-4.2.6/lib/active_support/core_ext/numeric/conversions.rb:131:in `block (2 levels) in <class:Numeric>'
/usr/local/bundle/gems/activesupport-4.2.6/lib/active_support/core_ext/numeric/conversions.rb:131:in `block (2 levels) in <class:Numeric>'
/usr/local/bundle/gems/activesupport-4.2.6/lib/active_support/core_ext/numeric/conversions.rb:131:in `block (2 levels) in <class:Numeric>'
/usr/local/bundle/gems/activesupport-4.2.6/lib/active_support/core_ext/numeric/conversions.rb:131:in `block (2 levels) in <class:Numeric>'
/usr/local/bundle/gems/activesupport-4.2.6/lib/active_support/core_ext/numeric/conversions.rb:131:in `block (2 levels) in <class:Numeric>'
/usr/local/bundle/gems/activesupport-4.2.6/lib/active_support/core_ext/numeric/conversions.rb:131:in `block (2 levels) in <class:Numeric>'
/usr/local/bundle/gems/activesupport-4.2.6/lib/active_support/core_ext/numeric/conversions.rb:131:in `block (2 levels) in <class:Numeric>'
/usr/local/bundle/gems/activesupport-4.2.6/lib/active_support/core_ext/numeric/conversions.rb:131:in `block (2 levels) in <class:Numeric>'
/usr/local/bundle/gems/activesupport-4.2.6/lib/active_support/core_ext/numeric/conversions.rb:131:in `block (2 levels) in <class:Numeric>'
/usr/local/bundle/gems/activesupport-4.2.6/lib/active_support/core_ext/numeric/conversions.rb:131:in `block (2 levels) in <class:Numeric>'
/usr/local/bundle/gems/activesupport-4.2.6/lib/active_support/core_ext/numeric/conversions.rb:131:in `block (2 levels) in <class:Numeric>'
/usr/local/bundle/gems/activesupport-4.2.6/lib/active_support/core_ext/numeric/conversions.rb:131:in `block (2 levels) in <class:Numeric>'
/usr/local/bundle/gems/activesupport-4.2.6/lib/active_support/core_ext/numeric/conversions.rb:131:in `block (2 levels) in <class:Numeric>'
/usr/local/bundle/gems/activesupport-4.2.6/lib/active_support/core_ext/numeric/conversions.rb:131:in `block (2 levels) in <class:Numeric>'
/usr/local/bundle/gems/activesupport-4.2.6/lib/active_support/core_ext/numeric/conversions.rb:131:in `block (2 levels) in <class:Numeric>'
/usr/local/bundle/gems/activesupport-4.2.6/lib/active_support/core_ext/numeric/conversions.rb:131:in `block (2 levels) in <class:Numeric>'
/usr/local/bundle/gems/activesupport-4.2.6/lib/active_support/core_ext/numeric/conversions.rb:131:in `block (2 levels) in <class:Numeric>'
/usr/local/bundle/gems/activesupport-4.2.6/lib/active_support/core_ext/numeric/conversions.rb:131:in `block (2 levels) in <class:Numeric>'
/usr/local/bundle/gems/activesupport-4.2.6/lib/active_support/core_ext/numeric/conversions.rb:131:in `block (2 levels) in <class:Numeric>'
/usr/local/bundle/gems/activesupport-4.2.6/lib/active_support/core_ext/numeric/conversions.rb:131:in `block (2 levels) in <class:Numeric>'
/usr/local/bundle/gems/activesupport-4.2.6/lib/active_support/core_ext/numeric/conversions.rb:131:in `block (2 levels) in <class:Numeric>'
/usr/local/bundle/gems/activesupport-4.2.6/lib/active_support/core_ext/numeric/conversions.rb:131:in `block (2 levels) in <class:Numeric>'
/usr/local/bundle/gems/activesupport-4.2.6/lib/active_support/core_ext/numeric/conversions.rb:131:in `block (2 levels) in <class:Numeric>'
/usr/local/bundle/gems/activesupport-4.2.6/lib/active_support/core_ext/numeric/conversions.rb:131:in `block (2 levels) in <class:Numeric>'
/usr/local/bundle/gems/activesupport-4.2.6/lib/active_support/core_ext/numeric/conversions.rb:131:in `block (2 levels) in <class:Numeric>'
/usr/local/bundle/gems/activesupport-4.2.6/lib/active_support/core_ext/numeric/conversions.rb:131:in `block (2 levels) in <class:Numeric>'
/usr/local/bundle/gems/activesupport-4.2.6/lib/active_support/core_ext/numeric/conversions.rb:131:in `block (2 levels) in <class:Numeric>'
/usr/local/bundle/gems/activesupport-4.2.6/lib/active_support/core_ext/numeric/conversions.rb:131:in `block (2 levels) in <class:Numeric>'
/usr/local/bundle/gems/activesupport-4.2.6/lib/active_support/core_ext/numeric/conversions.rb:131:in `block (2 levels) in <class:Numeric>'
/usr/local/bundle/gems/activesupport-4.2.6/lib/active_support/core_ext/numeric/conversions.rb:131:in `block (2 levels) in <class:Numeric>'
/usr/local/bundle/gems/activesupport-4.2.6/lib/active_support/core_ext/numeric/conversions.rb:131:in `block (2 levels) in <class:Numeric>'
/usr/local/bundle/gems/activesupport-4.2.6/lib/active_support/core_ext/numeric/conversions.rb:131:in `block (2 levels) in <class:Numeric>'
/usr/local/bundle/gems/activesupport-4.2.6/lib/active_support/core_ext/numeric/conversions.rb:131:in `block (2 levels) in <class:Numeric>'
/usr/local/bundle/gems/activesupport-4.2.6/lib/active_support/core_ext/numeric/conversions.rb:131:in `block (2 levels) in <class:Numeric>'
/usr/local/bundle/gems/activesupport-4.2.6/lib/active_support/core_ext/numeric/conversions.rb:131:in `block (2 levels) in <class:Numeric>'
/usr/local/bundle/gems/activesupport-4.2.6/lib/active_support/core_ext/numeric/conversions.rb:131:in `block (2 levels) in <class:Numeric>'
/usr/local/bundle/gems/activesupport-4.2.6/lib/active_support/core_ext/numeric/conversions.rb:131:in `block (2 levels) in <class:Numeric>'
/usr/local/bundle/gems/activesupport-4.2.6/lib/active_support/core_ext/numeric/conversions.rb:131:in `block (2 levels) in <class:Numeric>'
/usr/local/bundle/gems/activesupport-4.2.6/lib/active_support/core_ext/numeric/conversions.rb:131:in `block (2 levels) in <class:Numeric>'
/usr/local/bundle/gems/activesupport-4.2.6/lib/active_support/core_ext/numeric/conversions.rb:131:in `block (2 levels) in <class:Numeric>'
/usr/local/bundle/gems/activesupport-4.2.6/lib/active_support/core_ext/numeric/conversions.rb:131:in `block (2 levels) in <class:Numeric>'
/usr/local/bundle/gems/activesupport-4.2.6/lib/active_support/core_ext/numeric/conversions.rb:131:in `block (2 levels) in <class:Numeric>'
/usr/local/bundle/gems/activesupport-4.2.6/lib/active_support/core_ext/numeric/conversions.rb:131:in `block (2 levels) in <class:Numeric>'
/usr/local/bundle/gems/activesupport-4.2.6/lib/active_support/core_ext/numeric/conversions.rb:131:in `block (2 levels) in <class:Numeric>'
/usr/local/bundle/gems/activesupport-4.2.6/lib/active_support/core_ext/numeric/conversions.rb:131:in `block (2 levels) in <class:Numeric>'
/usr/local/bundle/gems/activesupport-4.2.6/lib/active_support/core_ext/numeric/conversions.rb:131:in `block (2 levels) in <class:Numeric>'
/usr/local/bundle/gems/activesupport-4.2.6/lib/active_support/core_ext/numeric/conversions.rb:131:in `block (2 levels) in <class:Numeric>'
/usr/local/bundle/gems/activesupport-4.2.6/lib/active_support/core_ext/numeric/conversions.rb:131:in `block (2 levels) in <class:Numeric>'
/usr/local/bundle/gems/activesupport-4.2.6/lib/active_support/core_ext/numeric/conversions.rb:131:in `block (2 levels) in <class:Numeric>'
/usr/local/bundle/gems/activesupport-4.2.6/lib/active_support/core_ext/numeric/conversions.rb:131:in `block (2 levels) in <class:Numeric>'
/usr/local/bundle/gems/activesupport-4.2.6/lib/active_support/core_ext/numeric/conversions.rb:131:in `block (2 levels) in <class:Numeric>'
/usr/local/bundle/gems/activesupport-4.2.6/lib/active_support/core_ext/numeric/conversions.rb:131:in `block (2 levels) in <class:Numeric>'
/usr/local/bundle/gems/activesupport-4.2.6/lib/active_support/core_ext/numeric/conversions.rb:131:in `block (2 levels) in <class:Numeric>'
/usr/local/bundle/gems/activesupport-4.2.6/lib/active_support/core_ext/numeric/conversions.rb:131:in `block (2 levels) in <class:Numeric>'
/usr/local/bundle/gems/activesupport-4.2.6/lib/active_support/core_ext/numeric/conversions.rb:131:in `block (2 levels) in <class:Numeric>'
/usr/local/bundle/gems/activesupport-4.2.6/lib/active_support/core_ext/numeric/conversions.rb:131:in `block (2 levels) in <class:Numeric>'
/usr/local/bundle/gems/activesupport-4.2.6/lib/active_support/core_ext/numeric/conversions.rb:131:in `block (2 levels) in <class:Numeric>'
/usr/local/bundle/gems/activesupport-4.2.6/lib/active_support/core_ext/numeric/conversions.rb:131:in `block (2 levels) in <class:Numeric>'
/usr/local/bundle/gems/activesupport-4.2.6/lib/active_support/core_ext/numeric/conversions.rb:131:in `block (2 levels) in <class:Numeric>'
/usr/local/bundle/gems/activesupport-4.2.6/lib/active_support/core_ext/numeric/conversions.rb:131:in `block (2 levels) in <class:Numeric>'
/usr/local/bundle/gems/activesupport-4.2.6/lib/active_support/core_ext/numeric/conversions.rb:131:in `block (2 levels) in <class:Numeric>'
/usr/local/bundle/gems/activesupport-4.2.6/lib/active_support/core_ext/numeric/conversions.rb:131:in `block (2 levels) in <class:Numeric>'
/usr/local/bundle/gems/activesupport-4.2.6/lib/active_support/core_ext/numeric/conversions.rb:131:in `block (2 levels) in <class:Numeric>'
/usr/local/bundle/gems/activesupport-4.2.6/lib/active_support/core_ext/numeric/conversions.rb:131:in `block (2 levels) in <class:Numeric>'
/usr/local/bundle/gems/activesupport-4.2.6/lib/active_support/core_ext/numeric/conversions.rb:131:in `block (2 levels) in <class:Numeric>'
/usr/local/bundle/gems/activesupport-4.2.6/lib/active_support/core_ext/numeric/conversions.rb:131:in `block (2 levels) in <class:Numeric>'
/usr/local/bundle/gems/activesupport-4.2.6/lib/active_support/core_ext/numeric/conversions.rb:131:in `block (2 levels) in <class:Numeric>'
/usr/local/bundle/gems/activesupport-4.2.6/lib/active_support/core_ext/numeric/conversions.rb:131:in `block (2 levels) in <class:Numeric>'
/usr/local/bundle/gems/activesupport-4.2.6/lib/active_support/core_ext/numeric/conversions.rb:131:in `block (2 levels) in <class:Numeric>'
/usr/local/bundle/gems/activesupport-4.2.6/lib/active_support/core_ext/numeric/conversions.rb:131:in `block (2 levels) in <class:Numeric>'
/usr/local/bundle/gems/activesupport-4.2.6/lib/active_support/core_ext/numeric/conversions.rb:131:in `block (2 levels) in <class:Numeric>'
/usr/local/bundle/gems/activesupport-4.2.6/lib/active_support/core_ext/numeric/conversions.rb:131:in `block (2 levels) in <class:Numeric>'
/usr/local/bundle/gems/activesupport-4.2.6/lib/active_support/core_ext/numeric/conversions.rb:131:in `block (2 levels) in <class:Numeric>'
/usr/local/bundle/gems/activesupport-4.2.6/lib/active_support/core_ext/numeric/conversions.rb:131:in `block (2 levels) in <class:Numeric>'
/usr/local/bundle/gems/activesupport-4.2.6/lib/active_support/core_ext/numeric/conversions.rb:131:in `block (2 levels) in <class:Numeric>'
/usr/local/bundle/gems/activesupport-4.2.6/lib/active_support/core_ext/numeric/conversions.rb:131:in `block (2 levels) in <class:Numeric>'
/usr/local/bundle/gems/activesupport-4.2.6/lib/active_support/core_ext/numeric/conversions.rb:131:in `block (2 levels) in <class:Numeric>'
/usr/local/bundle/gems/activesupport-4.2.6/lib/active_support/core_ext/numeric/conversions.rb:131:in `block (2 levels) in <class:Numeric>'
/usr/local/bundle/gems/activesupport-4.2.6/lib/active_support/core_ext/numeric/conversions.rb:131:in `block (2 levels) in <class:Numeric>'
/usr/local/bundle/gems/activesupport-4.2.6/lib/active_support/core_ext/numeric/conversions.rb:131:in `block (2 levels) in <class:Numeric>'
/usr/local/bundle/gems/activesupport-4.2.6/lib/active_support/core_ext/numeric/conversions.rb:131:in `block (2 levels) in <class:Numeric>'
/usr/local/bundle/gems/activesupport-4.2.6/lib/active_support/core_ext/numeric/conversions.rb:131:in `block (2 levels) in <class:Numeric>'
/usr/local/bundle/gems/activesupport-4.2.6/lib/active_support/core_ext/numeric/conversions.rb:131:in `block (2 levels) in <class:Numeric>'
/usr/local/bundle/gems/activesupport-4.2.6/lib/active_support/core_ext/numeric/conversions.rb:131:in `block (2 levels) in <class:Numeric>'
/usr/local/bundle/gems/activesupport-4.2.6/lib/active_support/core_ext/numeric/conversions.rb:131:in `block (2 levels) in <class:Numeric>'
/usr/local/bundle/gems/activesupport-4.2.6/lib/active_support/core_ext/numeric/conversions.rb:131:in `block (2 levels) in <class:Numeric>'
/usr/local/bundle/gems/activesupport-4.2.6/lib/active_support/core_ext/numeric/conversions.rb:131:in `block (2 levels) in <class:Numeric>'
/usr/local/bundle/gems/activesupport-4.2.6/lib/active_support/core_ext/numeric/conversions.rb:131:in `block (2 levels) in <class:Numeric>'
/usr/local/bundle/gems/activesupport-4.2.6/lib/active_support/core_ext/numeric/conversions.rb:131:in `block (2 levels) in <class:Numeric>'
/usr/local/bundle/gems/activesupport-4.2.6/lib/active_support/core_ext/numeric/conversions.rb:131:in `block (2 levels) in <class:Numeric>'
/usr/local/bundle/gems/activesupport-4.2.6/lib/active_support/core_ext/numeric/conversions.rb:131:in `block (2 levels) in <class:Numeric>'
/usr/local/bundle/gems/activesupport-4.2.6/lib/active_support/core_ext/numeric/conversions.rb:131:in `block (2 levels) in <class:Numeric>'
/usr/local/bundle/gems/activesupport-4.2.6/lib/active_support/core_ext/numeric/conversions.rb:131:in `block (2 levels) in <class:Numeric>'
/usr/local/bundle/gems/activesupport-4.2.6/lib/active_support/core_ext/numeric/conversions.rb:131:in `block (2 levels) in <class:Numeric>'
/usr/local/bundle/gems/activesupport-4.2.6/lib/active_support/core_ext/numeric/conversions.rb:131:in `block (2 levels) in <class:Numeric>'
/usr/local/bundle/gems/activesupport-4.2.6/lib/active_support/core_ext/numeric/conversions.rb:131:in `block (2 levels) in <class:Numeric>'
/usr/local/bundle/gems/activesupport-4.2.6/lib/active_support/core_ext/numeric/conversions.rb:131:in `block (2 levels) in <class:Numeric>'
/usr/local/bundle/gems/activesupport-4.2.6/lib/active_support/core_ext/numeric/conversions.rb:131:in `block (2 levels) in <class:Numeric>'
/usr/local/bundle/gems/activesupport-4.2.6/lib/active_support/core_ext/numeric/conversions.rb:131:in `block (2 levels) in <class:Numeric>'
/usr/local/bundle/gems/activesupport-4.2.6/lib/active_support/core_ext/numeric/conversions.rb:131:in `block (2 levels) in <class:Numeric>'
/usr/local/bundle/gems/activesupport-4.2.6/lib/active_support/core_ext/numeric/conversions.rb:131:in `block (2 levels) in <class:Numeric>'
/usr/local/bundle/gems/activesupport-4.2.6/lib/active_support/core_ext/numeric/conversions.rb:131:in `block (2 levels) in <class:Numeric>'
/usr/local/bundle/gems/activesupport-4.2.6/lib/active_support/core_ext/numeric/conversions.rb:131:in `block (2 levels) in <class:Numeric>'
/usr/local/bundle/gems/activesupport-4.2.6/lib/active_support/core_ext/numeric/conversions.rb:131:in `block (2 levels) in <class:Numeric>'
/usr/local/bundle/gems/activesupport-4.2.6/lib/active_support/core_ext/numeric/conversions.rb:131:in `block (2 levels) in <class:Numeric>'
/usr/local/bundle/gems/activesupport-4.2.6/lib/active_support/core_ext/numeric/conversions.rb:131:in `block (2 levels) in <class:Numeric>'
/usr/local/bundle/gems/activesupport-4.2.6/lib/active_support/core_ext/numeric/conversions.rb:131:in `block (2 levels) in <class:Numeric>'
/usr/local/bundle/gems/activesupport-4.2.6/lib/active_support/core_ext/numeric/conversions.rb:131:in `block (2 levels) in <class:Numeric>'
/usr/local/bundle/gems/activesupport-4.2.6/lib/active_support/core_ext/numeric/conversions.rb:131:in `block (2 levels) in <class:Numeric>'
/usr/local/bundle/gems/activesupport-4.2.6/lib/active_support/core_ext/numeric/conversions.rb:131:in `block (2 levels) in <class:Numeric>'
/usr/local/bundle/gems/activesupport-4.2.6/lib/active_support/core_ext/numeric/conversions.rb:131:in `block (2 levels) in <class:Numeric>'
/usr/local/bundle/gems/activesupport-4.2.6/lib/active_support/core_ext/numeric/conversions.rb:131:in `block (2 levels) in <class:Numeric>'
/usr/local/bundle/gems/activesupport-4.2.6/lib/active_support/core_ext/numeric/conversions.rb:131:in `block (2 levels) in <class:Numeric>'
/usr/local/bundle/gems/activesupport-4.2.6/lib/active_support/core_ext/numeric/conversions.rb:131:in `block (2 levels) in <class:Numeric>'
/usr/local/bundle/gems/activesupport-4.2.6/lib/active_support/core_ext/numeric/conversions.rb:131:in `block (2 levels) in <class:Numeric>'
/usr/local/bundle/gems/activesupport-4.2.6/lib/active_support/core_ext/numeric/conversions.rb:131:in `block (2 levels) in <class:Numeric>'
/usr/local/bundle/gems/activesupport-4.2.6/lib/active_support/core_ext/numeric/conversions.rb:131:in `block (2 levels) in <class:Numeric>'
/usr/local/bundle/gems/activesupport-4.2.6/lib/active_support/core_ext/numeric/conversions.rb:131:in `block (2 levels) in <class:Numeric>'
/usr/local/bundle/gems/activesupport-4.2.6/lib/active_support/core_ext/numeric/conversions.rb:131:in `block (2 levels) in <class:Numeric>'
/usr/local/bundle/gems/activesupport-4.2.6/lib/active_support/core_ext/numeric/conversions.rb:131:in `block (2 levels) in <class:Numeric>'
/usr/local/bundle/gems/activesupport-4.2.6/lib/active_support/core_ext/numeric/conversions.rb:131:in `block (2 levels) in <class:Numeric>'
/usr/local/bundle/gems/activesupport-4.2.6/lib/active_support/core_ext/numeric/conversions.rb:131:in `block (2 levels) in <class:Numeric>'
/usr/local/bundle/gems/activesupport-4.2.6/lib/active_support/core_ext/numeric/conversions.rb:131:in `block (2 levels) in <class:Numeric>'
/usr/local/bundle/gems/activesupport-4.2.6/lib/active_support/core_ext/numeric/conversions.rb:131:in `block (2 levels) in <class:Numeric>'
/usr/local/bundle/gems/activesupport-4.2.6/lib/active_support/core_ext/numeric/conversions.rb:131:in `block (2 levels) in <class:Numeric>'
/usr/local/bundle/gems/activesupport-4.2.6/lib/active_support/core_ext/numeric/conversions.rb:131:in `block (2 levels) in <class:Numeric>'
/usr/local/bundle/gems/activesupport-4.2.6/lib/active_support/core_ext/numeric/conversions.rb:131:in `block (2 levels) in <class:Numeric>'
/usr/local/bundle/gems/activesupport-4.2.6/lib/active_support/core_ext/numeric/conversions.rb:131:in `block (2 levels) in <class:Numeric>'
/usr/local/bundle/gems/activesupport-4.2.6/lib/active_support/core_ext/numeric/conversions.rb:131:in `block (2 levels) in <class:Numeric>'
/usr/local/bundle/gems/activesupport-4.2.6/lib/active_support/core_ext/numeric/conversions.rb:131:in `block (2 levels) in <class:Numeric>'
/usr/local/bundle/gems/activesupport-4.2.6/lib/active_support/core_ext/numeric/conversions.rb:131:in `block (2 levels) in <class:Numeric>'
/usr/local/bundle/gems/activesupport-4.2.6/lib/active_support/core_ext/numeric/conversions.rb:131:in `block (2 levels) in <class:Numeric>'
/usr/local/bundle/gems/activesupport-4.2.6/lib/active_support/core_ext/numeric/conversions.rb:131:in `block (2 levels) in <class:Numeric>'
/usr/local/bundle/gems/activesupport-4.2.6/lib/active_support/core_ext/numeric/conversions.rb:131:in `block (2 levels) in <class:Numeric>'
/usr/local/bundle/gems/activesupport-4.2.6/lib/active_support/core_ext/numeric/conversions.rb:131:in `block (2 levels) in <class:Numeric>'
/usr/local/bundle/gems/activesupport-4.2.6/lib/active_support/core_ext/numeric/conversions.rb:131:in `block (2 levels) in <class:Numeric>'
/usr/local/bundle/gems/activesupport-4.2.6/lib/active_support/core_ext/numeric/conversions.rb:131:in `block (2 levels) in <class:Numeric>'
/usr/local/bundle/gems/activesupport-4.2.6/lib/active_support/core_ext/numeric/conversions.rb:131:in `block (2 levels) in <class:Numeric>'
/usr/local/bundle/gems/activesupport-4.2.6/lib/active_support/core_ext/numeric/conversions.rb:131:in `block (2 levels) in <class:Numeric>'
/usr/local/bundle/gems/activesupport-4.2.6/lib/active_support/core_ext/numeric/conversions.rb:131:in `block (2 levels) in <class:Numeric>'
/usr/local/bundle/gems/activesupport-4.2.6/lib/active_support/core_ext/numeric/conversions.rb:131:in `block (2 levels) in <class:Numeric>'
/usr/local/bundle/gems/activesupport-4.2.6/lib/active_support/core_ext/numeric/conversions.rb:131:in `block (2 levels) in <class:Numeric>'
/usr/local/bundle/gems/activesupport-4.2.6/lib/active_support/core_ext/numeric/conversions.rb:131:in `block (2 levels) in <class:Numeric>'
/usr/local/bundle/gems/activesupport-4.2.6/lib/active_support/core_ext/numeric/conversions.rb:131:in `block (2 levels) in <class:Numeric>'
/usr/local/bundle/gems/activesupport-4.2.6/lib/active_support/core_ext/numeric/conversions.rb:131:in `block (2 levels) in <class:Numeric>'
/usr/local/bundle/gems/activesupport-4.2.6/lib/active_support/core_ext/numeric/conversions.rb:131:in `block (2 levels) in <class:Numeric>'
/usr/local/bundle/gems/activesupport-4.2.6/lib/active_support/core_ext/numeric/conversions.rb:131:in `block (2 levels) in <class:Numeric>'
/usr/local/bundle/gems/activesupport-4.2.6/lib/active_support/core_ext/numeric/conversions.rb:131:in `block (2 levels) in <class:Numeric>'
/usr/local/bundle/gems/activesupport-4.2.6/lib/active_support/core_ext/numeric/conversions.rb:131:in `block (2 levels) in <class:Numeric>'
/usr/local/bundle/gems/activesupport-4.2.6/lib/active_support/core_ext/numeric/conversions.rb:131:in `block (2 levels) in <class:Numeric>'
/usr/local/bundle/gems/activesupport-4.2.6/lib/active_support/core_ext/numeric/conversions.rb:131:in `block (2 levels) in <class:Numeric>'
/usr/local/bundle/gems/activesupport-4.2.6/lib/active_support/core_ext/numeric/conversions.rb:131:in `block (2 levels) in <class:Numeric>'
/usr/local/bundle/gems/activesupport-4.2.6/lib/active_support/core_ext/numeric/conversions.rb:131:in `block (2 levels) in <class:Numeric>'
/usr/local/bundle/gems/activesupport-4.2.6/lib/active_support/core_ext/numeric/conversions.rb:131:in `block (2 levels) in <class:Numeric>'
/usr/local/bundle/gems/activesupport-4.2.6/lib/active_support/core_ext/numeric/conversions.rb:131:in `block (2 levels) in <class:Numeric>'
/usr/local/bundle/gems/activesupport-4.2.6/lib/active_support/core_ext/numeric/conversions.rb:131:in `block (2 levels) in <class:Numeric>'
/usr/local/bundle/gems/activesupport-4.2.6/lib/active_support/core_ext/numeric/conversions.rb:131:in `block (2 levels) in <class:Numeric>'
/usr/local/bundle/gems/activesupport-4.2.6/lib/active_support/core_ext/numeric/conversions.rb:131:in `block (2 levels) in <class:Numeric>'
/usr/local/bundle/gems/activesupport-4.2.6/lib/active_support/core_ext/numeric/conversions.rb:131:in `block (2 levels) in <class:Numeric>'
/usr/local/bundle/gems/activesupport-4.2.6/lib/active_support/core_ext/numeric/conversions.rb:131:in `block (2 levels) in <class:Numeric>'
/usr/local/bundle/gems/activesupport-4.2.6/lib/active_support/core_ext/numeric/conversions.rb:131:in `block (2 levels) in <class:Numeric>'
/usr/local/bundle/gems/activesupport-4.2.6/lib/active_support/core_ext/numeric/conversions.rb:131:in `block (2 levels) in <class:Numeric>'
/usr/local/bundle/gems/activesupport-4.2.6/lib/active_support/core_ext/numeric/conversions.rb:131:in `block (2 levels) in <class:Numeric>'
/usr/local/bundle/gems/activesupport-4.2.6/lib/active_support/core_ext/numeric/conversions.rb:131:in `block (2 levels) in <class:Numeric>'
/usr/local/bundle/gems/activesupport-4.2.6/lib/active_support/core_ext/numeric/conversions.rb:131:in `block (2 levels) in <class:Numeric>'
/usr/local/bundle/gems/activesupport-4.2.6/lib/active_support/core_ext/numeric/conversions.rb:131:in `block (2 levels) in <class:Numeric>'
/usr/local/bundle/gems/activesupport-4.2.6/lib/active_support/core_ext/numeric/conversions.rb:131:in `block (2 levels) in <class:Numeric>'
/usr/local/bundle/gems/activesupport-4.2.6/lib/active_support/core_ext/numeric/conversions.rb:131:in `block (2 levels) in <class:Numeric>'
/usr/local/bundle/gems/activesupport-4.2.6/lib/active_support/core_ext/numeric/conversions.rb:131:in `block (2 levels) in <class:Numeric>'
/usr/local/bundle/gems/activesupport-4.2.6/lib/active_support/core_ext/numeric/conversions.rb:131:in `block (2 levels) in <class:Numeric>'
/usr/local/bundle/gems/activesupport-4.2.6/lib/active_support/core_ext/numeric/conversions.rb:131:in `block (2 levels) in <class:Numeric>'
/usr/local/bundle/gems/activesupport-4.2.6/lib/active_support/core_ext/numeric/conversions.rb:131:in `block (2 levels) in <class:Numeric>'
/usr/local/bundle/gems/activesupport-4.2.6/lib/active_support/core_ext/numeric/conversions.rb:131:in `block (2 levels) in <class:Numeric>'
/usr/local/bundle/gems/activesupport-4.2.6/lib/active_support/core_ext/numeric/conversions.rb:131:in `block (2 levels) in <class:Numeric>'
/usr/local/bundle/gems/activesupport-4.2.6/lib/active_support/core_ext/numeric/conversions.rb:131:in `block (2 levels) in <class:Numeric>'
/usr/local/bundle/gems/activesupport-4.2.6/lib/active_support/core_ext/numeric/conversions.rb:131:in `block (2 levels) in <class:Numeric>'
/usr/local/bundle/gems/activesupport-4.2.6/lib/active_support/core_ext/numeric/conversions.rb:131:in `block (2 levels) in <class:Numeric>'
/usr/local/bundle/gems/activesupport-4.2.6/lib/active_support/core_ext/numeric/conversions.rb:131:in `block (2 levels) in <class:Numeric>'
/usr/local/bundle/gems/activesupport-4.2.6/lib/active_support/core_ext/numeric/conversions.rb:131:in `block (2 levels) in <class:Numeric>'
/usr/local/bundle/gems/activesupport-4.2.6/lib/active_support/core_ext/numeric/conversions.rb:131:in `block (2 levels) in <class:Numeric>'
/usr/local/bundle/gems/activesupport-4.2.6/lib/active_support/core_ext/numeric/conversions.rb:131:in `block (2 levels) in <class:Numeric>'
/usr/local/bundle/gems/activesupport-4.2.6/lib/active_support/core_ext/numeric/conversions.rb:131:in `block (2 levels) in <class:Numeric>'
/usr/local/bundle/gems/activesupport-4.2.6/lib/active_support/core_ext/numeric/conversions.rb:131:in `block (2 levels) in <class:Numeric>'
/usr/local/bundle/gems/activesupport-4.2.6/lib/active_support/core_ext/numeric/conversions.rb:131:in `block (2 levels) in <class:Numeric>'
/usr/local/bundle/gems/activesupport-4.2.6/lib/active_support/core_ext/numeric/conversions.rb:131:in `block (2 levels) in <class:Numeric>'
/usr/local/bundle/gems/activesupport-4.2.6/lib/active_support/core_ext/numeric/conversions.rb:131:in `block (2 levels) in <class:Numeric>'
/usr/local/bundle/gems/activesupport-4.2.6/lib/active_support/core_ext/numeric/conversions.rb:131:in `block (2 levels) in <class:Numeric>'
/usr/local/bundle/gems/activesupport-4.2.6/lib/active_support/core_ext/numeric/conversions.rb:131:in `block (2 levels) in <class:Numeric>'
/usr/local/bundle/gems/activesupport-4.2.6/lib/active_support/core_ext/numeric/conversions.rb:131:in `block (2 levels) in <class:Numeric>'
/usr/local/bundle/gems/activesupport-4.2.6/lib/active_support/core_ext/numeric/conversions.rb:131:in `block (2 levels) in <class:Numeric>'
/usr/local/bundle/gems/activesupport-4.2.6/lib/active_support/core_ext/numeric/conversions.rb:131:in `block (2 levels) in <class:Numeric>'
/usr/local/bundle/gems/activesupport-4.2.6/lib/active_support/core_ext/numeric/conversions.rb:131:in `block (2 levels) in <class:Numeric>'
/usr/local/bundle/gems/activesupport-4.2.6/lib/active_support/core_ext/numeric/conversions.rb:131:in `block (2 levels) in <class:Numeric>'
/usr/local/bundle/gems/activesupport-4.2.6/lib/active_support/core_ext/numeric/conversions.rb:131:in `block (2 levels) in <class:Numeric>'
/usr/local/bundle/gems/activesupport-4.2.6/lib/active_support/core_ext/numeric/conversions.rb:131:in `block (2 levels) in <class:Numeric>'
/usr/local/bundle/gems/activesupport-4.2.6/lib/active_support/core_ext/numeric/conversions.rb:131:in `block (2 levels) in <class:Numeric>'
/usr/local/bundle/gems/activesupport-4.2.6/lib/active_support/core_ext/numeric/conversions.rb:131:in `block (2 levels) in <class:Numeric>'
/usr/local/bundle/gems/activesupport-4.2.6/lib/active_support/core_ext/numeric/conversions.rb:131:in `block (2 levels) in <class:Numeric>'
/usr/local/bundle/gems/activesupport-4.2.6/lib/active_support/core_ext/numeric/conversions.rb:131:in `block (2 levels) in <class:Numeric>'
/usr/local/bundle/gems/activesupport-4.2.6/lib/active_support/core_ext/numeric/conversions.rb:131:in `block (2 levels) in <class:Numeric>'
/usr/local/bundle/gems/activesupport-4.2.6/lib/active_support/core_ext/numeric/conversions.rb:131:in `block (2 levels) in <class:Numeric>'
/usr/local/bundle/gems/activesupport-4.2.6/lib/active_support/core_ext/numeric/conversions.rb:131:in `block (2 levels) in <class:Numeric>'
/usr/local/bundle/gems/activesupport-4.2.6/lib/active_support/core_ext/numeric/conversions.rb:131:in `block (2 levels) in <class:Numeric>'
/usr/local/bundle/gems/activesupport-4.2.6/lib/active_support/core_ext/numeric/conversions.rb:131:in `block (2 levels) in <class:Numeric>'
/usr/local/bundle/gems/activesupport-4.2.6/lib/active_support/core_ext/numeric/conversions.rb:131:in `block (2 levels) in <class:Numeric>'
/usr/local/bundle/gems/activesupport-4.2.6/lib/active_support/core_ext/numeric/conversions.rb:131:in `block (2 levels) in <class:Numeric>'
/usr/local/bundle/gems/activesupport-4.2.6/lib/active_support/core_ext/numeric/conversions.rb:131:in `block (2 levels) in <class:Numeric>'
/usr/local/bundle/gems/activesupport-4.2.6/lib/active_support/core_ext/numeric/conversions.rb:131:in `block (2 levels) in <class:Numeric>'
/usr/local/bundle/gems/activesupport-4.2.6/lib/active_support/core_ext/numeric/conversions.rb:131:in `block (2 levels) in <class:Numeric>'
/usr/local/bundle/gems/activesupport-4.2.6/lib/active_support/core_ext/numeric/conversions.rb:131:in `block (2 levels) in <class:Numeric>'
/usr/local/bundle/gems/activesupport-4.2.6/lib/active_support/core_ext/numeric/conversions.rb:131:in `block (2 levels) in <class:Numeric>'
/usr/local/bundle/gems/activesupport-4.2.6/lib/active_support/core_ext/numeric/conversions.rb:131:in `block (2 levels) in <class:Numeric>'
/usr/local/bundle/gems/activesupport-4.2.6/lib/active_support/core_ext/numeric/conversions.rb:131:in `block (2 levels) in <class:Numeric>'
/usr/local/bundle/gems/activesupport-4.2.6/lib/active_support/core_ext/numeric/conversions.rb:131:in `block (2 levels) in <class:Numeric>'
/usr/local/bundle/gems/activesupport-4.2.6/lib/active_support/core_ext/numeric/conversions.rb:131:in `block (2 levels) in <class:Numeric>'
/usr/local/bundle/gems/activesupport-4.2.6/lib/active_support/core_ext/numeric/conversions.rb:131:in `block (2 levels) in <class:Numeric>'
/usr/local/bundle/gems/activesupport-4.2.6/lib/active_support/core_ext/numeric/conversions.rb:131:in `block (2 levels) in <class:Numeric>'
/usr/local/bundle/gems/activesupport-4.2.6/lib/active_support/core_ext/numeric/conversions.rb:131:in `block (2 levels) in <class:Numeric>'
/usr/local/bundle/gems/activesupport-4.2.6/lib/active_support/core_ext/numeric/conversions.rb:131:in `block (2 levels) in <class:Numeric>'
/usr/local/bundle/gems/activesupport-4.2.6/lib/active_support/core_ext/numeric/conversions.rb:131:in `block (2 levels) in <class:Numeric>'
/usr/local/bundle/gems/activesupport-4.2.6/lib/active_support/core_ext/numeric/conversions.rb:131:in `block (2 levels) in <class:Numeric>'
/usr/local/bundle/gems/activesupport-4.2.6/lib/active_support/core_ext/numeric/conversions.rb:131:in `block (2 levels) in <class:Numeric>'
/usr/local/bundle/gems/activesupport-4.2.6/lib/active_support/core_ext/numeric/conversions.rb:131:in `block (2 levels) in <class:Numeric>'
/usr/local/bundle/gems/activesupport-4.2.6/lib/active_support/core_ext/numeric/conversions.rb:131:in `block (2 levels) in <class:Numeric>'
/usr/local/bundle/gems/activesupport-4.2.6/lib/active_support/core_ext/numeric/conversions.rb:131:in `block (2 levels) in <class:Numeric>'
/usr/local/bundle/gems/activesupport-4.2.6/lib/active_support/core_ext/numeric/conversions.rb:131:in `block (2 levels) in <class:Numeric>'
/usr/local/bundle/gems/activesupport-4.2.6/lib/active_support/core_ext/numeric/conversions.rb:131:in `block (2 levels) in <class:Numeric>'
/usr/local/bundle/gems/activesupport-4.2.6/lib/active_support/core_ext/numeric/conversions.rb:131:in `block (2 levels) in <class:Numeric>'
/usr/local/bundle/gems/activesupport-4.2.6/lib/active_support/core_ext/numeric/conversions.rb:131:in `block (2 levels) in <class:Numeric>'
/usr/local/bundle/gems/activesupport-4.2.6/lib/active_support/core_ext/numeric/conversions.rb:131:in `block (2 levels) in <class:Numeric>'
/usr/local/bundle/gems/activesupport-4.2.6/lib/active_support/core_ext/numeric/conversions.rb:131:in `block (2 levels) in <class:Numeric>'
/usr/local/bundle/gems/activesupport-4.2.6/lib/active_support/core_ext/numeric/conversions.rb:131:in `block (2 levels) in <class:Numeric>'
/usr/local/bundle/gems/activesupport-4.2.6/lib/active_support/core_ext/numeric/conversions.rb:131:in `block (2 levels) in <class:Numeric>'
/usr/local/bundle/gems/activesupport-4.2.6/lib/active_support/core_ext/numeric/conversions.rb:131:in `block (2 levels) in <class:Numeric>'
/usr/local/bundle/gems/activesupport-4.2.6/lib/active_support/core_ext/numeric/conversions.rb:131:in `block (2 levels) in <class:Numeric>'
/usr/local/bundle/gems/activesupport-4.2.6/lib/active_support/core_ext/numeric/conversions.rb:131:in `block (2 levels) in <class:Numeric>'
/usr/local/bundle/gems/activesupport-4.2.6/lib/active_support/core_ext/numeric/conversions.rb:131:in `block (2 levels) in <class:Numeric>'
/usr/local/bundle/gems/activesupport-4.2.6/lib/active_support/core_ext/numeric/conversions.rb:131:in `block (2 levels) in <class:Numeric>'
/usr/local/bundle/gems/activesupport-4.2.6/lib/active_support/core_ext/numeric/conversions.rb:131:in `block (2 levels) in <class:Numeric>'
/usr/local/bundle/gems/activesupport-4.2.6/lib/active_support/core_ext/numeric/conversions.rb:131:in `block (2 levels) in <class:Numeric>'
/usr/local/bundle/gems/activesupport-4.2.6/lib/active_support/core_ext/numeric/conversions.rb:131:in `block (2 levels) in <class:Numeric>'
/usr/local/bundle/gems/activesupport-4.2.6/lib/active_support/core_ext/numeric/conversions.rb:131:in `block (2 levels) in <class:Numeric>'
/usr/local/bundle/gems/activesupport-4.2.6/lib/active_support/core_ext/numeric/conversions.rb:131:in `block (2 levels) in <class:Numeric>'
/usr/local/bundle/gems/activesupport-4.2.6/lib/active_support/core_ext/numeric/conversions.rb:131:in `block (2 levels) in <class:Numeric>'
/usr/local/bundle/gems/activesupport-4.2.6/lib/active_support/core_ext/numeric/conversions.rb:131:in `block (2 levels) in <class:Numeric>'
/usr/local/bundle/gems/activesupport-4.2.6/lib/active_support/core_ext/numeric/conversions.rb:131:in `block (2 levels) in <class:Numeric>'
/usr/local/bundle/gems/activesupport-4.2.6/lib/active_support/core_ext/numeric/conversions.rb:131:in `block (2 levels) in <class:Numeric>'
/usr/local/bundle/gems/activesupport-4.2.6/lib/active_support/core_ext/numeric/conversions.rb:131:in `block (2 levels) in <class:Numeric>'
/usr/local/bundle/gems/activesupport-4.2.6/lib/active_support/core_ext/numeric/conversions.rb:131:in `block (2 levels) in <class:Numeric>'
/usr/local/bundle/gems/activesupport-4.2.6/lib/active_support/core_ext/numeric/conversions.rb:131:in `block (2 levels) in <class:Numeric>'
/usr/local/bundle/gems/activesupport-4.2.6/lib/active_support/core_ext/numeric/conversions.rb:131:in `block (2 levels) in <class:Numeric>'
/usr/local/bundle/gems/activesupport-4.2.6/lib/active_support/core_ext/numeric/conversions.rb:131:in `block (2 levels) in <class:Numeric>'
/usr/local/bundle/gems/activesupport-4.2.6/lib/active_support/core_ext/numeric/conversions.rb:131:in `block (2 levels) in <class:Numeric>'
/usr/local/bundle/gems/activesupport-4.2.6/lib/active_support/core_ext/numeric/conversions.rb:131:in `block (2 levels) in <class:Numeric>'
/usr/local/bundle/gems/activesupport-4.2.6/lib/active_support/core_ext/numeric/conversions.rb:131:in `block (2 levels) in <class:Numeric>'
/usr/local/bundle/gems/activesupport-4.2.6/lib/active_support/core_ext/numeric/conversions.rb:131:in `block (2 levels) in <class:Numeric>'
/usr/local/bundle/gems/activesupport-4.2.6/lib/active_support/core_ext/numeric/conversions.rb:131:in `block (2 levels) in <class:Numeric>'
/usr/local/bundle/gems/activesupport-4.2.6/lib/active_support/core_ext/numeric/conversions.rb:131:in `block (2 levels) in <class:Numeric>'
/usr/local/bundle/gems/activesupport-4.2.6/lib/active_support/core_ext/numeric/conversions.rb:131:in `block (2 levels) in <class:Numeric>'
/usr/local/bundle/gems/activesupport-4.2.6/lib/active_support/core_ext/numeric/conversions.rb:131:in `block (2 levels) in <class:Numeric>'
/usr/local/bundle/gems/activesupport-4.2.6/lib/active_support/core_ext/numeric/conversions.rb:131:in `block (2 levels) in <class:Numeric>'
/usr/local/bundle/gems/activesupport-4.2.6/lib/active_support/core_ext/numeric/conversions.rb:131:in `block (2 levels) in <class:Numeric>'
/usr/local/bundle/gems/activesupport-4.2.6/lib/active_support/core_ext/numeric/conversions.rb:131:in `block (2 levels) in <class:Numeric>'
/usr/local/bundle/gems/activesupport-4.2.6/lib/active_support/core_ext/numeric/conversions.rb:131:in `block (2 levels) in <class:Numeric>'
/usr/local/bundle/gems/activesupport-4.2.6/lib/active_support/core_ext/numeric/conversions.rb:131:in `block (2 levels) in <class:Numeric>'
/usr/local/bundle/gems/activesupport-4.2.6/lib/active_support/core_ext/numeric/conversions.rb:131:in `block (2 levels) in <class:Numeric>'
/usr/local/bundle/gems/activesupport-4.2.6/lib/active_support/core_ext/numeric/conversions.rb:131:in `block (2 levels) in <class:Numeric>'
/usr/local/bundle/gems/activesupport-4.2.6/lib/active_support/core_ext/numeric/conversions.rb:131:in `block (2 levels) in <class:Numeric>'
/usr/local/bundle/gems/activesupport-4.2.6/lib/active_support/core_ext/numeric/conversions.rb:131:in `block (2 levels) in <class:Numeric>'
/usr/local/bundle/gems/activesupport-4.2.6/lib/active_support/core_ext/numeric/conversions.rb:131:in `block (2 levels) in <class:Numeric>'
/usr/local/bundle/gems/activesupport-4.2.6/lib/active_support/core_ext/numeric/conversions.rb:131:in `block (2 levels) in <class:Numeric>'
/usr/local/bundle/gems/activesupport-4.2.6/lib/active_support/core_ext/numeric/conversions.rb:131:in `block (2 levels) in <class:Numeric>'
/usr/local/bundle/gems/activesupport-4.2.6/lib/active_support/core_ext/numeric/conversions.rb:131:in `block (2 levels) in <class:Numeric>'
/usr/local/bundle/gems/activesupport-4.2.6/lib/active_support/core_ext/numeric/conversions.rb:131:in `block (2 levels) in <class:Numeric>'
/usr/local/bundle/gems/activesupport-4.2.6/lib/active_support/core_ext/numeric/conversions.rb:131:in `block (2 levels) in <class:Numeric>'
/usr/local/bundle/gems/activesupport-4.2.6/lib/active_support/core_ext/numeric/conversions.rb:131:in `block (2 levels) in <class:Numeric>'
/usr/local/bundle/gems/activesupport-4.2.6/lib/active_support/core_ext/numeric/conversions.rb:131:in `block (2 levels) in <class:Numeric>'
/usr/local/bundle/gems/activesupport-4.2.6/lib/active_support/core_ext/numeric/conversions.rb:131:in `block (2 levels) in <class:Numeric>'
/usr/local/bundle/gems/activesupport-4.2.6/lib/active_support/core_ext/numeric/conversions.rb:131:in `block (2 levels) in <class:Numeric>'
/usr/local/bundle/gems/activesupport-4.2.6/lib/active_support/core_ext/numeric/conversions.rb:131:in `block (2 levels) in <class:Numeric>'
/usr/local/bundle/gems/activesupport-4.2.6/lib/active_support/core_ext/numeric/conversions.rb:131:in `block (2 levels) in <class:Numeric>'
/usr/local/bundle/gems/activesupport-4.2.6/lib/active_support/core_ext/numeric/conversions.rb:131:in `block (2 levels) in <class:Numeric>'
/usr/local/bundle/gems/activesupport-4.2.6/lib/active_support/core_ext/numeric/conversions.rb:131:in `block (2 levels) in <class:Numeric>'
/usr/local/bundle/gems/activesupport-4.2.6/lib/active_support/core_ext/numeric/conversions.rb:131:in `block (2 levels) in <class:Numeric>'
/usr/local/bundle/gems/activesupport-4.2.6/lib/active_support/core_ext/numeric/conversions.rb:131:in `block (2 levels) in <class:Numeric>'
/usr/local/bundle/gems/activesupport-4.2.6/lib/active_support/core_ext/numeric/conversions.rb:131:in `block (2 levels) in <class:Numeric>'
/usr/local/bundle/gems/activesupport-4.2.6/lib/active_support/core_ext/numeric/conversions.rb:131:in `block (2 levels) in <class:Numeric>'
/usr/local/bundle/gems/activesupport-4.2.6/lib/active_support/core_ext/numeric/conversions.rb:131:in `block (2 levels) in <class:Numeric>'
/usr/local/bundle/gems/activesupport-4.2.6/lib/active_support/core_ext/numeric/conversions.rb:131:in `block (2 levels) in <class:Numeric>'
/usr/local/bundle/gems/activesupport-4.2.6/lib/active_support/core_ext/numeric/conversions.rb:131:in `block (2 levels) in <class:Numeric>'
/usr/local/bundle/gems/activesupport-4.2.6/lib/active_support/core_ext/numeric/conversions.rb:131:in `block (2 levels) in <class:Numeric>'
/usr/local/bundle/gems/activesupport-4.2.6/lib/active_support/core_ext/numeric/conversions.rb:131:in `block (2 levels) in <class:Numeric>'
/usr/local/bundle/gems/activesupport-4.2.6/lib/active_support/core_ext/numeric/conversions.rb:131:in `block (2 levels) in <class:Numeric>'
/usr/local/bundle/gems/activesupport-4.2.6/lib/active_support/core_ext/numeric/conversions.rb:131:in `block (2 levels) in <class:Numeric>'
/usr/local/bundle/gems/activesupport-4.2.6/lib/active_support/core_ext/numeric/conversions.rb:131:in `block (2 levels) in <class:Numeric>'
/usr/local/bundle/gems/activesupport-4.2.6/lib/active_support/core_ext/numeric/conversions.rb:131:in `block (2 levels) in <class:Numeric>'
/usr/local/bundle/gems/activesupport-4.2.6/lib/active_support/core_ext/numeric/conversions.rb:131:in `block (2 levels) in <class:Numeric>'
/usr/local/bundle/gems/activesupport-4.2.6/lib/active_support/core_ext/numeric/conversions.rb:131:in `block (2 levels) in <class:Numeric>'
/usr/local/bundle/gems/activesupport-4.2.6/lib/active_support/core_ext/numeric/conversions.rb:131:in `block (2 levels) in <class:Numeric>'
/usr/local/bundle/gems/activesupport-4.2.6/lib/active_support/core_ext/numeric/conversions.rb:131:in `block (2 levels) in <class:Numeric>'
/usr/local/bundle/gems/activesupport-4.2.6/lib/active_support/core_ext/numeric/conversions.rb:131:in `block (2 levels) in <class:Numeric>'
/usr/local/bundle/gems/activesupport-4.2.6/lib/active_support/core_ext/numeric/conversions.rb:131:in `block (2 levels) in <class:Numeric>'
/usr/local/bundle/gems/activesupport-4.2.6/lib/active_support/core_ext/numeric/conversions.rb:131:in `block (2 levels) in <class:Numeric>'
/usr/local/bundle/gems/activesupport-4.2.6/lib/active_support/core_ext/numeric/conversions.rb:131:in `block (2 levels) in <class:Numeric>'
/usr/local/bundle/gems/activesupport-4.2.6/lib/active_support/core_ext/numeric/conversions.rb:131:in `block (2 levels) in <class:Numeric>'
/usr/local/bundle/gems/activesupport-4.2.6/lib/active_support/core_ext/numeric/conversions.rb:131:in `block (2 levels) in <class:Numeric>'
/usr/local/bundle/gems/activesupport-4.2.6/lib/active_support/core_ext/numeric/conversions.rb:131:in `block (2 levels) in <class:Numeric>'
/usr/local/bundle/gems/activesupport-4.2.6/lib/active_support/core_ext/numeric/conversions.rb:131:in `block (2 levels) in <class:Numeric>'
/usr/local/bundle/gems/activesupport-4.2.6/lib/active_support/core_ext/numeric/conversions.rb:131:in `block (2 levels) in <class:Numeric>'
/usr/local/bundle/gems/activesupport-4.2.6/lib/active_support/core_ext/numeric/conversions.rb:131:in `block (2 levels) in <class:Numeric>'
/usr/local/bundle/gems/activesupport-4.2.6/lib/active_support/core_ext/numeric/conversions.rb:131:in `block (2 levels) in <class:Numeric>'
/usr/local/bundle/gems/activesupport-4.2.6/lib/active_support/core_ext/numeric/conversions.rb:131:in `block (2 levels) in <class:Numeric>'
/usr/local/bundle/gems/activesupport-4.2.6/lib/active_support/core_ext/numeric/conversions.rb:131:in `block (2 levels) in <class:Numeric>'
/usr/local/bundle/gems/activesupport-4.2.6/lib/active_support/core_ext/numeric/conversions.rb:131:in `block (2 levels) in <class:Numeric>'
/usr/local/bundle/gems/activesupport-4.2.6/lib/active_support/core_ext/numeric/conversions.rb:131:in `block (2 levels) in <class:Numeric>'
/usr/local/bundle/gems/activesupport-4.2.6/lib/active_support/core_ext/numeric/conversions.rb:131:in `block (2 levels) in <class:Numeric>'
/usr/local/bundle/gems/activesupport-4.2.6/lib/active_support/core_ext/numeric/conversions.rb:131:in `block (2 levels) in <class:Numeric>'
/usr/local/bundle/gems/activesupport-4.2.6/lib/active_support/core_ext/numeric/conversions.rb:131:in `block (2 levels) in <class:Numeric>'
/usr/local/bundle/gems/activesupport-4.2.6/lib/active_support/core_ext/numeric/conversions.rb:131:in `block (2 levels) in <class:Numeric>'
/usr/local/bundle/gems/activesupport-4.2.6/lib/active_support/core_ext/numeric/conversions.rb:131:in `block (2 levels) in <class:Numeric>'
/usr/local/bundle/gems/activesupport-4.2.6/lib/active_support/core_ext/numeric/conversions.rb:131:in `block (2 levels) in <class:Numeric>'
/usr/local/bundle/gems/activesupport-4.2.6/lib/active_support/core_ext/numeric/conversions.rb:131:in `block (2 levels) in <class:Numeric>'
/usr/local/bundle/gems/activesupport-4.2.6/lib/active_support/core_ext/numeric/conversions.rb:131:in `block (2 levels) in <class:Numeric>'
/usr/local/bundle/gems/activesupport-4.2.6/lib/active_support/core_ext/numeric/conversions.rb:131:in `block (2 levels) in <class:Numeric>'
/usr/local/bundle/gems/activesupport-4.2.6/lib/active_support/core_ext/numeric/conversions.rb:131:in `block (2 levels) in <class:Numeric>'
/usr/local/bundle/gems/activesupport-4.2.6/lib/active_support/core_ext/numeric/conversions.rb:131:in `block (2 levels) in <class:Numeric>'
/usr/local/bundle/gems/activesupport-4.2.6/lib/active_support/core_ext/numeric/conversions.rb:131:in `block (2 levels) in <class:Numeric>'
/usr/local/bundle/gems/activesupport-4.2.6/lib/active_support/core_ext/numeric/conversions.rb:131:in `block (2 levels) in <class:Numeric>'
/usr/local/bundle/gems/activesupport-4.2.6/lib/active_support/core_ext/numeric/conversions.rb:131:in `block (2 levels) in <class:Numeric>'
/usr/local/bundle/gems/activesupport-4.2.6/lib/active_support/core_ext/numeric/conversions.rb:131:in `block (2 levels) in <class:Numeric>'
/usr/local/bundle/gems/activesupport-4.2.6/lib/active_support/core_ext/numeric/conversions.rb:131:in `block (2 levels) in <class:Numeric>'
/usr/local/bundle/gems/activesupport-4.2.6/lib/active_support/core_ext/numeric/conversions.rb:131:in `block (2 levels) in <class:Numeric>'
/usr/local/bundle/gems/activesupport-4.2.6/lib/active_support/core_ext/numeric/conversions.rb:131:in `block (2 levels) in <class:Numeric>'
/usr/local/bundle/gems/activesupport-4.2.6/lib/active_support/core_ext/numeric/conversions.rb:131:in `block (2 levels) in <class:Numeric>'
/usr/local/bundle/gems/activesupport-4.2.6/lib/active_support/core_ext/numeric/conversions.rb:131:in `block (2 levels) in <class:Numeric>'
/usr/local/bundle/gems/activesupport-4.2.6/lib/active_support/core_ext/numeric/conversions.rb:131:in `block (2 levels) in <class:Numeric>'
/usr/local/bundle/gems/activesupport-4.2.6/lib/active_support/core_ext/numeric/conversions.rb:131:in `block (2 levels) in <class:Numeric>'
/usr/local/bundle/gems/activesupport-4.2.6/lib/active_support/core_ext/numeric/conversions.rb:131:in `block (2 levels) in <class:Numeric>'
/usr/local/bundle/gems/activesupport-4.2.6/lib/active_support/core_ext/numeric/conversions.rb:131:in `block (2 levels) in <class:Numeric>'
/usr/local/bundle/gems/activesupport-4.2.6/lib/active_support/core_ext/numeric/conversions.rb:131:in `block (2 levels) in <class:Numeric>'
/usr/local/bundle/gems/activesupport-4.2.6/lib/active_support/core_ext/numeric/conversions.rb:131:in `block (2 levels) in <class:Numeric>'
/usr/local/bundle/gems/activesupport-4.2.6/lib/active_support/core_ext/numeric/conversions.rb:131:in `block (2 levels) in <class:Numeric>'
/usr/local/bundle/gems/activesupport-4.2.6/lib/active_support/core_ext/numeric/conversions.rb:131:in `block (2 levels) in <class:Numeric>'
/usr/local/bundle/gems/activesupport-4.2.6/lib/active_support/core_ext/numeric/conversions.rb:131:in `block (2 levels) in <class:Numeric>'
/usr/local/bundle/gems/activesupport-4.2.6/lib/active_support/core_ext/numeric/conversions.rb:131:in `block (2 levels) in <class:Numeric>'
/usr/local/bundle/gems/activesupport-4.2.6/lib/active_support/core_ext/numeric/conversions.rb:131:in `block (2 levels) in <class:Numeric>'
/usr/local/bundle/gems/activesupport-4.2.6/lib/active_support/core_ext/numeric/conversions.rb:131:in `block (2 levels) in <class:Numeric>'
/usr/local/bundle/gems/activesupport-4.2.6/lib/active_support/core_ext/numeric/conversions.rb:131:in `block (2 levels) in <class:Numeric>'
/usr/local/bundle/gems/activesupport-4.2.6/lib/active_support/core_ext/numeric/conversions.rb:131:in `block (2 levels) in <class:Numeric>'
/usr/local/bundle/gems/activesupport-4.2.6/lib/active_support/core_ext/numeric/conversions.rb:131:in `block (2 levels) in <class:Numeric>'
/usr/local/bundle/gems/activesupport-4.2.6/lib/active_support/core_ext/numeric/conversions.rb:131:in `block (2 levels) in <class:Numeric>'
/usr/local/bundle/gems/activesupport-4.2.6/lib/active_support/core_ext/numeric/conversions.rb:131:in `block (2 levels) in <class:Numeric>'
/usr/local/bundle/gems/activesupport-4.2.6/lib/active_support/core_ext/numeric/conversions.rb:131:in `block (2 levels) in <class:Numeric>'
/usr/local/bundle/gems/activesupport-4.2.6/lib/active_support/core_ext/numeric/conversions.rb:131:in `block (2 levels) in <class:Numeric>'
/usr/local/bundle/gems/activesupport-4.2.6/lib/active_support/core_ext/numeric/conversions.rb:131:in `block (2 levels) in <class:Numeric>'
/usr/local/bundle/gems/activesupport-4.2.6/lib/active_support/core_ext/numeric/conversions.rb:131:in `block (2 levels) in <class:Numeric>'
/usr/local/bundle/gems/activesupport-4.2.6/lib/active_support/core_ext/numeric/conversions.rb:131:in `block (2 levels) in <class:Numeric>'
/usr/local/bundle/gems/activesupport-4.2.6/lib/active_support/core_ext/numeric/conversions.rb:131:in `block (2 levels) in <class:Numeric>'
/usr/local/bundle/gems/activesupport-4.2.6/lib/active_support/core_ext/numeric/conversions.rb:131:in `block (2 levels) in <class:Numeric>'
/usr/local/bundle/gems/activesupport-4.2.6/lib/active_support/core_ext/numeric/conversions.rb:131:in `block (2 levels) in <class:Numeric>'
/usr/local/bundle/gems/activesupport-4.2.6/lib/active_support/core_ext/numeric/conversions.rb:131:in `block (2 levels) in <class:Numeric>'
/usr/local/bundle/gems/activesupport-4.2.6/lib/active_support/core_ext/numeric/conversions.rb:131:in `block (2 levels) in <class:Numeric>'
/usr/local/bundle/gems/activesupport-4.2.6/lib/active_support/core_ext/numeric/conversions.rb:131:in `block (2 levels) in <class:Numeric>'
/usr/local/bundle/gems/activesupport-4.2.6/lib/active_support/core_ext/numeric/conversions.rb:131:in `block (2 levels) in <class:Numeric>'
/usr/local/bundle/gems/activesupport-4.2.6/lib/active_support/core_ext/numeric/conversions.rb:131:in `block (2 levels) in <class:Numeric>'
/usr/local/bundle/gems/activesupport-4.2.6/lib/active_support/core_ext/numeric/conversions.rb:131:in `block (2 levels) in <class:Numeric>'
/usr/local/bundle/gems/activesupport-4.2.6/lib/active_support/core_ext/numeric/conversions.rb:131:in `block (2 levels) in <class:Numeric>'
/usr/local/bundle/gems/activesupport-4.2.6/lib/active_support/core_ext/numeric/conversions.rb:131:in `block (2 levels) in <class:Numeric>'
/usr/local/bundle/gems/activesupport-4.2.6/lib/active_support/core_ext/numeric/conversions.rb:131:in `block (2 levels) in <class:Numeric>'
/usr/local/bundle/gems/activesupport-4.2.6/lib/active_support/core_ext/numeric/conversions.rb:131:in `block (2 levels) in <class:Numeric>'
/usr/local/bundle/gems/activesupport-4.2.6/lib/active_support/core_ext/numeric/conversions.rb:131:in `block (2 levels) in <class:Numeric>'
/usr/local/bundle/gems/activesupport-4.2.6/lib/active_support/core_ext/numeric/conversions.rb:131:in `block (2 levels) in <class:Numeric>'
/usr/local/bundle/gems/activesupport-4.2.6/lib/active_support/core_ext/numeric/conversions.rb:131:in `block (2 levels) in <class:Numeric>'
/usr/local/bundle/gems/activesupport-4.2.6/lib/active_support/core_ext/numeric/conversions.rb:131:in `block (2 levels) in <class:Numeric>'
/usr/local/bundle/gems/activesupport-4.2.6/lib/active_support/core_ext/numeric/conversions.rb:131:in `block (2 levels) in <class:Numeric>'
/usr/local/bundle/gems/activesupport-4.2.6/lib/active_support/core_ext/numeric/conversions.rb:131:in `block (2 levels) in <class:Numeric>'
/usr/local/bundle/gems/activesupport-4.2.6/lib/active_support/core_ext/numeric/conversions.rb:131:in `block (2 levels) in <class:Numeric>'
/usr/local/bundle/gems/activesupport-4.2.6/lib/active_support/core_ext/numeric/conversions.rb:131:in `block (2 levels) in <class:Numeric>'
/usr/local/bundle/gems/activesupport-4.2.6/lib/active_support/core_ext/numeric/conversions.rb:131:in `block (2 levels) in <class:Numeric>'
/usr/local/bundle/gems/activesupport-4.2.6/lib/active_support/core_ext/numeric/conversions.rb:131:in `block (2 levels) in <class:Numeric>'
/usr/local/bundle/gems/activesupport-4.2.6/lib/active_support/core_ext/numeric/conversions.rb:131:in `block (2 levels) in <class:Numeric>'
/usr/local/bundle/gems/activesupport-4.2.6/lib/active_support/core_ext/numeric/conversions.rb:131:in `block (2 levels) in <class:Numeric>'
/usr/local/bundle/gems/activesupport-4.2.6/lib/active_support/core_ext/numeric/conversions.rb:131:in `block (2 levels) in <class:Numeric>'
/usr/local/bundle/gems/activesupport-4.2.6/lib/active_support/core_ext/numeric/conversions.rb:131:in `block (2 levels) in <class:Numeric>'
/usr/local/bundle/gems/activesupport-4.2.6/lib/active_support/core_ext/numeric/conversions.rb:131:in `block (2 levels) in <class:Numeric>'
/usr/local/bundle/gems/activesupport-4.2.6/lib/active_support/core_ext/numeric/conversions.rb:131:in `block (2 levels) in <class:Numeric>'
/usr/local/bundle/gems/activesupport-4.2.6/lib/active_support/core_ext/numeric/conversions.rb:131:in `block (2 levels) in <class:Numeric>'
/usr/local/bundle/gems/activesupport-4.2.6/lib/active_support/core_ext/numeric/conversions.rb:131:in `block (2 levels) in <class:Numeric>'
/usr/local/bundle/gems/activesupport-4.2.6/lib/active_support/core_ext/numeric/conversions.rb:131:in `block (2 levels) in <class:Numeric>'
/usr/local/bundle/gems/activesupport-4.2.6/lib/active_support/core_ext/numeric/conversions.rb:131:in `block (2 levels) in <class:Numeric>'
/usr/local/bundle/gems/activesupport-4.2.6/lib/active_support/core_ext/numeric/conversions.rb:131:in `block (2 levels) in <class:Numeric>'
/usr/local/bundle/gems/activesupport-4.2.6/lib/active_support/core_ext/numeric/conversions.rb:131:in `block (2 levels) in <class:Numeric>'
/usr/local/bundle/gems/activesupport-4.2.6/lib/active_support/core_ext/numeric/conversions.rb:131:in `block (2 levels) in <class:Numeric>'
/usr/local/bundle/gems/activesupport-4.2.6/lib/active_support/core_ext/numeric/conversions.rb:131:in `block (2 levels) in <class:Numeric>'
/usr/local/bundle/gems/activesupport-4.2.6/lib/active_support/core_ext/numeric/conversions.rb:131:in `block (2 levels) in <class:Numeric>'
/usr/local/bundle/gems/activesupport-4.2.6/lib/active_support/core_ext/numeric/conversions.rb:131:in `block (2 levels) in <class:Numeric>'
/usr/local/bundle/gems/activesupport-4.2.6/lib/active_support/core_ext/numeric/conversions.rb:131:in `block (2 levels) in <class:Numeric>'
/usr/local/bundle/gems/activesupport-4.2.6/lib/active_support/core_ext/numeric/conversions.rb:131:in `block (2 levels) in <class:Numeric>'
/usr/local/bundle/gems/activesupport-4.2.6/lib/active_support/core_ext/numeric/conversions.rb:131:in `block (2 levels) in <class:Numeric>'
/usr/local/bundle/gems/activesupport-4.2.6/lib/active_support/core_ext/numeric/conversions.rb:131:in `block (2 levels) in <class:Numeric>'
/usr/local/bundle/gems/activesupport-4.2.6/lib/active_support/core_ext/numeric/conversions.rb:131:in `block (2 levels) in <class:Numeric>'
/usr/local/bundle/gems/activesupport-4.2.6/lib/active_support/core_ext/numeric/conversions.rb:131:in `block (2 levels) in <class:Numeric>'
/usr/local/bundle/gems/activesupport-4.2.6/lib/active_support/core_ext/numeric/conversions.rb:131:in `block (2 levels) in <class:Numeric>'
/usr/local/bundle/gems/activesupport-4.2.6/lib/active_support/core_ext/numeric/conversions.rb:131:in `block (2 levels) in <class:Numeric>'
/usr/local/bundle/gems/activesupport-4.2.6/lib/active_support/core_ext/numeric/conversions.rb:131:in `block (2 levels) in <class:Numeric>'
/usr/local/bundle/gems/activesupport-4.2.6/lib/active_support/core_ext/numeric/conversions.rb:131:in `block (2 levels) in <class:Numeric>'
/usr/local/bundle/gems/activesupport-4.2.6/lib/active_support/core_ext/numeric/conversions.rb:131:in `block (2 levels) in <class:Numeric>'
/usr/local/bundle/gems/activesupport-4.2.6/lib/active_support/core_ext/numeric/conversions.rb:131:in `block (2 levels) in <class:Numeric>'
/usr/local/bundle/gems/activesupport-4.2.6/lib/active_support/core_ext/numeric/conversions.rb:131:in `block (2 levels) in <class:Numeric>'
/usr/local/bundle/gems/activesupport-4.2.6/lib/active_support/core_ext/numeric/conversions.rb:131:in `block (2 levels) in <class:Numeric>'
/usr/local/bundle/gems/activesupport-4.2.6/lib/active_support/core_ext/numeric/conversions.rb:131:in `block (2 levels) in <class:Numeric>'
/usr/local/bundle/gems/activesupport-4.2.6/lib/active_support/core_ext/numeric/conversions.rb:131:in `block (2 levels) in <class:Numeric>'
/usr/local/bundle/gems/activesupport-4.2.6/lib/active_support/core_ext/numeric/conversions.rb:131:in `block (2 levels) in <class:Numeric>'
/usr/local/bundle/gems/activesupport-4.2.6/lib/active_support/core_ext/numeric/conversions.rb:131:in `block (2 levels) in <class:Numeric>'
/usr/local/bundle/gems/activesupport-4.2.6/lib/active_support/core_ext/numeric/conversions.rb:131:in `block (2 levels) in <class:Numeric>'
/usr/local/bundle/gems/activesupport-4.2.6/lib/active_support/core_ext/numeric/conversions.rb:131:in `block (2 levels) in <class:Numeric>'
/usr/local/bundle/gems/activesupport-4.2.6/lib/active_support/core_ext/numeric/conversions.rb:131:in `block (2 levels) in <class:Numeric>'
/usr/local/bundle/gems/activesupport-4.2.6/lib/active_support/core_ext/numeric/conversions.rb:131:in `block (2 levels) in <class:Numeric>'
/usr/local/bundle/gems/activesupport-4.2.6/lib/active_support/core_ext/numeric/conversions.rb:131:in `block (2 levels) in <class:Numeric>'
/usr/local/bundle/gems/activesupport-4.2.6/lib/active_support/core_ext/numeric/conversions.rb:131:in `block (2 levels) in <class:Numeric>'
/usr/local/bundle/gems/activesupport-4.2.6/lib/active_support/core_ext/numeric/conversions.rb:131:in `block (2 levels) in <class:Numeric>'
/usr/local/bundle/gems/activesupport-4.2.6/lib/active_support/core_ext/numeric/conversions.rb:131:in `block (2 levels) in <class:Numeric>'
/usr/local/bundle/gems/activesupport-4.2.6/lib/active_support/core_ext/numeric/conversions.rb:131:in `block (2 levels) in <class:Numeric>'
/usr/local/bundle/gems/activesupport-4.2.6/lib/active_support/core_ext/numeric/conversions.rb:131:in `block (2 levels) in <class:Numeric>'
/usr/local/bundle/gems/activesupport-4.2.6/lib/active_support/core_ext/numeric/conversions.rb:131:in `block (2 levels) in <class:Numeric>'
/usr/local/bundle/gems/activesupport-4.2.6/lib/active_support/core_ext/numeric/conversions.rb:131:in `block (2 levels) in <class:Numeric>'
/usr/local/bundle/gems/activesupport-4.2.6/lib/active_support/core_ext/numeric/conversions.rb:131:in `block (2 levels) in <class:Numeric>'
/usr/local/bundle/gems/activesupport-4.2.6/lib/active_support/core_ext/numeric/conversions.rb:131:in `block (2 levels) in <class:Numeric>'
/usr/local/bundle/gems/activesupport-4.2.6/lib/active_support/core_ext/numeric/conversions.rb:131:in `block (2 levels) in <class:Numeric>'
/usr/local/bundle/gems/activesupport-4.2.6/lib/active_support/core_ext/numeric/conversions.rb:131:in `block (2 levels) in <class:Numeric>'
/usr/local/bundle/gems/activesupport-4.2.6/lib/active_support/core_ext/numeric/conversions.rb:131:in `block (2 levels) in <class:Numeric>'
/usr/local/bundle/gems/activesupport-4.2.6/lib/active_support/core_ext/numeric/conversions.rb:131:in `block (2 levels) in <class:Numeric>'
/usr/local/bundle/gems/activesupport-4.2.6/lib/active_support/core_ext/numeric/conversions.rb:131:in `block (2 levels) in <class:Numeric>'
/usr/local/bundle/gems/activesupport-4.2.6/lib/active_support/core_ext/numeric/conversions.rb:131:in `block (2 levels) in <class:Numeric>'
/usr/local/bundle/gems/activesupport-4.2.6/lib/active_support/core_ext/numeric/conversions.rb:131:in `block (2 levels) in <class:Numeric>'
/usr/local/bundle/gems/activesupport-4.2.6/lib/active_support/core_ext/numeric/conversions.rb:131:in `block (2 levels) in <class:Numeric>'
/usr/local/bundle/gems/activesupport-4.2.6/lib/active_support/core_ext/numeric/conversions.rb:131:in `block (2 levels) in <class:Numeric>'
/usr/local/bundle/gems/activesupport-4.2.6/lib/active_support/core_ext/numeric/conversions.rb:131:in `block (2 levels) in <class:Numeric>'
/usr/local/bundle/gems/activesupport-4.2.6/lib/active_support/core_ext/numeric/conversions.rb:131:in `block (2 levels) in <class:Numeric>'
/usr/local/bundle/gems/activesupport-4.2.6/lib/active_support/core_ext/numeric/conversions.rb:131:in `block (2 levels) in <class:Numeric>'
/usr/local/bundle/gems/activesupport-4.2.6/lib/active_support/core_ext/numeric/conversions.rb:131:in `block (2 levels) in <class:Numeric>'
/usr/local/bundle/gems/activesupport-4.2.6/lib/active_support/core_ext/numeric/conversions.rb:131:in `block (2 levels) in <class:Numeric>'
/usr/local/bundle/gems/activesupport-4.2.6/lib/active_support/core_ext/numeric/conversions.rb:131:in `block (2 levels) in <class:Numeric>'
/usr/local/bundle/gems/activesupport-4.2.6/lib/active_support/core_ext/numeric/conversions.rb:131:in `block (2 levels) in <class:Numeric>'
/usr/local/bundle/gems/activesupport-4.2.6/lib/active_support/core_ext/numeric/conversions.rb:131:in `block (2 levels) in <class:Numeric>'
/usr/local/bundle/gems/activesupport-4.2.6/lib/active_support/core_ext/numeric/conversions.rb:131:in `block (2 levels) in <class:Numeric>'
/usr/local/bundle/gems/activesupport-4.2.6/lib/active_support/core_ext/numeric/conversions.rb:131:in `block (2 levels) in <class:Numeric>'
/usr/local/bundle/gems/activesupport-4.2.6/lib/active_support/core_ext/numeric/conversions.rb:131:in `block (2 levels) in <class:Numeric>'
/usr/local/bundle/gems/activesupport-4.2.6/lib/active_support/core_ext/numeric/conversions.rb:131:in `block (2 levels) in <class:Numeric>'
/usr/local/bundle/gems/activesupport-4.2.6/lib/active_support/core_ext/numeric/conversions.rb:131:in `block (2 levels) in <class:Numeric>'
/usr/local/bundle/gems/activesupport-4.2.6/lib/active_support/core_ext/numeric/conversions.rb:131:in `block (2 levels) in <class:Numeric>'
/usr/local/bundle/gems/activesupport-4.2.6/lib/active_support/core_ext/numeric/conversions.rb:131:in `block (2 levels) in <class:Numeric>'
/usr/local/bundle/gems/activesupport-4.2.6/lib/active_support/core_ext/numeric/conversions.rb:131:in `block (2 levels) in <class:Numeric>'
/usr/local/bundle/gems/activesupport-4.2.6/lib/active_support/core_ext/numeric/conversions.rb:131:in `block (2 levels) in <class:Numeric>'
/usr/local/bundle/gems/activesupport-4.2.6/lib/active_support/core_ext/numeric/conversions.rb:131:in `block (2 levels) in <class:Numeric>'
/usr/local/bundle/gems/activesupport-4.2.6/lib/active_support/core_ext/numeric/conversions.rb:131:in `block (2 levels) in <class:Numeric>'
/usr/local/bundle/gems/activesupport-4.2.6/lib/active_support/core_ext/numeric/conversions.rb:131:in `block (2 levels) in <class:Numeric>'
/usr/local/bundle/gems/activesupport-4.2.6/lib/active_support/core_ext/numeric/conversions.rb:131:in `block (2 levels) in <class:Numeric>'
/usr/local/bundle/gems/activesupport-4.2.6/lib/active_support/core_ext/numeric/conversions.rb:131:in `block (2 levels) in <class:Numeric>'
/usr/local/bundle/gems/activesupport-4.2.6/lib/active_support/core_ext/numeric/conversions.rb:131:in `block (2 levels) in <class:Numeric>'
/usr/local/bundle/gems/activesupport-4.2.6/lib/active_support/core_ext/numeric/conversions.rb:131:in `block (2 levels) in <class:Numeric>'
/usr/local/bundle/gems/activesupport-4.2.6/lib/active_support/core_ext/numeric/conversions.rb:131:in `block (2 levels) in <class:Numeric>'
/usr/local/bundle/gems/activesupport-4.2.6/lib/active_support/core_ext/numeric/conversions.rb:131:in `block (2 levels) in <class:Numeric>'
/usr/local/bundle/gems/activesupport-4.2.6/lib/active_support/core_ext/numeric/conversions.rb:131:in `block (2 levels) in <class:Numeric>'
/usr/local/bundle/gems/activesupport-4.2.6/lib/active_support/core_ext/numeric/conversions.rb:131:in `block (2 levels) in <class:Numeric>'
/usr/local/bundle/gems/activesupport-4.2.6/lib/active_support/core_ext/numeric/conversions.rb:131:in `block (2 levels) in <class:Numeric>'
/usr/local/bundle/gems/activesupport-4.2.6/lib/active_support/core_ext/numeric/conversions.rb:131:in `block (2 levels) in <class:Numeric>'
/usr/local/bundle/gems/activesupport-4.2.6/lib/active_support/core_ext/numeric/conversions.rb:131:in `block (2 levels) in <class:Numeric>'
/usr/local/bundle/gems/activesupport-4.2.6/lib/active_support/core_ext/numeric/conversions.rb:131:in `block (2 levels) in <class:Numeric>'
/usr/local/bundle/gems/activesupport-4.2.6/lib/active_support/core_ext/numeric/conversions.rb:131:in `block (2 levels) in <class:Numeric>'
/usr/local/bundle/gems/activesupport-4.2.6/lib/active_support/core_ext/numeric/conversions.rb:131:in `block (2 levels) in <class:Numeric>'
/usr/local/bundle/gems/activesupport-4.2.6/lib/active_support/core_ext/numeric/conversions.rb:131:in `block (2 levels) in <class:Numeric>'
/usr/local/bundle/gems/activesupport-4.2.6/lib/active_support/core_ext/numeric/conversions.rb:131:in `block (2 levels) in <class:Numeric>'
/usr/local/bundle/gems/activesupport-4.2.6/lib/active_support/core_ext/numeric/conversions.rb:131:in `block (2 levels) in <class:Numeric>'
/usr/local/bundle/gems/activesupport-4.2.6/lib/active_support/core_ext/numeric/conversions.rb:131:in `block (2 levels) in <class:Numeric>'
/usr/local/bundle/gems/activesupport-4.2.6/lib/active_support/core_ext/numeric/conversions.rb:131:in `block (2 levels) in <class:Numeric>'
/usr/local/bundle/gems/activesupport-4.2.6/lib/active_support/core_ext/numeric/conversions.rb:131:in `block (2 levels) in <class:Numeric>'
/usr/local/bundle/gems/activesupport-4.2.6/lib/active_support/core_ext/numeric/conversions.rb:131:in `block (2 levels) in <class:Numeric>'
/usr/local/bundle/gems/activesupport-4.2.6/lib/active_support/core_ext/numeric/conversions.rb:131:in `block (2 levels) in <class:Numeric>'
/usr/local/bundle/gems/activesupport-4.2.6/lib/active_support/core_ext/numeric/conversions.rb:131:in `block (2 levels) in <class:Numeric>'
/usr/local/bundle/gems/activesupport-4.2.6/lib/active_support/core_ext/numeric/conversions.rb:131:in `block (2 levels) in <class:Numeric>'
/usr/local/bundle/gems/activesupport-4.2.6/lib/active_support/core_ext/numeric/conversions.rb:131:in `block (2 levels) in <class:Numeric>'
/usr/local/bundle/gems/activesupport-4.2.6/lib/active_support/core_ext/numeric/conversions.rb:131:in `block (2 levels) in <class:Numeric>'
/usr/local/bundle/gems/activesupport-4.2.6/lib/active_support/core_ext/numeric/conversions.rb:131:in `block (2 levels) in <class:Numeric>'
/usr/local/bundle/gems/activesupport-4.2.6/lib/active_support/core_ext/numeric/conversions.rb:131:in `block (2 levels) in <class:Numeric>'
/usr/local/bundle/gems/activesupport-4.2.6/lib/active_support/core_ext/numeric/conversions.rb:131:in `block (2 levels) in <class:Numeric>'
/usr/local/bundle/gems/activesupport-4.2.6/lib/active_support/core_ext/numeric/conversions.rb:131:in `block (2 levels) in <class:Numeric>'
/usr/local/bundle/gems/activesupport-4.2.6/lib/active_support/core_ext/numeric/conversions.rb:131:in `block (2 levels) in <class:Numeric>'
/usr/local/bundle/gems/activesupport-4.2.6/lib/active_support/core_ext/numeric/conversions.rb:131:in `block (2 levels) in <class:Numeric>'
/usr/local/bundle/gems/activesupport-4.2.6/lib/active_support/core_ext/numeric/conversions.rb:131:in `block (2 levels) in <class:Numeric>'
/usr/local/bundle/gems/activesupport-4.2.6/lib/active_support/core_ext/numeric/conversions.rb:131:in `block (2 levels) in <class:Numeric>'
/usr/local/bundle/gems/activesupport-4.2.6/lib/active_support/core_ext/numeric/conversions.rb:131:in `block (2 levels) in <class:Numeric>'
/usr/local/bundle/gems/activesupport-4.2.6/lib/active_support/core_ext/numeric/conversions.rb:131:in `block (2 levels) in <class:Numeric>'
/usr/local/bundle/gems/activesupport-4.2.6/lib/active_support/core_ext/numeric/conversions.rb:131:in `block (2 levels) in <class:Numeric>'
/usr/local/bundle/gems/activesupport-4.2.6/lib/active_support/core_ext/numeric/conversions.rb:131:in `block (2 levels) in <class:Numeric>'
/usr/local/bundle/gems/activesupport-4.2.6/lib/active_support/core_ext/numeric/conversions.rb:131:in `block (2 levels) in <class:Numeric>'
/usr/local/bundle/gems/activesupport-4.2.6/lib/active_support/core_ext/numeric/conversions.rb:131:in `block (2 levels) in <class:Numeric>'
/usr/local/bundle/gems/activesupport-4.2.6/lib/active_support/core_ext/numeric/conversions.rb:131:in `block (2 levels) in <class:Numeric>'
/usr/local/bundle/gems/activesupport-4.2.6/lib/active_support/core_ext/numeric/conversions.rb:131:in `block (2 levels) in <class:Numeric>'
/usr/local/bundle/gems/activesupport-4.2.6/lib/active_support/core_ext/numeric/conversions.rb:131:in `block (2 levels) in <class:Numeric>'
/usr/local/bundle/gems/activesupport-4.2.6/lib/active_support/core_ext/numeric/conversions.rb:131:in `block (2 levels) in <class:Numeric>'
/usr/local/bundle/gems/activesupport-4.2.6/lib/active_support/core_ext/numeric/conversions.rb:131:in `block (2 levels) in <class:Numeric>'
/usr/local/bundle/gems/activesupport-4.2.6/lib/active_support/core_ext/numeric/conversions.rb:131:in `block (2 levels) in <class:Numeric>'
/usr/local/bundle/gems/activesupport-4.2.6/lib/active_support/core_ext/numeric/conversions.rb:131:in `block (2 levels) in <class:Numeric>'
/usr/local/bundle/gems/activesupport-4.2.6/lib/active_support/core_ext/numeric/conversions.rb:131:in `block (2 levels) in <class:Numeric>'
/usr/local/bundle/gems/activesupport-4.2.6/lib/active_support/core_ext/numeric/conversions.rb:131:in `block (2 levels) in <class:Numeric>'
/usr/local/bundle/gems/activesupport-4.2.6/lib/active_support/core_ext/numeric/conversions.rb:131:in `block (2 levels) in <class:Numeric>'
/usr/local/bundle/gems/activesupport-4.2.6/lib/active_support/core_ext/numeric/conversions.rb:131:in `block (2 levels) in <class:Numeric>'
/usr/local/bundle/gems/activesupport-4.2.6/lib/active_support/core_ext/numeric/conversions.rb:131:in `block (2 levels) in <class:Numeric>'
/usr/local/bundle/gems/activesupport-4.2.6/lib/active_support/core_ext/numeric/conversions.rb:131:in `block (2 levels) in <class:Numeric>'
/usr/local/bundle/gems/activesupport-4.2.6/lib/active_support/core_ext/numeric/conversions.rb:131:in `block (2 levels) in <class:Numeric>'
/usr/local/bundle/gems/activesupport-4.2.6/lib/active_support/core_ext/numeric/conversions.rb:131:in `block (2 levels) in <class:Numeric>'
/usr/local/bundle/gems/activesupport-4.2.6/lib/active_support/core_ext/numeric/conversions.rb:131:in `block (2 levels) in <class:Numeric>'
/usr/local/bundle/gems/activesupport-4.2.6/lib/active_support/core_ext/numeric/conversions.rb:131:in `block (2 levels) in <class:Numeric>'
/usr/local/bundle/gems/activesupport-4.2.6/lib/active_support/core_ext/numeric/conversions.rb:131:in `block (2 levels) in <class:Numeric>'
/usr/local/bundle/gems/activesupport-4.2.6/lib/active_support/core_ext/numeric/conversions.rb:131:in `block (2 levels) in <class:Numeric>'
/usr/local/bundle/gems/activesupport-4.2.6/lib/active_support/core_ext/numeric/conversions.rb:131:in `block (2 levels) in <class:Numeric>'
/usr/local/bundle/gems/activesupport-4.2.6/lib/active_support/core_ext/numeric/conversions.rb:131:in `block (2 levels) in <class:Numeric>'
/usr/local/bundle/gems/activesupport-4.2.6/lib/active_support/core_ext/numeric/conversions.rb:131:in `block (2 levels) in <class:Numeric>'
/usr/local/bundle/gems/activesupport-4.2.6/lib/active_support/core_ext/numeric/conversions.rb:131:in `block (2 levels) in <class:Numeric>'
/usr/local/bundle/gems/activesupport-4.2.6/lib/active_support/core_ext/numeric/conversions.rb:131:in `block (2 levels) in <class:Numeric>'
/usr/local/bundle/gems/activesupport-4.2.6/lib/active_support/core_ext/numeric/conversions.rb:131:in `block (2 levels) in <class:Numeric>'
/usr/local/bundle/gems/activesupport-4.2.6/lib/active_support/core_ext/numeric/conversions.rb:131:in `block (2 levels) in <class:Numeric>'
/usr/local/bundle/gems/activesupport-4.2.6/lib/active_support/core_ext/numeric/conversions.rb:131:in `block (2 levels) in <class:Numeric>'
/usr/local/bundle/gems/activesupport-4.2.6/lib/active_support/core_ext/numeric/conversions.rb:131:in `block (2 levels) in <class:Numeric>'
/usr/local/bundle/gems/activesupport-4.2.6/lib/active_support/core_ext/numeric/conversions.rb:131:in `block (2 levels) in <class:Numeric>'
/usr/local/bundle/gems/activesupport-4.2.6/lib/active_support/core_ext/numeric/conversions.rb:131:in `block (2 levels) in <class:Numeric>'
/usr/local/bundle/gems/activesupport-4.2.6/lib/active_support/core_ext/numeric/conversions.rb:131:in `block (2 levels) in <class:Numeric>'
/usr/local/bundle/gems/activesupport-4.2.6/lib/active_support/core_ext/numeric/conversions.rb:131:in `block (2 levels) in <class:Numeric>'
/usr/local/bundle/gems/activesupport-4.2.6/lib/active_support/core_ext/numeric/conversions.rb:131:in `block (2 levels) in <class:Numeric>'
/usr/local/bundle/gems/activesupport-4.2.6/lib/active_support/core_ext/numeric/conversions.rb:131:in `block (2 levels) in <class:Numeric>'
/usr/local/bundle/gems/activesupport-4.2.6/lib/active_support/core_ext/numeric/conversions.rb:131:in `block (2 levels) in <class:Numeric>'
/usr/local/bundle/gems/activesupport-4.2.6/lib/active_support/core_ext/numeric/conversions.rb:131:in `block (2 levels) in <class:Numeric>'
/usr/local/bundle/gems/activesupport-4.2.6/lib/active_support/core_ext/numeric/conversions.rb:131:in `block (2 levels) in <class:Numeric>'
/usr/local/bundle/gems/activesupport-4.2.6/lib/active_support/core_ext/numeric/conversions.rb:131:in `block (2 levels) in <class:Numeric>'
/usr/local/bundle/gems/activesupport-4.2.6/lib/active_support/core_ext/numeric/conversions.rb:131:in `block (2 levels) in <class:Numeric>'
/usr/local/bundle/gems/activesupport-4.2.6/lib/active_support/core_ext/numeric/conversions.rb:131:in `block (2 levels) in <class:Numeric>'
/usr/local/bundle/gems/activesupport-4.2.6/lib/active_support/core_ext/numeric/conversions.rb:131:in `block (2 levels) in <class:Numeric>'
/usr/local/bundle/gems/activesupport-4.2.6/lib/active_support/core_ext/numeric/conversions.rb:131:in `block (2 levels) in <class:Numeric>'
/usr/local/bundle/gems/activesupport-4.2.6/lib/active_support/core_ext/numeric/conversions.rb:131:in `block (2 levels) in <class:Numeric>'
/usr/local/bundle/gems/activesupport-4.2.6/lib/active_support/core_ext/numeric/conversions.rb:131:in `block (2 levels) in <class:Numeric>'
/usr/local/bundle/gems/activesupport-4.2.6/lib/active_support/core_ext/numeric/conversions.rb:131:in `block (2 levels) in <class:Numeric>'
/usr/local/bundle/gems/activesupport-4.2.6/lib/active_support/core_ext/numeric/conversions.rb:131:in `block (2 levels) in <class:Numeric>'
/usr/local/bundle/gems/activesupport-4.2.6/lib/active_support/core_ext/numeric/conversions.rb:131:in `block (2 levels) in <class:Numeric>'
/usr/local/bundle/gems/activesupport-4.2.6/lib/active_support/core_ext/numeric/conversions.rb:131:in `block (2 levels) in <class:Numeric>'
/usr/local/bundle/gems/activesupport-4.2.6/lib/active_support/core_ext/numeric/conversions.rb:131:in `block (2 levels) in <class:Numeric>'
/usr/local/bundle/gems/activesupport-4.2.6/lib/active_support/core_ext/numeric/conversions.rb:131:in `block (2 levels) in <class:Numeric>'
/usr/local/bundle/gems/activesupport-4.2.6/lib/active_support/core_ext/numeric/conversions.rb:131:in `block (2 levels) in <class:Numeric>'
/usr/local/bundle/gems/activesupport-4.2.6/lib/active_support/core_ext/numeric/conversions.rb:131:in `block (2 levels) in <class:Numeric>'
/usr/local/bundle/gems/activesupport-4.2.6/lib/active_support/core_ext/numeric/conversions.rb:131:in `block (2 levels) in <class:Numeric>'
/usr/local/bundle/gems/activesupport-4.2.6/lib/active_support/core_ext/numeric/conversions.rb:131:in `block (2 levels) in <class:Numeric>'
/usr/local/bundle/gems/activesupport-4.2.6/lib/active_support/core_ext/numeric/conversions.rb:131:in `block (2 levels) in <class:Numeric>'
/usr/local/bundle/gems/activesupport-4.2.6/lib/active_support/core_ext/numeric/conversions.rb:131:in `block (2 levels) in <class:Numeric>'
/usr/local/bundle/gems/activesupport-4.2.6/lib/active_support/core_ext/numeric/conversions.rb:131:in `block (2 levels) in <class:Numeric>'
/usr/local/bundle/gems/activesupport-4.2.6/lib/active_support/core_ext/numeric/conversions.rb:131:in `block (2 levels) in <class:Numeric>'
/usr/local/bundle/gems/activesupport-4.2.6/lib/active_support/core_ext/numeric/conversions.rb:131:in `block (2 levels) in <class:Numeric>'
/usr/local/bundle/gems/activesupport-4.2.6/lib/active_support/core_ext/numeric/conversions.rb:131:in `block (2 levels) in <class:Numeric>'
/usr/local/bundle/gems/activesupport-4.2.6/lib/active_support/core_ext/numeric/conversions.rb:131:in `block (2 levels) in <class:Numeric>'
/usr/local/bundle/gems/activesupport-4.2.6/lib/active_support/core_ext/numeric/conversions.rb:131:in `block (2 levels) in <class:Numeric>'
/usr/local/bundle/gems/activesupport-4.2.6/lib/active_support/core_ext/numeric/conversions.rb:131:in `block (2 levels) in <class:Numeric>'
/usr/local/bundle/gems/activesupport-4.2.6/lib/active_support/core_ext/numeric/conversions.rb:131:in `block (2 levels) in <class:Numeric>'
/usr/local/bundle/gems/activesupport-4.2.6/lib/active_support/core_ext/numeric/conversions.rb:131:in `block (2 levels) in <class:Numeric>'
/usr/local/bundle/gems/activesupport-4.2.6/lib/active_support/core_ext/numeric/conversions.rb:131:in `block (2 levels) in <class:Numeric>'
/usr/local/bundle/gems/activesupport-4.2.6/lib/active_support/core_ext/numeric/conversions.rb:131:in `block (2 levels) in <class:Numeric>'
/usr/local/bundle/gems/activesupport-4.2.6/lib/active_support/core_ext/numeric/conversions.rb:131:in `block (2 levels) in <class:Numeric>'
/usr/local/bundle/gems/activesupport-4.2.6/lib/active_support/core_ext/numeric/conversions.rb:131:in `block (2 levels) in <class:Numeric>'
/usr/local/bundle/gems/activesupport-4.2.6/lib/active_support/core_ext/numeric/conversions.rb:131:in `block (2 levels) in <class:Numeric>'
/usr/local/bundle/gems/activesupport-4.2.6/lib/active_support/core_ext/numeric/conversions.rb:131:in `block (2 levels) in <class:Numeric>'
/usr/local/bundle/gems/activesupport-4.2.6/lib/active_support/core_ext/numeric/conversions.rb:131:in `block (2 levels) in <class:Numeric>'
/usr/local/bundle/gems/activesupport-4.2.6/lib/active_support/core_ext/numeric/conversions.rb:131:in `block (2 levels) in <class:Numeric>'
/usr/local/bundle/gems/activesupport-4.2.6/lib/active_support/core_ext/numeric/conversions.rb:131:in `block (2 levels) in <class:Numeric>'
/usr/local/bundle/gems/activesupport-4.2.6/lib/active_support/core_ext/numeric/conversions.rb:131:in `block (2 levels) in <class:Numeric>'
/usr/local/bundle/gems/activesupport-4.2.6/lib/active_support/core_ext/numeric/conversions.rb:131:in `block (2 levels) in <class:Numeric>'
/usr/local/bundle/gems/activesupport-4.2.6/lib/active_support/core_ext/numeric/conversions.rb:131:in `block (2 levels) in <class:Numeric>'
/usr/local/bundle/gems/activesupport-4.2.6/lib/active_support/core_ext/numeric/conversions.rb:131:in `block (2 levels) in <class:Numeric>'
/usr/local/bundle/gems/activesupport-4.2.6/lib/active_support/core_ext/numeric/conversions.rb:131:in `block (2 levels) in <class:Numeric>'
/usr/local/bundle/gems/activesupport-4.2.6/lib/active_support/core_ext/numeric/conversions.rb:131:in `block (2 levels) in <class:Numeric>'
/usr/local/bundle/gems/activesupport-4.2.6/lib/active_support/core_ext/numeric/conversions.rb:131:in `block (2 levels) in <class:Numeric>'
/usr/local/bundle/gems/activesupport-4.2.6/lib/active_support/core_ext/numeric/conversions.rb:131:in `block (2 levels) in <class:Numeric>'
/usr/local/bundle/gems/activesupport-4.2.6/lib/active_support/core_ext/numeric/conversions.rb:131:in `block (2 levels) in <class:Numeric>'
/usr/local/bundle/gems/activesupport-4.2.6/lib/active_support/core_ext/numeric/conversions.rb:131:in `block (2 levels) in <class:Numeric>'
/usr/local/bundle/gems/activesupport-4.2.6/lib/active_support/core_ext/numeric/conversions.rb:131:in `block (2 levels) in <class:Numeric>'
/usr/local/bundle/gems/activesupport-4.2.6/lib/active_support/core_ext/numeric/conversions.rb:131:in `block (2 levels) in <class:Numeric>'
/usr/local/bundle/gems/activesupport-4.2.6/lib/active_support/core_ext/numeric/conversions.rb:131:in `block (2 levels) in <class:Numeric>'
/usr/local/bundle/gems/activesupport-4.2.6/lib/active_support/core_ext/numeric/conversions.rb:131:in `block (2 levels) in <class:Numeric>'
/usr/local/bundle/gems/activesupport-4.2.6/lib/active_support/core_ext/numeric/conversions.rb:131:in `block (2 levels) in <class:Numeric>'
/usr/local/bundle/gems/activesupport-4.2.6/lib/active_support/core_ext/numeric/conversions.rb:131:in `block (2 levels) in <class:Numeric>'
/usr/local/bundle/gems/activesupport-4.2.6/lib/active_support/core_ext/numeric/conversions.rb:131:in `block (2 levels) in <class:Numeric>'
/usr/local/bundle/gems/activesupport-4.2.6/lib/active_support/core_ext/numeric/conversions.rb:131:in `block (2 levels) in <class:Numeric>'
/usr/local/bundle/gems/activesupport-4.2.6/lib/active_support/core_ext/numeric/conversions.rb:131:in `block (2 levels) in <class:Numeric>'
/usr/local/bundle/gems/activesupport-4.2.6/lib/active_support/core_ext/numeric/conversions.rb:131:in `block (2 levels) in <class:Numeric>'
/usr/local/bundle/gems/activesupport-4.2.6/lib/active_support/core_ext/numeric/conversions.rb:131:in `block (2 levels) in <class:Numeric>'
/usr/local/bundle/gems/activesupport-4.2.6/lib/active_support/core_ext/numeric/conversions.rb:131:in `block (2 levels) in <class:Numeric>'
/usr/local/bundle/gems/activesupport-4.2.6/lib/active_support/core_ext/numeric/conversions.rb:131:in `block (2 levels) in <class:Numeric>'
/usr/local/bundle/gems/activesupport-4.2.6/lib/active_support/core_ext/numeric/conversions.rb:131:in `block (2 levels) in <class:Numeric>'
/usr/local/bundle/gems/activesupport-4.2.6/lib/active_support/core_ext/numeric/conversions.rb:131:in `block (2 levels) in <class:Numeric>'
/usr/local/bundle/gems/activesupport-4.2.6/lib/active_support/core_ext/numeric/conversions.rb:131:in `block (2 levels) in <class:Numeric>'
/usr/local/bundle/gems/activesupport-4.2.6/lib/active_support/core_ext/numeric/conversions.rb:131:in `block (2 levels) in <class:Numeric>'
/usr/local/bundle/gems/activesupport-4.2.6/lib/active_support/core_ext/numeric/conversions.rb:131:in `block (2 levels) in <class:Numeric>'
/usr/local/bundle/gems/activesupport-4.2.6/lib/active_support/core_ext/numeric/conversions.rb:131:in `block (2 levels) in <class:Numeric>'
/usr/local/bundle/gems/activesupport-4.2.6/lib/active_support/core_ext/numeric/conversions.rb:131:in `block (2 levels) in <class:Numeric>'
/usr/local/bundle/gems/activesupport-4.2.6/lib/active_support/core_ext/numeric/conversions.rb:131:in `block (2 levels) in <class:Numeric>'
/usr/local/bundle/gems/activesupport-4.2.6/lib/active_support/core_ext/numeric/conversions.rb:131:in `block (2 levels) in <class:Numeric>'
/usr/local/bundle/gems/activesupport-4.2.6/lib/active_support/core_ext/numeric/conversions.rb:131:in `block (2 levels) in <class:Numeric>'
/usr/local/bundle/gems/activesupport-4.2.6/lib/active_support/core_ext/numeric/conversions.rb:131:in `block (2 levels) in <class:Numeric>'
/usr/local/bundle/gems/activesupport-4.2.6/lib/active_support/core_ext/numeric/conversions.rb:131:in `block (2 levels) in <class:Numeric>'
/usr/local/bundle/gems/activesupport-4.2.6/lib/active_support/core_ext/numeric/conversions.rb:131:in `block (2 levels) in <class:Numeric>'
/usr/local/bundle/gems/activesupport-4.2.6/lib/active_support/core_ext/numeric/conversions.rb:131:in `block (2 levels) in <class:Numeric>'
/usr/local/bundle/gems/activesupport-4.2.6/lib/active_support/core_ext/numeric/conversions.rb:131:in `block (2 levels) in <class:Numeric>'
/usr/local/bundle/gems/activesupport-4.2.6/lib/active_support/core_ext/numeric/conversions.rb:131:in `block (2 levels) in <class:Numeric>'
/usr/local/bundle/gems/activesupport-4.2.6/lib/active_support/core_ext/numeric/conversions.rb:131:in `block (2 levels) in <class:Numeric>'
/usr/local/bundle/gems/activesupport-4.2.6/lib/active_support/core_ext/numeric/conversions.rb:131:in `block (2 levels) in <class:Numeric>'
/usr/local/bundle/gems/activesupport-4.2.6/lib/active_support/core_ext/numeric/conversions.rb:131:in `block (2 levels) in <class:Numeric>'
/usr/local/bundle/gems/activesupport-4.2.6/lib/active_support/core_ext/numeric/conversions.rb:131:in `block (2 levels) in <class:Numeric>'
/usr/local/bundle/gems/activesupport-4.2.6/lib/active_support/core_ext/numeric/conversions.rb:131:in `block (2 levels) in <class:Numeric>'
/usr/local/bundle/gems/activesupport-4.2.6/lib/active_support/core_ext/numeric/conversions.rb:131:in `block (2 levels) in <class:Numeric>'
/usr/local/bundle/gems/activesupport-4.2.6/lib/active_support/core_ext/numeric/conversions.rb:131:in `block (2 levels) in <class:Numeric>'
/usr/local/bundle/gems/activesupport-4.2.6/lib/active_support/core_ext/numeric/conversions.rb:131:in `block (2 levels) in <class:Numeric>'
/usr/local/bundle/gems/activesupport-4.2.6/lib/active_support/core_ext/numeric/conversions.rb:131:in `block (2 levels) in <class:Numeric>'
/usr/local/bundle/gems/activesupport-4.2.6/lib/active_support/core_ext/numeric/conversions.rb:131:in `block (2 levels) in <class:Numeric>'
/usr/local/bundle/gems/activesupport-4.2.6/lib/active_support/core_ext/numeric/conversions.rb:131:in `block (2 levels) in <class:Numeric>'
/usr/local/bundle/gems/activesupport-4.2.6/lib/active_support/core_ext/numeric/conversions.rb:131:in `block (2 levels) in <class:Numeric>'
/usr/local/bundle/gems/activesupport-4.2.6/lib/active_support/core_ext/numeric/conversions.rb:131:in `block (2 levels) in <class:Numeric>'
/usr/local/bundle/gems/activesupport-4.2.6/lib/active_support/core_ext/numeric/conversions.rb:131:in `block (2 levels) in <class:Numeric>'
/usr/local/bundle/gems/activesupport-4.2.6/lib/active_support/core_ext/numeric/conversions.rb:131:in `block (2 levels) in <class:Numeric>'
/usr/local/bundle/gems/activesupport-4.2.6/lib/active_support/core_ext/numeric/conversions.rb:131:in `block (2 levels) in <class:Numeric>'
/usr/local/bundle/gems/activesupport-4.2.6/lib/active_support/core_ext/numeric/conversions.rb:131:in `block (2 levels) in <class:Numeric>'
/usr/local/bundle/gems/activesupport-4.2.6/lib/active_support/core_ext/numeric/conversions.rb:131:in `block (2 levels) in <class:Numeric>'
/usr/local/bundle/gems/activesupport-4.2.6/lib/active_support/core_ext/numeric/conversions.rb:131:in `block (2 levels) in <class:Numeric>'
/usr/local/bundle/gems/activesupport-4.2.6/lib/active_support/core_ext/numeric/conversions.rb:131:in `block (2 levels) in <class:Numeric>'
/usr/local/bundle/gems/activesupport-4.2.6/lib/active_support/core_ext/numeric/conversions.rb:131:in `block (2 levels) in <class:Numeric>'
/usr/local/bundle/gems/activesupport-4.2.6/lib/active_support/core_ext/numeric/conversions.rb:131:in `block (2 levels) in <class:Numeric>'
/usr/local/bundle/gems/activesupport-4.2.6/lib/active_support/core_ext/numeric/conversions.rb:131:in `block (2 levels) in <class:Numeric>'
/usr/local/bundle/gems/activesupport-4.2.6/lib/active_support/core_ext/numeric/conversions.rb:131:in `block (2 levels) in <class:Numeric>'
/usr/local/bundle/gems/activesupport-4.2.6/lib/active_support/core_ext/numeric/conversions.rb:131:in `block (2 levels) in <class:Numeric>'
/usr/local/bundle/gems/activesupport-4.2.6/lib/active_support/core_ext/numeric/conversions.rb:131:in `block (2 levels) in <class:Numeric>'
/usr/local/bundle/gems/activesupport-4.2.6/lib/active_support/core_ext/numeric/conversions.rb:131:in `block (2 levels) in <class:Numeric>'
/usr/local/bundle/gems/activesupport-4.2.6/lib/active_support/core_ext/numeric/conversions.rb:131:in `block (2 levels) in <class:Numeric>'
/usr/local/bundle/gems/activesupport-4.2.6/lib/active_support/core_ext/numeric/conversions.rb:131:in `block (2 levels) in <class:Numeric>'
/usr/local/bundle/gems/activesupport-4.2.6/lib/active_support/core_ext/numeric/conversions.rb:131:in `block (2 levels) in <class:Numeric>'
/usr/local/bundle/gems/activesupport-4.2.6/lib/active_support/core_ext/numeric/conversions.rb:131:in `block (2 levels) in <class:Numeric>'
/usr/local/bundle/gems/activesupport-4.2.6/lib/active_support/core_ext/numeric/conversions.rb:131:in `block (2 levels) in <class:Numeric>'
/usr/local/bundle/gems/activesupport-4.2.6/lib/active_support/core_ext/numeric/conversions.rb:131:in `block (2 levels) in <class:Numeric>'
/usr/local/bundle/gems/activesupport-4.2.6/lib/active_support/core_ext/numeric/conversions.rb:131:in `block (2 levels) in <class:Numeric>'
/usr/local/bundle/gems/activesupport-4.2.6/lib/active_support/core_ext/numeric/conversions.rb:131:in `block (2 levels) in <class:Numeric>'
/usr/local/bundle/gems/activesupport-4.2.6/lib/active_support/core_ext/numeric/conversions.rb:131:in `block (2 levels) in <class:Numeric>'
/usr/local/bundle/gems/activesupport-4.2.6/lib/active_support/core_ext/numeric/conversions.rb:131:in `block (2 levels) in <class:Numeric>'
/usr/local/bundle/gems/activesupport-4.2.6/lib/active_support/core_ext/numeric/conversions.rb:131:in `block (2 levels) in <class:Numeric>'
/usr/local/bundle/gems/activesupport-4.2.6/lib/active_support/core_ext/numeric/conversions.rb:131:in `block (2 levels) in <class:Numeric>'
/usr/local/bundle/gems/activesupport-4.2.6/lib/active_support/core_ext/numeric/conversions.rb:131:in `block (2 levels) in <class:Numeric>'
/usr/local/bundle/gems/activesupport-4.2.6/lib/active_support/core_ext/numeric/conversions.rb:131:in `block (2 levels) in <class:Numeric>'
/usr/local/bundle/gems/activesupport-4.2.6/lib/active_support/core_ext/numeric/conversions.rb:131:in `block (2 levels) in <class:Numeric>'
/usr/local/bundle/gems/activesupport-4.2.6/lib/active_support/core_ext/numeric/conversions.rb:131:in `block (2 levels) in <class:Numeric>'
/usr/local/bundle/gems/activesupport-4.2.6/lib/active_support/core_ext/numeric/conversions.rb:131:in `block (2 levels) in <class:Numeric>'
/usr/local/bundle/gems/activesupport-4.2.6/lib/active_support/core_ext/numeric/conversions.rb:131:in `block (2 levels) in <class:Numeric>'
/usr/local/bundle/gems/activesupport-4.2.6/lib/active_support/core_ext/numeric/conversions.rb:131:in `block (2 levels) in <class:Numeric>'
/usr/local/bundle/gems/activesupport-4.2.6/lib/active_support/core_ext/numeric/conversions.rb:131:in `block (2 levels) in <class:Numeric>'
/usr/local/bundle/gems/activesupport-4.2.6/lib/active_support/core_ext/numeric/conversions.rb:131:in `block (2 levels) in <class:Numeric>'
/usr/local/bundle/gems/activesupport-4.2.6/lib/active_support/core_ext/numeric/conversions.rb:131:in `block (2 levels) in <class:Numeric>'
/usr/local/bundle/gems/activesupport-4.2.6/lib/active_support/core_ext/numeric/conversions.rb:131:in `block (2 levels) in <class:Numeric>'
/usr/local/bundle/gems/activesupport-4.2.6/lib/active_support/core_ext/numeric/conversions.rb:131:in `block (2 levels) in <class:Numeric>'
/usr/local/bundle/gems/activesupport-4.2.6/lib/active_support/core_ext/numeric/conversions.rb:131:in `block (2 levels) in <class:Numeric>'
/usr/local/bundle/gems/activesupport-4.2.6/lib/active_support/core_ext/numeric/conversions.rb:131:in `block (2 levels) in <class:Numeric>'
/usr/local/bundle/gems/activesupport-4.2.6/lib/active_support/core_ext/numeric/conversions.rb:131:in `block (2 levels) in <class:Numeric>'
/usr/local/bundle/gems/activesupport-4.2.6/lib/active_support/core_ext/numeric/conversions.rb:131:in `block (2 levels) in <class:Numeric>'
/usr/local/bundle/gems/activesupport-4.2.6/lib/active_support/core_ext/numeric/conversions.rb:131:in `block (2 levels) in <class:Numeric>'
/usr/local/bundle/gems/activesupport-4.2.6/lib/active_support/core_ext/numeric/conversions.rb:131:in `block (2 levels) in <class:Numeric>'
/usr/local/bundle/gems/activesupport-4.2.6/lib/active_support/core_ext/numeric/conversions.rb:131:in `block (2 levels) in <class:Numeric>'
/usr/local/bundle/gems/activesupport-4.2.6/lib/active_support/core_ext/numeric/conversions.rb:131:in `block (2 levels) in <class:Numeric>'
/usr/local/bundle/gems/activesupport-4.2.6/lib/active_support/core_ext/numeric/conversions.rb:131:in `block (2 levels) in <class:Numeric>'
/usr/local/bundle/gems/activesupport-4.2.6/lib/active_support/core_ext/numeric/conversions.rb:131:in `block (2 levels) in <class:Numeric>'
/usr/local/bundle/gems/activesupport-4.2.6/lib/active_support/core_ext/numeric/conversions.rb:131:in `block (2 levels) in <class:Numeric>'
/usr/local/bundle/gems/activesupport-4.2.6/lib/active_support/core_ext/numeric/conversions.rb:131:in `block (2 levels) in <class:Numeric>'
/usr/local/bundle/gems/activesupport-4.2.6/lib/active_support/core_ext/numeric/conversions.rb:131:in `block (2 levels) in <class:Numeric>'
/usr/local/bundle/gems/activesupport-4.2.6/lib/active_support/core_ext/numeric/conversions.rb:131:in `block (2 levels) in <class:Numeric>'
/usr/local/bundle/gems/activesupport-4.2.6/lib/active_support/core_ext/numeric/conversions.rb:131:in `block (2 levels) in <class:Numeric>'
/usr/local/bundle/gems/activesupport-4.2.6/lib/active_support/core_ext/numeric/conversions.rb:131:in `block (2 levels) in <class:Numeric>'
/usr/local/bundle/gems/activesupport-4.2.6/lib/active_support/core_ext/numeric/conversions.rb:131:in `block (2 levels) in <class:Numeric>'
/usr/local/bundle/gems/activesupport-4.2.6/lib/active_support/core_ext/numeric/conversions.rb:131:in `block (2 levels) in <class:Numeric>'
/usr/local/bundle/gems/activesupport-4.2.6/lib/active_support/core_ext/numeric/conversions.rb:131:in `block (2 levels) in <class:Numeric>'
/usr/local/bundle/gems/activesupport-4.2.6/lib/active_support/core_ext/numeric/conversions.rb:131:in `block (2 levels) in <class:Numeric>'
/usr/local/bundle/gems/activesupport-4.2.6/lib/active_support/core_ext/numeric/conversions.rb:131:in `block (2 levels) in <class:Numeric>'
/usr/local/bundle/gems/activesupport-4.2.6/lib/active_support/core_ext/numeric/conversions.rb:131:in `block (2 levels) in <class:Numeric>'
/usr/local/bundle/gems/activesupport-4.2.6/lib/active_support/core_ext/numeric/conversions.rb:131:in `block (2 levels) in <class:Numeric>'
/usr/local/bundle/gems/activesupport-4.2.6/lib/active_support/core_ext/numeric/conversions.rb:131:in `block (2 levels) in <class:Numeric>'
/usr/local/bundle/gems/activesupport-4.2.6/lib/active_support/core_ext/numeric/conversions.rb:131:in `block (2 levels) in <class:Numeric>'
/usr/local/bundle/gems/activesupport-4.2.6/lib/active_support/core_ext/numeric/conversions.rb:131:in `block (2 levels) in <class:Numeric>'
/usr/local/bundle/gems/activesupport-4.2.6/lib/active_support/core_ext/numeric/conversions.rb:131:in `block (2 levels) in <class:Numeric>'
/usr/local/bundle/gems/activesupport-4.2.6/lib/active_support/core_ext/numeric/conversions.rb:131:in `block (2 levels) in <class:Numeric>'
/usr/local/bundle/gems/activesupport-4.2.6/lib/active_support/core_ext/numeric/conversions.rb:131:in `block (2 levels) in <class:Numeric>'
/usr/local/bundle/gems/activesupport-4.2.6/lib/active_support/core_ext/numeric/conversions.rb:131:in `block (2 levels) in <class:Numeric>'
/usr/local/bundle/gems/activesupport-4.2.6/lib/active_support/core_ext/numeric/conversions.rb:131:in `block (2 levels) in <class:Numeric>'
/usr/local/bundle/gems/activesupport-4.2.6/lib/active_support/core_ext/numeric/conversions.rb:131:in `block (2 levels) in <class:Numeric>'
/usr/local/bundle/gems/activesupport-4.2.6/lib/active_support/core_ext/numeric/conversions.rb:131:in `block (2 levels) in <class:Numeric>'
/usr/local/bundle/gems/activesupport-4.2.6/lib/active_support/core_ext/numeric/conversions.rb:131:in `block (2 levels) in <class:Numeric>'
/usr/local/bundle/gems/activesupport-4.2.6/lib/active_support/core_ext/numeric/conversions.rb:131:in `block (2 levels) in <class:Numeric>'
/usr/local/bundle/gems/activesupport-4.2.6/lib/active_support/core_ext/numeric/conversions.rb:131:in `block (2 levels) in <class:Numeric>'
/usr/local/bundle/gems/activesupport-4.2.6/lib/active_support/core_ext/numeric/conversions.rb:131:in `block (2 levels) in <class:Numeric>'
/usr/local/bundle/gems/activesupport-4.2.6/lib/active_support/core_ext/numeric/conversions.rb:131:in `block (2 levels) in <class:Numeric>'
/usr/local/bundle/gems/activesupport-4.2.6/lib/active_support/core_ext/numeric/conversions.rb:131:in `block (2 levels) in <class:Numeric>'
/usr/local/bundle/gems/activesupport-4.2.6/lib/active_support/core_ext/numeric/conversions.rb:131:in `block (2 levels) in <class:Numeric>'
/usr/local/bundle/gems/activesupport-4.2.6/lib/active_support/core_ext/numeric/conversions.rb:131:in `block (2 levels) in <class:Numeric>'
/usr/local/bundle/gems/activesupport-4.2.6/lib/active_support/core_ext/numeric/conversions.rb:131:in `block (2 levels) in <class:Numeric>'
/usr/local/bundle/gems/activesupport-4.2.6/lib/active_support/core_ext/numeric/conversions.rb:131:in `block (2 levels) in <class:Numeric>'
/usr/local/bundle/gems/activesupport-4.2.6/lib/active_support/core_ext/numeric/conversions.rb:131:in `block (2 levels) in <class:Numeric>'
/usr/local/bundle/gems/activesupport-4.2.6/lib/active_support/core_ext/numeric/conversions.rb:131:in `block (2 levels) in <class:Numeric>'
/usr/local/bundle/gems/activesupport-4.2.6/lib/active_support/core_ext/numeric/conversions.rb:131:in `block (2 levels) in <class:Numeric>'
/usr/local/bundle/gems/activesupport-4.2.6/lib/active_support/core_ext/numeric/conversions.rb:131:in `block (2 levels) in <class:Numeric>'
/usr/local/bundle/gems/activesupport-4.2.6/lib/active_support/core_ext/numeric/conversions.rb:131:in `block (2 levels) in <class:Numeric>'
/usr/local/bundle/gems/activesupport-4.2.6/lib/active_support/core_ext/numeric/conversions.rb:131:in `block (2 levels) in <class:Numeric>'
/usr/local/bundle/gems/activesupport-4.2.6/lib/active_support/core_ext/numeric/conversions.rb:131:in `block (2 levels) in <class:Numeric>'
/usr/local/bundle/gems/activesupport-4.2.6/lib/active_support/core_ext/numeric/conversions.rb:131:in `block (2 levels) in <class:Numeric>'
/usr/local/bundle/gems/activesupport-4.2.6/lib/active_support/core_ext/numeric/conversions.rb:131:in `block (2 levels) in <class:Numeric>'
/usr/local/bundle/gems/activesupport-4.2.6/lib/active_support/core_ext/numeric/conversions.rb:131:in `block (2 levels) in <class:Numeric>'
/usr/local/bundle/gems/activesupport-4.2.6/lib/active_support/core_ext/numeric/conversions.rb:131:in `block (2 levels) in <class:Numeric>'
/usr/local/bundle/gems/activesupport-4.2.6/lib/active_support/core_ext/numeric/conversions.rb:131:in `block (2 levels) in <class:Numeric>'
/usr/local/bundle/gems/activesupport-4.2.6/lib/active_support/core_ext/numeric/conversions.rb:131:in `block (2 levels) in <class:Numeric>'
/usr/local/bundle/gems/activesupport-4.2.6/lib/active_support/core_ext/numeric/conversions.rb:131:in `block (2 levels) in <class:Numeric>'
/usr/local/bundle/gems/activesupport-4.2.6/lib/active_support/core_ext/numeric/conversions.rb:131:in `block (2 levels) in <class:Numeric>'
/usr/local/bundle/gems/activesupport-4.2.6/lib/active_support/core_ext/numeric/conversions.rb:131:in `block (2 levels) in <class:Numeric>'
/usr/local/bundle/gems/activesupport-4.2.6/lib/active_support/core_ext/numeric/conversions.rb:131:in `block (2 levels) in <class:Numeric>'
/usr/local/bundle/gems/activesupport-4.2.6/lib/active_support/core_ext/numeric/conversions.rb:131:in `block (2 levels) in <class:Numeric>'
/usr/local/bundle/gems/activesupport-4.2.6/lib/active_support/core_ext/numeric/conversions.rb:131:in `block (2 levels) in <class:Numeric>'
/usr/local/bundle/gems/activesupport-4.2.6/lib/active_support/core_ext/numeric/conversions.rb:131:in `block (2 levels) in <class:Numeric>'
/usr/local/bundle/gems/activesupport-4.2.6/lib/active_support/core_ext/numeric/conversions.rb:131:in `block (2 levels) in <class:Numeric>'
/usr/local/bundle/gems/activesupport-4.2.6/lib/active_support/core_ext/numeric/conversions.rb:131:in `block (2 levels) in <class:Numeric>'
/usr/local/bundle/gems/activesupport-4.2.6/lib/active_support/core_ext/numeric/conversions.rb:131:in `block (2 levels) in <class:Numeric>'
/usr/local/bundle/gems/activesupport-4.2.6/lib/active_support/core_ext/numeric/conversions.rb:131:in `block (2 levels) in <class:Numeric>'
/usr/local/bundle/gems/activesupport-4.2.6/lib/active_support/core_ext/numeric/conversions.rb:131:in `block (2 levels) in <class:Numeric>'
/usr/local/bundle/gems/activesupport-4.2.6/lib/active_support/core_ext/numeric/conversions.rb:131:in `block (2 levels) in <class:Numeric>'
/usr/local/bundle/gems/activesupport-4.2.6/lib/active_support/core_ext/numeric/conversions.rb:131:in `block (2 levels) in <class:Numeric>'
/usr/local/bundle/gems/activesupport-4.2.6/lib/active_support/core_ext/numeric/conversions.rb:131:in `block (2 levels) in <class:Numeric>'
/usr/local/bundle/gems/activesupport-4.2.6/lib/active_support/core_ext/numeric/conversions.rb:131:in `block (2 levels) in <class:Numeric>'
/usr/local/bundle/gems/activesupport-4.2.6/lib/active_support/core_ext/numeric/conversions.rb:131:in `block (2 levels) in <class:Numeric>'
/usr/local/bundle/gems/activesupport-4.2.6/lib/active_support/core_ext/numeric/conversions.rb:131:in `block (2 levels) in <class:Numeric>'
/usr/local/bundle/gems/activesupport-4.2.6/lib/active_support/core_ext/numeric/conversions.rb:131:in `block (2 levels) in <class:Numeric>'
/usr/local/bundle/gems/activesupport-4.2.6/lib/active_support/core_ext/numeric/conversions.rb:131:in `block (2 levels) in <class:Numeric>'
/usr/local/bundle/gems/activesupport-4.2.6/lib/active_support/core_ext/numeric/conversions.rb:131:in `block (2 levels) in <class:Numeric>'
/usr/local/bundle/gems/activesupport-4.2.6/lib/active_support/core_ext/numeric/conversions.rb:131:in `block (2 levels) in <class:Numeric>'
/usr/local/bundle/gems/activesupport-4.2.6/lib/active_support/core_ext/numeric/conversions.rb:131:in `block (2 levels) in <class:Numeric>'
/usr/local/bundle/gems/activesupport-4.2.6/lib/active_support/core_ext/numeric/conversions.rb:131:in `block (2 levels) in <class:Numeric>'
/usr/local/bundle/gems/activesupport-4.2.6/lib/active_support/core_ext/numeric/conversions.rb:131:in `block (2 levels) in <class:Numeric>'
/usr/local/bundle/gems/activesupport-4.2.6/lib/active_support/core_ext/numeric/conversions.rb:131:in `block (2 levels) in <class:Numeric>'
/usr/local/bundle/gems/activesupport-4.2.6/lib/active_support/core_ext/numeric/conversions.rb:131:in `block (2 levels) in <class:Numeric>'
/usr/local/bundle/gems/activesupport-4.2.6/lib/active_support/core_ext/numeric/conversions.rb:131:in `block (2 levels) in <class:Numeric>'
/usr/local/bundle/gems/activesupport-4.2.6/lib/active_support/core_ext/numeric/conversions.rb:131:in `block (2 levels) in <class:Numeric>'
/usr/local/bundle/gems/activesupport-4.2.6/lib/active_support/core_ext/numeric/conversions.rb:131:in `block (2 levels) in <class:Numeric>'
/usr/local/bundle/gems/activesupport-4.2.6/lib/active_support/core_ext/numeric/conversions.rb:131:in `block (2 levels) in <class:Numeric>'
/usr/local/bundle/gems/activesupport-4.2.6/lib/active_support/core_ext/numeric/conversions.rb:131:in `block (2 levels) in <class:Numeric>'
/usr/local/bundle/gems/activesupport-4.2.6/lib/active_support/core_ext/numeric/conversions.rb:131:in `block (2 levels) in <class:Numeric>'
/usr/local/bundle/gems/activesupport-4.2.6/lib/active_support/core_ext/numeric/conversions.rb:131:in `block (2 levels) in <class:Numeric>'
/usr/local/bundle/gems/activesupport-4.2.6/lib/active_support/core_ext/numeric/conversions.rb:131:in `block (2 levels) in <class:Numeric>'
/usr/local/bundle/gems/activesupport-4.2.6/lib/active_support/core_ext/numeric/conversions.rb:131:in `block (2 levels) in <class:Numeric>'
/usr/local/bundle/gems/activesupport-4.2.6/lib/active_support/core_ext/numeric/conversions.rb:131:in `block (2 levels) in <class:Numeric>'
/usr/local/bundle/gems/activesupport-4.2.6/lib/active_support/core_ext/numeric/conversions.rb:131:in `block (2 levels) in <class:Numeric>'
/usr/local/bundle/gems/activesupport-4.2.6/lib/active_support/core_ext/numeric/conversions.rb:131:in `block (2 levels) in <class:Numeric>'
/usr/local/bundle/gems/activesupport-4.2.6/lib/active_support/core_ext/numeric/conversions.rb:131:in `block (2 levels) in <class:Numeric>'
/usr/local/bundle/gems/activesupport-4.2.6/lib/active_support/core_ext/numeric/conversions.rb:131:in `block (2 levels) in <class:Numeric>'
/usr/local/bundle/gems/activesupport-4.2.6/lib/active_support/core_ext/numeric/conversions.rb:131:in `block (2 levels) in <class:Numeric>'
/usr/local/bundle/gems/activesupport-4.2.6/lib/active_support/core_ext/numeric/conversions.rb:131:in `block (2 levels) in <class:Numeric>'
/usr/local/bundle/gems/activesupport-4.2.6/lib/active_support/core_ext/numeric/conversions.rb:131:in `block (2 levels) in <class:Numeric>'
/usr/local/bundle/gems/activesupport-4.2.6/lib/active_support/core_ext/numeric/conversions.rb:131:in `block (2 levels) in <class:Numeric>'
/usr/local/bundle/gems/activesupport-4.2.6/lib/active_support/core_ext/numeric/conversions.rb:131:in `block (2 levels) in <class:Numeric>'
/usr/local/bundle/gems/activesupport-4.2.6/lib/active_support/core_ext/numeric/conversions.rb:131:in `block (2 levels) in <class:Numeric>'
/usr/local/bundle/gems/activesupport-4.2.6/lib/active_support/core_ext/numeric/conversions.rb:131:in `block (2 levels) in <class:Numeric>'
/usr/local/bundle/gems/activesupport-4.2.6/lib/active_support/core_ext/numeric/conversions.rb:131:in `block (2 levels) in <class:Numeric>'
/usr/local/bundle/gems/activesupport-4.2.6/lib/active_support/core_ext/numeric/conversions.rb:131:in `block (2 levels) in <class:Numeric>'
/usr/local/bundle/gems/activesupport-4.2.6/lib/active_support/core_ext/numeric/conversions.rb:131:in `block (2 levels) in <class:Numeric>'
/usr/local/bundle/gems/activesupport-4.2.6/lib/active_support/core_ext/numeric/conversions.rb:131:in `block (2 levels) in <class:Numeric>'
/usr/local/bundle/gems/activesupport-4.2.6/lib/active_support/core_ext/numeric/conversions.rb:131:in `block (2 levels) in <class:Numeric>'
/usr/local/bundle/gems/activesupport-4.2.6/lib/active_support/core_ext/numeric/conversions.rb:131:in `block (2 levels) in <class:Numeric>'
/usr/local/bundle/gems/activesupport-4.2.6/lib/active_support/core_ext/numeric/conversions.rb:131:in `block (2 levels) in <class:Numeric>'
/usr/local/bundle/gems/activesupport-4.2.6/lib/active_support/core_ext/numeric/conversions.rb:131:in `block (2 levels) in <class:Numeric>'
/usr/local/bundle/gems/activesupport-4.2.6/lib/active_support/core_ext/numeric/conversions.rb:131:in `block (2 levels) in <class:Numeric>'
/usr/local/bundle/gems/activesupport-4.2.6/lib/active_support/core_ext/numeric/conversions.rb:131:in `block (2 levels) in <class:Numeric>'
/usr/local/bundle/gems/activesupport-4.2.6/lib/active_support/core_ext/numeric/conversions.rb:131:in `block (2 levels) in <class:Numeric>'
/usr/local/bundle/gems/activesupport-4.2.6/lib/active_support/core_ext/numeric/conversions.rb:131:in `block (2 levels) in <class:Numeric>'
/usr/local/bundle/gems/activesupport-4.2.6/lib/active_support/core_ext/numeric/conversions.rb:131:in `block (2 levels) in <class:Numeric>'
/usr/local/bundle/gems/activesupport-4.2.6/lib/active_support/core_ext/numeric/conversions.rb:131:in `block (2 levels) in <class:Numeric>'
/usr/local/bundle/gems/activesupport-4.2.6/lib/active_support/core_ext/numeric/conversions.rb:131:in `block (2 levels) in <class:Numeric>'
/usr/local/bundle/gems/activesupport-4.2.6/lib/active_support/core_ext/numeric/conversions.rb:131:in `block (2 levels) in <class:Numeric>'
/usr/local/bundle/gems/activesupport-4.2.6/lib/active_support/core_ext/numeric/conversions.rb:131:in `block (2 levels) in <class:Numeric>'
/usr/local/bundle/gems/activesupport-4.2.6/lib/active_support/core_ext/numeric/conversions.rb:131:in `block (2 levels) in <class:Numeric>'
/usr/local/bundle/gems/activesupport-4.2.6/lib/active_support/core_ext/numeric/conversions.rb:131:in `block (2 levels) in <class:Numeric>'
/usr/local/bundle/gems/activesupport-4.2.6/lib/active_support/core_ext/numeric/conversions.rb:131:in `block (2 levels) in <class:Numeric>'
/usr/local/bundle/gems/activesupport-4.2.6/lib/active_support/core_ext/numeric/conversions.rb:131:in `block (2 levels) in <class:Numeric>'
/usr/local/bundle/gems/activesupport-4.2.6/lib/active_support/core_ext/numeric/conversions.rb:131:in `block (2 levels) in <class:Numeric>'
/usr/local/bundle/gems/activesupport-4.2.6/lib/active_support/core_ext/numeric/conversions.rb:131:in `block (2 levels) in <class:Numeric>'
/usr/local/bundle/gems/activesupport-4.2.6/lib/active_support/core_ext/numeric/conversions.rb:131:in `block (2 levels) in <class:Numeric>'
/usr/local/bundle/gems/activesupport-4.2.6/lib/active_support/core_ext/numeric/conversions.rb:131:in `block (2 levels) in <class:Numeric>'
/usr/local/bundle/gems/activesupport-4.2.6/lib/active_support/core_ext/numeric/conversions.rb:131:in `block (2 levels) in <class:Numeric>'
/usr/local/bundle/gems/activesupport-4.2.6/lib/active_support/core_ext/numeric/conversions.rb:131:in `block (2 levels) in <class:Numeric>'
/usr/local/bundle/gems/activesupport-4.2.6/lib/active_support/core_ext/numeric/conversions.rb:131:in `block (2 levels) in <class:Numeric>'
/usr/local/bundle/gems/activesupport-4.2.6/lib/active_support/core_ext/numeric/conversions.rb:131:in `block (2 levels) in <class:Numeric>'
/usr/local/bundle/gems/activesupport-4.2.6/lib/active_support/core_ext/numeric/conversions.rb:131:in `block (2 levels) in <class:Numeric>'
/usr/local/bundle/gems/activesupport-4.2.6/lib/active_support/core_ext/numeric/conversions.rb:131:in `block (2 levels) in <class:Numeric>'
/usr/local/bundle/gems/activesupport-4.2.6/lib/active_support/core_ext/numeric/conversions.rb:131:in `block (2 levels) in <class:Numeric>'
/usr/local/bundle/gems/activesupport-4.2.6/lib/active_support/core_ext/numeric/conversions.rb:131:in `block (2 levels) in <class:Numeric>'
/usr/local/bundle/gems/activesupport-4.2.6/lib/active_support/core_ext/numeric/conversions.rb:131:in `block (2 levels) in <class:Numeric>'
/usr/local/bundle/gems/activesupport-4.2.6/lib/active_support/core_ext/numeric/conversions.rb:131:in `block (2 levels) in <class:Numeric>'
/usr/local/bundle/gems/activesupport-4.2.6/lib/active_support/core_ext/numeric/conversions.rb:131:in `block (2 levels) in <class:Numeric>'
/usr/local/bundle/gems/activesupport-4.2.6/lib/active_support/core_ext/numeric/conversions.rb:131:in `block (2 levels) in <class:Numeric>'
/usr/local/bundle/gems/activesupport-4.2.6/lib/active_support/core_ext/numeric/conversions.rb:131:in `block (2 levels) in <class:Numeric>'
/usr/local/bundle/gems/activesupport-4.2.6/lib/active_support/core_ext/numeric/conversions.rb:131:in `block (2 levels) in <class:Numeric>'
/usr/local/bundle/gems/activesupport-4.2.6/lib/active_support/core_ext/numeric/conversions.rb:131:in `block (2 levels) in <class:Numeric>'
/usr/local/bundle/gems/activesupport-4.2.6/lib/active_support/core_ext/numeric/conversions.rb:131:in `block (2 levels) in <class:Numeric>'
/usr/local/bundle/gems/activesupport-4.2.6/lib/active_support/core_ext/numeric/conversions.rb:131:in `block (2 levels) in <class:Numeric>'
/usr/local/bundle/gems/activesupport-4.2.6/lib/active_support/core_ext/numeric/conversions.rb:131:in `block (2 levels) in <class:Numeric>'
/usr/local/bundle/gems/activesupport-4.2.6/lib/active_support/core_ext/numeric/conversions.rb:131:in `block (2 levels) in <class:Numeric>'
/usr/local/bundle/gems/activesupport-4.2.6/lib/active_support/core_ext/numeric/conversions.rb:131:in `block (2 levels) in <class:Numeric>'
/usr/local/bundle/gems/activesupport-4.2.6/lib/active_support/core_ext/numeric/conversions.rb:131:in `block (2 levels) in <class:Numeric>'
/usr/local/bundle/gems/activesupport-4.2.6/lib/active_support/core_ext/numeric/conversions.rb:131:in `block (2 levels) in <class:Numeric>'
/usr/local/bundle/gems/activesupport-4.2.6/lib/active_support/core_ext/numeric/conversions.rb:131:in `block (2 levels) in <class:Numeric>'
/usr/local/bundle/gems/activesupport-4.2.6/lib/active_support/core_ext/numeric/conversions.rb:131:in `block (2 levels) in <class:Numeric>'
/usr/local/bundle/gems/activesupport-4.2.6/lib/active_support/core_ext/numeric/conversions.rb:131:in `block (2 levels) in <class:Numeric>'
/usr/local/bundle/gems/activesupport-4.2.6/lib/active_support/core_ext/numeric/conversions.rb:131:in `block (2 levels) in <class:Numeric>'
/usr/local/bundle/gems/activesupport-4.2.6/lib/active_support/core_ext/numeric/conversions.rb:131:in `block (2 levels) in <class:Numeric>'
/usr/local/bundle/gems/activesupport-4.2.6/lib/active_support/core_ext/numeric/conversions.rb:131:in `block (2 levels) in <class:Numeric>'
/usr/local/bundle/gems/activesupport-4.2.6/lib/active_support/core_ext/numeric/conversions.rb:131:in `block (2 levels) in <class:Numeric>'
/usr/local/bundle/gems/activesupport-4.2.6/lib/active_support/core_ext/numeric/conversions.rb:131:in `block (2 levels) in <class:Numeric>'
/usr/local/bundle/gems/activesupport-4.2.6/lib/active_support/core_ext/numeric/conversions.rb:131:in `block (2 levels) in <class:Numeric>'
/usr/local/bundle/gems/activesupport-4.2.6/lib/active_support/core_ext/numeric/conversions.rb:131:in `block (2 levels) in <class:Numeric>'
/usr/local/bundle/gems/activesupport-4.2.6/lib/active_support/core_ext/numeric/conversions.rb:131:in `block (2 levels) in <class:Numeric>'
/usr/local/bundle/gems/activesupport-4.2.6/lib/active_support/core_ext/numeric/conversions.rb:131:in `block (2 levels) in <class:Numeric>'
/usr/local/bundle/gems/activesupport-4.2.6/lib/active_support/core_ext/numeric/conversions.rb:131:in `block (2 levels) in <class:Numeric>'
/usr/local/bundle/gems/activesupport-4.2.6/lib/active_support/core_ext/numeric/conversions.rb:131:in `block (2 levels) in <class:Numeric>'
/usr/local/bundle/gems/activesupport-4.2.6/lib/active_support/core_ext/numeric/conversions.rb:131:in `block (2 levels) in <class:Numeric>'
/usr/local/bundle/gems/activesupport-4.2.6/lib/active_support/core_ext/numeric/conversions.rb:131:in `block (2 levels) in <class:Numeric>'
/usr/local/bundle/gems/activesupport-4.2.6/lib/active_support/core_ext/numeric/conversions.rb:131:in `block (2 levels) in <class:Numeric>'
/usr/local/bundle/gems/activesupport-4.2.6/lib/active_support/core_ext/numeric/conversions.rb:131:in `block (2 levels) in <class:Numeric>'
/usr/local/bundle/gems/activesupport-4.2.6/lib/active_support/core_ext/numeric/conversions.rb:131:in `block (2 levels) in <class:Numeric>'
/usr/local/bundle/gems/activesupport-4.2.6/lib/active_support/core_ext/numeric/conversions.rb:131:in `block (2 levels) in <class:Numeric>'
/usr/local/bundle/gems/activesupport-4.2.6/lib/active_support/core_ext/numeric/conversions.rb:131:in `block (2 levels) in <class:Numeric>'
/usr/local/bundle/gems/activesupport-4.2.6/lib/active_support/core_ext/numeric/conversions.rb:131:in `block (2 levels) in <class:Numeric>'
/usr/local/bundle/gems/activesupport-4.2.6/lib/active_support/core_ext/numeric/conversions.rb:131:in `block (2 levels) in <class:Numeric>'
/usr/local/bundle/gems/activesupport-4.2.6/lib/active_support/core_ext/numeric/conversions.rb:131:in `block (2 levels) in <class:Numeric>'
/usr/local/bundle/gems/activesupport-4.2.6/lib/active_support/core_ext/numeric/conversions.rb:131:in `block (2 levels) in <class:Numeric>'
/usr/local/bundle/gems/activesupport-4.2.6/lib/active_support/core_ext/numeric/conversions.rb:131:in `block (2 levels) in <class:Numeric>'
/usr/local/bundle/gems/activesupport-4.2.6/lib/active_support/core_ext/numeric/conversions.rb:131:in `block (2 levels) in <class:Numeric>'
/usr/local/bundle/gems/activesupport-4.2.6/lib/active_support/core_ext/numeric/conversions.rb:131:in `block (2 levels) in <class:Numeric>'
/usr/local/bundle/gems/activesupport-4.2.6/lib/active_support/core_ext/numeric/conversions.rb:131:in `block (2 levels) in <class:Numeric>'
/usr/local/bundle/gems/activesupport-4.2.6/lib/active_support/core_ext/numeric/conversions.rb:131:in `block (2 levels) in <class:Numeric>'
/usr/local/bundle/gems/activesupport-4.2.6/lib/active_support/core_ext/numeric/conversions.rb:131:in `block (2 levels) in <class:Numeric>'
/usr/local/bundle/gems/activesupport-4.2.6/lib/active_support/core_ext/numeric/conversions.rb:131:in `block (2 levels) in <class:Numeric>'
/usr/local/bundle/gems/activesupport-4.2.6/lib/active_support/core_ext/numeric/conversions.rb:131:in `block (2 levels) in <class:Numeric>'
/usr/local/bundle/gems/activesupport-4.2.6/lib/active_support/core_ext/numeric/conversions.rb:131:in `block (2 levels) in <class:Numeric>'
/usr/local/bundle/gems/activesupport-4.2.6/lib/active_support/core_ext/numeric/conversions.rb:131:in `block (2 levels) in <class:Numeric>'
/usr/local/bundle/gems/activesupport-4.2.6/lib/active_support/core_ext/numeric/conversions.rb:131:in `block (2 levels) in <class:Numeric>'
/usr/local/bundle/gems/activesupport-4.2.6/lib/active_support/core_ext/numeric/conversions.rb:131:in `block (2 levels) in <class:Numeric>'
/usr/local/bundle/gems/activesupport-4.2.6/lib/active_support/core_ext/numeric/conversions.rb:131:in `block (2 levels) in <class:Numeric>'
/usr/local/bundle/gems/activesupport-4.2.6/lib/active_support/core_ext/numeric/conversions.rb:131:in `block (2 levels) in <class:Numeric>'
/usr/local/bundle/gems/activesupport-4.2.6/lib/active_support/core_ext/numeric/conversions.rb:131:in `block (2 levels) in <class:Numeric>'
/usr/local/bundle/gems/activesupport-4.2.6/lib/active_support/core_ext/numeric/conversions.rb:131:in `block (2 levels) in <class:Numeric>'
/usr/local/bundle/gems/activesupport-4.2.6/lib/active_support/core_ext/numeric/conversions.rb:131:in `block (2 levels) in <class:Numeric>'
/usr/local/bundle/gems/activesupport-4.2.6/lib/active_support/core_ext/numeric/conversions.rb:131:in `block (2 levels) in <class:Numeric>'
/usr/local/bundle/gems/activesupport-4.2.6/lib/active_support/core_ext/numeric/conversions.rb:131:in `block (2 levels) in <class:Numeric>'
/usr/local/bundle/gems/activesupport-4.2.6/lib/active_support/core_ext/numeric/conversions.rb:131:in `block (2 levels) in <class:Numeric>'
/usr/local/bundle/gems/activesupport-4.2.6/lib/active_support/core_ext/numeric/conversions.rb:131:in `block (2 levels) in <class:Numeric>'
/usr/local/bundle/gems/activesupport-4.2.6/lib/active_support/core_ext/numeric/conversions.rb:131:in `block (2 levels) in <class:Numeric>'
/usr/local/bundle/gems/activesupport-4.2.6/lib/active_support/core_ext/numeric/conversions.rb:131:in `block (2 levels) in <class:Numeric>'
/usr/local/bundle/gems/activesupport-4.2.6/lib/active_support/core_ext/numeric/conversions.rb:131:in `block (2 levels) in <class:Numeric>'
/usr/local/bundle/gems/activesupport-4.2.6/lib/active_support/core_ext/numeric/conversions.rb:131:in `block (2 levels) in <class:Numeric>'
/usr/local/bundle/gems/activesupport-4.2.6/lib/active_support/core_ext/numeric/conversions.rb:131:in `block (2 levels) in <class:Numeric>'
/usr/local/bundle/gems/activesupport-4.2.6/lib/active_support/core_ext/numeric/conversions.rb:131:in `block (2 levels) in <class:Numeric>'
/usr/local/bundle/gems/activesupport-4.2.6/lib/active_support/core_ext/numeric/conversions.rb:131:in `block (2 levels) in <class:Numeric>'
/usr/local/bundle/gems/activesupport-4.2.6/lib/active_support/core_ext/numeric/conversions.rb:131:in `block (2 levels) in <class:Numeric>'
/usr/local/bundle/gems/activesupport-4.2.6/lib/active_support/core_ext/numeric/conversions.rb:131:in `block (2 levels) in <class:Numeric>'
/usr/local/bundle/gems/activesupport-4.2.6/lib/active_support/core_ext/numeric/conversions.rb:131:in `block (2 levels) in <class:Numeric>'
/usr/local/bundle/gems/activesupport-4.2.6/lib/active_support/core_ext/numeric/conversions.rb:131:in `block (2 levels) in <class:Numeric>'
/usr/local/bundle/gems/activesupport-4.2.6/lib/active_support/core_ext/numeric/conversions.rb:131:in `block (2 levels) in <class:Numeric>'
/usr/local/bundle/gems/activesupport-4.2.6/lib/active_support/core_ext/numeric/conversions.rb:131:in `block (2 levels) in <class:Numeric>'
/usr/local/bundle/gems/activesupport-4.2.6/lib/active_support/core_ext/numeric/conversions.rb:131:in `block (2 levels) in <class:Numeric>'
/usr/local/bundle/gems/activesupport-4.2.6/lib/active_support/core_ext/numeric/conversions.rb:131:in `block (2 levels) in <class:Numeric>'
/usr/local/bundle/gems/activesupport-4.2.6/lib/active_support/core_ext/numeric/conversions.rb:131:in `block (2 levels) in <class:Numeric>'
/usr/local/bundle/gems/activesupport-4.2.6/lib/active_support/core_ext/numeric/conversions.rb:131:in `block (2 levels) in <class:Numeric>'
/usr/local/bundle/gems/activesupport-4.2.6/lib/active_support/core_ext/numeric/conversions.rb:131:in `block (2 levels) in <class:Numeric>'
/usr/local/bundle/gems/activesupport-4.2.6/lib/active_support/core_ext/numeric/conversions.rb:131:in `block (2 levels) in <class:Numeric>'
/usr/local/bundle/gems/activesupport-4.2.6/lib/active_support/core_ext/numeric/conversions.rb:131:in `block (2 levels) in <class:Numeric>'
/usr/local/bundle/gems/activesupport-4.2.6/lib/active_support/core_ext/numeric/conversions.rb:131:in `block (2 levels) in <class:Numeric>'
/usr/local/bundle/gems/activesupport-4.2.6/lib/active_support/core_ext/numeric/conversions.rb:131:in `block (2 levels) in <class:Numeric>'
/usr/local/bundle/gems/activesupport-4.2.6/lib/active_support/core_ext/numeric/conversions.rb:131:in `block (2 levels) in <class:Numeric>'
/usr/local/bundle/gems/activesupport-4.2.6/lib/active_support/core_ext/numeric/conversions.rb:131:in `block (2 levels) in <class:Numeric>'
/usr/local/bundle/gems/activesupport-4.2.6/lib/active_support/core_ext/numeric/conversions.rb:131:in `block (2 levels) in <class:Numeric>'
/usr/local/bundle/gems/activesupport-4.2.6/lib/active_support/core_ext/numeric/conversions.rb:131:in `block (2 levels) in <class:Numeric>'
/usr/local/bundle/gems/activesupport-4.2.6/lib/active_support/core_ext/numeric/conversions.rb:131:in `block (2 levels) in <class:Numeric>'
/usr/local/bundle/gems/activesupport-4.2.6/lib/active_support/core_ext/numeric/conversions.rb:131:in `block (2 levels) in <class:Numeric>'
/usr/local/bundle/gems/activesupport-4.2.6/lib/active_support/core_ext/numeric/conversions.rb:131:in `block (2 levels) in <class:Numeric>'
/usr/local/bundle/gems/activesupport-4.2.6/lib/active_support/core_ext/numeric/conversions.rb:131:in `block (2 levels) in <class:Numeric>'
/usr/local/bundle/gems/activesupport-4.2.6/lib/active_support/core_ext/numeric/conversions.rb:131:in `block (2 levels) in <class:Numeric>'
/usr/local/bundle/gems/activesupport-4.2.6/lib/active_support/core_ext/numeric/conversions.rb:131:in `block (2 levels) in <class:Numeric>'
/usr/local/bundle/gems/activesupport-4.2.6/lib/active_support/core_ext/numeric/conversions.rb:131:in `block (2 levels) in <class:Numeric>'
/usr/local/bundle/gems/activesupport-4.2.6/lib/active_support/core_ext/numeric/conversions.rb:131:in `block (2 levels) in <class:Numeric>'
/usr/local/bundle/gems/activesupport-4.2.6/lib/active_support/core_ext/numeric/conversions.rb:131:in `block (2 levels) in <class:Numeric>'
/usr/local/bundle/gems/activesupport-4.2.6/lib/active_support/core_ext/numeric/conversions.rb:131:in `block (2 levels) in <class:Numeric>'
/usr/local/bundle/gems/activesupport-4.2.6/lib/active_support/core_ext/numeric/conversions.rb:131:in `block (2 levels) in <class:Numeric>'
/usr/local/bundle/gems/activesupport-4.2.6/lib/active_support/core_ext/numeric/conversions.rb:131:in `block (2 levels) in <class:Numeric>'
/usr/local/bundle/gems/activesupport-4.2.6/lib/active_support/core_ext/numeric/conversions.rb:131:in `block (2 levels) in <class:Numeric>'
/usr/local/bundle/gems/activesupport-4.2.6/lib/active_support/core_ext/numeric/conversions.rb:131:in `block (2 levels) in <class:Numeric>'
/usr/local/bundle/gems/activesupport-4.2.6/lib/active_support/core_ext/numeric/conversions.rb:131:in `block (2 levels) in <class:Numeric>'
/usr/local/bundle/gems/activesupport-4.2.6/lib/active_support/core_ext/numeric/conversions.rb:131:in `block (2 levels) in <class:Numeric>'
/usr/local/bundle/gems/activesupport-4.2.6/lib/active_support/core_ext/numeric/conversions.rb:131:in `block (2 levels) in <class:Numeric>'
/usr/local/bundle/gems/activesupport-4.2.6/lib/active_support/core_ext/numeric/conversions.rb:131:in `block (2 levels) in <class:Numeric>'
/usr/local/bundle/gems/activesupport-4.2.6/lib/active_support/core_ext/numeric/conversions.rb:131:in `block (2 levels) in <class:Numeric>'
/usr/local/bundle/gems/activesupport-4.2.6/lib/active_support/core_ext/numeric/conversions.rb:131:in `block (2 levels) in <class:Numeric>'
/usr/local/bundle/gems/activesupport-4.2.6/lib/active_support/core_ext/numeric/conversions.rb:131:in `block (2 levels) in <class:Numeric>'
/usr/local/bundle/gems/activesupport-4.2.6/lib/active_support/core_ext/numeric/conversions.rb:131:in `block (2 levels) in <class:Numeric>'
/usr/local/bundle/gems/activesupport-4.2.6/lib/active_support/core_ext/numeric/conversions.rb:131:in `block (2 levels) in <class:Numeric>'
/usr/local/bundle/gems/activesupport-4.2.6/lib/active_support/core_ext/numeric/conversions.rb:131:in `block (2 levels) in <class:Numeric>'
/usr/local/bundle/gems/activesupport-4.2.6/lib/active_support/core_ext/numeric/conversions.rb:131:in `block (2 levels) in <class:Numeric>'
/usr/local/bundle/gems/activesupport-4.2.6/lib/active_support/core_ext/numeric/conversions.rb:131:in `block (2 levels) in <class:Numeric>'
/usr/local/bundle/gems/activesupport-4.2.6/lib/active_support/core_ext/numeric/conversions.rb:131:in `block (2 levels) in <class:Numeric>'
/usr/local/bundle/gems/activesupport-4.2.6/lib/active_support/core_ext/numeric/conversions.rb:131:in `block (2 levels) in <class:Numeric>'
/usr/local/bundle/gems/activesupport-4.2.6/lib/active_support/core_ext/numeric/conversions.rb:131:in `block (2 levels) in <class:Numeric>'
/usr/local/bundle/gems/activesupport-4.2.6/lib/active_support/core_ext/numeric/conversions.rb:131:in `block (2 levels) in <class:Numeric>'
/usr/local/bundle/gems/activesupport-4.2.6/lib/active_support/core_ext/numeric/conversions.rb:131:in `block (2 levels) in <class:Numeric>'
/usr/local/bundle/gems/activesupport-4.2.6/lib/active_support/core_ext/numeric/conversions.rb:131:in `block (2 levels) in <class:Numeric>'
/usr/local/bundle/gems/activesupport-4.2.6/lib/active_support/core_ext/numeric/conversions.rb:131:in `block (2 levels) in <class:Numeric>'
/usr/local/bundle/gems/activesupport-4.2.6/lib/active_support/core_ext/numeric/conversions.rb:131:in `block (2 levels) in <class:Numeric>'
/usr/local/bundle/gems/activesupport-4.2.6/lib/active_support/core_ext/numeric/conversions.rb:131:in `block (2 levels) in <class:Numeric>'
/usr/local/bundle/gems/activesupport-4.2.6/lib/active_support/core_ext/numeric/conversions.rb:131:in `block (2 levels) in <class:Numeric>'
/usr/local/bundle/gems/activesupport-4.2.6/lib/active_support/core_ext/numeric/conversions.rb:131:in `block (2 levels) in <class:Numeric>'
/usr/local/bundle/gems/activesupport-4.2.6/lib/active_support/core_ext/numeric/conversions.rb:131:in `block (2 levels) in <class:Numeric>'
/usr/local/bundle/gems/activesupport-4.2.6/lib/active_support/core_ext/numeric/conversions.rb:131:in `block (2 levels) in <class:Numeric>'
/usr/local/bundle/gems/activesupport-4.2.6/lib/active_support/core_ext/numeric/conversions.rb:131:in `block (2 levels) in <class:Numeric>'
/usr/local/bundle/gems/activesupport-4.2.6/lib/active_support/core_ext/numeric/conversions.rb:131:in `block (2 levels) in <class:Numeric>'
/usr/local/bundle/gems/activesupport-4.2.6/lib/active_support/core_ext/numeric/conversions.rb:131:in `block (2 levels) in <class:Numeric>'
/usr/local/bundle/gems/activesupport-4.2.6/lib/active_support/core_ext/numeric/conversions.rb:131:in `block (2 levels) in <class:Numeric>'
/usr/local/bundle/gems/activesupport-4.2.6/lib/active_support/core_ext/numeric/conversions.rb:131:in `block (2 levels) in <class:Numeric>'
/usr/local/bundle/gems/activesupport-4.2.6/lib/active_support/core_ext/numeric/conversions.rb:131:in `block (2 levels) in <class:Numeric>'
/usr/local/bundle/gems/activesupport-4.2.6/lib/active_support/core_ext/numeric/conversions.rb:131:in `block (2 levels) in <class:Numeric>'
/usr/local/bundle/gems/activesupport-4.2.6/lib/active_support/core_ext/numeric/conversions.rb:131:in `block (2 levels) in <class:Numeric>'
/usr/local/bundle/gems/activesupport-4.2.6/lib/active_support/core_ext/numeric/conversions.rb:131:in `block (2 levels) in <class:Numeric>'
/usr/local/bundle/gems/activesupport-4.2.6/lib/active_support/core_ext/numeric/conversions.rb:131:in `block (2 levels) in <class:Numeric>'
/usr/local/bundle/gems/activesupport-4.2.6/lib/active_support/core_ext/numeric/conversions.rb:131:in `block (2 levels) in <class:Numeric>'
/usr/local/bundle/gems/activesupport-4.2.6/lib/active_support/core_ext/numeric/conversions.rb:131:in `block (2 levels) in <class:Numeric>'
/usr/local/bundle/gems/activesupport-4.2.6/lib/active_support/core_ext/numeric/conversions.rb:131:in `block (2 levels) in <class:Numeric>'
/usr/local/bundle/gems/activesupport-4.2.6/lib/active_support/core_ext/numeric/conversions.rb:131:in `block (2 levels) in <class:Numeric>'
/usr/local/bundle/gems/activesupport-4.2.6/lib/active_support/core_ext/numeric/conversions.rb:131:in `block (2 levels) in <class:Numeric>'
/usr/local/bundle/gems/activesupport-4.2.6/lib/active_support/core_ext/numeric/conversions.rb:131:in `block (2 levels) in <class:Numeric>'
/usr/local/bundle/gems/activesupport-4.2.6/lib/active_support/core_ext/numeric/conversions.rb:131:in `block (2 levels) in <class:Numeric>'
/usr/local/bundle/gems/activesupport-4.2.6/lib/active_support/core_ext/numeric/conversions.rb:131:in `block (2 levels) in <class:Numeric>'
/usr/local/bundle/gems/activesupport-4.2.6/lib/active_support/core_ext/numeric/conversions.rb:131:in `block (2 levels) in <class:Numeric>'
/usr/local/bundle/gems/activesupport-4.2.6/lib/active_support/core_ext/numeric/conversions.rb:131:in `block (2 levels) in <class:Numeric>'
/usr/local/bundle/gems/activesupport-4.2.6/lib/active_support/core_ext/numeric/conversions.rb:131:in `block (2 levels) in <class:Numeric>'
/usr/local/bundle/gems/activesupport-4.2.6/lib/active_support/core_ext/numeric/conversions.rb:131:in `block (2 levels) in <class:Numeric>'
/usr/local/bundle/gems/activesupport-4.2.6/lib/active_support/core_ext/numeric/conversions.rb:131:in `block (2 levels) in <class:Numeric>'
/usr/local/bundle/gems/activesupport-4.2.6/lib/active_support/core_ext/numeric/conversions.rb:131:in `block (2 levels) in <class:Numeric>'
/usr/local/bundle/gems/activesupport-4.2.6/lib/active_support/core_ext/numeric/conversions.rb:131:in `block (2 levels) in <class:Numeric>'
/usr/local/bundle/gems/activesupport-4.2.6/lib/active_support/core_ext/numeric/conversions.rb:131:in `block (2 levels) in <class:Numeric>'
/usr/local/bundle/gems/activesupport-4.2.6/lib/active_support/core_ext/numeric/conversions.rb:131:in `block (2 levels) in <class:Numeric>'
/usr/local/bundle/gems/activesupport-4.2.6/lib/active_support/core_ext/numeric/conversions.rb:131:in `block (2 levels) in <class:Numeric>'
/usr/local/bundle/gems/activesupport-4.2.6/lib/active_support/core_ext/numeric/conversions.rb:131:in `block (2 levels) in <class:Numeric>'
/usr/local/bundle/gems/activesupport-4.2.6/lib/active_support/core_ext/numeric/conversions.rb:131:in `block (2 levels) in <class:Numeric>'
/usr/local/bundle/gems/activesupport-4.2.6/lib/active_support/core_ext/numeric/conversions.rb:131:in `block (2 levels) in <class:Numeric>'
/usr/local/bundle/gems/activesupport-4.2.6/lib/active_support/core_ext/numeric/conversions.rb:131:in `block (2 levels) in <class:Numeric>'
/usr/local/bundle/gems/activesupport-4.2.6/lib/active_support/core_ext/numeric/conversions.rb:131:in `block (2 levels) in <class:Numeric>'
/usr/local/bundle/gems/activesupport-4.2.6/lib/active_support/core_ext/numeric/conversions.rb:131:in `block (2 levels) in <class:Numeric>'
/usr/local/bundle/gems/activesupport-4.2.6/lib/active_support/core_ext/numeric/conversions.rb:131:in `block (2 levels) in <class:Numeric>'
/usr/local/bundle/gems/activesupport-4.2.6/lib/active_support/core_ext/numeric/conversions.rb:131:in `block (2 levels) in <class:Numeric>'
/usr/local/bundle/gems/activesupport-4.2.6/lib/active_support/core_ext/numeric/conversions.rb:131:in `block (2 levels) in <class:Numeric>'
/usr/local/bundle/gems/activesupport-4.2.6/lib/active_support/core_ext/numeric/conversions.rb:131:in `block (2 levels) in <class:Numeric>'
/usr/local/bundle/gems/activesupport-4.2.6/lib/active_support/core_ext/numeric/conversions.rb:131:in `block (2 levels) in <class:Numeric>'
/usr/local/bundle/gems/activesupport-4.2.6/lib/active_support/core_ext/numeric/conversions.rb:131:in `block (2 levels) in <class:Numeric>'
/usr/local/bundle/gems/activesupport-4.2.6/lib/active_support/core_ext/numeric/conversions.rb:131:in `block (2 levels) in <class:Numeric>'
/usr/local/bundle/gems/activesupport-4.2.6/lib/active_support/core_ext/numeric/conversions.rb:131:in `block (2 levels) in <class:Numeric>'
/usr/local/bundle/gems/activesupport-4.2.6/lib/active_support/core_ext/numeric/conversions.rb:131:in `block (2 levels) in <class:Numeric>'
/usr/local/bundle/gems/activesupport-4.2.6/lib/active_support/core_ext/numeric/conversions.rb:131:in `block (2 levels) in <class:Numeric>'
/usr/local/bundle/gems/activesupport-4.2.6/lib/active_support/core_ext/numeric/conversions.rb:131:in `block (2 levels) in <class:Numeric>'
/usr/local/bundle/gems/activesupport-4.2.6/lib/active_support/core_ext/numeric/conversions.rb:131:in `block (2 levels) in <class:Numeric>'
/usr/local/bundle/gems/activesupport-4.2.6/lib/active_support/core_ext/numeric/conversions.rb:131:in `block (2 levels) in <class:Numeric>'
/usr/local/bundle/gems/activesupport-4.2.6/lib/active_support/core_ext/numeric/conversions.rb:131:in `block (2 levels) in <class:Numeric>'
/usr/local/bundle/gems/activesupport-4.2.6/lib/active_support/core_ext/numeric/conversions.rb:131:in `block (2 levels) in <class:Numeric>'
/usr/local/bundle/gems/activesupport-4.2.6/lib/active_support/core_ext/numeric/conversions.rb:131:in `block (2 levels) in <class:Numeric>'
/usr/local/bundle/gems/activesupport-4.2.6/lib/active_support/core_ext/numeric/conversions.rb:131:in `block (2 levels) in <class:Numeric>'
/usr/local/bundle/gems/activesupport-4.2.6/lib/active_support/core_ext/numeric/conversions.rb:131:in `block (2 levels) in <class:Numeric>'
/usr/local/bundle/gems/activesupport-4.2.6/lib/active_support/core_ext/numeric/conversions.rb:131:in `block (2 levels) in <class:Numeric>'
/usr/local/bundle/gems/activesupport-4.2.6/lib/active_support/core_ext/numeric/conversions.rb:131:in `block (2 levels) in <class:Numeric>'
/usr/local/bundle/gems/activesupport-4.2.6/lib/active_support/core_ext/numeric/conversions.rb:131:in `block (2 levels) in <class:Numeric>'
/usr/local/bundle/gems/activesupport-4.2.6/lib/active_support/core_ext/numeric/conversions.rb:131:in `block (2 levels) in <class:Numeric>'
/usr/local/bundle/gems/activesupport-4.2.6/lib/active_support/core_ext/numeric/conversions.rb:131:in `block (2 levels) in <class:Numeric>'
/usr/local/bundle/gems/activesupport-4.2.6/lib/active_support/core_ext/numeric/conversions.rb:131:in `block (2 levels) in <class:Numeric>'
/usr/local/bundle/gems/activesupport-4.2.6/lib/active_support/core_ext/numeric/conversions.rb:131:in `block (2 levels) in <class:Numeric>'
/usr/local/bundle/gems/activesupport-4.2.6/lib/active_support/core_ext/numeric/conversions.rb:131:in `block (2 levels) in <class:Numeric>'
/usr/local/bundle/gems/activesupport-4.2.6/lib/active_support/core_ext/numeric/conversions.rb:131:in `block (2 levels) in <class:Numeric>'
/usr/local/bundle/gems/activesupport-4.2.6/lib/active_support/core_ext/numeric/conversions.rb:131:in `block (2 levels) in <class:Numeric>'
/usr/local/bundle/gems/activesupport-4.2.6/lib/active_support/core_ext/numeric/conversions.rb:131:in `block (2 levels) in <class:Numeric>'
/usr/local/bundle/gems/activesupport-4.2.6/lib/active_support/core_ext/numeric/conversions.rb:131:in `block (2 levels) in <class:Numeric>'
/usr/local/bundle/gems/activesupport-4.2.6/lib/active_support/core_ext/numeric/conversions.rb:131:in `block (2 levels) in <class:Numeric>'
/usr/local/bundle/gems/activesupport-4.2.6/lib/active_support/core_ext/numeric/conversions.rb:131:in `block (2 levels) in <class:Numeric>'
/usr/local/bundle/gems/activesupport-4.2.6/lib/active_support/core_ext/numeric/conversions.rb:131:in `block (2 levels) in <class:Numeric>'
/usr/local/bundle/gems/activesupport-4.2.6/lib/active_support/core_ext/numeric/conversions.rb:131:in `block (2 levels) in <class:Numeric>'
/usr/local/bundle/gems/activesupport-4.2.6/lib/active_support/core_ext/numeric/conversions.rb:131:in `block (2 levels) in <class:Numeric>'
/usr/local/bundle/gems/activesupport-4.2.6/lib/active_support/core_ext/numeric/conversions.rb:131:in `block (2 levels) in <class:Numeric>'
/usr/local/bundle/gems/activesupport-4.2.6/lib/active_support/core_ext/numeric/conversions.rb:131:in `block (2 levels) in <class:Numeric>'
/usr/local/bundle/gems/activesupport-4.2.6/lib/active_support/core_ext/numeric/conversions.rb:131:in `block (2 levels) in <class:Numeric>'
/usr/local/bundle/gems/activesupport-4.2.6/lib/active_support/core_ext/numeric/conversions.rb:131:in `block (2 levels) in <class:Numeric>'
/usr/local/bundle/gems/activesupport-4.2.6/lib/active_support/core_ext/numeric/conversions.rb:131:in `block (2 levels) in <class:Numeric>'
/usr/local/bundle/gems/activesupport-4.2.6/lib/active_support/core_ext/numeric/conversions.rb:131:in `block (2 levels) in <class:Numeric>'
/usr/local/bundle/gems/activesupport-4.2.6/lib/active_support/core_ext/numeric/conversions.rb:131:in `block (2 levels) in <class:Numeric>'
/usr/local/bundle/gems/activesupport-4.2.6/lib/active_support/core_ext/numeric/conversions.rb:131:in `block (2 levels) in <class:Numeric>'
/usr/local/bundle/gems/activesupport-4.2.6/lib/active_support/core_ext/numeric/conversions.rb:131:in `block (2 levels) in <class:Numeric>'
/usr/local/bundle/gems/activesupport-4.2.6/lib/active_support/core_ext/numeric/conversions.rb:131:in `block (2 levels) in <class:Numeric>'
/usr/local/bundle/gems/activesupport-4.2.6/lib/active_support/core_ext/numeric/conversions.rb:131:in `block (2 levels) in <class:Numeric>'
/usr/local/bundle/gems/activesupport-4.2.6/lib/active_support/core_ext/numeric/conversions.rb:131:in `block (2 levels) in <class:Numeric>'
/usr/local/bundle/gems/activesupport-4.2.6/lib/active_support/core_ext/numeric/conversions.rb:131:in `block (2 levels) in <class:Numeric>'
/usr/local/bundle/gems/activesupport-4.2.6/lib/active_support/core_ext/numeric/conversions.rb:131:in `block (2 levels) in <class:Numeric>'
/usr/local/bundle/gems/activesupport-4.2.6/lib/active_support/core_ext/numeric/conversions.rb:131:in `block (2 levels) in <class:Numeric>'
/usr/local/bundle/gems/activesupport-4.2.6/lib/active_support/core_ext/numeric/conversions.rb:131:in `block (2 levels) in <class:Numeric>'
/usr/local/bundle/gems/activesupport-4.2.6/lib/active_support/core_ext/numeric/conversions.rb:131:in `block (2 levels) in <class:Numeric>'
/usr/local/bundle/gems/activesupport-4.2.6/lib/active_support/core_ext/numeric/conversions.rb:131:in `block (2 levels) in <class:Numeric>'
/usr/local/bundle/gems/activesupport-4.2.6/lib/active_support/core_ext/numeric/conversions.rb:131:in `block (2 levels) in <class:Numeric>'
/usr/local/bundle/gems/activesupport-4.2.6/lib/active_support/core_ext/numeric/conversions.rb:131:in `block (2 levels) in <class:Numeric>'
/usr/local/bundle/gems/activesupport-4.2.6/lib/active_support/core_ext/numeric/conversions.rb:131:in `block (2 levels) in <class:Numeric>'
/usr/local/bundle/gems/activesupport-4.2.6/lib/active_support/core_ext/numeric/conversions.rb:131:in `block (2 levels) in <class:Numeric>'
/usr/local/bundle/gems/activesupport-4.2.6/lib/active_support/core_ext/numeric/conversions.rb:131:in `block (2 levels) in <class:Numeric>'
/usr/local/bundle/gems/activesupport-4.2.6/lib/active_support/core_ext/numeric/conversions.rb:131:in `block (2 levels) in <class:Numeric>'
/usr/local/bundle/gems/activesupport-4.2.6/lib/active_support/core_ext/numeric/conversions.rb:131:in `block (2 levels) in <class:Numeric>'
/usr/local/bundle/gems/activesupport-4.2.6/lib/active_support/core_ext/numeric/conversions.rb:131:in `block (2 levels) in <class:Numeric>'
/usr/local/bundle/gems/activesupport-4.2.6/lib/active_support/core_ext/numeric/conversions.rb:131:in `block (2 levels) in <class:Numeric>'
/usr/local/bundle/gems/activesupport-4.2.6/lib/active_support/core_ext/numeric/conversions.rb:131:in `block (2 levels) in <class:Numeric>'
/usr/local/bundle/gems/activesupport-4.2.6/lib/active_support/core_ext/numeric/conversions.rb:131:in `block (2 levels) in <class:Numeric>'
/usr/local/bundle/gems/activesupport-4.2.6/lib/active_support/core_ext/numeric/conversions.rb:131:in `block (2 levels) in <class:Numeric>'
/usr/local/bundle/gems/activesupport-4.2.6/lib/active_support/core_ext/numeric/conversions.rb:131:in `block (2 levels) in <class:Numeric>'
/usr/local/bundle/gems/activesupport-4.2.6/lib/active_support/core_ext/numeric/conversions.rb:131:in `block (2 levels) in <class:Numeric>'
/usr/local/bundle/gems/activesupport-4.2.6/lib/active_support/core_ext/numeric/conversions.rb:131:in `block (2 levels) in <class:Numeric>'
/usr/local/bundle/gems/activesupport-4.2.6/lib/active_support/core_ext/numeric/conversions.rb:131:in `block (2 levels) in <class:Numeric>'
/usr/local/bundle/gems/activesupport-4.2.6/lib/active_support/core_ext/numeric/conversions.rb:131:in `block (2 levels) in <class:Numeric>'
/usr/local/bundle/gems/activesupport-4.2.6/lib/active_support/core_ext/numeric/conversions.rb:131:in `block (2 levels) in <class:Numeric>'
/usr/local/bundle/gems/activesupport-4.2.6/lib/active_support/core_ext/numeric/conversions.rb:131:in `block (2 levels) in <class:Numeric>'
/usr/local/bundle/gems/activesupport-4.2.6/lib/active_support/core_ext/numeric/conversions.rb:131:in `block (2 levels) in <class:Numeric>'
/usr/local/bundle/gems/activesupport-4.2.6/lib/active_support/core_ext/numeric/conversions.rb:131:in `block (2 levels) in <class:Numeric>'
/usr/local/bundle/gems/activesupport-4.2.6/lib/active_support/core_ext/numeric/conversions.rb:131:in `block (2 levels) in <class:Numeric>'
/usr/local/bundle/gems/activesupport-4.2.6/lib/active_support/core_ext/numeric/conversions.rb:131:in `block (2 levels) in <class:Numeric>'
/usr/local/bundle/gems/activesupport-4.2.6/lib/active_support/core_ext/numeric/conversions.rb:131:in `block (2 levels) in <class:Numeric>'
/usr/local/bundle/gems/activesupport-4.2.6/lib/active_support/core_ext/numeric/conversions.rb:131:in `block (2 levels) in <class:Numeric>'
/usr/local/bundle/gems/activesupport-4.2.6/lib/active_support/core_ext/numeric/conversions.rb:131:in `block (2 levels) in <class:Numeric>'
/usr/local/bundle/gems/activesupport-4.2.6/lib/active_support/core_ext/numeric/conversions.rb:131:in `block (2 levels) in <class:Numeric>'
/usr/local/bundle/gems/activesupport-4.2.6/lib/active_support/core_ext/numeric/conversions.rb:131:in `block (2 levels) in <class:Numeric>'
/usr/local/bundle/gems/activesupport-4.2.6/lib/active_support/core_ext/numeric/conversions.rb:131:in `block (2 levels) in <class:Numeric>'
/usr/local/bundle/gems/activesupport-4.2.6/lib/active_support/core_ext/numeric/conversions.rb:131:in `block (2 levels) in <class:Numeric>'
/usr/local/bundle/gems/activesupport-4.2.6/lib/active_support/core_ext/numeric/conversions.rb:131:in `block (2 levels) in <class:Numeric>'
/usr/local/bundle/gems/activesupport-4.2.6/lib/active_support/core_ext/numeric/conversions.rb:131:in `block (2 levels) in <class:Numeric>'
/usr/local/bundle/gems/activesupport-4.2.6/lib/active_support/core_ext/numeric/conversions.rb:131:in `block (2 levels) in <class:Numeric>'
/usr/local/bundle/gems/activesupport-4.2.6/lib/active_support/core_ext/numeric/conversions.rb:131:in `block (2 levels) in <class:Numeric>'
/usr/local/bundle/gems/activesupport-4.2.6/lib/active_support/core_ext/numeric/conversions.rb:131:in `block (2 levels) in <class:Numeric>'
/usr/local/bundle/gems/activesupport-4.2.6/lib/active_support/core_ext/numeric/conversions.rb:131:in `block (2 levels) in <class:Numeric>'
/usr/local/bundle/gems/activesupport-4.2.6/lib/active_support/core_ext/numeric/conversions.rb:131:in `block (2 levels) in <class:Numeric>'
/usr/local/bundle/gems/activesupport-4.2.6/lib/active_support/core_ext/numeric/conversions.rb:131:in `block (2 levels) in <class:Numeric>'
/usr/local/bundle/gems/activesupport-4.2.6/lib/active_support/core_ext/numeric/conversions.rb:131:in `block (2 levels) in <class:Numeric>'
/usr/local/bundle/gems/activesupport-4.2.6/lib/active_support/core_ext/numeric/conversions.rb:131:in `block (2 levels) in <class:Numeric>'
/usr/local/bundle/gems/activesupport-4.2.6/lib/active_support/core_ext/numeric/conversions.rb:131:in `block (2 levels) in <class:Numeric>'
/usr/local/bundle/gems/activesupport-4.2.6/lib/active_support/core_ext/numeric/conversions.rb:131:in `block (2 levels) in <class:Numeric>'
/usr/local/bundle/gems/activesupport-4.2.6/lib/active_support/core_ext/numeric/conversions.rb:131:in `block (2 levels) in <class:Numeric>'
/usr/local/bundle/gems/activesupport-4.2.6/lib/active_support/core_ext/numeric/conversions.rb:131:in `block (2 levels) in <class:Numeric>'
/usr/local/bundle/gems/activesupport-4.2.6/lib/active_support/core_ext/numeric/conversions.rb:131:in `block (2 levels) in <class:Numeric>'
/usr/local/bundle/gems/activesupport-4.2.6/lib/active_support/core_ext/numeric/conversions.rb:131:in `block (2 levels) in <class:Numeric>'
/usr/local/bundle/gems/activesupport-4.2.6/lib/active_support/core_ext/numeric/conversions.rb:131:in `block (2 levels) in <class:Numeric>'
/usr/local/bundle/gems/activesupport-4.2.6/lib/active_support/core_ext/numeric/conversions.rb:131:in `block (2 levels) in <class:Numeric>'
/usr/local/bundle/gems/activesupport-4.2.6/lib/active_support/core_ext/numeric/conversions.rb:131:in `block (2 levels) in <class:Numeric>'
/usr/local/bundle/gems/activesupport-4.2.6/lib/active_support/core_ext/numeric/conversions.rb:131:in `block (2 levels) in <class:Numeric>'
/usr/local/bundle/gems/activesupport-4.2.6/lib/active_support/core_ext/numeric/conversions.rb:131:in `block (2 levels) in <class:Numeric>'
/usr/local/bundle/gems/activesupport-4.2.6/lib/active_support/core_ext/numeric/conversions.rb:131:in `block (2 levels) in <class:Numeric>'
/usr/local/bundle/gems/activesupport-4.2.6/lib/active_support/core_ext/numeric/conversions.rb:131:in `block (2 levels) in <class:Numeric>'
/usr/local/bundle/gems/activesupport-4.2.6/lib/active_support/core_ext/numeric/conversions.rb:131:in `block (2 levels) in <class:Numeric>'
/usr/local/bundle/gems/activesupport-4.2.6/lib/active_support/core_ext/numeric/conversions.rb:131:in `block (2 levels) in <class:Numeric>'
/usr/local/bundle/gems/activesupport-4.2.6/lib/active_support/core_ext/numeric/conversions.rb:131:in `block (2 levels) in <class:Numeric>'
/usr/local/bundle/gems/activesupport-4.2.6/lib/active_support/core_ext/numeric/conversions.rb:131:in `block (2 levels) in <class:Numeric>'
/usr/local/bundle/gems/activesupport-4.2.6/lib/active_support/core_ext/numeric/conversions.rb:131:in `block (2 levels) in <class:Numeric>'
/usr/local/bundle/gems/activesupport-4.2.6/lib/active_support/core_ext/numeric/conversions.rb:131:in `block (2 levels) in <class:Numeric>'
/usr/local/bundle/gems/activesupport-4.2.6/lib/active_support/core_ext/numeric/conversions.rb:131:in `block (2 levels) in <class:Numeric>'
/usr/local/bundle/gems/activesupport-4.2.6/lib/active_support/core_ext/numeric/conversions.rb:131:in `block (2 levels) in <class:Numeric>'
/usr/local/bundle/gems/activesupport-4.2.6/lib/active_support/core_ext/numeric/conversions.rb:131:in `block (2 levels) in <class:Numeric>'
/usr/local/bundle/gems/activesupport-4.2.6/lib/active_support/core_ext/numeric/conversions.rb:131:in `block (2 levels) in <class:Numeric>'
/usr/local/bundle/gems/activesupport-4.2.6/lib/active_support/core_ext/numeric/conversions.rb:131:in `block (2 levels) in <class:Numeric>'
/usr/local/bundle/gems/activesupport-4.2.6/lib/active_support/core_ext/numeric/conversions.rb:131:in `block (2 levels) in <class:Numeric>'
/usr/local/bundle/gems/activesupport-4.2.6/lib/active_support/core_ext/numeric/conversions.rb:131:in `block (2 levels) in <class:Numeric>'
/usr/local/bundle/gems/activesupport-4.2.6/lib/active_support/core_ext/numeric/conversions.rb:131:in `block (2 levels) in <class:Numeric>'
/usr/local/bundle/gems/activesupport-4.2.6/lib/active_support/core_ext/numeric/conversions.rb:131:in `block (2 levels) in <class:Numeric>'
/usr/local/bundle/gems/activesupport-4.2.6/lib/active_support/core_ext/numeric/conversions.rb:131:in `block (2 levels) in <class:Numeric>'
/usr/local/bundle/gems/activesupport-4.2.6/lib/active_support/core_ext/numeric/conversions.rb:131:in `block (2 levels) in <class:Numeric>'
/usr/local/bundle/gems/activesupport-4.2.6/lib/active_support/core_ext/numeric/conversions.rb:131:in `block (2 levels) in <class:Numeric>'
/usr/local/bundle/gems/activesupport-4.2.6/lib/active_support/core_ext/numeric/conversions.rb:131:in `block (2 levels) in <class:Numeric>'
/usr/local/bundle/gems/activesupport-4.2.6/lib/active_support/core_ext/numeric/conversions.rb:131:in `block (2 levels) in <class:Numeric>'
/usr/local/bundle/gems/activesupport-4.2.6/lib/active_support/core_ext/numeric/conversions.rb:131:in `block (2 levels) in <class:Numeric>'
/usr/local/bundle/gems/activesupport-4.2.6/lib/active_support/core_ext/numeric/conversions.rb:131:in `block (2 levels) in <class:Numeric>'
/usr/local/bundle/gems/activesupport-4.2.6/lib/active_support/core_ext/numeric/conversions.rb:131:in `block (2 levels) in <class:Numeric>'
/usr/local/bundle/gems/activesupport-4.2.6/lib/active_support/core_ext/numeric/conversions.rb:131:in `block (2 levels) in <class:Numeric>'
/usr/local/bundle/gems/activesupport-4.2.6/lib/active_support/core_ext/numeric/conversions.rb:131:in `block (2 levels) in <class:Numeric>'
/usr/local/bundle/gems/activesupport-4.2.6/lib/active_support/core_ext/numeric/conversions.rb:131:in `block (2 levels) in <class:Numeric>'
/usr/local/bundle/gems/activesupport-4.2.6/lib/active_support/core_ext/numeric/conversions.rb:131:in `block (2 levels) in <class:Numeric>'
/usr/local/bundle/gems/activesupport-4.2.6/lib/active_support/core_ext/numeric/conversions.rb:131:in `block (2 levels) in <class:Numeric>'
/usr/local/bundle/gems/activesupport-4.2.6/lib/active_support/core_ext/numeric/conversions.rb:131:in `block (2 levels) in <class:Numeric>'
/usr/local/bundle/gems/activesupport-4.2.6/lib/active_support/core_ext/numeric/conversions.rb:131:in `block (2 levels) in <class:Numeric>'
/usr/local/bundle/gems/activesupport-4.2.6/lib/active_support/core_ext/numeric/conversions.rb:131:in `block (2 levels) in <class:Numeric>'
/usr/local/bundle/gems/activesupport-4.2.6/lib/active_support/core_ext/numeric/conversions.rb:131:in `block (2 levels) in <class:Numeric>'
/usr/local/bundle/gems/activesupport-4.2.6/lib/active_support/core_ext/numeric/conversions.rb:131:in `block (2 levels) in <class:Numeric>'
/usr/local/bundle/gems/activesupport-4.2.6/lib/active_support/core_ext/numeric/conversions.rb:131:in `block (2 levels) in <class:Numeric>'
/usr/local/bundle/gems/activesupport-4.2.6/lib/active_support/core_ext/numeric/conversions.rb:131:in `block (2 levels) in <class:Numeric>'
/usr/local/bundle/gems/activesupport-4.2.6/lib/active_support/core_ext/numeric/conversions.rb:131:in `block (2 levels) in <class:Numeric>'
/usr/local/bundle/gems/activesupport-4.2.6/lib/active_support/core_ext/numeric/conversions.rb:131:in `block (2 levels) in <class:Numeric>'
/usr/local/bundle/gems/activesupport-4.2.6/lib/active_support/core_ext/numeric/conversions.rb:131:in `block (2 levels) in <class:Numeric>'
/usr/local/bundle/gems/activesupport-4.2.6/lib/active_support/core_ext/numeric/conversions.rb:131:in `block (2 levels) in <class:Numeric>'
/usr/local/bundle/gems/activesupport-4.2.6/lib/active_support/core_ext/numeric/conversions.rb:131:in `block (2 levels) in <class:Numeric>'
/usr/local/bundle/gems/activesupport-4.2.6/lib/active_support/core_ext/numeric/conversions.rb:131:in `block (2 levels) in <class:Numeric>'
/usr/local/bundle/gems/activesupport-4.2.6/lib/active_support/core_ext/numeric/conversions.rb:131:in `block (2 levels) in <class:Numeric>'
/usr/local/bundle/gems/activesupport-4.2.6/lib/active_support/core_ext/numeric/conversions.rb:131:in `block (2 levels) in <class:Numeric>'
/usr/local/bundle/gems/activesupport-4.2.6/lib/active_support/core_ext/numeric/conversions.rb:131:in `block (2 levels) in <class:Numeric>'
/usr/local/bundle/gems/activesupport-4.2.6/lib/active_support/core_ext/numeric/conversions.rb:131:in `block (2 levels) in <class:Numeric>'
/usr/local/bundle/gems/activesupport-4.2.6/lib/active_support/core_ext/numeric/conversions.rb:131:in `block (2 levels) in <class:Numeric>'
/usr/local/bundle/gems/activesupport-4.2.6/lib/active_support/core_ext/numeric/conversions.rb:131:in `block (2 levels) in <class:Numeric>'
/usr/local/bundle/gems/activesupport-4.2.6/lib/active_support/core_ext/numeric/conversions.rb:131:in `block (2 levels) in <class:Numeric>'
/usr/local/bundle/gems/activesupport-4.2.6/lib/active_support/core_ext/numeric/conversions.rb:131:in `block (2 levels) in <class:Numeric>'
/usr/local/bundle/gems/activesupport-4.2.6/lib/active_support/core_ext/numeric/conversions.rb:131:in `block (2 levels) in <class:Numeric>'
/usr/local/bundle/gems/activesupport-4.2.6/lib/active_support/core_ext/numeric/conversions.rb:131:in `block (2 levels) in <class:Numeric>'
/usr/local/bundle/gems/activesupport-4.2.6/lib/active_support/core_ext/numeric/conversions.rb:131:in `block (2 levels) in <class:Numeric>'
/usr/local/bundle/gems/activesupport-4.2.6/lib/active_support/core_ext/numeric/conversions.rb:131:in `block (2 levels) in <class:Numeric>'
/usr/local/bundle/gems/activesupport-4.2.6/lib/active_support/core_ext/numeric/conversions.rb:131:in `block (2 levels) in <class:Numeric>'
/usr/local/bundle/gems/activesupport-4.2.6/lib/active_support/core_ext/numeric/conversions.rb:131:in `block (2 levels) in <class:Numeric>'
/usr/local/bundle/gems/activesupport-4.2.6/lib/active_support/core_ext/numeric/conversions.rb:131:in `block (2 levels) in <class:Numeric>'
/usr/local/bundle/gems/activesupport-4.2.6/lib/active_support/core_ext/numeric/conversions.rb:131:in `block (2 levels) in <class:Numeric>'
/usr/local/bundle/gems/activesupport-4.2.6/lib/active_support/core_ext/numeric/conversions.rb:131:in `block (2 levels) in <class:Numeric>'
/usr/local/bundle/gems/activesupport-4.2.6/lib/active_support/core_ext/numeric/conversions.rb:131:in `block (2 levels) in <class:Numeric>'
/usr/local/bundle/gems/activesupport-4.2.6/lib/active_support/core_ext/numeric/conversions.rb:131:in `block (2 levels) in <class:Numeric>'
/usr/local/bundle/gems/activesupport-4.2.6/lib/active_support/core_ext/numeric/conversions.rb:131:in `block (2 levels) in <class:Numeric>'
/usr/local/bundle/gems/activesupport-4.2.6/lib/active_support/core_ext/numeric/conversions.rb:131:in `block (2 levels) in <class:Numeric>'
/usr/local/bundle/gems/activesupport-4.2.6/lib/active_support/core_ext/numeric/conversions.rb:131:in `block (2 levels) in <class:Numeric>'
/usr/local/bundle/gems/activesupport-4.2.6/lib/active_support/core_ext/numeric/conversions.rb:131:in `block (2 levels) in <class:Numeric>'
/usr/local/bundle/gems/activesupport-4.2.6/lib/active_support/core_ext/numeric/conversions.rb:131:in `block (2 levels) in <class:Numeric>'
/usr/local/bundle/gems/activesupport-4.2.6/lib/active_support/core_ext/numeric/conversions.rb:131:in `block (2 levels) in <class:Numeric>'
/usr/local/bundle/gems/activesupport-4.2.6/lib/active_support/core_ext/numeric/conversions.rb:131:in `block (2 levels) in <class:Numeric>'
/usr/local/bundle/gems/activesupport-4.2.6/lib/active_support/core_ext/numeric/conversions.rb:131:in `block (2 levels) in <class:Numeric>'
/usr/local/bundle/gems/activesupport-4.2.6/lib/active_support/core_ext/numeric/conversions.rb:131:in `block (2 levels) in <class:Numeric>'
/usr/local/bundle/gems/activesupport-4.2.6/lib/active_support/core_ext/numeric/conversions.rb:131:in `block (2 levels) in <class:Numeric>'
/usr/local/bundle/gems/activesupport-4.2.6/lib/active_support/core_ext/numeric/conversions.rb:131:in `block (2 levels) in <class:Numeric>'
/usr/local/bundle/gems/activesupport-4.2.6/lib/active_support/core_ext/numeric/conversions.rb:131:in `block (2 levels) in <class:Numeric>'
/usr/local/bundle/gems/activesupport-4.2.6/lib/active_support/core_ext/numeric/conversions.rb:131:in `block (2 levels) in <class:Numeric>'
/usr/local/bundle/gems/activesupport-4.2.6/lib/active_support/core_ext/numeric/conversions.rb:131:in `block (2 levels) in <class:Numeric>'
/usr/local/bundle/gems/activesupport-4.2.6/lib/active_support/core_ext/numeric/conversions.rb:131:in `block (2 levels) in <class:Numeric>'
/usr/local/bundle/gems/activesupport-4.2.6/lib/active_support/core_ext/numeric/conversions.rb:131:in `block (2 levels) in <class:Numeric>'
/usr/local/bundle/gems/activesupport-4.2.6/lib/active_support/core_ext/numeric/conversions.rb:131:in `block (2 levels) in <class:Numeric>'
/usr/local/bundle/gems/activesupport-4.2.6/lib/active_support/core_ext/numeric/conversions.rb:131:in `block (2 levels) in <class:Numeric>'
/usr/local/bundle/gems/activesupport-4.2.6/lib/active_support/core_ext/numeric/conversions.rb:131:in `block (2 levels) in <class:Numeric>'
/usr/local/bundle/gems/activesupport-4.2.6/lib/active_support/core_ext/numeric/conversions.rb:131:in `block (2 levels) in <class:Numeric>'
/usr/local/bundle/gems/activesupport-4.2.6/lib/active_support/core_ext/numeric/conversions.rb:131:in `block (2 levels) in <class:Numeric>'
/usr/local/bundle/gems/activesupport-4.2.6/lib/active_support/core_ext/numeric/conversions.rb:131:in `block (2 levels) in <class:Numeric>'
/usr/local/bundle/gems/activesupport-4.2.6/lib/active_support/core_ext/numeric/conversions.rb:131:in `block (2 levels) in <class:Numeric>'
/usr/local/bundle/gems/activesupport-4.2.6/lib/active_support/core_ext/numeric/conversions.rb:131:in `block (2 levels) in <class:Numeric>'
/usr/local/bundle/gems/activesupport-4.2.6/lib/active_support/core_ext/numeric/conversions.rb:131:in `block (2 levels) in <class:Numeric>'
/usr/local/bundle/gems/activesupport-4.2.6/lib/active_support/core_ext/numeric/conversions.rb:131:in `block (2 levels) in <class:Numeric>'
/usr/local/bundle/gems/activesupport-4.2.6/lib/active_support/core_ext/numeric/conversions.rb:131:in `block (2 levels) in <class:Numeric>'
/usr/local/bundle/gems/activesupport-4.2.6/lib/active_support/core_ext/numeric/conversions.rb:131:in `block (2 levels) in <class:Numeric>'
/usr/local/bundle/gems/activesupport-4.2.6/lib/active_support/core_ext/numeric/conversions.rb:131:in `block (2 levels) in <class:Numeric>'
/usr/local/bundle/gems/activesupport-4.2.6/lib/active_support/core_ext/numeric/conversions.rb:131:in `block (2 levels) in <class:Numeric>'
/usr/local/bundle/gems/activesupport-4.2.6/lib/active_support/core_ext/numeric/conversions.rb:131:in `block (2 levels) in <class:Numeric>'
/usr/local/bundle/gems/activesupport-4.2.6/lib/active_support/core_ext/numeric/conversions.rb:131:in `block (2 levels) in <class:Numeric>'
/usr/local/bundle/gems/activesupport-4.2.6/lib/active_support/core_ext/numeric/conversions.rb:131:in `block (2 levels) in <class:Numeric>'
/usr/local/bundle/gems/activesupport-4.2.6/lib/active_support/core_ext/numeric/conversions.rb:131:in `block (2 levels) in <class:Numeric>'
/usr/local/bundle/gems/activesupport-4.2.6/lib/active_support/core_ext/numeric/conversions.rb:131:in `block (2 levels) in <class:Numeric>'
/usr/local/bundle/gems/activesupport-4.2.6/lib/active_support/core_ext/numeric/conversions.rb:131:in `block (2 levels) in <class:Numeric>'
/usr/local/bundle/gems/activesupport-4.2.6/lib/active_support/core_ext/numeric/conversions.rb:131:in `block (2 levels) in <class:Numeric>'
/usr/local/bundle/gems/activesupport-4.2.6/lib/active_support/core_ext/numeric/conversions.rb:131:in `block (2 levels) in <class:Numeric>'
/usr/local/bundle/gems/activesupport-4.2.6/lib/active_support/core_ext/numeric/conversions.rb:131:in `block (2 levels) in <class:Numeric>'
/usr/local/bundle/gems/activesupport-4.2.6/lib/active_support/core_ext/numeric/conversions.rb:131:in `block (2 levels) in <class:Numeric>'
/usr/local/bundle/gems/activesupport-4.2.6/lib/active_support/core_ext/numeric/conversions.rb:131:in `block (2 levels) in <class:Numeric>'
/usr/local/bundle/gems/activesupport-4.2.6/lib/active_support/core_ext/numeric/conversions.rb:131:in `block (2 levels) in <class:Numeric>'
/usr/local/bundle/gems/activesupport-4.2.6/lib/active_support/core_ext/numeric/conversions.rb:131:in `block (2 levels) in <class:Numeric>'
/usr/local/bundle/gems/activesupport-4.2.6/lib/active_support/core_ext/numeric/conversions.rb:131:in `block (2 levels) in <class:Numeric>'
/usr/local/bundle/gems/activesupport-4.2.6/lib/active_support/core_ext/numeric/conversions.rb:131:in `block (2 levels) in <class:Numeric>'
/usr/local/bundle/gems/activesupport-4.2.6/lib/active_support/core_ext/numeric/conversions.rb:131:in `block (2 levels) in <class:Numeric>'
/usr/local/bundle/gems/activesupport-4.2.6/lib/active_support/core_ext/numeric/conversions.rb:131:in `block (2 levels) in <class:Numeric>'
/usr/local/bundle/gems/activesupport-4.2.6/lib/active_support/core_ext/numeric/conversions.rb:131:in `block (2 levels) in <class:Numeric>'
/usr/local/bundle/gems/activesupport-4.2.6/lib/active_support/core_ext/numeric/conversions.rb:131:in `block (2 levels) in <class:Numeric>'
/usr/local/bundle/gems/activesupport-4.2.6/lib/active_support/core_ext/numeric/conversions.rb:131:in `block (2 levels) in <class:Numeric>'
/usr/local/bundle/gems/activesupport-4.2.6/lib/active_support/core_ext/numeric/conversions.rb:131:in `block (2 levels) in <class:Numeric>'
/usr/local/bundle/gems/activesupport-4.2.6/lib/active_support/core_ext/numeric/conversions.rb:131:in `block (2 levels) in <class:Numeric>'
/usr/local/bundle/gems/activesupport-4.2.6/lib/active_support/core_ext/numeric/conversions.rb:131:in `block (2 levels) in <class:Numeric>'
/usr/local/bundle/gems/activesupport-4.2.6/lib/active_support/core_ext/numeric/conversions.rb:131:in `block (2 levels) in <class:Numeric>'
/usr/local/bundle/gems/activesupport-4.2.6/lib/active_support/core_ext/numeric/conversions.rb:131:in `block (2 levels) in <class:Numeric>'
/usr/local/bundle/gems/activesupport-4.2.6/lib/active_support/core_ext/numeric/conversions.rb:131:in `block (2 levels) in <class:Numeric>'
/usr/local/bundle/gems/activesupport-4.2.6/lib/active_support/core_ext/numeric/conversions.rb:131:in `block (2 levels) in <class:Numeric>'
/usr/local/bundle/gems/activesupport-4.2.6/lib/active_support/core_ext/numeric/conversions.rb:131:in `block (2 levels) in <class:Numeric>'
/usr/local/bundle/gems/activesupport-4.2.6/lib/active_support/core_ext/numeric/conversions.rb:131:in `block (2 levels) in <class:Numeric>'
/usr/local/bundle/gems/activesupport-4.2.6/lib/active_support/core_ext/numeric/conversions.rb:131:in `block (2 levels) in <class:Numeric>'
/usr/local/bundle/gems/activesupport-4.2.6/lib/active_support/core_ext/numeric/conversions.rb:131:in `block (2 levels) in <class:Numeric>'
/usr/local/bundle/gems/activesupport-4.2.6/lib/active_support/core_ext/numeric/conversions.rb:131:in `block (2 levels) in <class:Numeric>'
/usr/local/bundle/gems/activesupport-4.2.6/lib/active_support/core_ext/numeric/conversions.rb:131:in `block (2 levels) in <class:Numeric>'
/usr/local/bundle/gems/activesupport-4.2.6/lib/active_support/core_ext/numeric/conversions.rb:131:in `block (2 levels) in <class:Numeric>'
/usr/local/bundle/gems/activesupport-4.2.6/lib/active_support/core_ext/numeric/conversions.rb:131:in `block (2 levels) in <class:Numeric>'
/usr/local/bundle/gems/activesupport-4.2.6/lib/active_support/core_ext/numeric/conversions.rb:131:in `block (2 levels) in <class:Numeric>'
/usr/local/bundle/gems/activesupport-4.2.6/lib/active_support/core_ext/numeric/conversions.rb:131:in `block (2 levels) in <class:Numeric>'
/usr/local/bundle/gems/activesupport-4.2.6/lib/active_support/core_ext/numeric/conversions.rb:131:in `block (2 levels) in <class:Numeric>'
/usr/local/bundle/gems/activesupport-4.2.6/lib/active_support/core_ext/numeric/conversions.rb:131:in `block (2 levels) in <class:Numeric>'
/usr/local/bundle/gems/activesupport-4.2.6/lib/active_support/core_ext/numeric/conversions.rb:131:in `block (2 levels) in <class:Numeric>'
/usr/local/bundle/gems/activesupport-4.2.6/lib/active_support/core_ext/numeric/conversions.rb:131:in `block (2 levels) in <class:Numeric>'
/usr/local/bundle/gems/activesupport-4.2.6/lib/active_support/core_ext/numeric/conversions.rb:131:in `block (2 levels) in <class:Numeric>'
/usr/local/bundle/gems/activesupport-4.2.6/lib/active_support/core_ext/numeric/conversions.rb:131:in `block (2 levels) in <class:Numeric>'
/usr/local/bundle/gems/activesupport-4.2.6/lib/active_support/core_ext/numeric/conversions.rb:131:in `block (2 levels) in <class:Numeric>'
/usr/local/bundle/gems/activesupport-4.2.6/lib/active_support/core_ext/numeric/conversions.rb:131:in `block (2 levels) in <class:Numeric>'
/usr/local/bundle/gems/activesupport-4.2.6/lib/active_support/core_ext/numeric/conversions.rb:131:in `block (2 levels) in <class:Numeric>'
/usr/local/bundle/gems/activesupport-4.2.6/lib/active_support/core_ext/numeric/conversions.rb:131:in `block (2 levels) in <class:Numeric>'
/usr/local/bundle/gems/activesupport-4.2.6/lib/active_support/core_ext/numeric/conversions.rb:131:in `block (2 levels) in <class:Numeric>'
/usr/local/bundle/gems/activesupport-4.2.6/lib/active_support/core_ext/numeric/conversions.rb:131:in `block (2 levels) in <class:Numeric>'
/usr/local/bundle/gems/activesupport-4.2.6/lib/active_support/core_ext/numeric/conversions.rb:131:in `block (2 levels) in <class:Numeric>'
/usr/local/bundle/gems/activesupport-4.2.6/lib/active_support/core_ext/numeric/conversions.rb:131:in `block (2 levels) in <class:Numeric>'
/usr/local/bundle/gems/activesupport-4.2.6/lib/active_support/core_ext/numeric/conversions.rb:131:in `block (2 levels) in <class:Numeric>'
/usr/local/bundle/gems/activesupport-4.2.6/lib/active_support/core_ext/numeric/conversions.rb:131:in `block (2 levels) in <class:Numeric>'
/usr/local/bundle/gems/activesupport-4.2.6/lib/active_support/core_ext/numeric/conversions.rb:131:in `block (2 levels) in <class:Numeric>'
/usr/local/bundle/gems/activesupport-4.2.6/lib/active_support/core_ext/numeric/conversions.rb:131:in `block (2 levels) in <class:Numeric>'
/usr/local/bundle/gems/activesupport-4.2.6/lib/active_support/core_ext/numeric/conversions.rb:131:in `block (2 levels) in <class:Numeric>'
/usr/local/bundle/gems/activesupport-4.2.6/lib/active_support/core_ext/numeric/conversions.rb:131:in `block (2 levels) in <class:Numeric>'
/usr/local/bundle/gems/activesupport-4.2.6/lib/active_support/core_ext/numeric/conversions.rb:131:in `block (2 levels) in <class:Numeric>'
/usr/local/bundle/gems/activesupport-4.2.6/lib/active_support/core_ext/numeric/conversions.rb:131:in `block (2 levels) in <class:Numeric>'
/usr/local/bundle/gems/activesupport-4.2.6/lib/active_support/core_ext/numeric/conversions.rb:131:in `block (2 levels) in <class:Numeric>'
/usr/local/bundle/gems/activesupport-4.2.6/lib/active_support/core_ext/numeric/conversions.rb:131:in `block (2 levels) in <class:Numeric>'
/usr/local/bundle/gems/activesupport-4.2.6/lib/active_support/core_ext/numeric/conversions.rb:131:in `block (2 levels) in <class:Numeric>'
/usr/local/bundle/gems/activesupport-4.2.6/lib/active_support/core_ext/numeric/conversions.rb:131:in `block (2 levels) in <class:Numeric>'
/usr/local/bundle/gems/activesupport-4.2.6/lib/active_support/core_ext/numeric/conversions.rb:131:in `block (2 levels) in <class:Numeric>'
/usr/local/bundle/gems/activesupport-4.2.6/lib/active_support/core_ext/numeric/conversions.rb:131:in `block (2 levels) in <class:Numeric>'
/usr/local/bundle/gems/activesupport-4.2.6/lib/active_support/core_ext/numeric/conversions.rb:131:in `block (2 levels) in <class:Numeric>'
/usr/local/bundle/gems/activesupport-4.2.6/lib/active_support/core_ext/numeric/conversions.rb:131:in `block (2 levels) in <class:Numeric>'
/usr/local/bundle/gems/activesupport-4.2.6/lib/active_support/core_ext/numeric/conversions.rb:131:in `block (2 levels) in <class:Numeric>'
/usr/local/bundle/gems/activesupport-4.2.6/lib/active_support/core_ext/numeric/conversions.rb:131:in `block (2 levels) in <class:Numeric>'
/usr/local/bundle/gems/activesupport-4.2.6/lib/active_support/core_ext/numeric/conversions.rb:131:in `block (2 levels) in <class:Numeric>'
/usr/local/bundle/gems/activesupport-4.2.6/lib/active_support/core_ext/numeric/conversions.rb:131:in `block (2 levels) in <class:Numeric>'
/usr/local/bundle/gems/activesupport-4.2.6/lib/active_support/core_ext/numeric/conversions.rb:131:in `block (2 levels) in <class:Numeric>'
/usr/local/bundle/gems/activesupport-4.2.6/lib/active_support/core_ext/numeric/conversions.rb:131:in `block (2 levels) in <class:Numeric>'
/usr/local/bundle/gems/activesupport-4.2.6/lib/active_support/core_ext/numeric/conversions.rb:131:in `block (2 levels) in <class:Numeric>'
/usr/local/bundle/gems/activesupport-4.2.6/lib/active_support/core_ext/numeric/conversions.rb:131:in `block (2 levels) in <class:Numeric>'
/usr/local/bundle/gems/activesupport-4.2.6/lib/active_support/core_ext/numeric/conversions.rb:131:in `block (2 levels) in <class:Numeric>'
/usr/local/bundle/gems/activesupport-4.2.6/lib/active_support/core_ext/numeric/conversions.rb:131:in `block (2 levels) in <class:Numeric>'
/usr/local/bundle/gems/activesupport-4.2.6/lib/active_support/core_ext/numeric/conversions.rb:131:in `block (2 levels) in <class:Numeric>'
/usr/local/bundle/gems/activesupport-4.2.6/lib/active_support/core_ext/numeric/conversions.rb:131:in `block (2 levels) in <class:Numeric>'
/usr/local/bundle/gems/activesupport-4.2.6/lib/active_support/core_ext/numeric/conversions.rb:131:in `block (2 levels) in <class:Numeric>'
/usr/local/bundle/gems/activesupport-4.2.6/lib/active_support/core_ext/numeric/conversions.rb:131:in `block (2 levels) in <class:Numeric>'
/usr/local/bundle/gems/activesupport-4.2.6/lib/active_support/core_ext/numeric/conversions.rb:131:in `block (2 levels) in <class:Numeric>'
/usr/local/bundle/gems/activesupport-4.2.6/lib/active_support/core_ext/numeric/conversions.rb:131:in `block (2 levels) in <class:Numeric>'
/usr/local/bundle/gems/activesupport-4.2.6/lib/active_support/core_ext/numeric/conversions.rb:131:in `block (2 levels) in <class:Numeric>'
/usr/local/bundle/gems/activesupport-4.2.6/lib/active_support/core_ext/numeric/conversions.rb:131:in `block (2 levels) in <class:Numeric>'
/usr/local/bundle/gems/activesupport-4.2.6/lib/active_support/core_ext/numeric/conversions.rb:131:in `block (2 levels) in <class:Numeric>'
/usr/local/bundle/gems/activesupport-4.2.6/lib/active_support/core_ext/numeric/conversions.rb:131:in `block (2 levels) in <class:Numeric>'
/usr/local/bundle/gems/activesupport-4.2.6/lib/active_support/core_ext/numeric/conversions.rb:131:in `block (2 levels) in <class:Numeric>'
/usr/local/bundle/gems/activesupport-4.2.6/lib/active_support/core_ext/numeric/conversions.rb:131:in `block (2 levels) in <class:Numeric>'
/usr/local/bundle/gems/activesupport-4.2.6/lib/active_support/core_ext/numeric/conversions.rb:131:in `block (2 levels) in <class:Numeric>'
/usr/local/bundle/gems/activesupport-4.2.6/lib/active_support/core_ext/numeric/conversions.rb:131:in `block (2 levels) in <class:Numeric>'
/usr/local/bundle/gems/activesupport-4.2.6/lib/active_support/core_ext/numeric/conversions.rb:131:in `block (2 levels) in <class:Numeric>'
/usr/local/bundle/gems/activesupport-4.2.6/lib/active_support/core_ext/numeric/conversions.rb:131:in `block (2 levels) in <class:Numeric>'
/usr/local/bundle/gems/activesupport-4.2.6/lib/active_support/core_ext/numeric/conversions.rb:131:in `block (2 levels) in <class:Numeric>'
/usr/local/bundle/gems/activesupport-4.2.6/lib/active_support/core_ext/numeric/conversions.rb:131:in `block (2 levels) in <class:Numeric>'
/usr/local/bundle/gems/activesupport-4.2.6/lib/active_support/core_ext/numeric/conversions.rb:131:in `block (2 levels) in <class:Numeric>'
/usr/local/bundle/gems/activesupport-4.2.6/lib/active_support/core_ext/numeric/conversions.rb:131:in `block (2 levels) in <class:Numeric>'
/usr/local/bundle/gems/activesupport-4.2.6/lib/active_support/core_ext/numeric/conversions.rb:131:in `block (2 levels) in <class:Numeric>'
/usr/local/bundle/gems/activesupport-4.2.6/lib/active_support/core_ext/numeric/conversions.rb:131:in `block (2 levels) in <class:Numeric>'
/usr/local/bundle/gems/activesupport-4.2.6/lib/active_support/core_ext/numeric/conversions.rb:131:in `block (2 levels) in <class:Numeric>'
/usr/local/bundle/gems/activesupport-4.2.6/lib/active_support/core_ext/numeric/conversions.rb:131:in `block (2 levels) in <class:Numeric>'
/usr/local/bundle/gems/activesupport-4.2.6/lib/active_support/core_ext/numeric/conversions.rb:131:in `block (2 levels) in <class:Numeric>'
/usr/local/bundle/gems/activesupport-4.2.6/lib/active_support/core_ext/numeric/conversions.rb:131:in `block (2 levels) in <class:Numeric>'
/usr/local/bundle/gems/activesupport-4.2.6/lib/active_support/core_ext/numeric/conversions.rb:131:in `block (2 levels) in <class:Numeric>'
/usr/local/bundle/gems/activesupport-4.2.6/lib/active_support/core_ext/numeric/conversions.rb:131:in `block (2 levels) in <class:Numeric>'
/usr/local/bundle/gems/activesupport-4.2.6/lib/active_support/core_ext/numeric/conversions.rb:131:in `block (2 levels) in <class:Numeric>'
/usr/local/bundle/gems/activesupport-4.2.6/lib/active_support/core_ext/numeric/conversions.rb:131:in `block (2 levels) in <class:Numeric>'
/usr/local/bundle/gems/activesupport-4.2.6/lib/active_support/core_ext/numeric/conversions.rb:131:in `block (2 levels) in <class:Numeric>'
/usr/local/bundle/gems/activesupport-4.2.6/lib/active_support/core_ext/numeric/conversions.rb:131:in `block (2 levels) in <class:Numeric>'
/usr/local/bundle/gems/activesupport-4.2.6/lib/active_support/core_ext/numeric/conversions.rb:131:in `block (2 levels) in <class:Numeric>'
/usr/local/bundle/gems/activesupport-4.2.6/lib/active_support/core_ext/numeric/conversions.rb:131:in `block (2 levels) in <class:Numeric>'
/usr/local/bundle/gems/activesupport-4.2.6/lib/active_support/core_ext/numeric/conversions.rb:131:in `block (2 levels) in <class:Numeric>'
/usr/local/bundle/gems/activesupport-4.2.6/lib/active_support/core_ext/numeric/conversions.rb:131:in `block (2 levels) in <class:Numeric>'
/usr/local/bundle/gems/activesupport-4.2.6/lib/active_support/core_ext/numeric/conversions.rb:131:in `block (2 levels) in <class:Numeric>'
/usr/local/bundle/gems/activesupport-4.2.6/lib/active_support/core_ext/numeric/conversions.rb:131:in `block (2 levels) in <class:Numeric>'
/usr/local/bundle/gems/activesupport-4.2.6/lib/active_support/core_ext/numeric/conversions.rb:131:in `block (2 levels) in <class:Numeric>'
/usr/local/bundle/gems/activesupport-4.2.6/lib/active_support/core_ext/numeric/conversions.rb:131:in `block (2 levels) in <class:Numeric>'
/usr/local/bundle/gems/activesupport-4.2.6/lib/active_support/core_ext/numeric/conversions.rb:131:in `block (2 levels) in <class:Numeric>'
/usr/local/bundle/gems/activesupport-4.2.6/lib/active_support/core_ext/numeric/conversions.rb:131:in `block (2 levels) in <class:Numeric>'
/usr/local/bundle/gems/activesupport-4.2.6/lib/active_support/core_ext/numeric/conversions.rb:131:in `block (2 levels) in <class:Numeric>'
/usr/local/bundle/gems/activesupport-4.2.6/lib/active_support/core_ext/numeric/conversions.rb:131:in `block (2 levels) in <class:Numeric>'
/usr/local/bundle/gems/activesupport-4.2.6/lib/active_support/core_ext/numeric/conversions.rb:131:in `block (2 levels) in <class:Numeric>'
/usr/local/bundle/gems/activesupport-4.2.6/lib/active_support/core_ext/numeric/conversions.rb:131:in `block (2 levels) in <class:Numeric>'
/usr/local/bundle/gems/activesupport-4.2.6/lib/active_support/core_ext/numeric/conversions.rb:131:in `block (2 levels) in <class:Numeric>'
/usr/local/bundle/gems/activesupport-4.2.6/lib/active_support/core_ext/numeric/conversions.rb:131:in `block (2 levels) in <class:Numeric>'
/usr/local/bundle/gems/activesupport-4.2.6/lib/active_support/core_ext/numeric/conversions.rb:131:in `block (2 levels) in <class:Numeric>'
/usr/local/bundle/gems/activesupport-4.2.6/lib/active_support/core_ext/numeric/conversions.rb:131:in `block (2 levels) in <class:Numeric>'
/usr/local/bundle/gems/activesupport-4.2.6/lib/active_support/core_ext/numeric/conversions.rb:131:in `block (2 levels) in <class:Numeric>'
/usr/local/bundle/gems/activesupport-4.2.6/lib/active_support/core_ext/numeric/conversions.rb:131:in `block (2 levels) in <class:Numeric>'
/usr/local/bundle/gems/activesupport-4.2.6/lib/active_support/core_ext/numeric/conversions.rb:131:in `block (2 levels) in <class:Numeric>'
/usr/local/bundle/gems/activesupport-4.2.6/lib/active_support/core_ext/numeric/conversions.rb:131:in `block (2 levels) in <class:Numeric>'
/usr/local/bundle/gems/activesupport-4.2.6/lib/active_support/core_ext/numeric/conversions.rb:131:in `block (2 levels) in <class:Numeric>'
/usr/local/bundle/gems/activesupport-4.2.6/lib/active_support/core_ext/numeric/conversions.rb:131:in `block (2 levels) in <class:Numeric>'
/usr/local/bundle/gems/activesupport-4.2.6/lib/active_support/core_ext/numeric/conversions.rb:131:in `block (2 levels) in <class:Numeric>'
/usr/local/bundle/gems/activesupport-4.2.6/lib/active_support/core_ext/numeric/conversions.rb:131:in `block (2 levels) in <class:Numeric>'
/usr/local/bundle/gems/activesupport-4.2.6/lib/active_support/core_ext/numeric/conversions.rb:131:in `block (2 levels) in <class:Numeric>'
/usr/local/bundle/gems/activesupport-4.2.6/lib/active_support/core_ext/numeric/conversions.rb:131:in `block (2 levels) in <class:Numeric>'
/usr/local/bundle/gems/activesupport-4.2.6/lib/active_support/core_ext/numeric/conversions.rb:131:in `block (2 levels) in <class:Numeric>'
/usr/local/bundle/gems/activesupport-4.2.6/lib/active_support/core_ext/numeric/conversions.rb:131:in `block (2 levels) in <class:Numeric>'
/usr/local/bundle/gems/activesupport-4.2.6/lib/active_support/core_ext/numeric/conversions.rb:131:in `block (2 levels) in <class:Numeric>'
/usr/local/bundle/gems/activesupport-4.2.6/lib/active_support/core_ext/numeric/conversions.rb:131:in `block (2 levels) in <class:Numeric>'
/usr/local/bundle/gems/activesupport-4.2.6/lib/active_support/core_ext/numeric/conversions.rb:131:in `block (2 levels) in <class:Numeric>'
/usr/local/bundle/gems/activesupport-4.2.6/lib/active_support/core_ext/numeric/conversions.rb:131:in `block (2 levels) in <class:Numeric>'
/usr/local/bundle/gems/activesupport-4.2.6/lib/active_support/core_ext/numeric/conversions.rb:131:in `block (2 levels) in <class:Numeric>'
/usr/local/bundle/gems/activesupport-4.2.6/lib/active_support/core_ext/numeric/conversions.rb:131:in `block (2 levels) in <class:Numeric>'
/usr/local/bundle/gems/activesupport-4.2.6/lib/active_support/core_ext/numeric/conversions.rb:131:in `block (2 levels) in <class:Numeric>'
/usr/local/bundle/gems/activesupport-4.2.6/lib/active_support/core_ext/numeric/conversions.rb:131:in `block (2 levels) in <class:Numeric>'
/usr/local/bundle/gems/activesupport-4.2.6/lib/active_support/core_ext/numeric/conversions.rb:131:in `block (2 levels) in <class:Numeric>'
/usr/local/bundle/gems/activesupport-4.2.6/lib/active_support/core_ext/numeric/conversions.rb:131:in `block (2 levels) in <class:Numeric>'
/usr/local/bundle/gems/activesupport-4.2.6/lib/active_support/core_ext/numeric/conversions.rb:131:in `block (2 levels) in <class:Numeric>'
/usr/local/bundle/gems/activesupport-4.2.6/lib/active_support/core_ext/numeric/conversions.rb:131:in `block (2 levels) in <class:Numeric>'
/usr/local/bundle/gems/activesupport-4.2.6/lib/active_support/core_ext/numeric/conversions.rb:131:in `block (2 levels) in <class:Numeric>'
/usr/local/bundle/gems/activesupport-4.2.6/lib/active_support/core_ext/numeric/conversions.rb:131:in `block (2 levels) in <class:Numeric>'
/usr/local/bundle/gems/activesupport-4.2.6/lib/active_support/core_ext/numeric/conversions.rb:131:in `block (2 levels) in <class:Numeric>'
/usr/local/bundle/gems/activesupport-4.2.6/lib/active_support/core_ext/numeric/conversions.rb:131:in `block (2 levels) in <class:Numeric>'
/usr/local/bundle/gems/activesupport-4.2.6/lib/active_support/core_ext/numeric/conversions.rb:131:in `block (2 levels) in <class:Numeric>'
/usr/local/bundle/gems/activesupport-4.2.6/lib/active_support/core_ext/numeric/conversions.rb:131:in `block (2 levels) in <class:Numeric>'
/usr/local/bundle/gems/activesupport-4.2.6/lib/active_support/core_ext/numeric/conversions.rb:131:in `block (2 levels) in <class:Numeric>'
/usr/local/bundle/gems/activesupport-4.2.6/lib/active_support/core_ext/numeric/conversions.rb:131:in `block (2 levels) in <class:Numeric>'
/usr/local/bundle/gems/activesupport-4.2.6/lib/active_support/core_ext/numeric/conversions.rb:131:in `block (2 levels) in <class:Numeric>'
/usr/local/bundle/gems/activesupport-4.2.6/lib/active_support/core_ext/numeric/conversions.rb:131:in `block (2 levels) in <class:Numeric>'
/usr/local/bundle/gems/activesupport-4.2.6/lib/active_support/core_ext/numeric/conversions.rb:131:in `block (2 levels) in <class:Numeric>'
/usr/local/bundle/gems/activesupport-4.2.6/lib/active_support/core_ext/numeric/conversions.rb:131:in `block (2 levels) in <class:Numeric>'
/usr/local/bundle/gems/activesupport-4.2.6/lib/active_support/core_ext/numeric/conversions.rb:131:in `block (2 levels) in <class:Numeric>'
/usr/local/bundle/gems/activesupport-4.2.6/lib/active_support/core_ext/numeric/conversions.rb:131:in `block (2 levels) in <class:Numeric>'
/usr/local/bundle/gems/activesupport-4.2.6/lib/active_support/core_ext/numeric/conversions.rb:131:in `block (2 levels) in <class:Numeric>'
/usr/local/bundle/gems/activesupport-4.2.6/lib/active_support/core_ext/numeric/conversions.rb:131:in `block (2 levels) in <class:Numeric>'
/usr/local/bundle/gems/activesupport-4.2.6/lib/active_support/core_ext/numeric/conversions.rb:131:in `block (2 levels) in <class:Numeric>'
/usr/local/bundle/gems/activesupport-4.2.6/lib/active_support/core_ext/numeric/conversions.rb:131:in `block (2 levels) in <class:Numeric>'
/usr/local/bundle/gems/activesupport-4.2.6/lib/active_support/core_ext/numeric/conversions.rb:131:in `block (2 levels) in <class:Numeric>'
/usr/local/bundle/gems/activesupport-4.2.6/lib/active_support/core_ext/numeric/conversions.rb:131:in `block (2 levels) in <class:Numeric>'
/usr/local/bundle/gems/activesupport-4.2.6/lib/active_support/core_ext/numeric/conversions.rb:131:in `block (2 levels) in <class:Numeric>'
/usr/local/bundle/gems/activesupport-4.2.6/lib/active_support/core_ext/numeric/conversions.rb:131:in `block (2 levels) in <class:Numeric>'
/usr/local/bundle/gems/activesupport-4.2.6/lib/active_support/core_ext/numeric/conversions.rb:131:in `block (2 levels) in <class:Numeric>'
/usr/local/bundle/gems/activesupport-4.2.6/lib/active_support/core_ext/numeric/conversions.rb:131:in `block (2 levels) in <class:Numeric>'
/usr/local/bundle/gems/activesupport-4.2.6/lib/active_support/core_ext/numeric/conversions.rb:131:in `block (2 levels) in <class:Numeric>'
/usr/local/bundle/gems/activesupport-4.2.6/lib/active_support/core_ext/numeric/conversions.rb:131:in `block (2 levels) in <class:Numeric>'
/usr/local/bundle/gems/activesupport-4.2.6/lib/active_support/core_ext/numeric/conversions.rb:131:in `block (2 levels) in <class:Numeric>'
/usr/local/bundle/gems/activesupport-4.2.6/lib/active_support/core_ext/numeric/conversions.rb:131:in `block (2 levels) in <class:Numeric>'
/usr/local/bundle/gems/activesupport-4.2.6/lib/active_support/core_ext/numeric/conversions.rb:131:in `block (2 levels) in <class:Numeric>'
/usr/local/bundle/gems/activesupport-4.2.6/lib/active_support/core_ext/numeric/conversions.rb:131:in `block (2 levels) in <class:Numeric>'
/usr/local/bundle/gems/activesupport-4.2.6/lib/active_support/core_ext/numeric/conversions.rb:131:in `block (2 levels) in <class:Numeric>'
/usr/local/bundle/gems/activesupport-4.2.6/lib/active_support/core_ext/numeric/conversions.rb:131:in `block (2 levels) in <class:Numeric>'
/usr/local/bundle/gems/activesupport-4.2.6/lib/active_support/core_ext/numeric/conversions.rb:131:in `block (2 levels) in <class:Numeric>'
/usr/local/bundle/gems/activesupport-4.2.6/lib/active_support/core_ext/numeric/conversions.rb:131:in `block (2 levels) in <class:Numeric>'
/usr/local/bundle/gems/activesupport-4.2.6/lib/active_support/core_ext/numeric/conversions.rb:131:in `block (2 levels) in <class:Numeric>'
/usr/local/bundle/gems/activesupport-4.2.6/lib/active_support/core_ext/numeric/conversions.rb:131:in `block (2 levels) in <class:Numeric>'
/usr/local/bundle/gems/activesupport-4.2.6/lib/active_support/core_ext/numeric/conversions.rb:131:in `block (2 levels) in <class:Numeric>'
/usr/local/bundle/gems/activesupport-4.2.6/lib/active_support/core_ext/numeric/conversions.rb:131:in `block (2 levels) in <class:Numeric>'
/usr/local/bundle/gems/activesupport-4.2.6/lib/active_support/core_ext/numeric/conversions.rb:131:in `block (2 levels) in <class:Numeric>'
/usr/local/bundle/gems/activesupport-4.2.6/lib/active_support/core_ext/numeric/conversions.rb:131:in `block (2 levels) in <class:Numeric>'
/usr/local/bundle/gems/activesupport-4.2.6/lib/active_support/core_ext/numeric/conversions.rb:131:in `block (2 levels) in <class:Numeric>'
/usr/local/bundle/gems/activesupport-4.2.6/lib/active_support/core_ext/numeric/conversions.rb:131:in `block (2 levels) in <class:Numeric>'
/usr/local/bundle/gems/activesupport-4.2.6/lib/active_support/core_ext/numeric/conversions.rb:131:in `block (2 levels) in <class:Numeric>'
/usr/local/bundle/gems/activesupport-4.2.6/lib/active_support/core_ext/numeric/conversions.rb:131:in `block (2 levels) in <class:Numeric>'
/usr/local/bundle/gems/activesupport-4.2.6/lib/active_support/core_ext/numeric/conversions.rb:131:in `block (2 levels) in <class:Numeric>'
/usr/local/bundle/gems/activesupport-4.2.6/lib/active_support/core_ext/numeric/conversions.rb:131:in `block (2 levels) in <class:Numeric>'
/usr/local/bundle/gems/activesupport-4.2.6/lib/active_support/core_ext/numeric/conversions.rb:131:in `block (2 levels) in <class:Numeric>'
/usr/local/bundle/gems/activesupport-4.2.6/lib/active_support/core_ext/numeric/conversions.rb:131:in `block (2 levels) in <class:Numeric>'
/usr/local/bundle/gems/activesupport-4.2.6/lib/active_support/core_ext/numeric/conversions.rb:131:in `block (2 levels) in <class:Numeric>'
/usr/local/bundle/gems/activesupport-4.2.6/lib/active_support/core_ext/numeric/conversions.rb:131:in `block (2 levels) in <class:Numeric>'
/usr/local/bundle/gems/activesupport-4.2.6/lib/active_support/core_ext/numeric/conversions.rb:131:in `block (2 levels) in <class:Numeric>'
/usr/local/bundle/gems/activesupport-4.2.6/lib/active_support/core_ext/numeric/conversions.rb:131:in `block (2 levels) in <class:Numeric>'
/usr/local/bundle/gems/activesupport-4.2.6/lib/active_support/core_ext/numeric/conversions.rb:131:in `block (2 levels) in <class:Numeric>'
/usr/local/bundle/gems/activesupport-4.2.6/lib/active_support/core_ext/numeric/conversions.rb:131:in `block (2 levels) in <class:Numeric>'
/usr/local/bundle/gems/activesupport-4.2.6/lib/active_support/core_ext/numeric/conversions.rb:131:in `block (2 levels) in <class:Numeric>'
/usr/local/bundle/gems/activesupport-4.2.6/lib/active_support/core_ext/numeric/conversions.rb:131:in `block (2 levels) in <class:Numeric>'
/usr/local/bundle/gems/activesupport-4.2.6/lib/active_support/core_ext/numeric/conversions.rb:131:in `block (2 levels) in <class:Numeric>'
/usr/local/bundle/gems/activesupport-4.2.6/lib/active_support/core_ext/numeric/conversions.rb:131:in `block (2 levels) in <class:Numeric>'
/usr/local/bundle/gems/activesupport-4.2.6/lib/active_support/core_ext/numeric/conversions.rb:131:in `block (2 levels) in <class:Numeric>'
/usr/local/bundle/gems/activesupport-4.2.6/lib/active_support/core_ext/numeric/conversions.rb:131:in `block (2 levels) in <class:Numeric>'
/usr/local/bundle/gems/activesupport-4.2.6/lib/active_support/core_ext/numeric/conversions.rb:131:in `block (2 levels) in <class:Numeric>'
/usr/local/bundle/gems/activesupport-4.2.6/lib/active_support/core_ext/numeric/conversions.rb:131:in `block (2 levels) in <class:Numeric>'
/usr/local/bundle/gems/activesupport-4.2.6/lib/active_support/core_ext/numeric/conversions.rb:131:in `block (2 levels) in <class:Numeric>'
/usr/local/bundle/gems/activesupport-4.2.6/lib/active_support/core_ext/numeric/conversions.rb:131:in `block (2 levels) in <class:Numeric>'
/usr/local/bundle/gems/activesupport-4.2.6/lib/active_support/core_ext/numeric/conversions.rb:131:in `block (2 levels) in <class:Numeric>'
/usr/local/bundle/gems/activesupport-4.2.6/lib/active_support/core_ext/numeric/conversions.rb:131:in `block (2 levels) in <class:Numeric>'
/usr/local/bundle/gems/activesupport-4.2.6/lib/active_support/core_ext/numeric/conversions.rb:131:in `block (2 levels) in <class:Numeric>'
/usr/local/bundle/gems/activesupport-4.2.6/lib/active_support/core_ext/numeric/conversions.rb:131:in `block (2 levels) in <class:Numeric>'
/usr/local/bundle/gems/activesupport-4.2.6/lib/active_support/core_ext/numeric/conversions.rb:131:in `block (2 levels) in <class:Numeric>'
/usr/local/bundle/gems/activesupport-4.2.6/lib/active_support/core_ext/numeric/conversions.rb:131:in `block (2 levels) in <class:Numeric>'
/usr/local/bundle/gems/activesupport-4.2.6/lib/active_support/core_ext/numeric/conversions.rb:131:in `block (2 levels) in <class:Numeric>'
/usr/local/bundle/gems/activesupport-4.2.6/lib/active_support/core_ext/numeric/conversions.rb:131:in `block (2 levels) in <class:Numeric>'
/usr/local/bundle/gems/activesupport-4.2.6/lib/active_support/core_ext/numeric/conversions.rb:131:in `block (2 levels) in <class:Numeric>'
/usr/local/bundle/gems/activesupport-4.2.6/lib/active_support/core_ext/numeric/conversions.rb:131:in `block (2 levels) in <class:Numeric>'
/usr/local/bundle/gems/activesupport-4.2.6/lib/active_support/core_ext/numeric/conversions.rb:131:in `block (2 levels) in <class:Numeric>'
/usr/local/bundle/gems/activesupport-4.2.6/lib/active_support/core_ext/numeric/conversions.rb:131:in `block (2 levels) in <class:Numeric>'
/usr/local/bundle/gems/activesupport-4.2.6/lib/active_support/core_ext/numeric/conversions.rb:131:in `block (2 levels) in <class:Numeric>'
/usr/local/bundle/gems/activesupport-4.2.6/lib/active_support/core_ext/numeric/conversions.rb:131:in `block (2 levels) in <class:Numeric>'
/usr/local/bundle/gems/activesupport-4.2.6/lib/active_support/core_ext/numeric/conversions.rb:131:in `block (2 levels) in <class:Numeric>'
/usr/local/bundle/gems/activesupport-4.2.6/lib/active_support/core_ext/numeric/conversions.rb:131:in `block (2 levels) in <class:Numeric>'
/usr/local/bundle/gems/activesupport-4.2.6/lib/active_support/core_ext/numeric/conversions.rb:131:in `block (2 levels) in <class:Numeric>'
/usr/local/bundle/gems/activesupport-4.2.6/lib/active_support/core_ext/numeric/conversions.rb:131:in `block (2 levels) in <class:Numeric>'
/usr/local/bundle/gems/activesupport-4.2.6/lib/active_support/core_ext/numeric/conversions.rb:131:in `block (2 levels) in <class:Numeric>'
/usr/local/bundle/gems/activesupport-4.2.6/lib/active_support/core_ext/numeric/conversions.rb:131:in `block (2 levels) in <class:Numeric>'
/usr/local/bundle/gems/activesupport-4.2.6/lib/active_support/core_ext/numeric/conversions.rb:131:in `block (2 levels) in <class:Numeric>'
/usr/local/bundle/gems/activesupport-4.2.6/lib/active_support/core_ext/numeric/conversions.rb:131:in `block (2 levels) in <class:Numeric>'
/usr/local/bundle/gems/activesupport-4.2.6/lib/active_support/core_ext/numeric/conversions.rb:131:in `block (2 levels) in <class:Numeric>'
/usr/local/bundle/gems/activesupport-4.2.6/lib/active_support/core_ext/numeric/conversions.rb:131:in `block (2 levels) in <class:Numeric>'
/usr/local/bundle/gems/activesupport-4.2.6/lib/active_support/core_ext/numeric/conversions.rb:131:in `block (2 levels) in <class:Numeric>'
/usr/local/bundle/gems/activesupport-4.2.6/lib/active_support/core_ext/numeric/conversions.rb:131:in `block (2 levels) in <class:Numeric>'
/usr/local/bundle/gems/activesupport-4.2.6/lib/active_support/core_ext/numeric/conversions.rb:131:in `block (2 levels) in <class:Numeric>'
/usr/local/bundle/gems/activesupport-4.2.6/lib/active_support/core_ext/numeric/conversions.rb:131:in `block (2 levels) in <class:Numeric>'
/usr/local/bundle/gems/activesupport-4.2.6/lib/active_support/core_ext/numeric/conversions.rb:131:in `block (2 levels) in <class:Numeric>'
/usr/local/bundle/gems/activesupport-4.2.6/lib/active_support/core_ext/numeric/conversions.rb:131:in `block (2 levels) in <class:Numeric>'
/usr/local/bundle/gems/activesupport-4.2.6/lib/active_support/core_ext/numeric/conversions.rb:131:in `block (2 levels) in <class:Numeric>'
/usr/local/bundle/gems/activesupport-4.2.6/lib/active_support/core_ext/numeric/conversions.rb:131:in `block (2 levels) in <class:Numeric>'
/usr/local/bundle/gems/activesupport-4.2.6/lib/active_support/core_ext/numeric/conversions.rb:131:in `block (2 levels) in <class:Numeric>'
/usr/local/bundle/gems/activesupport-4.2.6/lib/active_support/core_ext/numeric/conversions.rb:131:in `block (2 levels) in <class:Numeric>'
/usr/local/bundle/gems/activesupport-4.2.6/lib/active_support/core_ext/numeric/conversions.rb:131:in `block (2 levels) in <class:Numeric>'
/usr/local/bundle/gems/activesupport-4.2.6/lib/active_support/core_ext/numeric/conversions.rb:131:in `block (2 levels) in <class:Numeric>'
/usr/local/bundle/gems/activesupport-4.2.6/lib/active_support/core_ext/numeric/conversions.rb:131:in `block (2 levels) in <class:Numeric>'
/usr/local/bundle/gems/activesupport-4.2.6/lib/active_support/core_ext/numeric/conversions.rb:131:in `block (2 levels) in <class:Numeric>'
/usr/local/bundle/gems/activesupport-4.2.6/lib/active_support/core_ext/numeric/conversions.rb:131:in `block (2 levels) in <class:Numeric>'
/usr/local/bundle/gems/activesupport-4.2.6/lib/active_support/core_ext/numeric/conversions.rb:131:in `block (2 levels) in <class:Numeric>'
/usr/local/bundle/gems/activesupport-4.2.6/lib/active_support/core_ext/numeric/conversions.rb:131:in `block (2 levels) in <class:Numeric>'
/usr/local/bundle/gems/activesupport-4.2.6/lib/active_support/core_ext/numeric/conversions.rb:131:in `block (2 levels) in <class:Numeric>'
/usr/local/bundle/gems/activesupport-4.2.6/lib/active_support/core_ext/numeric/conversions.rb:131:in `block (2 levels) in <class:Numeric>'
/usr/local/bundle/gems/activesupport-4.2.6/lib/active_support/core_ext/numeric/conversions.rb:131:in `block (2 levels) in <class:Numeric>'
/usr/local/bundle/gems/activesupport-4.2.6/lib/active_support/core_ext/numeric/conversions.rb:131:in `block (2 levels) in <class:Numeric>'
/usr/local/bundle/gems/activesupport-4.2.6/lib/active_support/core_ext/numeric/conversions.rb:131:in `block (2 levels) in <class:Numeric>'
/usr/local/bundle/gems/activesupport-4.2.6/lib/active_support/core_ext/numeric/conversions.rb:131:in `block (2 levels) in <class:Numeric>'
/usr/local/bundle/gems/activesupport-4.2.6/lib/active_support/core_ext/numeric/conversions.rb:131:in `block (2 levels) in <class:Numeric>'
/usr/local/bundle/gems/activesupport-4.2.6/lib/active_support/core_ext/numeric/conversions.rb:131:in `block (2 levels) in <class:Numeric>'
/usr/local/bundle/gems/activesupport-4.2.6/lib/active_support/core_ext/numeric/conversions.rb:131:in `block (2 levels) in <class:Numeric>'
/usr/local/bundle/gems/activesupport-4.2.6/lib/active_support/core_ext/numeric/conversions.rb:131:in `block (2 levels) in <class:Numeric>'
/usr/local/bundle/gems/activesupport-4.2.6/lib/active_support/core_ext/numeric/conversions.rb:131:in `block (2 levels) in <class:Numeric>'
/usr/local/bundle/gems/activesupport-4.2.6/lib/active_support/core_ext/numeric/conversions.rb:131:in `block (2 levels) in <class:Numeric>'
/usr/local/bundle/gems/activesupport-4.2.6/lib/active_support/core_ext/numeric/conversions.rb:131:in `block (2 levels) in <class:Numeric>'
/usr/local/bundle/gems/activesupport-4.2.6/lib/active_support/core_ext/numeric/conversions.rb:131:in `block (2 levels) in <class:Numeric>'
/usr/local/bundle/gems/activesupport-4.2.6/lib/active_support/core_ext/numeric/conversions.rb:131:in `block (2 levels) in <class:Numeric>'
/usr/local/bundle/gems/activesupport-4.2.6/lib/active_support/core_ext/numeric/conversions.rb:131:in `block (2 levels) in <class:Numeric>'
/usr/local/bundle/gems/activesupport-4.2.6/lib/active_support/core_ext/numeric/conversions.rb:131:in `block (2 levels) in <class:Numeric>'
/usr/local/bundle/gems/activesupport-4.2.6/lib/active_support/core_ext/numeric/conversions.rb:131:in `block (2 levels) in <class:Numeric>'
/usr/local/bundle/gems/activesupport-4.2.6/lib/active_support/core_ext/numeric/conversions.rb:131:in `block (2 levels) in <class:Numeric>'
/usr/local/bundle/gems/activesupport-4.2.6/lib/active_support/core_ext/numeric/conversions.rb:131:in `block (2 levels) in <class:Numeric>'
/usr/local/bundle/gems/activesupport-4.2.6/lib/active_support/core_ext/numeric/conversions.rb:131:in `block (2 levels) in <class:Numeric>'
/usr/local/bundle/gems/activesupport-4.2.6/lib/active_support/core_ext/numeric/conversions.rb:131:in `block (2 levels) in <class:Numeric>'
/usr/local/bundle/gems/activesupport-4.2.6/lib/active_support/core_ext/numeric/conversions.rb:131:in `block (2 levels) in <class:Numeric>'
/usr/local/bundle/gems/activesupport-4.2.6/lib/active_support/core_ext/numeric/conversions.rb:131:in `block (2 levels) in <class:Numeric>'
/usr/local/bundle/gems/activesupport-4.2.6/lib/active_support/core_ext/numeric/conversions.rb:131:in `block (2 levels) in <class:Numeric>'
/usr/local/bundle/gems/activesupport-4.2.6/lib/active_support/core_ext/numeric/conversions.rb:131:in `block (2 levels) in <class:Numeric>'
/usr/local/bundle/gems/activesupport-4.2.6/lib/active_support/core_ext/numeric/conversions.rb:131:in `block (2 levels) in <class:Numeric>'
/usr/local/bundle/gems/activesupport-4.2.6/lib/active_support/core_ext/numeric/conversions.rb:131:in `block (2 levels) in <class:Numeric>'
/usr/local/bundle/gems/activesupport-4.2.6/lib/active_support/core_ext/numeric/conversions.rb:131:in `block (2 levels) in <class:Numeric>'
/usr/local/bundle/gems/activesupport-4.2.6/lib/active_support/core_ext/numeric/conversions.rb:131:in `block (2 levels) in <class:Numeric>'
/usr/local/bundle/gems/activesupport-4.2.6/lib/active_support/core_ext/numeric/conversions.rb:131:in `block (2 levels) in <class:Numeric>'
/usr/local/bundle/gems/activesupport-4.2.6/lib/active_support/core_ext/numeric/conversions.rb:131:in `block (2 levels) in <class:Numeric>'
/usr/local/bundle/gems/activesupport-4.2.6/lib/active_support/core_ext/numeric/conversions.rb:131:in `block (2 levels) in <class:Numeric>'
/usr/local/bundle/gems/activesupport-4.2.6/lib/active_support/core_ext/numeric/conversions.rb:131:in `block (2 levels) in <class:Numeric>'
/usr/local/bundle/gems/activesupport-4.2.6/lib/active_support/core_ext/numeric/conversions.rb:131:in `block (2 levels) in <class:Numeric>'
/usr/local/bundle/gems/activesupport-4.2.6/lib/active_support/core_ext/numeric/conversions.rb:131:in `block (2 levels) in <class:Numeric>'
/usr/local/bundle/gems/activesupport-4.2.6/lib/active_support/core_ext/numeric/conversions.rb:131:in `block (2 levels) in <class:Numeric>'
/usr/local/bundle/gems/activesupport-4.2.6/lib/active_support/core_ext/numeric/conversions.rb:131:in `block (2 levels) in <class:Numeric>'
/usr/local/bundle/gems/activesupport-4.2.6/lib/active_support/core_ext/numeric/conversions.rb:131:in `block (2 levels) in <class:Numeric>'
/usr/local/bundle/gems/activesupport-4.2.6/lib/active_support/core_ext/numeric/conversions.rb:131:in `block (2 levels) in <class:Numeric>'
/usr/local/bundle/gems/activesupport-4.2.6/lib/active_support/core_ext/numeric/conversions.rb:131:in `block (2 levels) in <class:Numeric>'
/usr/local/bundle/gems/activesupport-4.2.6/lib/active_support/core_ext/numeric/conversions.rb:131:in `block (2 levels) in <class:Numeric>'
/usr/local/bundle/gems/activesupport-4.2.6/lib/active_support/core_ext/numeric/conversions.rb:131:in `block (2 levels) in <class:Numeric>'
/usr/local/bundle/gems/activesupport-4.2.6/lib/active_support/core_ext/numeric/conversions.rb:131:in `block (2 levels) in <class:Numeric>'
/usr/local/bundle/gems/activesupport-4.2.6/lib/active_support/core_ext/numeric/conversions.rb:131:in `block (2 levels) in <class:Numeric>'
/usr/local/bundle/gems/activesupport-4.2.6/lib/active_support/core_ext/numeric/conversions.rb:131:in `block (2 levels) in <class:Numeric>'
/usr/local/bundle/gems/activesupport-4.2.6/lib/active_support/core_ext/numeric/conversions.rb:131:in `block (2 levels) in <class:Numeric>'
/usr/local/bundle/gems/activesupport-4.2.6/lib/active_support/core_ext/numeric/conversions.rb:131:in `block (2 levels) in <class:Numeric>'
/usr/local/bundle/gems/activesupport-4.2.6/lib/active_support/core_ext/numeric/conversions.rb:131:in `block (2 levels) in <class:Numeric>'
/usr/local/bundle/gems/activesupport-4.2.6/lib/active_support/core_ext/numeric/conversions.rb:131:in `block (2 levels) in <class:Numeric>'
/usr/local/bundle/gems/activesupport-4.2.6/lib/active_support/core_ext/numeric/conversions.rb:131:in `block (2 levels) in <class:Numeric>'
/usr/local/bundle/gems/activesupport-4.2.6/lib/active_support/core_ext/numeric/conversions.rb:131:in `block (2 levels) in <class:Numeric>'
/usr/local/bundle/gems/activesupport-4.2.6/lib/active_support/core_ext/numeric/conversions.rb:131:in `block (2 levels) in <class:Numeric>'
/usr/local/bundle/gems/activesupport-4.2.6/lib/active_support/core_ext/numeric/conversions.rb:131:in `block (2 levels) in <class:Numeric>'
/usr/local/bundle/gems/activesupport-4.2.6/lib/active_support/core_ext/numeric/conversions.rb:131:in `block (2 levels) in <class:Numeric>'
/usr/local/bundle/gems/activesupport-4.2.6/lib/active_support/core_ext/numeric/conversions.rb:131:in `block (2 levels) in <class:Numeric>'
/usr/local/bundle/gems/activesupport-4.2.6/lib/active_support/core_ext/numeric/conversions.rb:131:in `block (2 levels) in <class:Numeric>'
/usr/local/bundle/gems/activesupport-4.2.6/lib/active_support/core_ext/numeric/conversions.rb:131:in `block (2 levels) in <class:Numeric>'
/usr/local/bundle/gems/activesupport-4.2.6/lib/active_support/core_ext/numeric/conversions.rb:131:in `block (2 levels) in <class:Numeric>'
/usr/local/bundle/gems/activesupport-4.2.6/lib/active_support/core_ext/numeric/conversions.rb:131:in `block (2 levels) in <class:Numeric>'
/usr/local/bundle/gems/activesupport-4.2.6/lib/active_support/core_ext/numeric/conversions.rb:131:in `block (2 levels) in <class:Numeric>'
/usr/local/bundle/gems/activesupport-4.2.6/lib/active_support/core_ext/numeric/conversions.rb:131:in `block (2 levels) in <class:Numeric>'
/usr/local/bundle/gems/activesupport-4.2.6/lib/active_support/core_ext/numeric/conversions.rb:131:in `block (2 levels) in <class:Numeric>'
/usr/local/bundle/gems/activesupport-4.2.6/lib/active_support/core_ext/numeric/conversions.rb:131:in `block (2 levels) in <class:Numeric>'
/usr/local/bundle/gems/activesupport-4.2.6/lib/active_support/core_ext/numeric/conversions.rb:131:in `block (2 levels) in <class:Numeric>'
/usr/local/bundle/gems/activesupport-4.2.6/lib/active_support/core_ext/numeric/conversions.rb:131:in `block (2 levels) in <class:Numeric>'
/usr/local/bundle/gems/activesupport-4.2.6/lib/active_support/core_ext/numeric/conversions.rb:131:in `block (2 levels) in <class:Numeric>'
/usr/local/bundle/gems/activesupport-4.2.6/lib/active_support/core_ext/numeric/conversions.rb:131:in `block (2 levels) in <class:Numeric>'
/usr/local/bundle/gems/activesupport-4.2.6/lib/active_support/core_ext/numeric/conversions.rb:131:in `block (2 levels) in <class:Numeric>'
/usr/local/bundle/gems/activesupport-4.2.6/lib/active_support/core_ext/numeric/conversions.rb:131:in `block (2 levels) in <class:Numeric>'
/usr/local/bundle/gems/activesupport-4.2.6/lib/active_support/core_ext/numeric/conversions.rb:131:in `block (2 levels) in <class:Numeric>'
/usr/local/bundle/gems/activesupport-4.2.6/lib/active_support/core_ext/numeric/conversions.rb:131:in `block (2 levels) in <class:Numeric>'
/usr/local/bundle/gems/activesupport-4.2.6/lib/active_support/core_ext/numeric/conversions.rb:131:in `block (2 levels) in <class:Numeric>'
/usr/local/bundle/gems/activesupport-4.2.6/lib/active_support/core_ext/numeric/conversions.rb:131:in `block (2 levels) in <class:Numeric>'
/usr/local/bundle/gems/activesupport-4.2.6/lib/active_support/core_ext/numeric/conversions.rb:131:in `block (2 levels) in <class:Numeric>'
/usr/local/bundle/gems/activesupport-4.2.6/lib/active_support/core_ext/numeric/conversions.rb:131:in `block (2 levels) in <class:Numeric>'
/usr/local/bundle/gems/activesupport-4.2.6/lib/active_support/core_ext/numeric/conversions.rb:131:in `block (2 levels) in <class:Numeric>'
/usr/local/bundle/gems/activesupport-4.2.6/lib/active_support/core_ext/numeric/conversions.rb:131:in `block (2 levels) in <class:Numeric>'
/usr/local/bundle/gems/activesupport-4.2.6/lib/active_support/core_ext/numeric/conversions.rb:131:in `block (2 levels) in <class:Numeric>'
/usr/local/bundle/gems/activesupport-4.2.6/lib/active_support/core_ext/numeric/conversions.rb:131:in `block (2 levels) in <class:Numeric>'
/usr/local/bundle/gems/activesupport-4.2.6/lib/active_support/core_ext/numeric/conversions.rb:131:in `block (2 levels) in <class:Numeric>'
/usr/local/bundle/gems/activesupport-4.2.6/lib/active_support/core_ext/numeric/conversions.rb:131:in `block (2 levels) in <class:Numeric>'
/usr/local/bundle/gems/activesupport-4.2.6/lib/active_support/core_ext/numeric/conversions.rb:131:in `block (2 levels) in <class:Numeric>'
/usr/local/bundle/gems/activesupport-4.2.6/lib/active_support/core_ext/numeric/conversions.rb:131:in `block (2 levels) in <class:Numeric>'
/usr/local/bundle/gems/activesupport-4.2.6/lib/active_support/core_ext/numeric/conversions.rb:131:in `block (2 levels) in <class:Numeric>'
/usr/local/bundle/gems/activesupport-4.2.6/lib/active_support/core_ext/numeric/conversions.rb:131:in `block (2 levels) in <class:Numeric>'
/usr/local/bundle/gems/activesupport-4.2.6/lib/active_support/core_ext/numeric/conversions.rb:131:in `block (2 levels) in <class:Numeric>'
/usr/local/bundle/gems/activesupport-4.2.6/lib/active_support/core_ext/numeric/conversions.rb:131:in `block (2 levels) in <class:Numeric>'
/usr/local/bundle/gems/activesupport-4.2.6/lib/active_support/core_ext/numeric/conversions.rb:131:in `block (2 levels) in <class:Numeric>'
/usr/local/bundle/gems/activesupport-4.2.6/lib/active_support/core_ext/numeric/conversions.rb:131:in `block (2 levels) in <class:Numeric>'
/usr/local/bundle/gems/activesupport-4.2.6/lib/active_support/core_ext/numeric/conversions.rb:131:in `block (2 levels) in <class:Numeric>'
/usr/local/bundle/gems/activesupport-4.2.6/lib/active_support/core_ext/numeric/conversions.rb:131:in `block (2 levels) in <class:Numeric>'
/usr/local/bundle/gems/activesupport-4.2.6/lib/active_support/core_ext/numeric/conversions.rb:131:in `block (2 levels) in <class:Numeric>'
/usr/local/bundle/gems/activesupport-4.2.6/lib/active_support/core_ext/numeric/conversions.rb:131:in `block (2 levels) in <class:Numeric>'
/usr/local/bundle/gems/activesupport-4.2.6/lib/active_support/core_ext/numeric/conversions.rb:131:in `block (2 levels) in <class:Numeric>'
/usr/local/bundle/gems/activesupport-4.2.6/lib/active_support/core_ext/numeric/conversions.rb:131:in `block (2 levels) in <class:Numeric>'
/usr/local/bundle/gems/activesupport-4.2.6/lib/active_support/core_ext/numeric/conversions.rb:131:in `block (2 levels) in <class:Numeric>'
/usr/local/bundle/gems/activesupport-4.2.6/lib/active_support/core_ext/numeric/conversions.rb:131:in `block (2 levels) in <class:Numeric>'
/usr/local/bundle/gems/activesupport-4.2.6/lib/active_support/core_ext/numeric/conversions.rb:131:in `block (2 levels) in <class:Numeric>'
/usr/local/bundle/gems/activesupport-4.2.6/lib/active_support/core_ext/numeric/conversions.rb:131:in `block (2 levels) in <class:Numeric>'
/usr/local/bundle/gems/activesupport-4.2.6/lib/active_support/core_ext/numeric/conversions.rb:131:in `block (2 levels) in <class:Numeric>'
/usr/local/bundle/gems/activesupport-4.2.6/lib/active_support/core_ext/numeric/conversions.rb:131:in `block (2 levels) in <class:Numeric>'
/usr/local/bundle/gems/activesupport-4.2.6/lib/active_support/core_ext/numeric/conversions.rb:131:in `block (2 levels) in <class:Numeric>'
/usr/local/bundle/gems/activesupport-4.2.6/lib/active_support/core_ext/numeric/conversions.rb:131:in `block (2 levels) in <class:Numeric>'
/usr/local/bundle/gems/activesupport-4.2.6/lib/active_support/core_ext/numeric/conversions.rb:131:in `block (2 levels) in <class:Numeric>'
/usr/local/bundle/gems/activesupport-4.2.6/lib/active_support/core_ext/numeric/conversions.rb:131:in `block (2 levels) in <class:Numeric>'
/usr/local/bundle/gems/activesupport-4.2.6/lib/active_support/core_ext/numeric/conversions.rb:131:in `block (2 levels) in <class:Numeric>'
/usr/local/bundle/gems/activesupport-4.2.6/lib/active_support/core_ext/numeric/conversions.rb:131:in `block (2 levels) in <class:Numeric>'
/usr/local/bundle/gems/activesupport-4.2.6/lib/active_support/core_ext/numeric/conversions.rb:131:in `block (2 levels) in <class:Numeric>'
/usr/local/bundle/gems/activesupport-4.2.6/lib/active_support/core_ext/numeric/conversions.rb:131:in `block (2 levels) in <class:Numeric>'
/usr/local/bundle/gems/activesupport-4.2.6/lib/active_support/core_ext/numeric/conversions.rb:131:in `block (2 levels) in <class:Numeric>'
/usr/local/bundle/gems/activesupport-4.2.6/lib/active_support/core_ext/numeric/conversions.rb:131:in `block (2 levels) in <class:Numeric>'
/usr/local/bundle/gems/activesupport-4.2.6/lib/active_support/core_ext/numeric/conversions.rb:131:in `block (2 levels) in <class:Numeric>'
/usr/local/bundle/gems/activesupport-4.2.6/lib/active_support/core_ext/numeric/conversions.rb:131:in `block (2 levels) in <class:Numeric>'
/usr/local/bundle/gems/activesupport-4.2.6/lib/active_support/core_ext/numeric/conversions.rb:131:in `block (2 levels) in <class:Numeric>'
/usr/local/bundle/gems/activesupport-4.2.6/lib/active_support/core_ext/numeric/conversions.rb:131:in `block (2 levels) in <class:Numeric>'
/usr/local/bundle/gems/activesupport-4.2.6/lib/active_support/core_ext/numeric/conversions.rb:131:in `block (2 levels) in <class:Numeric>'
/usr/local/bundle/gems/activesupport-4.2.6/lib/active_support/core_ext/numeric/conversions.rb:131:in `block (2 levels) in <class:Numeric>'
/usr/local/bundle/gems/activesupport-4.2.6/lib/active_support/core_ext/numeric/conversions.rb:131:in `block (2 levels) in <class:Numeric>'
/usr/local/bundle/gems/activesupport-4.2.6/lib/active_support/core_ext/numeric/conversions.rb:131:in `block (2 levels) in <class:Numeric>'
/usr/local/bundle/gems/activesupport-4.2.6/lib/active_support/core_ext/numeric/conversions.rb:131:in `block (2 levels) in <class:Numeric>'
/usr/local/bundle/gems/activesupport-4.2.6/lib/active_support/core_ext/numeric/conversions.rb:131:in `block (2 levels) in <class:Numeric>'
/usr/local/bundle/gems/activesupport-4.2.6/lib/active_support/core_ext/numeric/conversions.rb:131:in `block (2 levels) in <class:Numeric>'
/usr/local/bundle/gems/activesupport-4.2.6/lib/active_support/core_ext/numeric/conversions.rb:131:in `block (2 levels) in <class:Numeric>'
/usr/local/bundle/gems/activesupport-4.2.6/lib/active_support/core_ext/numeric/conversions.rb:131:in `block (2 levels) in <class:Numeric>'
/usr/local/bundle/gems/activesupport-4.2.6/lib/active_support/core_ext/numeric/conversions.rb:131:in `block (2 levels) in <class:Numeric>'
/usr/local/bundle/gems/activesupport-4.2.6/lib/active_support/core_ext/numeric/conversions.rb:131:in `block (2 levels) in <class:Numeric>'
/usr/local/bundle/gems/activesupport-4.2.6/lib/active_support/core_ext/numeric/conversions.rb:131:in `block (2 levels) in <class:Numeric>'
/usr/local/bundle/gems/activesupport-4.2.6/lib/active_support/core_ext/numeric/conversions.rb:131:in `block (2 levels) in <class:Numeric>'
/usr/local/bundle/gems/activesupport-4.2.6/lib/active_support/core_ext/numeric/conversions.rb:131:in `block (2 levels) in <class:Numeric>'
/usr/local/bundle/gems/activesupport-4.2.6/lib/active_support/core_ext/numeric/conversions.rb:131:in `block (2 levels) in <class:Numeric>'
/usr/local/bundle/gems/activesupport-4.2.6/lib/active_support/core_ext/numeric/conversions.rb:131:in `block (2 levels) in <class:Numeric>'
/usr/local/bundle/gems/activesupport-4.2.6/lib/active_support/core_ext/numeric/conversions.rb:131:in `block (2 levels) in <class:Numeric>'
/usr/local/bundle/gems/activesupport-4.2.6/lib/active_support/core_ext/numeric/conversions.rb:131:in `block (2 levels) in <class:Numeric>'
/usr/local/bundle/gems/activesupport-4.2.6/lib/active_support/core_ext/numeric/conversions.rb:131:in `block (2 levels) in <class:Numeric>'
/usr/local/bundle/gems/activesupport-4.2.6/lib/active_support/core_ext/numeric/conversions.rb:131:in `block (2 levels) in <class:Numeric>'
/usr/local/bundle/gems/activesupport-4.2.6/lib/active_support/core_ext/numeric/conversions.rb:131:in `block (2 levels) in <class:Numeric>'
/usr/local/bundle/gems/activesupport-4.2.6/lib/active_support/core_ext/numeric/conversions.rb:131:in `block (2 levels) in <class:Numeric>'
/usr/local/bundle/gems/activesupport-4.2.6/lib/active_support/core_ext/numeric/conversions.rb:131:in `block (2 levels) in <class:Numeric>'
/usr/local/bundle/gems/activesupport-4.2.6/lib/active_support/core_ext/numeric/conversions.rb:131:in `block (2 levels) in <class:Numeric>'
/usr/local/bundle/gems/activesupport-4.2.6/lib/active_support/core_ext/numeric/conversions.rb:131:in `block (2 levels) in <class:Numeric>'
/usr/local/bundle/gems/activesupport-4.2.6/lib/active_support/core_ext/numeric/conversions.rb:131:in `block (2 levels) in <class:Numeric>'
/usr/local/bundle/gems/activesupport-4.2.6/lib/active_support/core_ext/numeric/conversions.rb:131:in `block (2 levels) in <class:Numeric>'
/usr/local/bundle/gems/activesupport-4.2.6/lib/active_support/core_ext/numeric/conversions.rb:131:in `block (2 levels) in <class:Numeric>'
/usr/local/bundle/gems/activesupport-4.2.6/lib/active_support/core_ext/numeric/conversions.rb:131:in `block (2 levels) in <class:Numeric>'
/usr/local/bundle/gems/activesupport-4.2.6/lib/active_support/core_ext/numeric/conversions.rb:131:in `block (2 levels) in <class:Numeric>'
/usr/local/bundle/gems/activesupport-4.2.6/lib/active_support/core_ext/numeric/conversions.rb:131:in `block (2 levels) in <class:Numeric>'
/usr/local/bundle/gems/activesupport-4.2.6/lib/active_support/core_ext/numeric/conversions.rb:131:in `block (2 levels) in <class:Numeric>'
/usr/local/bundle/gems/activesupport-4.2.6/lib/active_support/core_ext/numeric/conversions.rb:131:in `block (2 levels) in <class:Numeric>'
/usr/local/bundle/gems/activesupport-4.2.6/lib/active_support/core_ext/numeric/conversions.rb:131:in `block (2 levels) in <class:Numeric>'
/usr/local/bundle/gems/activesupport-4.2.6/lib/active_support/core_ext/numeric/conversions.rb:131:in `block (2 levels) in <class:Numeric>'
/usr/local/bundle/gems/activesupport-4.2.6/lib/active_support/core_ext/numeric/conversions.rb:131:in `block (2 levels) in <class:Numeric>'
/usr/local/bundle/gems/activesupport-4.2.6/lib/active_support/core_ext/numeric/conversions.rb:131:in `block (2 levels) in <class:Numeric>'
/usr/local/bundle/gems/activesupport-4.2.6/lib/active_support/core_ext/numeric/conversions.rb:131:in `block (2 levels) in <class:Numeric>'
/usr/local/bundle/gems/activesupport-4.2.6/lib/active_support/core_ext/numeric/conversions.rb:131:in `block (2 levels) in <class:Numeric>'
/usr/local/bundle/gems/activesupport-4.2.6/lib/active_support/core_ext/numeric/conversions.rb:131:in `block (2 levels) in <class:Numeric>'
/usr/local/bundle/gems/activesupport-4.2.6/lib/active_support/core_ext/numeric/conversions.rb:131:in `block (2 levels) in <class:Numeric>'
/usr/local/bundle/gems/activesupport-4.2.6/lib/active_support/core_ext/numeric/conversions.rb:131:in `block (2 levels) in <class:Numeric>'
/usr/local/bundle/gems/activesupport-4.2.6/lib/active_support/core_ext/numeric/conversions.rb:131:in `block (2 levels) in <class:Numeric>'
/usr/local/bundle/gems/activesupport-4.2.6/lib/active_support/core_ext/numeric/conversions.rb:131:in `block (2 levels) in <class:Numeric>'
/usr/local/bundle/gems/activesupport-4.2.6/lib/active_support/core_ext/numeric/conversions.rb:131:in `block (2 levels) in <class:Numeric>'
/usr/local/bundle/gems/activesupport-4.2.6/lib/active_support/core_ext/numeric/conversions.rb:131:in `block (2 levels) in <class:Numeric>'
/usr/local/bundle/gems/activesupport-4.2.6/lib/active_support/core_ext/numeric/conversions.rb:131:in `block (2 levels) in <class:Numeric>'
/usr/local/bundle/gems/activesupport-4.2.6/lib/active_support/core_ext/numeric/conversions.rb:131:in `block (2 levels) in <class:Numeric>'
/usr/local/bundle/gems/activesupport-4.2.6/lib/active_support/core_ext/numeric/conversions.rb:131:in `block (2 levels) in <class:Numeric>'
/usr/local/bundle/gems/activesupport-4.2.6/lib/active_support/core_ext/numeric/conversions.rb:131:in `block (2 levels) in <class:Numeric>'
/usr/local/bundle/gems/activesupport-4.2.6/lib/active_support/core_ext/numeric/conversions.rb:131:in `block (2 levels) in <class:Numeric>'
/usr/local/bundle/gems/activesupport-4.2.6/lib/active_support/core_ext/numeric/conversions.rb:131:in `block (2 levels) in <class:Numeric>'
/usr/local/bundle/gems/activesupport-4.2.6/lib/active_support/core_ext/numeric/conversions.rb:131:in `block (2 levels) in <class:Numeric>'
/usr/local/bundle/gems/activesupport-4.2.6/lib/active_support/core_ext/numeric/conversions.rb:131:in `block (2 levels) in <class:Numeric>'
/usr/local/bundle/gems/activesupport-4.2.6/lib/active_support/core_ext/numeric/conversions.rb:131:in `block (2 levels) in <class:Numeric>'
/usr/local/bundle/gems/activesupport-4.2.6/lib/active_support/core_ext/numeric/conversions.rb:131:in `block (2 levels) in <class:Numeric>'
/usr/local/bundle/gems/activesupport-4.2.6/lib/active_support/core_ext/numeric/conversions.rb:131:in `block (2 levels) in <class:Numeric>'
/usr/local/bundle/gems/activesupport-4.2.6/lib/active_support/core_ext/numeric/conversions.rb:131:in `block (2 levels) in <class:Numeric>'
/usr/local/bundle/gems/activesupport-4.2.6/lib/active_support/core_ext/numeric/conversions.rb:131:in `block (2 levels) in <class:Numeric>'
/usr/local/bundle/gems/activesupport-4.2.6/lib/active_support/core_ext/numeric/conversions.rb:131:in `block (2 levels) in <class:Numeric>'
/usr/local/bundle/gems/activesupport-4.2.6/lib/active_support/core_ext/numeric/conversions.rb:131:in `block (2 levels) in <class:Numeric>'
/usr/local/bundle/gems/activesupport-4.2.6/lib/active_support/core_ext/numeric/conversions.rb:131:in `block (2 levels) in <class:Numeric>'
/usr/local/bundle/gems/activesupport-4.2.6/lib/active_support/core_ext/numeric/conversions.rb:131:in `block (2 levels) in <class:Numeric>'
/usr/local/bundle/gems/activesupport-4.2.6/lib/active_support/core_ext/numeric/conversions.rb:131:in `block (2 levels) in <class:Numeric>'
/usr/local/bundle/gems/activesupport-4.2.6/lib/active_support/core_ext/numeric/conversions.rb:131:in `block (2 levels) in <class:Numeric>'
/usr/local/bundle/gems/activesupport-4.2.6/lib/active_support/core_ext/numeric/conversions.rb:131:in `block (2 levels) in <class:Numeric>'
/usr/local/bundle/gems/activesupport-4.2.6/lib/active_support/core_ext/numeric/conversions.rb:131:in `block (2 levels) in <class:Numeric>'
/usr/local/bundle/gems/activesupport-4.2.6/lib/active_support/core_ext/numeric/conversions.rb:131:in `block (2 levels) in <class:Numeric>'
/usr/local/bundle/gems/activesupport-4.2.6/lib/active_support/core_ext/numeric/conversions.rb:131:in `block (2 levels) in <class:Numeric>'
/usr/local/bundle/gems/activesupport-4.2.6/lib/active_support/core_ext/numeric/conversions.rb:131:in `block (2 levels) in <class:Numeric>'
/usr/local/bundle/gems/activesupport-4.2.6/lib/active_support/core_ext/numeric/conversions.rb:131:in `block (2 levels) in <class:Numeric>'
/usr/local/bundle/gems/activesupport-4.2.6/lib/active_support/core_ext/numeric/conversions.rb:131:in `block (2 levels) in <class:Numeric>'
/usr/local/bundle/gems/activesupport-4.2.6/lib/active_support/core_ext/numeric/conversions.rb:131:in `block (2 levels) in <class:Numeric>'
/usr/local/bundle/gems/activesupport-4.2.6/lib/active_support/core_ext/numeric/conversions.rb:131:in `block (2 levels) in <class:Numeric>'
/usr/local/bundle/gems/activesupport-4.2.6/lib/active_support/core_ext/numeric/conversions.rb:131:in `block (2 levels) in <class:Numeric>'
/usr/local/bundle/gems/activesupport-4.2.6/lib/active_support/core_ext/numeric/conversions.rb:131:in `block (2 levels) in <class:Numeric>'
/usr/local/bundle/gems/activesupport-4.2.6/lib/active_support/core_ext/numeric/conversions.rb:131:in `block (2 levels) in <class:Numeric>'
/usr/local/bundle/gems/activesupport-4.2.6/lib/active_support/core_ext/numeric/conversions.rb:131:in `block (2 levels) in <class:Numeric>'
/usr/local/bundle/gems/activesupport-4.2.6/lib/active_support/core_ext/numeric/conversions.rb:131:in `block (2 levels) in <class:Numeric>'
/usr/local/bundle/gems/activesupport-4.2.6/lib/active_support/core_ext/numeric/conversions.rb:131:in `block (2 levels) in <class:Numeric>'
/usr/local/bundle/gems/activesupport-4.2.6/lib/active_support/core_ext/numeric/conversions.rb:131:in `block (2 levels) in <class:Numeric>'
/usr/local/bundle/gems/activesupport-4.2.6/lib/active_support/core_ext/numeric/conversions.rb:131:in `block (2 levels) in <class:Numeric>'
/usr/local/bundle/gems/activesupport-4.2.6/lib/active_support/core_ext/numeric/conversions.rb:131:in `block (2 levels) in <class:Numeric>'
/usr/local/bundle/gems/activesupport-4.2.6/lib/active_support/core_ext/numeric/conversions.rb:131:in `block (2 levels) in <class:Numeric>'
/usr/local/bundle/gems/activesupport-4.2.6/lib/active_support/core_ext/numeric/conversions.rb:131:in `block (2 levels) in <class:Numeric>'
/usr/local/bundle/gems/activesupport-4.2.6/lib/active_support/core_ext/numeric/conversions.rb:131:in `block (2 levels) in <class:Numeric>'
/usr/local/bundle/gems/activesupport-4.2.6/lib/active_support/core_ext/numeric/conversions.rb:131:in `block (2 levels) in <class:Numeric>'
/usr/local/bundle/gems/activesupport-4.2.6/lib/active_support/core_ext/numeric/conversions.rb:131:in `block (2 levels) in <class:Numeric>'
/usr/local/bundle/gems/activesupport-4.2.6/lib/active_support/core_ext/numeric/conversions.rb:131:in `block (2 levels) in <class:Numeric>'
/usr/local/bundle/gems/activesupport-4.2.6/lib/active_support/core_ext/numeric/conversions.rb:131:in `block (2 levels) in <class:Numeric>'
/usr/local/bundle/gems/activesupport-4.2.6/lib/active_support/core_ext/numeric/conversions.rb:131:in `block (2 levels) in <class:Numeric>'
/usr/local/bundle/gems/activesupport-4.2.6/lib/active_support/core_ext/numeric/conversions.rb:131:in `block (2 levels) in <class:Numeric>'
/usr/local/bundle/gems/activesupport-4.2.6/lib/active_support/core_ext/numeric/conversions.rb:131:in `block (2 levels) in <class:Numeric>'
/usr/local/bundle/gems/activesupport-4.2.6/lib/active_support/core_ext/numeric/conversions.rb:131:in `block (2 levels) in <class:Numeric>'
/usr/local/bundle/gems/activesupport-4.2.6/lib/active_support/core_ext/numeric/conversions.rb:131:in `block (2 levels) in <class:Numeric>'
/usr/local/bundle/gems/activesupport-4.2.6/lib/active_support/core_ext/numeric/conversions.rb:131:in `block (2 levels) in <class:Numeric>'
/usr/local/bundle/gems/activesupport-4.2.6/lib/active_support/core_ext/numeric/conversions.rb:131:in `block (2 levels) in <class:Numeric>'
/usr/local/bundle/gems/activesupport-4.2.6/lib/active_support/core_ext/numeric/conversions.rb:131:in `block (2 levels) in <class:Numeric>'
/usr/local/bundle/gems/activesupport-4.2.6/lib/active_support/core_ext/numeric/conversions.rb:131:in `block (2 levels) in <class:Numeric>'
/usr/local/bundle/gems/activesupport-4.2.6/lib/active_support/core_ext/numeric/conversions.rb:131:in `block (2 levels) in <class:Numeric>'
/usr/local/bundle/gems/activesupport-4.2.6/lib/active_support/core_ext/numeric/conversions.rb:131:in `block (2 levels) in <class:Numeric>'
/usr/local/bundle/gems/activesupport-4.2.6/lib/active_support/core_ext/numeric/conversions.rb:131:in `block (2 levels) in <class:Numeric>'
/usr/local/bundle/gems/activesupport-4.2.6/lib/active_support/core_ext/numeric/conversions.rb:131:in `block (2 levels) in <class:Numeric>'
/usr/local/bundle/gems/activesupport-4.2.6/lib/active_support/core_ext/numeric/conversions.rb:131:in `block (2 levels) in <class:Numeric>'
/usr/local/bundle/gems/activesupport-4.2.6/lib/active_support/core_ext/numeric/conversions.rb:131:in `block (2 levels) in <class:Numeric>'
/usr/local/bundle/gems/activesupport-4.2.6/lib/active_support/core_ext/numeric/conversions.rb:131:in `block (2 levels) in <class:Numeric>'
/usr/local/bundle/gems/activesupport-4.2.6/lib/active_support/core_ext/numeric/conversions.rb:131:in `block (2 levels) in <class:Numeric>'
/usr/local/bundle/gems/activesupport-4.2.6/lib/active_support/core_ext/numeric/conversions.rb:131:in `block (2 levels) in <class:Numeric>'
/usr/local/bundle/gems/activesupport-4.2.6/lib/active_support/core_ext/numeric/conversions.rb:131:in `block (2 levels) in <class:Numeric>'
/usr/local/bundle/gems/activesupport-4.2.6/lib/active_support/core_ext/numeric/conversions.rb:131:in `block (2 levels) in <class:Numeric>'
/usr/local/bundle/gems/activesupport-4.2.6/lib/active_support/core_ext/numeric/conversions.rb:131:in `block (2 levels) in <class:Numeric>'
/usr/local/bundle/gems/activesupport-4.2.6/lib/active_support/core_ext/numeric/conversions.rb:131:in `block (2 levels) in <class:Numeric>'
/usr/local/bundle/gems/activesupport-4.2.6/lib/active_support/core_ext/numeric/conversions.rb:131:in `block (2 levels) in <class:Numeric>'
/usr/local/bundle/gems/activesupport-4.2.6/lib/active_support/core_ext/numeric/conversions.rb:131:in `block (2 levels) in <class:Numeric>'
/usr/local/bundle/gems/activesupport-4.2.6/lib/active_support/core_ext/numeric/conversions.rb:131:in `block (2 levels) in <class:Numeric>'
/usr/local/bundle/gems/activesupport-4.2.6/lib/active_support/core_ext/numeric/conversions.rb:131:in `block (2 levels) in <class:Numeric>'
/usr/local/bundle/gems/activesupport-4.2.6/lib/active_support/core_ext/numeric/conversions.rb:131:in `block (2 levels) in <class:Numeric>'
/usr/local/bundle/gems/activesupport-4.2.6/lib/active_support/core_ext/numeric/conversions.rb:131:in `block (2 levels) in <class:Numeric>'
/usr/local/bundle/gems/activesupport-4.2.6/lib/active_support/core_ext/numeric/conversions.rb:131:in `block (2 levels) in <class:Numeric>'
/usr/local/bundle/gems/activesupport-4.2.6/lib/active_support/core_ext/numeric/conversions.rb:131:in `block (2 levels) in <class:Numeric>'
/usr/local/bundle/gems/activesupport-4.2.6/lib/active_support/core_ext/numeric/conversions.rb:131:in `block (2 levels) in <class:Numeric>'
/usr/local/bundle/gems/activesupport-4.2.6/lib/active_support/core_ext/numeric/conversions.rb:131:in `block (2 levels) in <class:Numeric>'
/usr/local/bundle/gems/activesupport-4.2.6/lib/active_support/core_ext/numeric/conversions.rb:131:in `block (2 levels) in <class:Numeric>'
/usr/local/bundle/gems/activesupport-4.2.6/lib/active_support/core_ext/numeric/conversions.rb:131:in `block (2 levels) in <class:Numeric>'
/usr/local/bundle/gems/activesupport-4.2.6/lib/active_support/core_ext/numeric/conversions.rb:131:in `block (2 levels) in <class:Numeric>'
/usr/local/bundle/gems/activesupport-4.2.6/lib/active_support/core_ext/numeric/conversions.rb:131:in `block (2 levels) in <class:Numeric>'
/usr/local/bundle/gems/activesupport-4.2.6/lib/active_support/core_ext/numeric/conversions.rb:131:in `block (2 levels) in <class:Numeric>'
/usr/local/bundle/gems/activesupport-4.2.6/lib/active_support/core_ext/numeric/conversions.rb:131:in `block (2 levels) in <class:Numeric>'
/usr/local/bundle/gems/activesupport-4.2.6/lib/active_support/core_ext/numeric/conversions.rb:131:in `block (2 levels) in <class:Numeric>'
/usr/local/bundle/gems/activesupport-4.2.6/lib/active_support/core_ext/numeric/conversions.rb:131:in `block (2 levels) in <class:Numeric>'
/usr/local/bundle/gems/activesupport-4.2.6/lib/active_support/core_ext/numeric/conversions.rb:131:in `block (2 levels) in <class:Numeric>'
/usr/local/bundle/gems/activesupport-4.2.6/lib/active_support/core_ext/numeric/conversions.rb:131:in `block (2 levels) in <class:Numeric>'
/usr/local/bundle/gems/activesupport-4.2.6/lib/active_support/core_ext/numeric/conversions.rb:131:in `block (2 levels) in <class:Numeric>'
/usr/local/bundle/gems/activesupport-4.2.6/lib/active_support/core_ext/numeric/conversions.rb:131:in `block (2 levels) in <class:Numeric>'
/usr/local/bundle/gems/activesupport-4.2.6/lib/active_support/core_ext/numeric/conversions.rb:131:in `block (2 levels) in <class:Numeric>'
/usr/local/bundle/gems/activesupport-4.2.6/lib/active_support/core_ext/numeric/conversions.rb:131:in `block (2 levels) in <class:Numeric>'
/usr/local/bundle/gems/activesupport-4.2.6/lib/active_support/core_ext/numeric/conversions.rb:131:in `block (2 levels) in <class:Numeric>'
/usr/local/bundle/gems/activesupport-4.2.6/lib/active_support/core_ext/numeric/conversions.rb:131:in `block (2 levels) in <class:Numeric>'
/usr/local/bundle/gems/activesupport-4.2.6/lib/active_support/core_ext/numeric/conversions.rb:131:in `block (2 levels) in <class:Numeric>'
/usr/local/bundle/gems/activesupport-4.2.6/lib/active_support/core_ext/numeric/conversions.rb:131:in `block (2 levels) in <class:Numeric>'
/usr/local/bundle/gems/activesupport-4.2.6/lib/active_support/core_ext/numeric/conversions.rb:131:in `block (2 levels) in <class:Numeric>'
/usr/local/bundle/gems/activesupport-4.2.6/lib/active_support/core_ext/numeric/conversions.rb:131:in `block (2 levels) in <class:Numeric>'
/usr/local/bundle/gems/activesupport-4.2.6/lib/active_support/core_ext/numeric/conversions.rb:131:in `block (2 levels) in <class:Numeric>'
/usr/local/bundle/gems/activesupport-4.2.6/lib/active_support/core_ext/numeric/conversions.rb:131:in `block (2 levels) in <class:Numeric>'
/usr/local/bundle/gems/activesupport-4.2.6/lib/active_support/core_ext/numeric/conversions.rb:131:in `block (2 levels) in <class:Numeric>'
/usr/local/bundle/gems/activesupport-4.2.6/lib/active_support/core_ext/numeric/conversions.rb:131:in `block (2 levels) in <class:Numeric>'
/usr/local/bundle/gems/activesupport-4.2.6/lib/active_support/core_ext/numeric/conversions.rb:131:in `block (2 levels) in <class:Numeric>'
/usr/local/bundle/gems/activesupport-4.2.6/lib/active_support/core_ext/numeric/conversions.rb:131:in `block (2 levels) in <class:Numeric>'
/usr/local/bundle/gems/activesupport-4.2.6/lib/active_support/core_ext/numeric/conversions.rb:131:in `block (2 levels) in <class:Numeric>'
/usr/local/bundle/gems/activesupport-4.2.6/lib/active_support/core_ext/numeric/conversions.rb:131:in `block (2 levels) in <class:Numeric>'
/usr/local/bundle/gems/activesupport-4.2.6/lib/active_support/core_ext/numeric/conversions.rb:131:in `block (2 levels) in <class:Numeric>'
/usr/local/bundle/gems/activesupport-4.2.6/lib/active_support/core_ext/numeric/conversions.rb:131:in `block (2 levels) in <class:Numeric>'
/usr/local/bundle/gems/activesupport-4.2.6/lib/active_support/core_ext/numeric/conversions.rb:131:in `block (2 levels) in <class:Numeric>'
/usr/local/bundle/gems/activesupport-4.2.6/lib/active_support/core_ext/numeric/conversions.rb:131:in `block (2 levels) in <class:Numeric>'
/usr/local/bundle/gems/activesupport-4.2.6/lib/active_support/core_ext/numeric/conversions.rb:131:in `block (2 levels) in <class:Numeric>'
/usr/local/bundle/gems/activesupport-4.2.6/lib/active_support/core_ext/numeric/conversions.rb:131:in `block (2 levels) in <class:Numeric>'
/usr/local/bundle/gems/activesupport-4.2.6/lib/active_support/core_ext/numeric/conversions.rb:131:in `block (2 levels) in <class:Numeric>'
/usr/local/bundle/gems/activesupport-4.2.6/lib/active_support/core_ext/numeric/conversions.rb:131:in `block (2 levels) in <class:Numeric>'
/usr/local/bundle/gems/activesupport-4.2.6/lib/active_support/core_ext/numeric/conversions.rb:131:in `block (2 levels) in <class:Numeric>'
/usr/local/bundle/gems/activesupport-4.2.6/lib/active_support/core_ext/numeric/conversions.rb:131:in `block (2 levels) in <class:Numeric>'
/usr/local/bundle/gems/activesupport-4.2.6/lib/active_support/core_ext/numeric/conversions.rb:131:in `block (2 levels) in <class:Numeric>'
/usr/local/bundle/gems/activesupport-4.2.6/lib/active_support/core_ext/numeric/conversions.rb:131:in `block (2 levels) in <class:Numeric>'
/usr/local/bundle/gems/activesupport-4.2.6/lib/active_support/core_ext/numeric/conversions.rb:131:in `block (2 levels) in <class:Numeric>'
/usr/local/bundle/gems/activesupport-4.2.6/lib/active_support/core_ext/numeric/conversions.rb:131:in `block (2 levels) in <class:Numeric>'
/usr/local/bundle/gems/activesupport-4.2.6/lib/active_support/core_ext/numeric/conversions.rb:131:in `block (2 levels) in <class:Numeric>'
/usr/local/bundle/gems/activesupport-4.2.6/lib/active_support/core_ext/numeric/conversions.rb:131:in `block (2 levels) in <class:Numeric>'
/usr/local/bundle/gems/activesupport-4.2.6/lib/active_support/core_ext/numeric/conversions.rb:131:in `block (2 levels) in <class:Numeric>'
/usr/local/bundle/gems/activesupport-4.2.6/lib/active_support/core_ext/numeric/conversions.rb:131:in `block (2 levels) in <class:Numeric>'
/usr/local/bundle/gems/activesupport-4.2.6/lib/active_support/core_ext/numeric/conversions.rb:131:in `block (2 levels) in <class:Numeric>'
/usr/local/bundle/gems/activesupport-4.2.6/lib/active_support/core_ext/numeric/conversions.rb:131:in `block (2 levels) in <class:Numeric>'
/usr/local/bundle/gems/activesupport-4.2.6/lib/active_support/core_ext/numeric/conversions.rb:131:in `block (2 levels) in <class:Numeric>'
/usr/local/bundle/gems/activesupport-4.2.6/lib/active_support/core_ext/numeric/conversions.rb:131:in `block (2 levels) in <class:Numeric>'
/usr/local/bundle/gems/activesupport-4.2.6/lib/active_support/core_ext/numeric/conversions.rb:131:in `block (2 levels) in <class:Numeric>'
/usr/local/bundle/gems/activesupport-4.2.6/lib/active_support/core_ext/numeric/conversions.rb:131:in `block (2 levels) in <class:Numeric>'
/usr/local/bundle/gems/activesupport-4.2.6/lib/active_support/core_ext/numeric/conversions.rb:131:in `block (2 levels) in <class:Numeric>'
/usr/local/bundle/gems/activesupport-4.2.6/lib/active_support/core_ext/numeric/conversions.rb:131:in `block (2 levels) in <class:Numeric>'
/usr/local/bundle/gems/activesupport-4.2.6/lib/active_support/core_ext/numeric/conversions.rb:131:in `block (2 levels) in <class:Numeric>'
/usr/local/bundle/gems/activesupport-4.2.6/lib/active_support/core_ext/numeric/conversions.rb:131:in `block (2 levels) in <class:Numeric>'
/usr/local/bundle/gems/activesupport-4.2.6/lib/active_support/core_ext/numeric/conversions.rb:131:in `block (2 levels) in <class:Numeric>'
/usr/local/bundle/gems/activesupport-4.2.6/lib/active_support/core_ext/numeric/conversions.rb:131:in `block (2 levels) in <class:Numeric>'
/usr/local/bundle/gems/activesupport-4.2.6/lib/active_support/core_ext/numeric/conversions.rb:131:in `block (2 levels) in <class:Numeric>'
/usr/local/bundle/gems/activesupport-4.2.6/lib/active_support/core_ext/numeric/conversions.rb:131:in `block (2 levels) in <class:Numeric>'
/usr/local/bundle/gems/activesupport-4.2.6/lib/active_support/core_ext/numeric/conversions.rb:131:in `block (2 levels) in <class:Numeric>'
/usr/local/bundle/gems/activesupport-4.2.6/lib/active_support/core_ext/numeric/conversions.rb:131:in `block (2 levels) in <class:Numeric>'
/usr/local/bundle/gems/activesupport-4.2.6/lib/active_support/core_ext/numeric/conversions.rb:131:in `block (2 levels) in <class:Numeric>'
/usr/local/bundle/gems/activesupport-4.2.6/lib/active_support/core_ext/numeric/conversions.rb:131:in `block (2 levels) in <class:Numeric>'
/usr/local/bundle/gems/activesupport-4.2.6/lib/active_support/core_ext/numeric/conversions.rb:131:in `block (2 levels) in <class:Numeric>'
/usr/local/bundle/gems/activesupport-4.2.6/lib/active_support/core_ext/numeric/conversions.rb:131:in `block (2 levels) in <class:Numeric>'
/usr/local/bundle/gems/activesupport-4.2.6/lib/active_support/core_ext/numeric/conversions.rb:131:in `block (2 levels) in <class:Numeric>'
/usr/local/bundle/gems/activesupport-4.2.6/lib/active_support/core_ext/numeric/conversions.rb:131:in `block (2 levels) in <class:Numeric>'
/usr/local/bundle/gems/activesupport-4.2.6/lib/active_support/core_ext/numeric/conversions.rb:131:in `block (2 levels) in <class:Numeric>'
/usr/local/bundle/gems/activesupport-4.2.6/lib/active_support/core_ext/numeric/conversions.rb:131:in `block (2 levels) in <class:Numeric>'
/usr/local/bundle/gems/activesupport-4.2.6/lib/active_support/core_ext/numeric/conversions.rb:131:in `block (2 levels) in <class:Numeric>'
/usr/local/bundle/gems/activesupport-4.2.6/lib/active_support/core_ext/numeric/conversions.rb:131:in `block (2 levels) in <class:Numeric>'
/usr/local/bundle/gems/activesupport-4.2.6/lib/active_support/core_ext/numeric/conversions.rb:131:in `block (2 levels) in <class:Numeric>'
/usr/local/bundle/gems/activesupport-4.2.6/lib/active_support/core_ext/numeric/conversions.rb:131:in `block (2 levels) in <class:Numeric>'
/usr/local/bundle/gems/activesupport-4.2.6/lib/active_support/core_ext/numeric/conversions.rb:131:in `block (2 levels) in <class:Numeric>'
/usr/local/bundle/gems/activesupport-4.2.6/lib/active_support/core_ext/numeric/conversions.rb:131:in `block (2 levels) in <class:Numeric>'
/usr/local/bundle/gems/activesupport-4.2.6/lib/active_support/core_ext/numeric/conversions.rb:131:in `block (2 levels) in <class:Numeric>'
/usr/local/bundle/gems/activesupport-4.2.6/lib/active_support/core_ext/numeric/conversions.rb:131:in `block (2 levels) in <class:Numeric>'
/usr/local/bundle/gems/activesupport-4.2.6/lib/active_support/core_ext/numeric/conversions.rb:131:in `block (2 levels) in <class:Numeric>'
/usr/local/bundle/gems/activesupport-4.2.6/lib/active_support/core_ext/numeric/conversions.rb:131:in `block (2 levels) in <class:Numeric>'
/usr/local/bundle/gems/activesupport-4.2.6/lib/active_support/core_ext/numeric/conversions.rb:131:in `block (2 levels) in <class:Numeric>'
/usr/local/bundle/gems/activesupport-4.2.6/lib/active_support/core_ext/numeric/conversions.rb:131:in `block (2 levels) in <class:Numeric>'
/usr/local/bundle/gems/activesupport-4.2.6/lib/active_support/core_ext/numeric/conversions.rb:131:in `block (2 levels) in <class:Numeric>'
/usr/local/bundle/gems/activesupport-4.2.6/lib/active_support/core_ext/numeric/conversions.rb:131:in `block (2 levels) in <class:Numeric>'
/usr/local/bundle/gems/activesupport-4.2.6/lib/active_support/core_ext/numeric/conversions.rb:131:in `block (2 levels) in <class:Numeric>'
/usr/local/bundle/gems/activesupport-4.2.6/lib/active_support/core_ext/numeric/conversions.rb:131:in `block (2 levels) in <class:Numeric>'
/usr/local/bundle/gems/activesupport-4.2.6/lib/active_support/core_ext/numeric/conversions.rb:131:in `block (2 levels) in <class:Numeric>'
/usr/local/bundle/gems/activesupport-4.2.6/lib/active_support/core_ext/numeric/conversions.rb:131:in `block (2 levels) in <class:Numeric>'
/usr/local/bundle/gems/activesupport-4.2.6/lib/active_support/core_ext/numeric/conversions.rb:131:in `block (2 levels) in <class:Numeric>'
/usr/local/bundle/gems/activesupport-4.2.6/lib/active_support/core_ext/numeric/conversions.rb:131:in `block (2 levels) in <class:Numeric>'
/usr/local/bundle/gems/activesupport-4.2.6/lib/active_support/core_ext/numeric/conversions.rb:131:in `block (2 levels) in <class:Numeric>'
/usr/local/bundle/gems/activesupport-4.2.6/lib/active_support/core_ext/numeric/conversions.rb:131:in `block (2 levels) in <class:Numeric>'
/usr/local/bundle/gems/activesupport-4.2.6/lib/active_support/core_ext/numeric/conversions.rb:131:in `block (2 levels) in <class:Numeric>'
/usr/local/bundle/gems/activesupport-4.2.6/lib/active_support/core_ext/numeric/conversions.rb:131:in `block (2 levels) in <class:Numeric>'
/usr/local/bundle/gems/activesupport-4.2.6/lib/active_support/core_ext/numeric/conversions.rb:131:in `block (2 levels) in <class:Numeric>'
/usr/local/bundle/gems/activesupport-4.2.6/lib/active_support/core_ext/numeric/conversions.rb:131:in `block (2 levels) in <class:Numeric>'
/usr/local/bundle/gems/activesupport-4.2.6/lib/active_support/core_ext/numeric/conversions.rb:131:in `block (2 levels) in <class:Numeric>'
/usr/local/bundle/gems/activesupport-4.2.6/lib/active_support/core_ext/numeric/conversions.rb:131:in `block (2 levels) in <class:Numeric>'
/usr/local/bundle/gems/activesupport-4.2.6/lib/active_support/core_ext/numeric/conversions.rb:131:in `block (2 levels) in <class:Numeric>'
/usr/local/bundle/gems/activesupport-4.2.6/lib/active_support/core_ext/numeric/conversions.rb:131:in `block (2 levels) in <class:Numeric>'
/usr/local/bundle/gems/activesupport-4.2.6/lib/active_support/core_ext/numeric/conversions.rb:131:in `block (2 levels) in <class:Numeric>'
/usr/local/bundle/gems/activesupport-4.2.6/lib/active_support/core_ext/numeric/conversions.rb:131:in `block (2 levels) in <class:Numeric>'
/usr/local/bundle/gems/activesupport-4.2.6/lib/active_support/core_ext/numeric/conversions.rb:131:in `block (2 levels) in <class:Numeric>'
/usr/local/bundle/gems/activesupport-4.2.6/lib/active_support/core_ext/numeric/conversions.rb:131:in `block (2 levels) in <class:Numeric>'
/usr/local/bundle/gems/activesupport-4.2.6/lib/active_support/core_ext/numeric/conversions.rb:131:in `block (2 levels) in <class:Numeric>'
/usr/local/bundle/gems/activesupport-4.2.6/lib/active_support/core_ext/numeric/conversions.rb:131:in `block (2 levels) in <class:Numeric>'
/usr/local/bundle/gems/activesupport-4.2.6/lib/active_support/core_ext/numeric/conversions.rb:131:in `block (2 levels) in <class:Numeric>'
/usr/local/bundle/gems/activesupport-4.2.6/lib/active_support/core_ext/numeric/conversions.rb:131:in `block (2 levels) in <class:Numeric>'
/usr/local/bundle/gems/activesupport-4.2.6/lib/active_support/core_ext/numeric/conversions.rb:131:in `block (2 levels) in <class:Numeric>'
/usr/local/bundle/gems/activesupport-4.2.6/lib/active_support/core_ext/numeric/conversions.rb:131:in `block (2 levels) in <class:Numeric>'
/usr/local/bundle/gems/activesupport-4.2.6/lib/active_support/core_ext/numeric/conversions.rb:131:in `block (2 levels) in <class:Numeric>'
/usr/local/bundle/gems/activesupport-4.2.6/lib/active_support/core_ext/numeric/conversions.rb:131:in `block (2 levels) in <class:Numeric>'
/usr/local/bundle/gems/activesupport-4.2.6/lib/active_support/core_ext/numeric/conversions.rb:131:in `block (2 levels) in <class:Numeric>'
/usr/local/bundle/gems/activesupport-4.2.6/lib/active_support/core_ext/numeric/conversions.rb:131:in `block (2 levels) in <class:Numeric>'
/usr/local/bundle/gems/activesupport-4.2.6/lib/active_support/core_ext/numeric/conversions.rb:131:in `block (2 levels) in <class:Numeric>'
/usr/local/bundle/gems/activesupport-4.2.6/lib/active_support/core_ext/numeric/conversions.rb:131:in `block (2 levels) in <class:Numeric>'
/usr/local/bundle/gems/activesupport-4.2.6/lib/active_support/core_ext/numeric/conversions.rb:131:in `block (2 levels) in <class:Numeric>'
/usr/local/bundle/gems/activesupport-4.2.6/lib/active_support/core_ext/numeric/conversions.rb:131:in `block (2 levels) in <class:Numeric>'
/usr/local/bundle/gems/activesupport-4.2.6/lib/active_support/core_ext/numeric/conversions.rb:131:in `block (2 levels) in <class:Numeric>'
/usr/local/bundle/gems/activesupport-4.2.6/lib/active_support/core_ext/numeric/conversions.rb:131:in `block (2 levels) in <class:Numeric>'
/usr/local/bundle/gems/activesupport-4.2.6/lib/active_support/core_ext/numeric/conversions.rb:131:in `block (2 levels) in <class:Numeric>'
/usr/local/bundle/gems/activesupport-4.2.6/lib/active_support/core_ext/numeric/conversions.rb:131:in `block (2 levels) in <class:Numeric>'
/usr/local/bundle/gems/activesupport-4.2.6/lib/active_support/core_ext/numeric/conversions.rb:131:in `block (2 levels) in <class:Numeric>'
/usr/local/bundle/gems/activesupport-4.2.6/lib/active_support/core_ext/numeric/conversions.rb:131:in `block (2 levels) in <class:Numeric>'
/usr/local/bundle/gems/activesupport-4.2.6/lib/active_support/core_ext/numeric/conversions.rb:131:in `block (2 levels) in <class:Numeric>'
/usr/local/bundle/gems/activesupport-4.2.6/lib/active_support/core_ext/numeric/conversions.rb:131:in `block (2 levels) in <class:Numeric>'
/usr/local/bundle/gems/activesupport-4.2.6/lib/active_support/core_ext/numeric/conversions.rb:131:in `block (2 levels) in <class:Numeric>'
/usr/local/bundle/gems/activesupport-4.2.6/lib/active_support/core_ext/numeric/conversions.rb:131:in `block (2 levels) in <class:Numeric>'
/usr/local/bundle/gems/activesupport-4.2.6/lib/active_support/core_ext/numeric/conversions.rb:131:in `block (2 levels) in <class:Numeric>'
/usr/local/bundle/gems/activesupport-4.2.6/lib/active_support/core_ext/numeric/conversions.rb:131:in `block (2 levels) in <class:Numeric>'
/usr/local/bundle/gems/activesupport-4.2.6/lib/active_support/core_ext/numeric/conversions.rb:131:in `block (2 levels) in <class:Numeric>'
/usr/local/bundle/gems/activesupport-4.2.6/lib/active_support/core_ext/numeric/conversions.rb:131:in `block (2 levels) in <class:Numeric>'
/usr/local/bundle/gems/activesupport-4.2.6/lib/active_support/core_ext/numeric/conversions.rb:131:in `block (2 levels) in <class:Numeric>'
/usr/local/bundle/gems/activesupport-4.2.6/lib/active_support/core_ext/numeric/conversions.rb:131:in `block (2 levels) in <class:Numeric>'
/usr/local/bundle/gems/activesupport-4.2.6/lib/active_support/core_ext/numeric/conversions.rb:131:in `block (2 levels) in <class:Numeric>'
/usr/local/bundle/gems/activesupport-4.2.6/lib/active_support/core_ext/numeric/conversions.rb:131:in `block (2 levels) in <class:Numeric>'
/usr/local/bundle/gems/activesupport-4.2.6/lib/active_support/core_ext/numeric/conversions.rb:131:in `block (2 levels) in <class:Numeric>'
/usr/local/bundle/gems/activesupport-4.2.6/lib/active_support/core_ext/numeric/conversions.rb:131:in `block (2 levels) in <class:Numeric>'
/usr/local/bundle/gems/activesupport-4.2.6/lib/active_support/core_ext/numeric/conversions.rb:131:in `block (2 levels) in <class:Numeric>'
/usr/local/bundle/gems/activesupport-4.2.6/lib/active_support/core_ext/numeric/conversions.rb:131:in `block (2 levels) in <class:Numeric>'
/usr/local/bundle/gems/activesupport-4.2.6/lib/active_support/core_ext/numeric/conversions.rb:131:in `block (2 levels) in <class:Numeric>'
/usr/local/bundle/gems/activesupport-4.2.6/lib/active_support/core_ext/numeric/conversions.rb:131:in `block (2 levels) in <class:Numeric>'
/usr/local/bundle/gems/activesupport-4.2.6/lib/active_support/core_ext/numeric/conversions.rb:131:in `block (2 levels) in <class:Numeric>'
/usr/local/bundle/gems/activesupport-4.2.6/lib/active_support/core_ext/numeric/conversions.rb:131:in `block (2 levels) in <class:Numeric>'
/usr/local/bundle/gems/activesupport-4.2.6/lib/active_support/core_ext/numeric/conversions.rb:131:in `block (2 levels) in <class:Numeric>'
/usr/local/bundle/gems/activesupport-4.2.6/lib/active_support/core_ext/numeric/conversions.rb:131:in `block (2 levels) in <class:Numeric>'
/usr/local/bundle/gems/activesupport-4.2.6/lib/active_support/core_ext/numeric/conversions.rb:131:in `block (2 levels) in <class:Numeric>'
/usr/local/bundle/gems/activesupport-4.2.6/lib/active_support/core_ext/numeric/conversions.rb:131:in `block (2 levels) in <class:Numeric>'
/usr/local/bundle/gems/activesupport-4.2.6/lib/active_support/core_ext/numeric/conversions.rb:131:in `block (2 levels) in <class:Numeric>'
/usr/local/bundle/gems/activesupport-4.2.6/lib/active_support/core_ext/numeric/conversions.rb:131:in `block (2 levels) in <class:Numeric>'
/usr/local/bundle/gems/activesupport-4.2.6/lib/active_support/core_ext/numeric/conversions.rb:131:in `block (2 levels) in <class:Numeric>'
/usr/local/bundle/gems/activesupport-4.2.6/lib/active_support/core_ext/numeric/conversions.rb:131:in `block (2 levels) in <class:Numeric>'
/usr/local/bundle/gems/activesupport-4.2.6/lib/active_support/core_ext/numeric/conversions.rb:131:in `block (2 levels) in <class:Numeric>'
/usr/local/bundle/gems/activesupport-4.2.6/lib/active_support/core_ext/numeric/conversions.rb:131:in `block (2 levels) in <class:Numeric>'
/usr/local/bundle/gems/activesupport-4.2.6/lib/active_support/core_ext/numeric/conversions.rb:131:in `block (2 levels) in <class:Numeric>'
/usr/local/bundle/gems/activesupport-4.2.6/lib/active_support/core_ext/numeric/conversions.rb:131:in `block (2 levels) in <class:Numeric>'
/usr/local/bundle/gems/activesupport-4.2.6/lib/active_support/core_ext/numeric/conversions.rb:131:in `block (2 levels) in <class:Numeric>'
/usr/local/bundle/gems/activesupport-4.2.6/lib/active_support/core_ext/numeric/conversions.rb:131:in `block (2 levels) in <class:Numeric>'
/usr/local/bundle/gems/activesupport-4.2.6/lib/active_support/core_ext/numeric/conversions.rb:131:in `block (2 levels) in <class:Numeric>'
/usr/local/bundle/gems/activesupport-4.2.6/lib/active_support/core_ext/numeric/conversions.rb:131:in `block (2 levels) in <class:Numeric>'
/usr/local/bundle/gems/activesupport-4.2.6/lib/active_support/core_ext/numeric/conversions.rb:131:in `block (2 levels) in <class:Numeric>'
/usr/local/bundle/gems/activesupport-4.2.6/lib/active_support/core_ext/numeric/conversions.rb:131:in `block (2 levels) in <class:Numeric>'
/usr/local/bundle/gems/activesupport-4.2.6/lib/active_support/core_ext/numeric/conversions.rb:131:in `block (2 levels) in <class:Numeric>'
/usr/local/bundle/gems/activesupport-4.2.6/lib/active_support/core_ext/numeric/conversions.rb:131:in `block (2 levels) in <class:Numeric>'
/usr/local/bundle/gems/activesupport-4.2.6/lib/active_support/core_ext/numeric/conversions.rb:131:in `block (2 levels) in <class:Numeric>'
/usr/local/bundle/gems/activesupport-4.2.6/lib/active_support/core_ext/numeric/conversions.rb:131:in `block (2 levels) in <class:Numeric>'
/usr/local/bundle/gems/activesupport-4.2.6/lib/active_support/core_ext/numeric/conversions.rb:131:in `block (2 levels) in <class:Numeric>'
/usr/local/bundle/gems/activesupport-4.2.6/lib/active_support/core_ext/numeric/conversions.rb:131:in `block (2 levels) in <class:Numeric>'
/usr/local/bundle/gems/activesupport-4.2.6/lib/active_support/core_ext/numeric/conversions.rb:131:in `block (2 levels) in <class:Numeric>'
/usr/local/bundle/gems/activesupport-4.2.6/lib/active_support/core_ext/numeric/conversions.rb:131:in `block (2 levels) in <class:Numeric>'
/usr/local/bundle/gems/activesupport-4.2.6/lib/active_support/core_ext/numeric/conversions.rb:131:in `block (2 levels) in <class:Numeric>'
/usr/local/bundle/gems/activesupport-4.2.6/lib/active_support/core_ext/numeric/conversions.rb:131:in `block (2 levels) in <class:Numeric>'
/usr/local/bundle/gems/activesupport-4.2.6/lib/active_support/core_ext/numeric/conversions.rb:131:in `block (2 levels) in <class:Numeric>'
/usr/local/bundle/gems/activesupport-4.2.6/lib/active_support/core_ext/numeric/conversions.rb:131:in `block (2 levels) in <class:Numeric>'
/usr/local/bundle/gems/activesupport-4.2.6/lib/active_support/core_ext/numeric/conversions.rb:131:in `block (2 levels) in <class:Numeric>'
/usr/local/bundle/gems/activesupport-4.2.6/lib/active_support/core_ext/numeric/conversions.rb:131:in `block (2 levels) in <class:Numeric>'
/usr/local/bundle/gems/activesupport-4.2.6/lib/active_support/core_ext/numeric/conversions.rb:131:in `block (2 levels) in <class:Numeric>'
/usr/local/bundle/gems/activesupport-4.2.6/lib/active_support/core_ext/numeric/conversions.rb:131:in `block (2 levels) in <class:Numeric>'
/usr/local/bundle/gems/activesupport-4.2.6/lib/active_support/core_ext/numeric/conversions.rb:131:in `block (2 levels) in <class:Numeric>'
/usr/local/bundle/gems/activesupport-4.2.6/lib/active_support/core_ext/numeric/conversions.rb:131:in `block (2 levels) in <class:Numeric>'
/usr/local/bundle/gems/activesupport-4.2.6/lib/active_support/core_ext/numeric/conversions.rb:131:in `block (2 levels) in <class:Numeric>'
/usr/local/bundle/gems/activesupport-4.2.6/lib/active_support/core_ext/numeric/conversions.rb:131:in `block (2 levels) in <class:Numeric>'
/usr/local/bundle/gems/activesupport-4.2.6/lib/active_support/core_ext/numeric/conversions.rb:131:in `block (2 levels) in <class:Numeric>'
/usr/local/bundle/gems/activesupport-4.2.6/lib/active_support/core_ext/numeric/conversions.rb:131:in `block (2 levels) in <class:Numeric>'
/usr/local/bundle/gems/activesupport-4.2.6/lib/active_support/core_ext/numeric/conversions.rb:131:in `block (2 levels) in <class:Numeric>'
/usr/local/bundle/gems/activesupport-4.2.6/lib/active_support/core_ext/numeric/conversions.rb:131:in `block (2 levels) in <class:Numeric>'
/usr/local/bundle/gems/activesupport-4.2.6/lib/active_support/core_ext/numeric/conversions.rb:131:in `block (2 levels) in <class:Numeric>'
/usr/local/bundle/gems/activesupport-4.2.6/lib/active_support/core_ext/numeric/conversions.rb:131:in `block (2 levels) in <class:Numeric>'
/usr/local/bundle/gems/activesupport-4.2.6/lib/active_support/core_ext/numeric/conversions.rb:131:in `block (2 levels) in <class:Numeric>'
/usr/local/bundle/gems/activesupport-4.2.6/lib/active_support/core_ext/numeric/conversions.rb:131:in `block (2 levels) in <class:Numeric>'
/usr/local/bundle/gems/activesupport-4.2.6/lib/active_support/core_ext/numeric/conversions.rb:131:in `block (2 levels) in <class:Numeric>'
/usr/local/bundle/gems/activesupport-4.2.6/lib/active_support/core_ext/numeric/conversions.rb:131:in `block (2 levels) in <class:Numeric>'
/usr/local/bundle/gems/activesupport-4.2.6/lib/active_support/core_ext/numeric/conversions.rb:131:in `block (2 levels) in <class:Numeric>'
/usr/local/bundle/gems/activesupport-4.2.6/lib/active_support/core_ext/numeric/conversions.rb:131:in `block (2 levels) in <class:Numeric>'
/usr/local/bundle/gems/activesupport-4.2.6/lib/active_support/core_ext/numeric/conversions.rb:131:in `block (2 levels) in <class:Numeric>'
/usr/local/bundle/gems/activesupport-4.2.6/lib/active_support/core_ext/numeric/conversions.rb:131:in `block (2 levels) in <class:Numeric>'
/usr/local/bundle/gems/activesupport-4.2.6/lib/active_support/core_ext/numeric/conversions.rb:131:in `block (2 levels) in <class:Numeric>'
/usr/local/bundle/gems/activesupport-4.2.6/lib/active_support/core_ext/numeric/conversions.rb:131:in `block (2 levels) in <class:Numeric>'
/usr/local/bundle/gems/activesupport-4.2.6/lib/active_support/core_ext/numeric/conversions.rb:131:in `block (2 levels) in <class:Numeric>'
/usr/local/bundle/gems/activesupport-4.2.6/lib/active_support/core_ext/numeric/conversions.rb:131:in `block (2 levels) in <class:Numeric>'
/usr/local/bundle/gems/activesupport-4.2.6/lib/active_support/core_ext/numeric/conversions.rb:131:in `block (2 levels) in <class:Numeric>'
/usr/local/bundle/gems/activesupport-4.2.6/lib/active_support/core_ext/numeric/conversions.rb:131:in `block (2 levels) in <class:Numeric>'
/usr/local/bundle/gems/activesupport-4.2.6/lib/active_support/core_ext/numeric/conversions.rb:131:in `block (2 levels) in <class:Numeric>'
/usr/local/bundle/gems/activesupport-4.2.6/lib/active_support/core_ext/numeric/conversions.rb:131:in `block (2 levels) in <class:Numeric>'
/usr/local/bundle/gems/activesupport-4.2.6/lib/active_support/core_ext/numeric/conversions.rb:131:in `block (2 levels) in <class:Numeric>'
/usr/local/bundle/gems/activesupport-4.2.6/lib/active_support/core_ext/numeric/conversions.rb:131:in `block (2 levels) in <class:Numeric>'
/usr/local/bundle/gems/activesupport-4.2.6/lib/active_support/core_ext/numeric/conversions.rb:131:in `block (2 levels) in <class:Numeric>'
/usr/local/bundle/gems/activesupport-4.2.6/lib/active_support/core_ext/numeric/conversions.rb:131:in `block (2 levels) in <class:Numeric>'
/usr/local/bundle/gems/activesupport-4.2.6/lib/active_support/core_ext/numeric/conversions.rb:131:in `block (2 levels) in <class:Numeric>'
/usr/local/bundle/gems/activesupport-4.2.6/lib/active_support/core_ext/numeric/conversions.rb:131:in `block (2 levels) in <class:Numeric>'
/usr/local/bundle/gems/activesupport-4.2.6/lib/active_support/core_ext/numeric/conversions.rb:131:in `block (2 levels) in <class:Numeric>'
/usr/local/bundle/gems/activesupport-4.2.6/lib/active_support/core_ext/numeric/conversions.rb:131:in `block (2 levels) in <class:Numeric>'
/usr/local/bundle/gems/activesupport-4.2.6/lib/active_support/core_ext/numeric/conversions.rb:131:in `block (2 levels) in <class:Numeric>'
/usr/local/bundle/gems/activesupport-4.2.6/lib/active_support/core_ext/numeric/conversions.rb:131:in `block (2 levels) in <class:Numeric>'
/usr/local/bundle/gems/activesupport-4.2.6/lib/active_support/core_ext/numeric/conversions.rb:131:in `block (2 levels) in <class:Numeric>'
/usr/local/bundle/gems/activesupport-4.2.6/lib/active_support/core_ext/numeric/conversions.rb:131:in `block (2 levels) in <class:Numeric>'
/usr/local/bundle/gems/activesupport-4.2.6/lib/active_support/core_ext/numeric/conversions.rb:131:in `block (2 levels) in <class:Numeric>'
/usr/local/bundle/gems/activesupport-4.2.6/lib/active_support/core_ext/numeric/conversions.rb:131:in `block (2 levels) in <class:Numeric>'
/usr/local/bundle/gems/activesupport-4.2.6/lib/active_support/core_ext/numeric/conversions.rb:131:in `block (2 levels) in <class:Numeric>'
/usr/local/bundle/gems/activesupport-4.2.6/lib/active_support/core_ext/numeric/conversions.rb:131:in `block (2 levels) in <class:Numeric>'
/usr/local/bundle/gems/activesupport-4.2.6/lib/active_support/core_ext/numeric/conversions.rb:131:in `block (2 levels) in <class:Numeric>'
/usr/local/bundle/gems/activesupport-4.2.6/lib/active_support/core_ext/numeric/conversions.rb:131:in `block (2 levels) in <class:Numeric>'
/usr/local/bundle/gems/activesupport-4.2.6/lib/active_support/core_ext/numeric/conversions.rb:131:in `block (2 levels) in <class:Numeric>'
/usr/local/bundle/gems/activesupport-4.2.6/lib/active_support/core_ext/numeric/conversions.rb:131:in `block (2 levels) in <class:Numeric>'
/usr/local/bundle/gems/activesupport-4.2.6/lib/active_support/core_ext/numeric/conversions.rb:131:in `block (2 levels) in <class:Numeric>'
/usr/local/bundle/gems/activesupport-4.2.6/lib/active_support/core_ext/numeric/conversions.rb:131:in `block (2 levels) in <class:Numeric>'
/usr/local/bundle/gems/activesupport-4.2.6/lib/active_support/core_ext/numeric/conversions.rb:131:in `block (2 levels) in <class:Numeric>'
/usr/local/bundle/gems/activesupport-4.2.6/lib/active_support/core_ext/numeric/conversions.rb:131:in `block (2 levels) in <class:Numeric>'
/usr/local/bundle/gems/activesupport-4.2.6/lib/active_support/core_ext/numeric/conversions.rb:131:in `block (2 levels) in <class:Numeric>'
/usr/local/bundle/gems/activesupport-4.2.6/lib/active_support/core_ext/numeric/conversions.rb:131:in `block (2 levels) in <class:Numeric>'
/usr/local/bundle/gems/activesupport-4.2.6/lib/active_support/core_ext/numeric/conversions.rb:131:in `block (2 levels) in <class:Numeric>'
/usr/local/bundle/gems/activesupport-4.2.6/lib/active_support/core_ext/numeric/conversions.rb:131:in `block (2 levels) in <class:Numeric>'
/usr/local/bundle/gems/activesupport-4.2.6/lib/active_support/core_ext/numeric/conversions.rb:131:in `block (2 levels) in <class:Numeric>'
/usr/local/bundle/gems/activesupport-4.2.6/lib/active_support/core_ext/numeric/conversions.rb:131:in `block (2 levels) in <class:Numeric>'
/usr/local/bundle/gems/activesupport-4.2.6/lib/active_support/core_ext/numeric/conversions.rb:131:in `block (2 levels) in <class:Numeric>'
/usr/local/bundle/gems/activesupport-4.2.6/lib/active_support/core_ext/numeric/conversions.rb:131:in `block (2 levels) in <class:Numeric>'
/usr/local/bundle/gems/activesupport-4.2.6/lib/active_support/core_ext/numeric/conversions.rb:131:in `block (2 levels) in <class:Numeric>'
/usr/local/bundle/gems/activesupport-4.2.6/lib/active_support/core_ext/numeric/conversions.rb:131:in `block (2 levels) in <class:Numeric>'
/usr/local/bundle/gems/activesupport-4.2.6/lib/active_support/core_ext/numeric/conversions.rb:131:in `block (2 levels) in <class:Numeric>'
/usr/local/bundle/gems/activesupport-4.2.6/lib/active_support/core_ext/numeric/conversions.rb:131:in `block (2 levels) in <class:Numeric>'
/usr/local/bundle/gems/activesupport-4.2.6/lib/active_support/core_ext/numeric/conversions.rb:131:in `block (2 levels) in <class:Numeric>'
/usr/local/bundle/gems/activesupport-4.2.6/lib/active_support/core_ext/numeric/conversions.rb:131:in `block (2 levels) in <class:Numeric>'
/usr/local/bundle/gems/activesupport-4.2.6/lib/active_support/core_ext/numeric/conversions.rb:131:in `block (2 levels) in <class:Numeric>'
/usr/local/bundle/gems/activesupport-4.2.6/lib/active_support/core_ext/numeric/conversions.rb:131:in `block (2 levels) in <class:Numeric>'
/usr/local/bundle/gems/activesupport-4.2.6/lib/active_support/core_ext/numeric/conversions.rb:131:in `block (2 levels) in <class:Numeric>'
/usr/local/bundle/gems/activesupport-4.2.6/lib/active_support/core_ext/numeric/conversions.rb:131:in `block (2 levels) in <class:Numeric>'
/usr/local/bundle/gems/activesupport-4.2.6/lib/active_support/core_ext/numeric/conversions.rb:131:in `block (2 levels) in <class:Numeric>'
/usr/local/bundle/gems/activesupport-4.2.6/lib/active_support/core_ext/numeric/conversions.rb:131:in `block (2 levels) in <class:Numeric>'
/usr/local/bundle/gems/activesupport-4.2.6/lib/active_support/core_ext/numeric/conversions.rb:131:in `block (2 levels) in <class:Numeric>'
/usr/local/bundle/gems/activesupport-4.2.6/lib/active_support/core_ext/numeric/conversions.rb:131:in `block (2 levels) in <class:Numeric>'
/usr/local/bundle/gems/activesupport-4.2.6/lib/active_support/core_ext/numeric/conversions.rb:131:in `block (2 levels) in <class:Numeric>'
/usr/local/bundle/gems/activesupport-4.2.6/lib/active_support/core_ext/numeric/conversions.rb:131:in `block (2 levels) in <class:Numeric>'
/usr/local/bundle/gems/activesupport-4.2.6/lib/active_support/core_ext/numeric/conversions.rb:131:in `block (2 levels) in <class:Numeric>'
/usr/local/bundle/gems/activesupport-4.2.6/lib/active_support/core_ext/numeric/conversions.rb:131:in `block (2 levels) in <class:Numeric>'
/usr/local/bundle/gems/activesupport-4.2.6/lib/active_support/core_ext/numeric/conversions.rb:131:in `block (2 levels) in <class:Numeric>'
/usr/local/bundle/gems/activesupport-4.2.6/lib/active_support/core_ext/numeric/conversions.rb:131:in `block (2 levels) in <class:Numeric>'
/usr/local/bundle/gems/activesupport-4.2.6/lib/active_support/core_ext/numeric/conversions.rb:131:in `block (2 levels) in <class:Numeric>'
/usr/local/bundle/gems/activesupport-4.2.6/lib/active_support/core_ext/numeric/conversions.rb:131:in `block (2 levels) in <class:Numeric>'
/usr/local/bundle/gems/activesupport-4.2.6/lib/active_support/core_ext/numeric/conversions.rb:131:in `block (2 levels) in <class:Numeric>'
/usr/local/bundle/gems/activesupport-4.2.6/lib/active_support/core_ext/numeric/conversions.rb:131:in `block (2 levels) in <class:Numeric>'
/usr/local/bundle/gems/activesupport-4.2.6/lib/active_support/core_ext/numeric/conversions.rb:131:in `block (2 levels) in <class:Numeric>'
/usr/local/bundle/gems/activesupport-4.2.6/lib/active_support/core_ext/numeric/conversions.rb:131:in `block (2 levels) in <class:Numeric>'
/usr/local/bundle/gems/activesupport-4.2.6/lib/active_support/core_ext/numeric/conversions.rb:131:in `block (2 levels) in <class:Numeric>'
/usr/local/bundle/gems/activesupport-4.2.6/lib/active_support/core_ext/numeric/conversions.rb:131:in `block (2 levels) in <class:Numeric>'
/usr/local/bundle/gems/activesupport-4.2.6/lib/active_support/core_ext/numeric/conversions.rb:131:in `block (2 levels) in <class:Numeric>'
/usr/local/bundle/gems/activesupport-4.2.6/lib/active_support/core_ext/numeric/conversions.rb:131:in `block (2 levels) in <class:Numeric>'
/usr/local/bundle/gems/activesupport-4.2.6/lib/active_support/core_ext/numeric/conversions.rb:131:in `block (2 levels) in <class:Numeric>'
/usr/local/bundle/gems/activesupport-4.2.6/lib/active_support/core_ext/numeric/conversions.rb:131:in `block (2 levels) in <class:Numeric>'
/usr/local/bundle/gems/activesupport-4.2.6/lib/active_support/core_ext/numeric/conversions.rb:131:in `block (2 levels) in <class:Numeric>'
/usr/local/bundle/gems/activesupport-4.2.6/lib/active_support/core_ext/numeric/conversions.rb:131:in `block (2 levels) in <class:Numeric>'
/usr/local/bundle/gems/activesupport-4.2.6/lib/active_support/core_ext/numeric/conversions.rb:131:in `block (2 levels) in <class:Numeric>'
/usr/local/bundle/gems/activesupport-4.2.6/lib/active_support/core_ext/numeric/conversions.rb:131:in `block (2 levels) in <class:Numeric>'
/usr/local/bundle/gems/activesupport-4.2.6/lib/active_support/core_ext/numeric/conversions.rb:131:in `block (2 levels) in <class:Numeric>'
/usr/local/bundle/gems/activesupport-4.2.6/lib/active_support/core_ext/numeric/conversions.rb:131:in `block (2 levels) in <class:Numeric>'
/usr/local/bundle/gems/activesupport-4.2.6/lib/active_support/core_ext/numeric/conversions.rb:131:in `block (2 levels) in <class:Numeric>'
/usr/local/bundle/gems/activesupport-4.2.6/lib/active_support/core_ext/numeric/conversions.rb:131:in `block (2 levels) in <class:Numeric>'
/usr/local/bundle/gems/activesupport-4.2.6/lib/active_support/core_ext/numeric/conversions.rb:131:in `block (2 levels) in <class:Numeric>'
/usr/local/bundle/gems/activesupport-4.2.6/lib/active_support/core_ext/numeric/conversions.rb:131:in `block (2 levels) in <class:Numeric>'
/usr/local/bundle/gems/activesupport-4.2.6/lib/active_support/core_ext/numeric/conversions.rb:131:in `block (2 levels) in <class:Numeric>'
/usr/local/bundle/gems/activesupport-4.2.6/lib/active_support/core_ext/numeric/conversions.rb:131:in `block (2 levels) in <class:Numeric>'
/usr/local/bundle/gems/activesupport-4.2.6/lib/active_support/core_ext/numeric/conversions.rb:131:in `block (2 levels) in <class:Numeric>'
/usr/local/bundle/gems/activesupport-4.2.6/lib/active_support/core_ext/numeric/conversions.rb:131:in `block (2 levels) in <class:Numeric>'
/usr/local/bundle/gems/activesupport-4.2.6/lib/active_support/core_ext/numeric/conversions.rb:131:in `block (2 levels) in <class:Numeric>'
/usr/local/bundle/gems/activesupport-4.2.6/lib/active_support/core_ext/numeric/conversions.rb:131:in `block (2 levels) in <class:Numeric>'
/usr/local/bundle/gems/activesupport-4.2.6/lib/active_support/core_ext/numeric/conversions.rb:131:in `block (2 levels) in <class:Numeric>'
/usr/local/bundle/gems/activesupport-4.2.6/lib/active_support/core_ext/numeric/conversions.rb:131:in `block (2 levels) in <class:Numeric>'
/usr/local/bundle/gems/activesupport-4.2.6/lib/active_support/core_ext/numeric/conversions.rb:131:in `block (2 levels) in <class:Numeric>'
/usr/local/bundle/gems/activesupport-4.2.6/lib/active_support/core_ext/numeric/conversions.rb:131:in `block (2 levels) in <class:Numeric>'
/usr/local/bundle/gems/activesupport-4.2.6/lib/active_support/core_ext/numeric/conversions.rb:131:in `block (2 levels) in <class:Numeric>'
/usr/local/bundle/gems/activesupport-4.2.6/lib/active_support/core_ext/numeric/conversions.rb:131:in `block (2 levels) in <class:Numeric>'
/usr/local/bundle/gems/activesupport-4.2.6/lib/active_support/core_ext/numeric/conversions.rb:131:in `block (2 levels) in <class:Numeric>'
/usr/local/bundle/gems/activesupport-4.2.6/lib/active_support/core_ext/numeric/conversions.rb:131:in `block (2 levels) in <class:Numeric>'
/usr/local/bundle/gems/activesupport-4.2.6/lib/active_support/core_ext/numeric/conversions.rb:131:in `block (2 levels) in <class:Numeric>'
/usr/local/bundle/gems/activesupport-4.2.6/lib/active_support/core_ext/numeric/conversions.rb:131:in `block (2 levels) in <class:Numeric>'
/usr/local/bundle/gems/activesupport-4.2.6/lib/active_support/core_ext/numeric/conversions.rb:131:in `block (2 levels) in <class:Numeric>'
/usr/local/bundle/gems/activesupport-4.2.6/lib/active_support/core_ext/numeric/conversions.rb:131:in `block (2 levels) in <class:Numeric>'
/usr/local/bundle/gems/activesupport-4.2.6/lib/active_support/core_ext/numeric/conversions.rb:131:in `block (2 levels) in <class:Numeric>'
/usr/local/bundle/gems/activesupport-4.2.6/lib/active_support/core_ext/numeric/conversions.rb:131:in `block (2 levels) in <class:Numeric>'
/usr/local/bundle/gems/activesupport-4.2.6/lib/active_support/core_ext/numeric/conversions.rb:131:in `block (2 levels) in <class:Numeric>'
/usr/local/bundle/gems/activesupport-4.2.6/lib/active_support/core_ext/numeric/conversions.rb:131:in `block (2 levels) in <class:Numeric>'
/usr/local/bundle/gems/activesupport-4.2.6/lib/active_support/core_ext/numeric/conversions.rb:131:in `block (2 levels) in <class:Numeric>'
/usr/local/bundle/gems/activesupport-4.2.6/lib/active_support/core_ext/numeric/conversions.rb:131:in `block (2 levels) in <class:Numeric>'
/usr/local/bundle/gems/activesupport-4.2.6/lib/active_support/core_ext/numeric/conversions.rb:131:in `block (2 levels) in <class:Numeric>'
/usr/local/bundle/gems/activesupport-4.2.6/lib/active_support/core_ext/numeric/conversions.rb:131:in `block (2 levels) in <class:Numeric>'
/usr/local/bundle/gems/activesupport-4.2.6/lib/active_support/core_ext/numeric/conversions.rb:131:in `block (2 levels) in <class:Numeric>'
/usr/local/bundle/gems/activesupport-4.2.6/lib/active_support/core_ext/numeric/conversions.rb:131:in `block (2 levels) in <class:Numeric>'
/usr/local/bundle/gems/activesupport-4.2.6/lib/active_support/core_ext/numeric/conversions.rb:131:in `block (2 levels) in <class:Numeric>'
/usr/local/bundle/gems/activesupport-4.2.6/lib/active_support/core_ext/numeric/conversions.rb:131:in `block (2 levels) in <class:Numeric>'
/usr/local/bundle/gems/activesupport-4.2.6/lib/active_support/core_ext/numeric/conversions.rb:131:in `block (2 levels) in <class:Numeric>'
/usr/local/bundle/gems/activesupport-4.2.6/lib/active_support/core_ext/numeric/conversions.rb:131:in `block (2 levels) in <class:Numeric>'
/usr/local/bundle/gems/activesupport-4.2.6/lib/active_support/core_ext/numeric/conversions.rb:131:in `block (2 levels) in <class:Numeric>'
/usr/local/bundle/gems/activesupport-4.2.6/lib/active_support/core_ext/numeric/conversions.rb:131:in `block (2 levels) in <class:Numeric>'
/usr/local/bundle/gems/activesupport-4.2.6/lib/active_support/core_ext/numeric/conversions.rb:131:in `block (2 levels) in <class:Numeric>'
/usr/local/bundle/gems/activesupport-4.2.6/lib/active_support/core_ext/numeric/conversions.rb:131:in `block (2 levels) in <class:Numeric>'
/usr/local/bundle/gems/activesupport-4.2.6/lib/active_support/core_ext/numeric/conversions.rb:131:in `block (2 levels) in <class:Numeric>'
/usr/local/bundle/gems/activesupport-4.2.6/lib/active_support/core_ext/numeric/conversions.rb:131:in `block (2 levels) in <class:Numeric>'
/usr/local/bundle/gems/activesupport-4.2.6/lib/active_support/core_ext/numeric/conversions.rb:131:in `block (2 levels) in <class:Numeric>'
/usr/local/bundle/gems/activesupport-4.2.6/lib/active_support/core_ext/numeric/conversions.rb:131:in `block (2 levels) in <class:Numeric>'
/usr/local/bundle/gems/activesupport-4.2.6/lib/active_support/core_ext/numeric/conversions.rb:131:in `block (2 levels) in <class:Numeric>'
/usr/local/bundle/gems/activesupport-4.2.6/lib/active_support/core_ext/numeric/conversions.rb:131:in `block (2 levels) in <class:Numeric>'
/usr/local/bundle/gems/activesupport-4.2.6/lib/active_support/core_ext/numeric/conversions.rb:131:in `block (2 levels) in <class:Numeric>'
/usr/local/bundle/gems/activesupport-4.2.6/lib/active_support/core_ext/numeric/conversions.rb:131:in `block (2 levels) in <class:Numeric>'
/usr/local/bundle/gems/activesupport-4.2.6/lib/active_support/core_ext/numeric/conversions.rb:131:in `block (2 levels) in <class:Numeric>'
/usr/local/bundle/gems/activesupport-4.2.6/lib/active_support/core_ext/numeric/conversions.rb:131:in `block (2 levels) in <class:Numeric>'
/usr/local/bundle/gems/activesupport-4.2.6/lib/active_support/core_ext/numeric/conversions.rb:131:in `block (2 levels) in <class:Numeric>'
/usr/local/bundle/gems/activesupport-4.2.6/lib/active_support/core_ext/numeric/conversions.rb:131:in `block (2 levels) in <class:Numeric>'
/usr/local/bundle/gems/activesupport-4.2.6/lib/active_support/core_ext/numeric/conversions.rb:131:in `block (2 levels) in <class:Numeric>'
/usr/local/bundle/gems/activesupport-4.2.6/lib/active_support/core_ext/numeric/conversions.rb:131:in `block (2 levels) in <class:Numeric>'
/usr/local/bundle/gems/activesupport-4.2.6/lib/active_support/core_ext/numeric/conversions.rb:131:in `block (2 levels) in <class:Numeric>'
/usr/local/bundle/gems/activesupport-4.2.6/lib/active_support/core_ext/numeric/conversions.rb:131:in `block (2 levels) in <class:Numeric>'
/usr/local/bundle/gems/activesupport-4.2.6/lib/active_support/core_ext/numeric/conversions.rb:131:in `block (2 levels) in <class:Numeric>'
/usr/local/bundle/gems/activesupport-4.2.6/lib/active_support/core_ext/numeric/conversions.rb:131:in `block (2 levels) in <class:Numeric>'
/usr/local/bundle/gems/activesupport-4.2.6/lib/active_support/core_ext/numeric/conversions.rb:131:in `block (2 levels) in <class:Numeric>'
/usr/local/bundle/gems/activesupport-4.2.6/lib/active_support/core_ext/numeric/conversions.rb:131:in `block (2 levels) in <class:Numeric>'
/usr/local/bundle/gems/activesupport-4.2.6/lib/active_support/core_ext/numeric/conversions.rb:131:in `block (2 levels) in <class:Numeric>'
/usr/local/bundle/gems/activesupport-4.2.6/lib/active_support/core_ext/numeric/conversions.rb:131:in `block (2 levels) in <class:Numeric>'
/usr/local/bundle/gems/activesupport-4.2.6/lib/active_support/core_ext/numeric/conversions.rb:131:in `block (2 levels) in <class:Numeric>'
/usr/local/bundle/gems/activesupport-4.2.6/lib/active_support/core_ext/numeric/conversions.rb:131:in `block (2 levels) in <class:Numeric>'
/usr/local/bundle/gems/activesupport-4.2.6/lib/active_support/core_ext/numeric/conversions.rb:131:in `block (2 levels) in <class:Numeric>'
/usr/local/bundle/gems/activesupport-4.2.6/lib/active_support/core_ext/numeric/conversions.rb:131:in `block (2 levels) in <class:Numeric>'
/usr/local/bundle/gems/activesupport-4.2.6/lib/active_support/core_ext/numeric/conversions.rb:131:in `block (2 levels) in <class:Numeric>'
/usr/local/bundle/gems/activesupport-4.2.6/lib/active_support/core_ext/numeric/conversions.rb:131:in `block (2 levels) in <class:Numeric>'
/usr/local/bundle/gems/activesupport-4.2.6/lib/active_support/core_ext/numeric/conversions.rb:131:in `block (2 levels) in <class:Numeric>'
/usr/local/bundle/gems/activesupport-4.2.6/lib/active_support/core_ext/numeric/conversions.rb:131:in `block (2 levels) in <class:Numeric>'
/usr/local/bundle/gems/activesupport-4.2.6/lib/active_support/core_ext/numeric/conversions.rb:131:in `block (2 levels) in <class:Numeric>'
/usr/local/bundle/gems/activesupport-4.2.6/lib/active_support/core_ext/numeric/conversions.rb:131:in `block (2 levels) in <class:Numeric>'
/usr/local/bundle/gems/activesupport-4.2.6/lib/active_support/core_ext/numeric/conversions.rb:131:in `block (2 levels) in <class:Numeric>'
/usr/local/bundle/gems/activesupport-4.2.6/lib/active_support/core_ext/numeric/conversions.rb:131:in `block (2 levels) in <class:Numeric>'
/usr/local/bundle/gems/activesupport-4.2.6/lib/active_support/core_ext/numeric/conversions.rb:131:in `block (2 levels) in <class:Numeric>'
/usr/local/bundle/gems/activesupport-4.2.6/lib/active_support/core_ext/numeric/conversions.rb:131:in `block (2 levels) in <class:Numeric>'
/usr/local/bundle/gems/activesupport-4.2.6/lib/active_support/core_ext/numeric/conversions.rb:131:in `block (2 levels) in <class:Numeric>'
/usr/local/bundle/gems/activesupport-4.2.6/lib/active_support/core_ext/numeric/conversions.rb:131:in `block (2 levels) in <class:Numeric>'
/usr/local/bundle/gems/activesupport-4.2.6/lib/active_support/core_ext/numeric/conversions.rb:131:in `block (2 levels) in <class:Numeric>'
/usr/local/bundle/gems/activesupport-4.2.6/lib/active_support/core_ext/numeric/conversions.rb:131:in `block (2 levels) in <class:Numeric>'
/usr/local/bundle/gems/activesupport-4.2.6/lib/active_support/core_ext/numeric/conversions.rb:131:in `block (2 levels) in <class:Numeric>'
/usr/local/bundle/gems/activesupport-4.2.6/lib/active_support/core_ext/numeric/conversions.rb:131:in `block (2 levels) in <class:Numeric>'
/usr/local/bundle/gems/activesupport-4.2.6/lib/active_support/core_ext/numeric/conversions.rb:131:in `block (2 levels) in <class:Numeric>'
/usr/local/bundle/gems/activesupport-4.2.6/lib/active_support/core_ext/numeric/conversions.rb:131:in `block (2 levels) in <class:Numeric>'
/usr/local/bundle/gems/activesupport-4.2.6/lib/active_support/core_ext/numeric/conversions.rb:131:in `block (2 levels) in <class:Numeric>'
/usr/local/bundle/gems/activesupport-4.2.6/lib/active_support/core_ext/numeric/conversions.rb:131:in `block (2 levels) in <class:Numeric>'
/usr/local/bundle/gems/activesupport-4.2.6/lib/active_support/core_ext/numeric/conversions.rb:131:in `block (2 levels) in <class:Numeric>'
/usr/local/bundle/gems/activesupport-4.2.6/lib/active_support/core_ext/numeric/conversions.rb:131:in `block (2 levels) in <class:Numeric>'
/usr/local/bundle/gems/activesupport-4.2.6/lib/active_support/core_ext/numeric/conversions.rb:131:in `block (2 levels) in <class:Numeric>'
/usr/local/bundle/gems/activesupport-4.2.6/lib/active_support/core_ext/numeric/conversions.rb:131:in `block (2 levels) in <class:Numeric>'
/usr/local/bundle/gems/activesupport-4.2.6/lib/active_support/core_ext/numeric/conversions.rb:131:in `block (2 levels) in <class:Numeric>'
/usr/local/bundle/gems/activesupport-4.2.6/lib/active_support/core_ext/numeric/conversions.rb:131:in `block (2 levels) in <class:Numeric>'
/usr/local/bundle/gems/activesupport-4.2.6/lib/active_support/core_ext/numeric/conversions.rb:131:in `block (2 levels) in <class:Numeric>'
/usr/local/bundle/gems/activesupport-4.2.6/lib/active_support/core_ext/numeric/conversions.rb:131:in `block (2 levels) in <class:Numeric>'
/usr/local/bundle/gems/activesupport-4.2.6/lib/active_support/core_ext/numeric/conversions.rb:131:in `block (2 levels) in <class:Numeric>'
/usr/local/bundle/gems/activesupport-4.2.6/lib/active_support/core_ext/numeric/conversions.rb:131:in `block (2 levels) in <class:Numeric>'
/usr/local/bundle/gems/activesupport-4.2.6/lib/active_support/core_ext/numeric/conversions.rb:131:in `block (2 levels) in <class:Numeric>'
/usr/local/bundle/gems/activesupport-4.2.6/lib/active_support/core_ext/numeric/conversions.rb:131:in `block (2 levels) in <class:Numeric>'
/usr/local/bundle/gems/activesupport-4.2.6/lib/active_support/core_ext/numeric/conversions.rb:131:in `block (2 levels) in <class:Numeric>'
/usr/local/bundle/gems/activesupport-4.2.6/lib/active_support/core_ext/numeric/conversions.rb:131:in `block (2 levels) in <class:Numeric>'
/usr/local/bundle/gems/activesupport-4.2.6/lib/active_support/core_ext/numeric/conversions.rb:131:in `block (2 levels) in <class:Numeric>'
/usr/local/bundle/gems/activesupport-4.2.6/lib/active_support/core_ext/numeric/conversions.rb:131:in `block (2 levels) in <class:Numeric>'
/usr/local/bundle/gems/activesupport-4.2.6/lib/active_support/core_ext/numeric/conversions.rb:131:in `block (2 levels) in <class:Numeric>'
/usr/local/bundle/gems/activesupport-4.2.6/lib/active_support/core_ext/numeric/conversions.rb:131:in `block (2 levels) in <class:Numeric>'
/usr/local/bundle/gems/activesupport-4.2.6/lib/active_support/core_ext/numeric/conversions.rb:131:in `block (2 levels) in <class:Numeric>'
/usr/local/bundle/gems/activesupport-4.2.6/lib/active_support/core_ext/numeric/conversions.rb:131:in `block (2 levels) in <class:Numeric>'
/usr/local/bundle/gems/activesupport-4.2.6/lib/active_support/core_ext/numeric/conversions.rb:131:in `block (2 levels) in <class:Numeric>'
/usr/local/bundle/gems/activesupport-4.2.6/lib/active_support/core_ext/numeric/conversions.rb:131:in `block (2 levels) in <class:Numeric>'
/usr/local/bundle/gems/activesupport-4.2.6/lib/active_support/core_ext/numeric/conversions.rb:131:in `block (2 levels) in <class:Numeric>'
/usr/local/bundle/gems/activesupport-4.2.6/lib/active_support/core_ext/numeric/conversions.rb:131:in `block (2 levels) in <class:Numeric>'
/usr/local/bundle/gems/activesupport-4.2.6/lib/active_support/core_ext/numeric/conversions.rb:131:in `block (2 levels) in <class:Numeric>'
/usr/local/bundle/gems/activesupport-4.2.6/lib/active_support/core_ext/numeric/conversions.rb:131:in `block (2 levels) in <class:Numeric>'
/usr/local/bundle/gems/activesupport-4.2.6/lib/active_support/core_ext/numeric/conversions.rb:131:in `block (2 levels) in <class:Numeric>'
/usr/local/bundle/gems/activesupport-4.2.6/lib/active_support/core_ext/numeric/conversions.rb:131:in `block (2 levels) in <class:Numeric>'
/usr/local/bundle/gems/activesupport-4.2.6/lib/active_support/core_ext/numeric/conversions.rb:131:in `block (2 levels) in <class:Numeric>'
/usr/local/bundle/gems/activesupport-4.2.6/lib/active_support/core_ext/numeric/conversions.rb:131:in `block (2 levels) in <class:Numeric>'
/usr/local/bundle/gems/activesupport-4.2.6/lib/active_support/core_ext/numeric/conversions.rb:131:in `block (2 levels) in <class:Numeric>'
/usr/local/bundle/gems/activesupport-4.2.6/lib/active_support/core_ext/numeric/conversions.rb:131:in `block (2 levels) in <class:Numeric>'
/usr/local/bundle/gems/activesupport-4.2.6/lib/active_support/core_ext/numeric/conversions.rb:131:in `block (2 levels) in <class:Numeric>'
/usr/local/bundle/gems/activesupport-4.2.6/lib/active_support/core_ext/numeric/conversions.rb:131:in `block (2 levels) in <class:Numeric>'
/usr/local/bundle/gems/activesupport-4.2.6/lib/active_support/core_ext/numeric/conversions.rb:131:in `block (2 levels) in <class:Numeric>'
/usr/local/bundle/gems/activesupport-4.2.6/lib/active_support/core_ext/numeric/conversions.rb:131:in `block (2 levels) in <class:Numeric>'
/usr/local/bundle/gems/activesupport-4.2.6/lib/active_support/core_ext/numeric/conversions.rb:131:in `block (2 levels) in <class:Numeric>'
/usr/local/bundle/gems/activesupport-4.2.6/lib/active_support/core_ext/numeric/conversions.rb:131:in `block (2 levels) in <class:Numeric>'
/usr/local/bundle/gems/activesupport-4.2.6/lib/active_support/core_ext/numeric/conversions.rb:131:in `block (2 levels) in <class:Numeric>'
/usr/local/bundle/gems/activesupport-4.2.6/lib/active_support/core_ext/numeric/conversions.rb:131:in `block (2 levels) in <class:Numeric>'
/usr/local/bundle/gems/activesupport-4.2.6/lib/active_support/core_ext/numeric/conversions.rb:131:in `block (2 levels) in <class:Numeric>'
/usr/local/bundle/gems/activesupport-4.2.6/lib/active_support/core_ext/numeric/conversions.rb:131:in `block (2 levels) in <class:Numeric>'
/usr/local/bundle/gems/activesupport-4.2.6/lib/active_support/core_ext/numeric/conversions.rb:131:in `block (2 levels) in <class:Numeric>'
/usr/local/bundle/gems/activesupport-4.2.6/lib/active_support/core_ext/numeric/conversions.rb:131:in `block (2 levels) in <class:Numeric>'
/usr/local/bundle/gems/activesupport-4.2.6/lib/active_support/core_ext/numeric/conversions.rb:131:in `block (2 levels) in <class:Numeric>'
/usr/local/bundle/gems/activesupport-4.2.6/lib/active_support/core_ext/numeric/conversions.rb:131:in `block (2 levels) in <class:Numeric>'
/usr/local/bundle/gems/activesupport-4.2.6/lib/active_support/core_ext/numeric/conversions.rb:131:in `block (2 levels) in <class:Numeric>'
/usr/local/bundle/gems/activesupport-4.2.6/lib/active_support/core_ext/numeric/conversions.rb:131:in `block (2 levels) in <class:Numeric>'
/usr/local/bundle/gems/activesupport-4.2.6/lib/active_support/core_ext/numeric/conversions.rb:131:in `block (2 levels) in <class:Numeric>'
/usr/local/bundle/gems/activesupport-4.2.6/lib/active_support/core_ext/numeric/conversions.rb:131:in `block (2 levels) in <class:Numeric>'
/usr/local/bundle/gems/activesupport-4.2.6/lib/active_support/core_ext/numeric/conversions.rb:131:in `block (2 levels) in <class:Numeric>'
/usr/local/bundle/gems/activesupport-4.2.6/lib/active_support/core_ext/numeric/conversions.rb:131:in `block (2 levels) in <class:Numeric>'
/usr/local/bundle/gems/activesupport-4.2.6/lib/active_support/core_ext/numeric/conversions.rb:131:in `block (2 levels) in <class:Numeric>'
/usr/local/bundle/gems/activesupport-4.2.6/lib/active_support/core_ext/numeric/conversions.rb:131:in `block (2 levels) in <class:Numeric>'
/usr/local/bundle/gems/activesupport-4.2.6/lib/active_support/core_ext/numeric/conversions.rb:131:in `block (2 levels) in <class:Numeric>'
/usr/local/bundle/gems/activesupport-4.2.6/lib/active_support/core_ext/numeric/conversions.rb:131:in `block (2 levels) in <class:Numeric>'
/usr/local/bundle/gems/activesupport-4.2.6/lib/active_support/core_ext/numeric/conversions.rb:131:in `block (2 levels) in <class:Numeric>'
/usr/local/bundle/gems/activesupport-4.2.6/lib/active_support/core_ext/numeric/conversions.rb:131:in `block (2 levels) in <class:Numeric>'
/usr/local/bundle/gems/activesupport-4.2.6/lib/active_support/core_ext/numeric/conversions.rb:131:in `block (2 levels) in <class:Numeric>'
/usr/local/bundle/gems/activesupport-4.2.6/lib/active_support/core_ext/numeric/conversions.rb:131:in `block (2 levels) in <class:Numeric>'
/usr/local/bundle/gems/activesupport-4.2.6/lib/active_support/core_ext/numeric/conversions.rb:131:in `block (2 levels) in <class:Numeric>'
/usr/local/bundle/gems/activesupport-4.2.6/lib/active_support/core_ext/numeric/conversions.rb:131:in `block (2 levels) in <class:Numeric>'
/usr/local/bundle/gems/activesupport-4.2.6/lib/active_support/core_ext/numeric/conversions.rb:131:in `block (2 levels) in <class:Numeric>'
/usr/local/bundle/gems/activesupport-4.2.6/lib/active_support/core_ext/numeric/conversions.rb:131:in `block (2 levels) in <class:Numeric>'
/usr/local/bundle/gems/activesupport-4.2.6/lib/active_support/core_ext/numeric/conversions.rb:131:in `block (2 levels) in <class:Numeric>'
/usr/local/bundle/gems/activesupport-4.2.6/lib/active_support/core_ext/numeric/conversions.rb:131:in `block (2 levels) in <class:Numeric>'
/usr/local/bundle/gems/activesupport-4.2.6/lib/active_support/core_ext/numeric/conversions.rb:131:in `block (2 levels) in <class:Numeric>'
/usr/local/bundle/gems/activesupport-4.2.6/lib/active_support/core_ext/numeric/conversions.rb:131:in `block (2 levels) in <class:Numeric>'
/usr/local/bundle/gems/activesupport-4.2.6/lib/active_support/core_ext/numeric/conversions.rb:131:in `block (2 levels) in <class:Numeric>'
/usr/local/bundle/gems/activesupport-4.2.6/lib/active_support/core_ext/numeric/conversions.rb:131:in `block (2 levels) in <class:Numeric>'
/usr/local/bundle/gems/activesupport-4.2.6/lib/active_support/core_ext/numeric/conversions.rb:131:in `block (2 levels) in <class:Numeric>'
/usr/local/bundle/gems/activesupport-4.2.6/lib/active_support/core_ext/numeric/conversions.rb:131:in `block (2 levels) in <class:Numeric>'
/usr/local/bundle/gems/activesupport-4.2.6/lib/active_support/core_ext/numeric/conversions.rb:131:in `block (2 levels) in <class:Numeric>'
/usr/local/bundle/gems/activesupport-4.2.6/lib/active_support/core_ext/numeric/conversions.rb:131:in `block (2 levels) in <class:Numeric>'
/usr/local/bundle/gems/activesupport-4.2.6/lib/active_support/core_ext/numeric/conversions.rb:131:in `block (2 levels) in <class:Numeric>'
/usr/local/bundle/gems/activesupport-4.2.6/lib/active_support/core_ext/numeric/conversions.rb:131:in `block (2 levels) in <class:Numeric>'
/usr/local/bundle/gems/activesupport-4.2.6/lib/active_support/core_ext/numeric/conversions.rb:131:in `block (2 levels) in <class:Numeric>'
/usr/local/bundle/gems/activesupport-4.2.6/lib/active_support/core_ext/numeric/conversions.rb:131:in `block (2 levels) in <class:Numeric>'
/usr/local/bundle/gems/activesupport-4.2.6/lib/active_support/core_ext/numeric/conversions.rb:131:in `block (2 levels) in <class:Numeric>'
/usr/local/bundle/gems/activesupport-4.2.6/lib/active_support/core_ext/numeric/conversions.rb:131:in `block (2 levels) in <class:Numeric>'
/usr/local/bundle/gems/activesupport-4.2.6/lib/active_support/core_ext/numeric/conversions.rb:131:in `block (2 levels) in <class:Numeric>'
/usr/local/bundle/gems/activesupport-4.2.6/lib/active_support/core_ext/numeric/conversions.rb:131:in `block (2 levels) in <class:Numeric>'
/usr/local/bundle/gems/activesupport-4.2.6/lib/active_support/core_ext/numeric/conversions.rb:131:in `block (2 levels) in <class:Numeric>'
/usr/local/bundle/gems/activesupport-4.2.6/lib/active_support/core_ext/numeric/conversions.rb:131:in `block (2 levels) in <class:Numeric>'
/usr/local/bundle/gems/activesupport-4.2.6/lib/active_support/core_ext/numeric/conversions.rb:131:in `block (2 levels) in <class:Numeric>'
/usr/local/bundle/gems/activesupport-4.2.6/lib/active_support/core_ext/numeric/conversions.rb:131:in `block (2 levels) in <class:Numeric>'
/usr/local/bundle/gems/activesupport-4.2.6/lib/active_support/core_ext/numeric/conversions.rb:131:in `block (2 levels) in <class:Numeric>'
/usr/local/bundle/gems/activesupport-4.2.6/lib/active_support/core_ext/numeric/conversions.rb:131:in `block (2 levels) in <class:Numeric>'
/usr/local/bundle/gems/activesupport-4.2.6/lib/active_support/core_ext/numeric/conversions.rb:131:in `block (2 levels) in <class:Numeric>'
/usr/local/bundle/gems/activesupport-4.2.6/lib/active_support/core_ext/numeric/conversions.rb:131:in `block (2 levels) in <class:Numeric>'
/usr/local/bundle/gems/activesupport-4.2.6/lib/active_support/core_ext/numeric/conversions.rb:131:in `block (2 levels) in <class:Numeric>'
/usr/local/bundle/gems/activesupport-4.2.6/lib/active_support/core_ext/numeric/conversions.rb:131:in `block (2 levels) in <class:Numeric>'
/usr/local/bundle/gems/activesupport-4.2.6/lib/active_support/core_ext/numeric/conversions.rb:131:in `block (2 levels) in <class:Numeric>'
/usr/local/bundle/gems/activesupport-4.2.6/lib/active_support/core_ext/numeric/conversions.rb:131:in `block (2 levels) in <class:Numeric>'
/usr/local/bundle/gems/activesupport-4.2.6/lib/active_support/core_ext/numeric/conversions.rb:131:in `block (2 levels) in <class:Numeric>'
/usr/local/bundle/gems/activesupport-4.2.6/lib/active_support/core_ext/numeric/conversions.rb:131:in `block (2 levels) in <class:Numeric>'
/usr/local/bundle/gems/activesupport-4.2.6/lib/active_support/core_ext/numeric/conversions.rb:131:in `block (2 levels) in <class:Numeric>'
/usr/local/bundle/gems/activesupport-4.2.6/lib/active_support/core_ext/numeric/conversions.rb:131:in `block (2 levels) in <class:Numeric>'
/usr/local/bundle/gems/activesupport-4.2.6/lib/active_support/core_ext/numeric/conversions.rb:131:in `block (2 levels) in <class:Numeric>'
/usr/local/bundle/gems/activesupport-4.2.6/lib/active_support/core_ext/numeric/conversions.rb:131:in `block (2 levels) in <class:Numeric>'
/usr/local/bundle/gems/activesupport-4.2.6/lib/active_support/core_ext/numeric/conversions.rb:131:in `block (2 levels) in <class:Numeric>'
/usr/local/bundle/gems/activesupport-4.2.6/lib/active_support/core_ext/numeric/conversions.rb:131:in `block (2 levels) in <class:Numeric>'
/usr/local/bundle/gems/activesupport-4.2.6/lib/active_support/core_ext/numeric/conversions.rb:131:in `block (2 levels) in <class:Numeric>'
/usr/local/bundle/gems/activesupport-4.2.6/lib/active_support/core_ext/numeric/conversions.rb:131:in `block (2 levels) in <class:Numeric>'
/usr/local/bundle/gems/activesupport-4.2.6/lib/active_support/core_ext/numeric/conversions.rb:131:in `block (2 levels) in <class:Numeric>'
/usr/local/bundle/gems/activesupport-4.2.6/lib/active_support/core_ext/numeric/conversions.rb:131:in `block (2 levels) in <class:Numeric>'
/usr/local/bundle/gems/activesupport-4.2.6/lib/active_support/core_ext/numeric/conversions.rb:131:in `block (2 levels) in <class:Numeric>'
/usr/local/bundle/gems/activesupport-4.2.6/lib/active_support/core_ext/numeric/conversions.rb:131:in `block (2 levels) in <class:Numeric>'
/usr/local/bundle/gems/activesupport-4.2.6/lib/active_support/core_ext/numeric/conversions.rb:131:in `block (2 levels) in <class:Numeric>'
/usr/local/bundle/gems/activesupport-4.2.6/lib/active_support/core_ext/numeric/conversions.rb:131:in `block (2 levels) in <class:Numeric>'
/usr/local/bundle/gems/activesupport-4.2.6/lib/active_support/core_ext/numeric/conversions.rb:131:in `block (2 levels) in <class:Numeric>'
/usr/local/bundle/gems/activesupport-4.2.6/lib/active_support/core_ext/numeric/conversions.rb:131:in `block (2 levels) in <class:Numeric>'
/usr/local/bundle/gems/activesupport-4.2.6/lib/active_support/core_ext/numeric/conversions.rb:131:in `block (2 levels) in <class:Numeric>'
/usr/local/bundle/gems/activesupport-4.2.6/lib/active_support/core_ext/numeric/conversions.rb:131:in `block (2 levels) in <class:Numeric>'
/usr/local/bundle/gems/activesupport-4.2.6/lib/active_support/core_ext/numeric/conversions.rb:131:in `block (2 levels) in <class:Numeric>'
/usr/local/bundle/gems/activesupport-4.2.6/lib/active_support/core_ext/numeric/conversions.rb:131:in `block (2 levels) in <class:Numeric>'
/usr/local/bundle/gems/activesupport-4.2.6/lib/active_support/core_ext/numeric/conversions.rb:131:in `block (2 levels) in <class:Numeric>'
/usr/local/bundle/gems/activesupport-4.2.6/lib/active_support/core_ext/numeric/conversions.rb:131:in `block (2 levels) in <class:Numeric>'
/usr/local/bundle/gems/activesupport-4.2.6/lib/active_support/core_ext/numeric/conversions.rb:131:in `block (2 levels) in <class:Numeric>'
/usr/local/bundle/gems/activesupport-4.2.6/lib/active_support/core_ext/numeric/conversions.rb:131:in `block (2 levels) in <class:Numeric>'
/usr/local/bundle/gems/activesupport-4.2.6/lib/active_support/core_ext/numeric/conversions.rb:131:in `block (2 levels) in <class:Numeric>'
/usr/local/bundle/gems/activesupport-4.2.6/lib/active_support/core_ext/numeric/conversions.rb:131:in `block (2 levels) in <class:Numeric>'
/usr/local/bundle/gems/activesupport-4.2.6/lib/active_support/core_ext/numeric/conversions.rb:131:in `block (2 levels) in <class:Numeric>'
/usr/local/bundle/gems/activesupport-4.2.6/lib/active_support/core_ext/numeric/conversions.rb:131:in `block (2 levels) in <class:Numeric>'
/usr/local/bundle/gems/activesupport-4.2.6/lib/active_support/core_ext/numeric/conversions.rb:131:in `block (2 levels) in <class:Numeric>'
/usr/local/bundle/gems/activesupport-4.2.6/lib/active_support/core_ext/numeric/conversions.rb:131:in `block (2 levels) in <class:Numeric>'
/usr/local/bundle/gems/activesupport-4.2.6/lib/active_support/core_ext/numeric/conversions.rb:131:in `block (2 levels) in <class:Numeric>'
/usr/local/bundle/gems/activesupport-4.2.6/lib/active_support/core_ext/numeric/conversions.rb:131:in `block (2 levels) in <class:Numeric>'
/usr/local/bundle/gems/activesupport-4.2.6/lib/active_support/core_ext/numeric/conversions.rb:131:in `block (2 levels) in <class:Numeric>'
/usr/local/bundle/gems/activesupport-4.2.6/lib/active_support/core_ext/numeric/conversions.rb:131:in `block (2 levels) in <class:Numeric>'
/usr/local/bundle/gems/activesupport-4.2.6/lib/active_support/core_ext/numeric/conversions.rb:131:in `block (2 levels) in <class:Numeric>'
/usr/local/bundle/gems/activesupport-4.2.6/lib/active_support/core_ext/numeric/conversions.rb:131:in `block (2 levels) in <class:Numeric>'
/usr/local/bundle/gems/activesupport-4.2.6/lib/active_support/core_ext/numeric/conversions.rb:131:in `block (2 levels) in <class:Numeric>'
/usr/local/bundle/gems/activesupport-4.2.6/lib/active_support/core_ext/numeric/conversions.rb:131:in `block (2 levels) in <class:Numeric>'
/usr/local/bundle/gems/activesupport-4.2.6/lib/active_support/core_ext/numeric/conversions.rb:131:in `block (2 levels) in <class:Numeric>'
/usr/local/bundle/gems/activesupport-4.2.6/lib/active_support/core_ext/numeric/conversions.rb:131:in `block (2 levels) in <class:Numeric>'
/usr/local/bundle/gems/activesupport-4.2.6/lib/active_support/core_ext/numeric/conversions.rb:131:in `block (2 levels) in <class:Numeric>'
/usr/local/bundle/gems/activesupport-4.2.6/lib/active_support/core_ext/numeric/conversions.rb:131:in `block (2 levels) in <class:Numeric>'
/usr/local/bundle/gems/activesupport-4.2.6/lib/active_support/core_ext/numeric/conversions.rb:131:in `block (2 levels) in <class:Numeric>'
/usr/local/bundle/gems/activesupport-4.2.6/lib/active_support/core_ext/numeric/conversions.rb:131:in `block (2 levels) in <class:Numeric>'
/usr/local/bundle/gems/activesupport-4.2.6/lib/active_support/core_ext/numeric/conversions.rb:131:in `block (2 levels) in <class:Numeric>'
/usr/local/bundle/gems/activesupport-4.2.6/lib/active_support/core_ext/numeric/conversions.rb:131:in `block (2 levels) in <class:Numeric>'
/usr/local/bundle/gems/activesupport-4.2.6/lib/active_support/core_ext/numeric/conversions.rb:131:in `block (2 levels) in <class:Numeric>'
/usr/local/bundle/gems/activesupport-4.2.6/lib/active_support/core_ext/numeric/conversions.rb:131:in `block (2 levels) in <class:Numeric>'
/usr/local/bundle/gems/activesupport-4.2.6/lib/active_support/core_ext/numeric/conversions.rb:131:in `block (2 levels) in <class:Numeric>'
/usr/local/bundle/gems/activesupport-4.2.6/lib/active_support/core_ext/numeric/conversions.rb:131:in `block (2 levels) in <class:Numeric>'
/usr/local/bundle/gems/activesupport-4.2.6/lib/active_support/core_ext/numeric/conversions.rb:131:in `block (2 levels) in <class:Numeric>'
/usr/local/bundle/gems/activesupport-4.2.6/lib/active_support/core_ext/numeric/conversions.rb:131:in `block (2 levels) in <class:Numeric>'
/usr/local/bundle/gems/activesupport-4.2.6/lib/active_support/core_ext/numeric/conversions.rb:131:in `block (2 levels) in <class:Numeric>'
/usr/local/bundle/gems/activesupport-4.2.6/lib/active_support/core_ext/numeric/conversions.rb:131:in `block (2 levels) in <class:Numeric>'
/usr/local/bundle/gems/activesupport-4.2.6/lib/active_support/core_ext/numeric/conversions.rb:131:in `block (2 levels) in <class:Numeric>'
/usr/local/bundle/gems/activesupport-4.2.6/lib/active_support/core_ext/numeric/conversions.rb:131:in `block (2 levels) in <class:Numeric>'
/usr/local/bundle/gems/activesupport-4.2.6/lib/active_support/core_ext/numeric/conversions.rb:131:in `block (2 levels) in <class:Numeric>'
/usr/local/bundle/gems/activesupport-4.2.6/lib/active_support/core_ext/numeric/conversions.rb:131:in `block (2 levels) in <class:Numeric>'
/usr/local/bundle/gems/activesupport-4.2.6/lib/active_support/core_ext/numeric/conversions.rb:131:in `block (2 levels) in <class:Numeric>'
/usr/local/bundle/gems/activesupport-4.2.6/lib/active_support/core_ext/numeric/conversions.rb:131:in `block (2 levels) in <class:Numeric>'
/usr/local/bundle/gems/activesupport-4.2.6/lib/active_support/core_ext/numeric/conversions.rb:131:in `block (2 levels) in <class:Numeric>'
/usr/local/bundle/gems/activesupport-4.2.6/lib/active_support/core_ext/numeric/conversions.rb:131:in `block (2 levels) in <class:Numeric>'
/usr/local/bundle/gems/activesupport-4.2.6/lib/active_support/core_ext/numeric/conversions.rb:131:in `block (2 levels) in <class:Numeric>'
/usr/local/bundle/gems/activesupport-4.2.6/lib/active_support/core_ext/numeric/conversions.rb:131:in `block (2 levels) in <class:Numeric>'
/usr/local/bundle/gems/activesupport-4.2.6/lib/active_support/core_ext/numeric/conversions.rb:131:in `block (2 levels) in <class:Numeric>'
/usr/local/bundle/gems/activesupport-4.2.6/lib/active_support/core_ext/numeric/conversions.rb:131:in `block (2 levels) in <class:Numeric>'
/usr/local/bundle/gems/activesupport-4.2.6/lib/active_support/core_ext/numeric/conversions.rb:131:in `block (2 levels) in <class:Numeric>'
/usr/local/bundle/gems/activesupport-4.2.6/lib/active_support/core_ext/numeric/conversions.rb:131:in `block (2 levels) in <class:Numeric>'
/usr/local/bundle/gems/activesupport-4.2.6/lib/active_support/core_ext/numeric/conversions.rb:131:in `block (2 levels) in <class:Numeric>'
/usr/local/bundle/gems/activesupport-4.2.6/lib/active_support/core_ext/numeric/conversions.rb:131:in `block (2 levels) in <class:Numeric>'
/usr/local/bundle/gems/activesupport-4.2.6/lib/active_support/core_ext/numeric/conversions.rb:131:in `block (2 levels) in <class:Numeric>'
/usr/local/bundle/gems/activesupport-4.2.6/lib/active_support/core_ext/numeric/conversions.rb:131:in `block (2 levels) in <class:Numeric>'
/usr/local/bundle/gems/activesupport-4.2.6/lib/active_support/core_ext/numeric/conversions.rb:131:in `block (2 levels) in <class:Numeric>'
/usr/local/bundle/gems/activesupport-4.2.6/lib/active_support/core_ext/numeric/conversions.rb:131:in `block (2 levels) in <class:Numeric>'
/usr/local/bundle/gems/activesupport-4.2.6/lib/active_support/core_ext/numeric/conversions.rb:131:in `block (2 levels) in <class:Numeric>'
/usr/local/bundle/gems/activesupport-4.2.6/lib/active_support/core_ext/numeric/conversions.rb:131:in `block (2 levels) in <class:Numeric>'
/usr/local/bundle/gems/activesupport-4.2.6/lib/active_support/core_ext/numeric/conversions.rb:131:in `block (2 levels) in <class:Numeric>'
/usr/local/bundle/gems/activesupport-4.2.6/lib/active_support/core_ext/numeric/conversions.rb:131:in `block (2 levels) in <class:Numeric>'
/usr/local/bundle/gems/activesupport-4.2.6/lib/active_support/core_ext/numeric/conversions.rb:131:in `block (2 levels) in <class:Numeric>'
/usr/local/bundle/gems/activesupport-4.2.6/lib/active_support/core_ext/numeric/conversions.rb:131:in `block (2 levels) in <class:Numeric>'
/usr/local/bundle/gems/activesupport-4.2.6/lib/active_support/core_ext/numeric/conversions.rb:131:in `block (2 levels) in <class:Numeric>'
/usr/local/bundle/gems/activesupport-4.2.6/lib/active_support/core_ext/numeric/conversions.rb:131:in `block (2 levels) in <class:Numeric>'
/usr/local/bundle/gems/activesupport-4.2.6/lib/active_support/core_ext/numeric/conversions.rb:131:in `block (2 levels) in <class:Numeric>'
/usr/local/bundle/gems/activesupport-4.2.6/lib/active_support/core_ext/numeric/conversions.rb:131:in `block (2 levels) in <class:Numeric>'
/usr/local/bundle/gems/activesupport-4.2.6/lib/active_support/core_ext/numeric/conversions.rb:131:in `block (2 levels) in <class:Numeric>'
/usr/local/bundle/gems/activesupport-4.2.6/lib/active_support/core_ext/numeric/conversions.rb:131:in `block (2 levels) in <class:Numeric>'
/usr/local/bundle/gems/activesupport-4.2.6/lib/active_support/core_ext/numeric/conversions.rb:131:in `block (2 levels) in <class:Numeric>'
/usr/local/bundle/gems/activesupport-4.2.6/lib/active_support/core_ext/numeric/conversions.rb:131:in `block (2 levels) in <class:Numeric>'
/usr/local/bundle/gems/activesupport-4.2.6/lib/active_support/core_ext/numeric/conversions.rb:131:in `block (2 levels) in <class:Numeric>'
/usr/local/bundle/gems/activesupport-4.2.6/lib/active_support/core_ext/numeric/conversions.rb:131:in `block (2 levels) in <class:Numeric>'
/usr/local/bundle/gems/activesupport-4.2.6/lib/active_support/core_ext/numeric/conversions.rb:131:in `block (2 levels) in <class:Numeric>'
/usr/local/bundle/gems/activesupport-4.2.6/lib/active_support/core_ext/numeric/conversions.rb:131:in `block (2 levels) in <class:Numeric>'
/usr/local/bundle/gems/activesupport-4.2.6/lib/active_support/core_ext/numeric/conversions.rb:131:in `block (2 levels) in <class:Numeric>'
/usr/local/bundle/gems/activesupport-4.2.6/lib/active_support/core_ext/numeric/conversions.rb:131:in `block (2 levels) in <class:Numeric>'
/usr/local/bundle/gems/activesupport-4.2.6/lib/active_support/core_ext/numeric/conversions.rb:131:in `block (2 levels) in <class:Numeric>'
/usr/local/bundle/gems/activesupport-4.2.6/lib/active_support/core_ext/numeric/conversions.rb:131:in `block (2 levels) in <class:Numeric>'
/usr/local/bundle/gems/activesupport-4.2.6/lib/active_support/core_ext/numeric/conversions.rb:131:in `block (2 levels) in <class:Numeric>'
/usr/local/bundle/gems/activesupport-4.2.6/lib/active_support/core_ext/numeric/conversions.rb:131:in `block (2 levels) in <class:Numeric>'
/usr/local/bundle/gems/activesupport-4.2.6/lib/active_support/core_ext/numeric/conversions.rb:131:in `block (2 levels) in <class:Numeric>'
/usr/local/bundle/gems/activesupport-4.2.6/lib/active_support/core_ext/numeric/conversions.rb:131:in `block (2 levels) in <class:Numeric>'
/usr/local/bundle/gems/activesupport-4.2.6/lib/active_support/core_ext/numeric/conversions.rb:131:in `block (2 levels) in <class:Numeric>'
/usr/local/bundle/gems/activesupport-4.2.6/lib/active_support/core_ext/numeric/conversions.rb:131:in `block (2 levels) in <class:Numeric>'
/usr/local/bundle/gems/activesupport-4.2.6/lib/active_support/core_ext/numeric/conversions.rb:131:in `block (2 levels) in <class:Numeric>'
/usr/local/bundle/gems/activesupport-4.2.6/lib/active_support/core_ext/numeric/conversions.rb:131:in `block (2 levels) in <class:Numeric>'
/usr/local/bundle/gems/activesupport-4.2.6/lib/active_support/core_ext/numeric/conversions.rb:131:in `block (2 levels) in <class:Numeric>'
/usr/local/bundle/gems/activesupport-4.2.6/lib/active_support/core_ext/numeric/conversions.rb:131:in `block (2 levels) in <class:Numeric>'
/usr/local/bundle/gems/activesupport-4.2.6/lib/active_support/core_ext/numeric/conversions.rb:131:in `block (2 levels) in <class:Numeric>'
/usr/local/bundle/gems/activesupport-4.2.6/lib/active_support/core_ext/numeric/conversions.rb:131:in `block (2 levels) in <class:Numeric>'
/usr/local/bundle/gems/activesupport-4.2.6/lib/active_support/core_ext/numeric/conversions.rb:131:in `block (2 levels) in <class:Numeric>'
/usr/local/bundle/gems/activesupport-4.2.6/lib/active_support/core_ext/numeric/conversions.rb:131:in `block (2 levels) in <class:Numeric>'
/usr/local/bundle/gems/activesupport-4.2.6/lib/active_support/core_ext/numeric/conversions.rb:131:in `block (2 levels) in <class:Numeric>'
/usr/local/bundle/gems/activesupport-4.2.6/lib/active_support/core_ext/numeric/conversions.rb:131:in `block (2 levels) in <class:Numeric>'
/usr/local/bundle/gems/activesupport-4.2.6/lib/active_support/core_ext/numeric/conversions.rb:131:in `block (2 levels) in <class:Numeric>'
/usr/local/bundle/gems/activesupport-4.2.6/lib/active_support/core_ext/numeric/conversions.rb:131:in `block (2 levels) in <class:Numeric>'
/usr/local/bundle/gems/activesupport-4.2.6/lib/active_support/core_ext/numeric/conversions.rb:131:in `block (2 levels) in <class:Numeric>'
/usr/local/bundle/gems/activesupport-4.2.6/lib/active_support/core_ext/numeric/conversions.rb:131:in `block (2 levels) in <class:Numeric>'
/usr/local/bundle/gems/activesupport-4.2.6/lib/active_support/core_ext/numeric/conversions.rb:131:in `block (2 levels) in <class:Numeric>'
/usr/local/bundle/gems/activesupport-4.2.6/lib/active_support/core_ext/numeric/conversions.rb:131:in `block (2 levels) in <class:Numeric>'
/usr/local/bundle/gems/activesupport-4.2.6/lib/active_support/core_ext/numeric/conversions.rb:131:in `block (2 levels) in <class:Numeric>'
/usr/local/bundle/gems/activesupport-4.2.6/lib/active_support/core_ext/numeric/conversions.rb:131:in `block (2 levels) in <class:Numeric>'
/usr/local/bundle/gems/activesupport-4.2.6/lib/active_support/core_ext/numeric/conversions.rb:131:in `block (2 levels) in <class:Numeric>'
/usr/local/bundle/gems/activesupport-4.2.6/lib/active_support/core_ext/numeric/conversions.rb:131:in `block (2 levels) in <class:Numeric>'
/usr/local/bundle/gems/activesupport-4.2.6/lib/active_support/core_ext/numeric/conversions.rb:131:in `block (2 levels) in <class:Numeric>'
/usr/local/bundle/gems/activesupport-4.2.6/lib/active_support/core_ext/numeric/conversions.rb:131:in `block (2 levels) in <class:Numeric>'
/usr/local/bundle/gems/activesupport-4.2.6/lib/active_support/core_ext/numeric/conversions.rb:131:in `block (2 levels) in <class:Numeric>'
/usr/local/bundle/gems/activesupport-4.2.6/lib/active_support/core_ext/numeric/conversions.rb:131:in `block (2 levels) in <class:Numeric>'
/usr/local/bundle/gems/activesupport-4.2.6/lib/active_support/core_ext/numeric/conversions.rb:131:in `block (2 levels) in <class:Numeric>'
/usr/local/bundle/gems/activesupport-4.2.6/lib/active_support/core_ext/numeric/conversions.rb:131:in `block (2 levels) in <class:Numeric>'
/usr/local/bundle/gems/activesupport-4.2.6/lib/active_support/core_ext/numeric/conversions.rb:131:in `block (2 levels) in <class:Numeric>'
/usr/local/bundle/gems/activesupport-4.2.6/lib/active_support/core_ext/numeric/conversions.rb:131:in `block (2 levels) in <class:Numeric>'
/usr/local/bundle/gems/activesupport-4.2.6/lib/active_support/core_ext/numeric/conversions.rb:131:in `block (2 levels) in <class:Numeric>'
/usr/local/bundle/gems/activesupport-4.2.6/lib/active_support/core_ext/numeric/conversions.rb:131:in `block (2 levels) in <class:Numeric>'
/usr/local/bundle/gems/activesupport-4.2.6/lib/active_support/core_ext/numeric/conversions.rb:131:in `block (2 levels) in <class:Numeric>'
/usr/local/bundle/gems/activesupport-4.2.6/lib/active_support/core_ext/numeric/conversions.rb:131:in `block (2 levels) in <class:Numeric>'
/usr/local/bundle/gems/activesupport-4.2.6/lib/active_support/core_ext/numeric/conversions.rb:131:in `block (2 levels) in <class:Numeric>'
/usr/local/bundle/gems/activesupport-4.2.6/lib/active_support/core_ext/numeric/conversions.rb:131:in `block (2 levels) in <class:Numeric>'
/usr/local/bundle/gems/activesupport-4.2.6/lib/active_support/core_ext/numeric/conversions.rb:131:in `block (2 levels) in <class:Numeric>'
/usr/local/bundle/gems/activesupport-4.2.6/lib/active_support/core_ext/numeric/conversions.rb:131:in `block (2 levels) in <class:Numeric>'
/usr/local/bundle/gems/activesupport-4.2.6/lib/active_support/core_ext/numeric/conversions.rb:131:in `block (2 levels) in <class:Numeric>'
/usr/local/bundle/gems/activesupport-4.2.6/lib/active_support/core_ext/numeric/conversions.rb:131:in `block (2 levels) in <class:Numeric>'
/usr/local/bundle/gems/activesupport-4.2.6/lib/active_support/core_ext/numeric/conversions.rb:131:in `block (2 levels) in <class:Numeric>'
/usr/local/bundle/gems/activesupport-4.2.6/lib/active_support/core_ext/numeric/conversions.rb:131:in `block (2 levels) in <class:Numeric>'
/usr/local/bundle/gems/activesupport-4.2.6/lib/active_support/core_ext/numeric/conversions.rb:131:in `block (2 levels) in <class:Numeric>'
/usr/local/bundle/gems/activesupport-4.2.6/lib/active_support/core_ext/numeric/conversions.rb:131:in `block (2 levels) in <class:Numeric>'
/usr/local/bundle/gems/activesupport-4.2.6/lib/active_support/core_ext/numeric/conversions.rb:131:in `block (2 levels) in <class:Numeric>'
/usr/local/bundle/gems/activesupport-4.2.6/lib/active_support/core_ext/numeric/conversions.rb:131:in `block (2 levels) in <class:Numeric>'
/usr/local/bundle/gems/activesupport-4.2.6/lib/active_support/core_ext/numeric/conversions.rb:131:in `block (2 levels) in <class:Numeric>'
/usr/local/bundle/gems/activesupport-4.2.6/lib/active_support/core_ext/numeric/conversions.rb:131:in `block (2 levels) in <class:Numeric>'
/usr/local/bundle/gems/activesupport-4.2.6/lib/active_support/core_ext/numeric/conversions.rb:131:in `block (2 levels) in <class:Numeric>'
/usr/local/bundle/gems/activesupport-4.2.6/lib/active_support/core_ext/numeric/conversions.rb:131:in `block (2 levels) in <class:Numeric>'
/usr/local/bundle/gems/activesupport-4.2.6/lib/active_support/core_ext/numeric/conversions.rb:131:in `block (2 levels) in <class:Numeric>'
/usr/local/bundle/gems/activesupport-4.2.6/lib/active_support/core_ext/numeric/conversions.rb:131:in `block (2 levels) in <class:Numeric>'
/usr/local/bundle/gems/activesupport-4.2.6/lib/active_support/core_ext/numeric/conversions.rb:131:in `block (2 levels) in <class:Numeric>'
/usr/local/bundle/gems/activesupport-4.2.6/lib/active_support/core_ext/numeric/conversions.rb:131:in `block (2 levels) in <class:Numeric>'
/usr/local/bundle/gems/activesupport-4.2.6/lib/active_support/core_ext/numeric/conversions.rb:131:in `block (2 levels) in <class:Numeric>'
/usr/local/bundle/gems/activesupport-4.2.6/lib/active_support/core_ext/numeric/conversions.rb:131:in `block (2 levels) in <class:Numeric>'
/usr/local/bundle/gems/activesupport-4.2.6/lib/active_support/core_ext/numeric/conversions.rb:131:in `block (2 levels) in <class:Numeric>'
/usr/local/bundle/gems/activesupport-4.2.6/lib/active_support/core_ext/numeric/conversions.rb:131:in `block (2 levels) in <class:Numeric>'
/usr/local/bundle/gems/activesupport-4.2.6/lib/active_support/core_ext/numeric/conversions.rb:131:in `block (2 levels) in <class:Numeric>'
/usr/local/bundle/gems/activesupport-4.2.6/lib/active_support/core_ext/numeric/conversions.rb:131:in `block (2 levels) in <class:Numeric>'
/usr/local/bundle/gems/activesupport-4.2.6/lib/active_support/core_ext/numeric/conversions.rb:131:in `block (2 levels) in <class:Numeric>'
/usr/local/bundle/gems/activesupport-4.2.6/lib/active_support/core_ext/numeric/conversions.rb:131:in `block (2 levels) in <class:Numeric>'
/usr/local/bundle/gems/activesupport-4.2.6/lib/active_support/core_ext/numeric/conversions.rb:131:in `block (2 levels) in <class:Numeric>'
/usr/local/bundle/gems/activesupport-4.2.6/lib/active_support/core_ext/numeric/conversions.rb:131:in `block (2 levels) in <class:Numeric>'
/usr/local/bundle/gems/activesupport-4.2.6/lib/active_support/core_ext/numeric/conversions.rb:131:in `block (2 levels) in <class:Numeric>'
/usr/local/bundle/gems/activesupport-4.2.6/lib/active_support/core_ext/numeric/conversions.rb:131:in `block (2 levels) in <class:Numeric>'
/usr/local/bundle/gems/activesupport-4.2.6/lib/active_support/core_ext/numeric/conversions.rb:131:in `block (2 levels) in <class:Numeric>'
/usr/local/bundle/gems/activesupport-4.2.6/lib/active_support/core_ext/numeric/conversions.rb:131:in `block (2 levels) in <class:Numeric>'
/usr/local/bundle/gems/activesupport-4.2.6/lib/active_support/core_ext/numeric/conversions.rb:131:in `block (2 levels) in <class:Numeric>'
/usr/local/bundle/gems/activesupport-4.2.6/lib/active_support/core_ext/numeric/conversions.rb:131:in `block (2 levels) in <class:Numeric>'
/usr/local/bundle/gems/activesupport-4.2.6/lib/active_support/core_ext/numeric/conversions.rb:131:in `block (2 levels) in <class:Numeric>'
/usr/local/bundle/gems/activesupport-4.2.6/lib/active_support/core_ext/numeric/conversions.rb:131:in `block (2 levels) in <class:Numeric>'
/usr/local/bundle/gems/activesupport-4.2.6/lib/active_support/core_ext/numeric/conversions.rb:131:in `block (2 levels) in <class:Numeric>'
/usr/local/bundle/gems/activesupport-4.2.6/lib/active_support/core_ext/numeric/conversions.rb:131:in `block (2 levels) in <class:Numeric>'
/usr/local/bundle/gems/activesupport-4.2.6/lib/active_support/core_ext/numeric/conversions.rb:131:in `block (2 levels) in <class:Numeric>'
/usr/local/bundle/gems/activesupport-4.2.6/lib/active_support/core_ext/numeric/conversions.rb:131:in `block (2 levels) in <class:Numeric>'
/usr/local/bundle/gems/activesupport-4.2.6/lib/active_support/core_ext/numeric/conversions.rb:131:in `block (2 levels) in <class:Numeric>'
/usr/local/bundle/gems/activesupport-4.2.6/lib/active_support/core_ext/numeric/conversions.rb:131:in `block (2 levels) in <class:Numeric>'
/usr/local/bundle/gems/activesupport-4.2.6/lib/active_support/core_ext/numeric/conversions.rb:131:in `block (2 levels) in <class:Numeric>'
/usr/local/bundle/gems/activesupport-4.2.6/lib/active_support/core_ext/numeric/conversions.rb:131:in `block (2 levels) in <class:Numeric>'
/usr/local/bundle/gems/activesupport-4.2.6/lib/active_support/core_ext/numeric/conversions.rb:131:in `block (2 levels) in <class:Numeric>'
/usr/local/bundle/gems/activesupport-4.2.6/lib/active_support/core_ext/numeric/conversions.rb:131:in `block (2 levels) in <class:Numeric>'
/usr/local/bundle/gems/activesupport-4.2.6/lib/active_support/core_ext/numeric/conversions.rb:131:in `block (2 levels) in <class:Numeric>'
/usr/local/bundle/gems/activesupport-4.2.6/lib/active_support/core_ext/numeric/conversions.rb:131:in `block (2 levels) in <class:Numeric>'
/usr/local/bundle/gems/activesupport-4.2.6/lib/active_support/core_ext/numeric/conversions.rb:131:in `block (2 levels) in <class:Numeric>'
/usr/local/bundle/gems/activesupport-4.2.6/lib/active_support/core_ext/numeric/conversions.rb:131:in `block (2 levels) in <class:Numeric>'
/usr/local/bundle/gems/activesupport-4.2.6/lib/active_support/core_ext/numeric/conversions.rb:131:in `block (2 levels) in <class:Numeric>'
/usr/local/bundle/gems/activesupport-4.2.6/lib/active_support/core_ext/numeric/conversions.rb:131:in `block (2 levels) in <class:Numeric>'
/usr/local/bundle/gems/activesupport-4.2.6/lib/active_support/core_ext/numeric/conversions.rb:131:in `block (2 levels) in <class:Numeric>'
/usr/local/bundle/gems/activesupport-4.2.6/lib/active_support/core_ext/numeric/conversions.rb:131:in `block (2 levels) in <class:Numeric>'
/usr/local/bundle/gems/activesupport-4.2.6/lib/active_support/core_ext/numeric/conversions.rb:131:in `block (2 levels) in <class:Numeric>'
/usr/local/bundle/gems/activesupport-4.2.6/lib/active_support/core_ext/numeric/conversions.rb:131:in `block (2 levels) in <class:Numeric>'
/usr/local/bundle/gems/activesupport-4.2.6/lib/active_support/core_ext/numeric/conversions.rb:131:in `block (2 levels) in <class:Numeric>'
/usr/local/bundle/gems/activesupport-4.2.6/lib/active_support/core_ext/numeric/conversions.rb:131:in `block (2 levels) in <class:Numeric>'
/usr/local/bundle/gems/activesupport-4.2.6/lib/active_support/core_ext/numeric/conversions.rb:131:in `block (2 levels) in <class:Numeric>'
/usr/local/bundle/gems/activesupport-4.2.6/lib/active_support/core_ext/numeric/conversions.rb:131:in `block (2 levels) in <class:Numeric>'
/usr/local/bundle/gems/activesupport-4.2.6/lib/active_support/core_ext/numeric/conversions.rb:131:in `block (2 levels) in <class:Numeric>'
/usr/local/bundle/gems/activesupport-4.2.6/lib/active_support/core_ext/numeric/conversions.rb:131:in `block (2 levels) in <class:Numeric>'
/usr/local/bundle/gems/activesupport-4.2.6/lib/active_support/core_ext/numeric/conversions.rb:131:in `block (2 levels) in <class:Numeric>'
/usr/local/bundle/gems/activesupport-4.2.6/lib/active_support/core_ext/numeric/conversions.rb:131:in `block (2 levels) in <class:Numeric>'
/usr/local/bundle/gems/activesupport-4.2.6/lib/active_support/core_ext/numeric/conversions.rb:131:in `block (2 levels) in <class:Numeric>'
/usr/local/bundle/gems/activesupport-4.2.6/lib/active_support/core_ext/numeric/conversions.rb:131:in `block (2 levels) in <class:Numeric>'
/usr/local/bundle/gems/activesupport-4.2.6/lib/active_support/core_ext/numeric/conversions.rb:131:in `block (2 levels) in <class:Numeric>'
/usr/local/bundle/gems/activesupport-4.2.6/lib/active_support/core_ext/numeric/conversions.rb:131:in `block (2 levels) in <class:Numeric>'
/usr/local/bundle/gems/activesupport-4.2.6/lib/active_support/core_ext/numeric/conversions.rb:131:in `block (2 levels) in <class:Numeric>'
/usr/local/bundle/gems/activesupport-4.2.6/lib/active_support/core_ext/numeric/conversions.rb:131:in `block (2 levels) in <class:Numeric>'
/usr/local/bundle/gems/activesupport-4.2.6/lib/active_support/core_ext/numeric/conversions.rb:131:in `block (2 levels) in <class:Numeric>'
/usr/local/bundle/gems/activesupport-4.2.6/lib/active_support/core_ext/numeric/conversions.rb:131:in `block (2 levels) in <class:Numeric>'
/usr/local/bundle/gems/activesupport-4.2.6/lib/active_support/core_ext/numeric/conversions.rb:131:in `block (2 levels) in <class:Numeric>'
/usr/local/bundle/gems/activesupport-4.2.6/lib/active_support/core_ext/numeric/conversions.rb:131:in `block (2 levels) in <class:Numeric>'
/usr/local/bundle/gems/activesupport-4.2.6/lib/active_support/core_ext/numeric/conversions.rb:131:in `block (2 levels) in <class:Numeric>'
/usr/local/bundle/gems/activesupport-4.2.6/lib/active_support/core_ext/numeric/conversions.rb:131:in `block (2 levels) in <class:Numeric>'
/usr/local/bundle/gems/activesupport-4.2.6/lib/active_support/core_ext/numeric/conversions.rb:131:in `block (2 levels) in <class:Numeric>'
/usr/local/bundle/gems/activesupport-4.2.6/lib/active_support/core_ext/numeric/conversions.rb:131:in `block (2 levels) in <class:Numeric>'
/usr/local/bundle/gems/activesupport-4.2.6/lib/active_support/core_ext/numeric/conversions.rb:131:in `block (2 levels) in <class:Numeric>'
/usr/local/bundle/gems/activesupport-4.2.6/lib/active_support/core_ext/numeric/conversions.rb:131:in `block (2 levels) in <class:Numeric>'
/usr/local/bundle/gems/activesupport-4.2.6/lib/active_support/core_ext/numeric/conversions.rb:131:in `block (2 levels) in <class:Numeric>'
/usr/local/bundle/gems/activesupport-4.2.6/lib/active_support/core_ext/numeric/conversions.rb:131:in `block (2 levels) in <class:Numeric>'
/usr/local/bundle/gems/activesupport-4.2.6/lib/active_support/core_ext/numeric/conversions.rb:131:in `block (2 levels) in <class:Numeric>'
/usr/local/bundle/gems/activesupport-4.2.6/lib/active_support/core_ext/numeric/conversions.rb:131:in `block (2 levels) in <class:Numeric>'
/usr/local/bundle/gems/activesupport-4.2.6/lib/active_support/core_ext/numeric/conversions.rb:131:in `block (2 levels) in <class:Numeric>'
/usr/local/bundle/gems/activesupport-4.2.6/lib/active_support/core_ext/numeric/conversions.rb:131:in `block (2 levels) in <class:Numeric>'
/usr/local/bundle/gems/activesupport-4.2.6/lib/active_support/core_ext/numeric/conversions.rb:131:in `block (2 levels) in <class:Numeric>'
/usr/local/bundle/gems/activesupport-4.2.6/lib/active_support/core_ext/numeric/conversions.rb:131:in `block (2 levels) in <class:Numeric>'
/usr/local/bundle/gems/activesupport-4.2.6/lib/active_support/core_ext/numeric/conversions.rb:131:in `block (2 levels) in <class:Numeric>'
/usr/local/bundle/gems/activesupport-4.2.6/lib/active_support/core_ext/numeric/conversions.rb:131:in `block (2 levels) in <class:Numeric>'
/usr/local/bundle/gems/activesupport-4.2.6/lib/active_support/core_ext/numeric/conversions.rb:131:in `block (2 levels) in <class:Numeric>'
/usr/local/bundle/gems/activesupport-4.2.6/lib/active_support/core_ext/numeric/conversions.rb:131:in `block (2 levels) in <class:Numeric>'
/usr/local/bundle/gems/activesupport-4.2.6/lib/active_support/core_ext/numeric/conversions.rb:131:in `block (2 levels) in <class:Numeric>'
/usr/local/bundle/gems/activesupport-4.2.6/lib/active_support/core_ext/numeric/conversions.rb:131:in `block (2 levels) in <class:Numeric>'
/usr/local/bundle/gems/activesupport-4.2.6/lib/active_support/core_ext/numeric/conversions.rb:131:in `block (2 levels) in <class:Numeric>'
/usr/local/bundle/gems/activesupport-4.2.6/lib/active_support/core_ext/numeric/conversions.rb:131:in `block (2 levels) in <class:Numeric>'
/usr/local/bundle/gems/activesupport-4.2.6/lib/active_support/core_ext/numeric/conversions.rb:131:in `block (2 levels) in <class:Numeric>'
/usr/local/bundle/gems/activesupport-4.2.6/lib/active_support/core_ext/numeric/conversions.rb:131:in `block (2 levels) in <class:Numeric>'
/usr/local/bundle/gems/activesupport-4.2.6/lib/active_support/core_ext/numeric/conversions.rb:131:in `block (2 levels) in <class:Numeric>'
/usr/local/bundle/gems/activesupport-4.2.6/lib/active_support/core_ext/numeric/conversions.rb:131:in `block (2 levels) in <class:Numeric>'
/usr/local/bundle/gems/activesupport-4.2.6/lib/active_support/core_ext/numeric/conversions.rb:131:in `block (2 levels) in <class:Numeric>'
/usr/local/bundle/gems/activesupport-4.2.6/lib/active_support/core_ext/numeric/conversions.rb:131:in `block (2 levels) in <class:Numeric>'
/usr/local/bundle/gems/activesupport-4.2.6/lib/active_support/core_ext/numeric/conversions.rb:131:in `block (2 levels) in <class:Numeric>'
/usr/local/bundle/gems/activesupport-4.2.6/lib/active_support/core_ext/numeric/conversions.rb:131:in `block (2 levels) in <class:Numeric>'
/usr/local/bundle/gems/activesupport-4.2.6/lib/active_support/core_ext/numeric/conversions.rb:131:in `block (2 levels) in <class:Numeric>'
/usr/local/bundle/gems/activesupport-4.2.6/lib/active_support/core_ext/numeric/conversions.rb:131:in `block (2 levels) in <class:Numeric>'
/usr/local/bundle/gems/activesupport-4.2.6/lib/active_support/core_ext/numeric/conversions.rb:131:in `block (2 levels) in <class:Numeric>'
/usr/local/bundle/gems/activesupport-4.2.6/lib/active_support/core_ext/numeric/conversions.rb:131:in `block (2 levels) in <class:Numeric>'
/usr/local/bundle/gems/activesupport-4.2.6/lib/active_support/core_ext/numeric/conversions.rb:131:in `block (2 levels) in <class:Numeric>'
/usr/local/bundle/gems/activesupport-4.2.6/lib/active_support/core_ext/numeric/conversions.rb:131:in `block (2 levels) in <class:Numeric>'
/usr/local/bundle/gems/activesupport-4.2.6/lib/active_support/core_ext/numeric/conversions.rb:131:in `block (2 levels) in <class:Numeric>'
/usr/local/bundle/gems/activesupport-4.2.6/lib/active_support/core_ext/numeric/conversions.rb:131:in `block (2 levels) in <class:Numeric>'
/usr/local/bundle/gems/activesupport-4.2.6/lib/active_support/core_ext/numeric/conversions.rb:131:in `block (2 levels) in <class:Numeric>'
/usr/local/bundle/gems/activesupport-4.2.6/lib/active_support/core_ext/numeric/conversions.rb:131:in `block (2 levels) in <class:Numeric>'
/usr/local/bundle/gems/activesupport-4.2.6/lib/active_support/core_ext/numeric/conversions.rb:131:in `block (2 levels) in <class:Numeric>'
/usr/local/bundle/gems/activesupport-4.2.6/lib/active_support/core_ext/numeric/conversions.rb:131:in `block (2 levels) in <class:Numeric>'
/usr/local/bundle/gems/activesupport-4.2.6/lib/active_support/core_ext/numeric/conversions.rb:131:in `block (2 levels) in <class:Numeric>'
/usr/local/bundle/gems/activesupport-4.2.6/lib/active_support/core_ext/numeric/conversions.rb:131:in `block (2 levels) in <class:Numeric>'
/usr/local/bundle/gems/activesupport-4.2.6/lib/active_support/core_ext/numeric/conversions.rb:131:in `block (2 levels) in <class:Numeric>'
/usr/local/bundle/gems/activesupport-4.2.6/lib/active_support/core_ext/numeric/conversions.rb:131:in `block (2 levels) in <class:Numeric>'
/usr/local/bundle/gems/activesupport-4.2.6/lib/active_support/core_ext/numeric/conversions.rb:131:in `block (2 levels) in <class:Numeric>'
/usr/local/bundle/gems/activesupport-4.2.6/lib/active_support/core_ext/numeric/conversions.rb:131:in `block (2 levels) in <class:Numeric>'
/usr/local/bundle/gems/activesupport-4.2.6/lib/active_support/core_ext/numeric/conversions.rb:131:in `block (2 levels) in <class:Numeric>'
/usr/local/bundle/gems/activesupport-4.2.6/lib/active_support/core_ext/numeric/conversions.rb:131:in `block (2 levels) in <class:Numeric>'
/usr/local/bundle/gems/activesupport-4.2.6/lib/active_support/core_ext/numeric/conversions.rb:131:in `block (2 levels) in <class:Numeric>'
/usr/local/bundle/gems/activesupport-4.2.6/lib/active_support/core_ext/numeric/conversions.rb:131:in `block (2 levels) in <class:Numeric>'
/usr/local/bundle/gems/activesupport-4.2.6/lib/active_support/core_ext/numeric/conversions.rb:131:in `block (2 levels) in <class:Numeric>'
/usr/local/bundle/gems/activesupport-4.2.6/lib/active_support/core_ext/numeric/conversions.rb:131:in `block (2 levels) in <class:Numeric>'
/usr/local/bundle/gems/activesupport-4.2.6/lib/active_support/core_ext/numeric/conversions.rb:131:in `block (2 levels) in <class:Numeric>'
/usr/local/bundle/gems/activesupport-4.2.6/lib/active_support/core_ext/numeric/conversions.rb:131:in `block (2 levels) in <class:Numeric>'
/usr/local/bundle/gems/activesupport-4.2.6/lib/active_support/core_ext/numeric/conversions.rb:131:in `block (2 levels) in <class:Numeric>'
/usr/local/bundle/gems/activesupport-4.2.6/lib/active_support/core_ext/numeric/conversions.rb:131:in `block (2 levels) in <class:Numeric>'
/usr/local/bundle/gems/activesupport-4.2.6/lib/active_support/core_ext/numeric/conversions.rb:131:in `block (2 levels) in <class:Numeric>'
/usr/local/bundle/gems/activesupport-4.2.6/lib/active_support/core_ext/numeric/conversions.rb:131:in `block (2 levels) in <class:Numeric>'
/usr/local/bundle/gems/activesupport-4.2.6/lib/active_support/core_ext/numeric/conversions.rb:131:in `block (2 levels) in <class:Numeric>'
/usr/local/bundle/gems/activesupport-4.2.6/lib/active_support/core_ext/numeric/conversions.rb:131:in `block (2 levels) in <class:Numeric>'
/usr/local/bundle/gems/activesupport-4.2.6/lib/active_support/core_ext/numeric/conversions.rb:131:in `block (2 levels) in <class:Numeric>'
/usr/local/bundle/gems/activesupport-4.2.6/lib/active_support/core_ext/numeric/conversions.rb:131:in `block (2 levels) in <class:Numeric>'
/usr/local/bundle/gems/activesupport-4.2.6/lib/active_support/core_ext/numeric/conversions.rb:131:in `block (2 levels) in <class:Numeric>'
/usr/local/bundle/gems/activesupport-4.2.6/lib/active_support/core_ext/numeric/conversions.rb:131:in `block (2 levels) in <class:Numeric>'
/usr/local/bundle/gems/activesupport-4.2.6/lib/active_support/core_ext/numeric/conversions.rb:131:in `block (2 levels) in <class:Numeric>'
/usr/local/bundle/gems/activesupport-4.2.6/lib/active_support/core_ext/numeric/conversions.rb:131:in `block (2 levels) in <class:Numeric>'
/usr/local/bundle/gems/activesupport-4.2.6/lib/active_support/core_ext/numeric/conversions.rb:131:in `block (2 levels) in <class:Numeric>'
/usr/local/bundle/gems/activesupport-4.2.6/lib/active_support/core_ext/numeric/conversions.rb:131:in `block (2 levels) in <class:Numeric>'
/usr/local/bundle/gems/activesupport-4.2.6/lib/active_support/core_ext/numeric/conversions.rb:131:in `block (2 levels) in <class:Numeric>'
/usr/local/bundle/gems/activesupport-4.2.6/lib/active_support/core_ext/numeric/conversions.rb:131:in `block (2 levels) in <class:Numeric>'
/usr/local/bundle/gems/activesupport-4.2.6/lib/active_support/core_ext/numeric/conversions.rb:131:in `block (2 levels) in <class:Numeric>'
/usr/local/bundle/gems/activesupport-4.2.6/lib/active_support/core_ext/numeric/conversions.rb:131:in `block (2 levels) in <class:Numeric>'
/usr/local/bundle/gems/activesupport-4.2.6/lib/active_support/core_ext/numeric/conversions.rb:131:in `block (2 levels) in <class:Numeric>'
/usr/local/bundle/gems/activesupport-4.2.6/lib/active_support/core_ext/numeric/conversions.rb:131:in `block (2 levels) in <class:Numeric>'
/usr/local/bundle/gems/activesupport-4.2.6/lib/active_support/core_ext/numeric/conversions.rb:131:in `block (2 levels) in <class:Numeric>'
/usr/local/bundle/gems/activesupport-4.2.6/lib/active_support/core_ext/numeric/conversions.rb:131:in `block (2 levels) in <class:Numeric>'
/usr/local/bundle/gems/activesupport-4.2.6/lib/active_support/core_ext/numeric/conversions.rb:131:in `block (2 levels) in <class:Numeric>'
/usr/local/bundle/gems/activesupport-4.2.6/lib/active_support/core_ext/numeric/conversions.rb:131:in `block (2 levels) in <class:Numeric>'
/usr/local/bundle/gems/activesupport-4.2.6/lib/active_support/core_ext/numeric/conversions.rb:131:in `block (2 levels) in <class:Numeric>'
/usr/local/bundle/gems/activesupport-4.2.6/lib/active_support/core_ext/numeric/conversions.rb:131:in `block (2 levels) in <class:Numeric>'
/usr/local/bundle/gems/activesupport-4.2.6/lib/active_support/core_ext/numeric/conversions.rb:131:in `block (2 levels) in <class:Numeric>'
/usr/local/bundle/gems/activesupport-4.2.6/lib/active_support/core_ext/numeric/conversions.rb:131:in `block (2 levels) in <class:Numeric>'
/usr/local/bundle/gems/activesupport-4.2.6/lib/active_support/core_ext/numeric/conversions.rb:131:in `block (2 levels) in <class:Numeric>'
/usr/local/bundle/gems/activesupport-4.2.6/lib/active_support/core_ext/numeric/conversions.rb:131:in `block (2 levels) in <class:Numeric>'
/usr/local/bundle/gems/activesupport-4.2.6/lib/active_support/core_ext/numeric/conversions.rb:131:in `block (2 levels) in <class:Numeric>'
/usr/local/bundle/gems/activesupport-4.2.6/lib/active_support/core_ext/numeric/conversions.rb:131:in `block (2 levels) in <class:Numeric>'
/usr/local/bundle/gems/activesupport-4.2.6/lib/active_support/core_ext/numeric/conversions.rb:131:in `block (2 levels) in <class:Numeric>'
/usr/local/bundle/gems/activesupport-4.2.6/lib/active_support/core_ext/numeric/conversions.rb:131:in `block (2 levels) in <class:Numeric>'
/usr/local/bundle/gems/activesupport-4.2.6/lib/active_support/core_ext/numeric/conversions.rb:131:in `block (2 levels) in <class:Numeric>'
/usr/local/bundle/gems/activesupport-4.2.6/lib/active_support/core_ext/numeric/conversions.rb:131:in `block (2 levels) in <class:Numeric>'
/usr/local/bundle/gems/activesupport-4.2.6/lib/active_support/core_ext/numeric/conversions.rb:131:in `block (2 levels) in <class:Numeric>'
/usr/local/bundle/gems/activesupport-4.2.6/lib/active_support/core_ext/numeric/conversions.rb:131:in `block (2 levels) in <class:Numeric>'
/usr/local/bundle/gems/activesupport-4.2.6/lib/active_support/core_ext/numeric/conversions.rb:131:in `block (2 levels) in <class:Numeric>'
/usr/local/bundle/gems/activesupport-4.2.6/lib/active_support/core_ext/numeric/conversions.rb:131:in `block (2 levels) in <class:Numeric>'
/usr/local/bundle/gems/activesupport-4.2.6/lib/active_support/core_ext/numeric/conversions.rb:131:in `block (2 levels) in <class:Numeric>'
/usr/local/bundle/gems/activesupport-4.2.6/lib/active_support/core_ext/numeric/conversions.rb:131:in `block (2 levels) in <class:Numeric>'
/usr/local/bundle/gems/activesupport-4.2.6/lib/active_support/core_ext/numeric/conversions.rb:131:in `block (2 levels) in <class:Numeric>'
/usr/local/bundle/gems/activesupport-4.2.6/lib/active_support/core_ext/numeric/conversions.rb:131:in `block (2 levels) in <class:Numeric>'
/usr/local/bundle/gems/activesupport-4.2.6/lib/active_support/cache/strategy/local_cache.rb:138:in `local_cache_key'
/usr/local/bundle/gems/activesupport-4.2.6/lib/active_support/cache/strategy/local_cache.rb:74:in `middleware'
/usr/local/bundle/gems/railties-4.2.6/lib/rails/application/bootstrap.rb:79:in `block in <module:Bootstrap>'
/usr/local/bundle/gems/railties-4.2.6/lib/rails/initializable.rb:30:in `instance_exec'
/usr/local/bundle/gems/railties-4.2.6/lib/rails/initializable.rb:30:in `run'
/usr/local/bundle/gems/railties-4.2.6/lib/rails/initializable.rb:55:in `block in run_initializers'
/usr/local/bundle/gems/railties-4.2.6/lib/rails/initializable.rb:54:in `run_initializers'
/usr/local/bundle/gems/railties-4.2.6/lib/rails/application.rb:352:in `initialize!'
/usr/local/bundle/gems/railties-4.2.6/lib/rails/railtie.rb:194:in `public_send'
/usr/local/bundle/gems/railties-4.2.6/lib/rails/railtie.rb:194:in `method_missing'
/pcw/config/environment.rb:5:in `<top (required)>'
/usr/local/bundle/gems/activesupport-4.2.6/lib/active_support/dependencies.rb:274:in `require'
/usr/local/bundle/gems/activesupport-4.2.6/lib/active_support/dependencies.rb:274:in `block in require'
/usr/local/bundle/gems/activesupport-4.2.6/lib/active_support/dependencies.rb:240:in `load_dependency'
/usr/local/bundle/gems/activesupport-4.2.6/lib/active_support/dependencies.rb:274:in `require'
/usr/local/bundle/gems/railties-4.2.6/lib/rails/application.rb:328:in `require_environment!'
/usr/local/bundle/gems/railties-4.2.6/lib/rails/application.rb:457:in `block in run_tasks_blocks'
/usr/local/bundle/gems/bundler-1.17.3/lib/bundler/cli/exec.rb:74:in `load'
/usr/local/bundle/gems/bundler-1.17.3/lib/bundler/cli/exec.rb:74:in `kernel_load'
/usr/local/bundle/gems/bundler-1.17.3/lib/bundler/cli/exec.rb:28:in `run'
/usr/local/bundle/gems/bundler-1.17.3/lib/bundler/cli.rb:463:in `exec'
/usr/local/bundle/gems/bundler-1.17.3/lib/bundler/vendor/thor/lib/thor/command.rb:27:in `run'
/usr/local/bundle/gems/bundler-1.17.3/lib/bundler/vendor/thor/lib/thor/invocation.rb:126:in `invoke_command'
/usr/local/bundle/gems/bundler-1.17.3/lib/bundler/vendor/thor/lib/thor.rb:387:in `dispatch'
/usr/local/bundle/gems/bundler-1.17.3/lib/bundler/cli.rb:27:in `dispatch'
/usr/local/bundle/gems/bundler-1.17.3/lib/bundler/vendor/thor/lib/thor/base.rb:466:in `start'
/usr/local/bundle/gems/bundler-1.17.3/lib/bundler/cli.rb:18:in `start'
/usr/local/bundle/gems/bundler-1.17.3/exe/bundle:30:in `block in <top (required)>'
/usr/local/bundle/gems/bundler-1.17.3/lib/bundler/friendly_errors.rb:124:in `with_friendly_errors'
/usr/local/bundle/gems/bundler-1.17.3/exe/bundle:22:in `<top (required)>'
/usr/local/bundle/bin/bundle:23:in `load'
/usr/local/bundle/bin/bundle:23:in `<main>'
Tasks: TOP => db:migrate => environment
(See full trace by running task with --trace)
